[0.139s] DEBUG:colcon:Command line arguments: ['/usr/bin/colcon', 'build']
[0.139s] DEBUG:colcon:Parsed command line arguments: Namespace(log_base=None, log_level=None, verb_name='build', build_base='build', install_base='install', merge_install=False, symlink_install=False, test_result_base=None, continue_on_error=False, executor='parallel', parallel_workers=16, event_handlers=None, ignore_user_meta=False, metas=['./colcon.meta'], base_paths=['.'], packages_ignore=None, packages_ignore_regex=None, paths=None, packages_up_to=None, packages_up_to_regex=None, packages_above=None, packages_above_and_dependencies=None, packages_above_depth=None, packages_select_by_dep=None, packages_skip_by_dep=None, packages_skip_up_to=None, packages_select_build_failed=False, packages_skip_build_finished=False, packages_select_test_failures=False, packages_skip_test_passed=False, packages_select=None, packages_skip=None, packages_select_regex=None, packages_skip_regex=None, packages_start=None, packages_end=None, allow_overriding=[], cmake_args=None, cmake_target=None, cmake_target_skip_unavailable=False, cmake_clean_cache=False, cmake_clean_first=False, cmake_force_configure=False, ament_cmake_args=None, catkin_cmake_args=None, catkin_skip_building_tests=False, mixin_files=None, mixin=None, verb_parser=<colcon_mixin.mixin.mixin_argument.MixinArgumentDecorator object at 0x70632f8a00b0>, verb_extension=<colcon_core.verb.build.BuildVerb object at 0x70632f87fa40>, main=<bound method BuildVerb.main of <colcon_core.verb.build.BuildVerb object at 0x70632f87fa40>>, mixin_verb=('build',))
[0.185s] Level 1:colcon.colcon_core.package_discovery:discover_packages(colcon_meta) check parameters
[0.185s] Level 1:colcon.colcon_core.package_discovery:discover_packages(recursive) check parameters
[0.185s] Level 1:colcon.colcon_core.package_discovery:discover_packages(ignore) check parameters
[0.185s] Level 1:colcon.colcon_core.package_discovery:discover_packages(path) check parameters
[0.185s] Level 1:colcon.colcon_core.package_discovery:discover_packages(colcon_meta) discover
[0.185s] Level 1:colcon.colcon_core.package_discovery:discover_packages(recursive) discover
[0.185s] INFO:colcon.colcon_core.package_discovery:Crawling recursively for packages in '/home/gp/Projects/interceptor-sim/ros2_px4_ws'
[0.185s] Level 1:colcon.colcon_core.package_identification:_identify(.) by extensions ['ignore', 'ignore_ament_install']
[0.185s] Level 1:colcon.colcon_core.package_identification:_identify(.) by extension 'ignore'
[0.185s] Level 1:colcon.colcon_core.package_identification:_identify(.) by extension 'ignore_ament_install'
[0.185s] Level 1:colcon.colcon_core.package_identification:_identify(.) by extensions ['colcon_pkg']
[0.185s] Level 1:colcon.colcon_core.package_identification:_identify(.) by extension 'colcon_pkg'
[0.186s] Level 1:colcon.colcon_core.package_identification:_identify(.) by extensions ['colcon_meta']
[0.186s] Level 1:colcon.colcon_core.package_identification:_identify(.) by extension 'colcon_meta'
[0.186s] Level 1:colcon.colcon_core.package_identification:_identify(.) by extensions ['ros']
[0.186s] Level 1:colcon.colcon_core.package_identification:_identify(.) by extension 'ros'
[0.220s] Level 1:colcon.colcon_core.package_identification:_identify(.) by extensions ['cmake', 'python']
[0.220s] Level 1:colcon.colcon_core.package_identification:_identify(.) by extension 'cmake'
[0.220s] Level 1:colcon.colcon_core.package_identification:_identify(.) by extension 'python'
[0.220s] Level 1:colcon.colcon_core.package_identification:_identify(.) by extensions ['python_setup_py']
[0.220s] Level 1:colcon.colcon_core.package_identification:_identify(.) by extension 'python_setup_py'
[0.221s] Level 1:colcon.colcon_core.package_identification:_identify(build) by extensions ['ignore', 'ignore_ament_install']
[0.221s] Level 1:colcon.colcon_core.package_identification:_identify(build) by extension 'ignore'
[0.221s] Level 1:colcon.colcon_core.package_identification:_identify(build) ignored
[0.221s] Level 1:colcon.colcon_core.package_identification:_identify(install) by extensions ['ignore', 'ignore_ament_install']
[0.221s] Level 1:colcon.colcon_core.package_identification:_identify(install) by extension 'ignore'
[0.221s] Level 1:colcon.colcon_core.package_identification:_identify(install) ignored
[0.221s] Level 1:colcon.colcon_core.package_identification:_identify(log) by extensions ['ignore', 'ignore_ament_install']
[0.221s] Level 1:colcon.colcon_core.package_identification:_identify(log) by extension 'ignore'
[0.221s] Level 1:colcon.colcon_core.package_identification:_identify(log) ignored
[0.221s] Level 1:colcon.colcon_core.package_identification:_identify(src) by extensions ['ignore', 'ignore_ament_install']
[0.222s] Level 1:colcon.colcon_core.package_identification:_identify(src) by extension 'ignore'
[0.222s] Level 1:colcon.colcon_core.package_identification:_identify(src) by extension 'ignore_ament_install'
[0.222s] Level 1:colcon.colcon_core.package_identification:_identify(src) by extensions ['colcon_pkg']
[0.222s] Level 1:colcon.colcon_core.package_identification:_identify(src) by extension 'colcon_pkg'
[0.222s] Level 1:colcon.colcon_core.package_identification:_identify(src) by extensions ['colcon_meta']
[0.222s] Level 1:colcon.colcon_core.package_identification:_identify(src) by extension 'colcon_meta'
[0.222s] Level 1:colcon.colcon_core.package_identification:_identify(src) by extensions ['ros']
[0.222s] Level 1:colcon.colcon_core.package_identification:_identify(src) by extension 'ros'
[0.222s] Level 1:colcon.colcon_core.package_identification:_identify(src) by extensions ['cmake', 'python']
[0.222s] Level 1:colcon.colcon_core.package_identification:_identify(src) by extension 'cmake'
[0.222s] Level 1:colcon.colcon_core.package_identification:_identify(src) by extension 'python'
[0.222s] Level 1:colcon.colcon_core.package_identification:_identify(src) by extensions ['python_setup_py']
[0.222s] Level 1:colcon.colcon_core.package_identification:_identify(src) by extension 'python_setup_py'
[0.222s] Level 1:colcon.colcon_core.package_identification:_identify(src/BodyQuaternion) by extensions ['ignore', 'ignore_ament_install']
[0.222s] Level 1:colcon.colcon_core.package_identification:_identify(src/BodyQuaternion) by extension 'ignore'
[0.223s] Level 1:colcon.colcon_core.package_identification:_identify(src/BodyQuaternion) by extension 'ignore_ament_install'
[0.223s] Level 1:colcon.colcon_core.package_identification:_identify(src/BodyQuaternion) by extensions ['colcon_pkg']
[0.223s] Level 1:colcon.colcon_core.package_identification:_identify(src/BodyQuaternion) by extension 'colcon_pkg'
[0.223s] Level 1:colcon.colcon_core.package_identification:_identify(src/BodyQuaternion) by extensions ['colcon_meta']
[0.223s] Level 1:colcon.colcon_core.package_identification:_identify(src/BodyQuaternion) by extension 'colcon_meta'
[0.223s] Level 1:colcon.colcon_core.package_identification:_identify(src/BodyQuaternion) by extensions ['ros']
[0.223s] Level 1:colcon.colcon_core.package_identification:_identify(src/BodyQuaternion) by extension 'ros'
[0.225s] DEBUG:colcon.colcon_core.package_identification:Package 'src/BodyQuaternion' with type 'ros.ament_python' and name 'BodyQuaternion'
[0.225s] Level 1:colcon.colcon_core.package_identification:_identify(src/interceptor_bringup) by extensions ['ignore', 'ignore_ament_install']
[0.225s] Level 1:colcon.colcon_core.package_identification:_identify(src/interceptor_bringup) by extension 'ignore'
[0.225s] Level 1:colcon.colcon_core.package_identification:_identify(src/interceptor_bringup) by extension 'ignore_ament_install'
[0.226s] Level 1:colcon.colcon_core.package_identification:_identify(src/interceptor_bringup) by extensions ['colcon_pkg']
[0.226s] Level 1:colcon.colcon_core.package_identification:_identify(src/interceptor_bringup) by extension 'colcon_pkg'
[0.226s] Level 1:colcon.colcon_core.package_identification:_identify(src/interceptor_bringup) by extensions ['colcon_meta']
[0.226s] Level 1:colcon.colcon_core.package_identification:_identify(src/interceptor_bringup) by extension 'colcon_meta'
[0.226s] Level 1:colcon.colcon_core.package_identification:_identify(src/interceptor_bringup) by extensions ['ros']
[0.226s] Level 1:colcon.colcon_core.package_identification:_identify(src/interceptor_bringup) by extension 'ros'
[0.226s] DEBUG:colcon.colcon_core.package_identification:Package 'src/interceptor_bringup' with type 'ros.ament_python' and name 'interceptor_bringup'
[0.226s] Level 1:colcon.colcon_core.package_identification:_identify(src/interceptor_vision) by extensions ['ignore', 'ignore_ament_install']
[0.227s] Level 1:colcon.colcon_core.package_identification:_identify(src/interceptor_vision) by extension 'ignore'
[0.227s] Level 1:colcon.colcon_core.package_identification:_identify(src/interceptor_vision) by extension 'ignore_ament_install'
[0.227s] Level 1:colcon.colcon_core.package_identification:_identify(src/interceptor_vision) by extensions ['colcon_pkg']
[0.227s] Level 1:colcon.colcon_core.package_identification:_identify(src/interceptor_vision) by extension 'colcon_pkg'
[0.227s] Level 1:colcon.colcon_core.package_identification:_identify(src/interceptor_vision) by extensions ['colcon_meta']
[0.227s] Level 1:colcon.colcon_core.package_identification:_identify(src/interceptor_vision) by extension 'colcon_meta'
[0.227s] Level 1:colcon.colcon_core.package_identification:_identify(src/interceptor_vision) by extensions ['ros']
[0.227s] Level 1:colcon.colcon_core.package_identification:_identify(src/interceptor_vision) by extension 'ros'
[0.227s] DEBUG:colcon.colcon_core.package_identification:Package 'src/interceptor_vision' with type 'ros.ament_python' and name 'interceptor_vision'
[0.228s] Level 1:colcon.colcon_core.package_identification:_identify(src/launch) by extensions ['ignore', 'ignore_ament_install']
[0.228s] Level 1:colcon.colcon_core.package_identification:_identify(src/launch) by extension 'ignore'
[0.228s] Level 1:colcon.colcon_core.package_identification:_identify(src/launch) by extension 'ignore_ament_install'
[0.228s] Level 1:colcon.colcon_core.package_identification:_identify(src/launch) by extensions ['colcon_pkg']
[0.228s] Level 1:colcon.colcon_core.package_identification:_identify(src/launch) by extension 'colcon_pkg'
[0.228s] Level 1:colcon.colcon_core.package_identification:_identify(src/launch) by extensions ['colcon_meta']
[0.228s] Level 1:colcon.colcon_core.package_identification:_identify(src/launch) by extension 'colcon_meta'
[0.228s] Level 1:colcon.colcon_core.package_identification:_identify(src/launch) by extensions ['ros']
[0.228s] Level 1:colcon.colcon_core.package_identification:_identify(src/launch) by extension 'ros'
[0.228s] Level 1:colcon.colcon_core.package_identification:_identify(src/launch) by extensions ['cmake', 'python']
[0.228s] Level 1:colcon.colcon_core.package_identification:_identify(src/launch) by extension 'cmake'
[0.228s] Level 1:colcon.colcon_core.package_identification:_identify(src/launch) by extension 'python'
[0.228s] Level 1:colcon.colcon_core.package_identification:_identify(src/launch) by extensions ['python_setup_py']
[0.228s] Level 1:colcon.colcon_core.package_identification:_identify(src/launch) by extension 'python_setup_py'
[0.228s] Level 1:colcon.colcon_core.package_identification:_identify(src/px4_gz_markers) by extensions ['ignore', 'ignore_ament_install']
[0.228s] Level 1:colcon.colcon_core.package_identification:_identify(src/px4_gz_markers) by extension 'ignore'
[0.228s] Level 1:colcon.colcon_core.package_identification:_identify(src/px4_gz_markers) by extension 'ignore_ament_install'
[0.228s] Level 1:colcon.colcon_core.package_identification:_identify(src/px4_gz_markers) by extensions ['colcon_pkg']
[0.229s] Level 1:colcon.colcon_core.package_identification:_identify(src/px4_gz_markers) by extension 'colcon_pkg'
[0.229s] Level 1:colcon.colcon_core.package_identification:_identify(src/px4_gz_markers) by extensions ['colcon_meta']
[0.229s] Level 1:colcon.colcon_core.package_identification:_identify(src/px4_gz_markers) by extension 'colcon_meta'
[0.229s] Level 1:colcon.colcon_core.package_identification:_identify(src/px4_gz_markers) by extensions ['ros']
[0.229s] Level 1:colcon.colcon_core.package_identification:_identify(src/px4_gz_markers) by extension 'ros'
[0.229s] DEBUG:colcon.colcon_core.package_identification:Package 'src/px4_gz_markers' with type 'ros.ament_cmake' and name 'px4_gz_markers'
[0.230s] Level 1:colcon.colcon_core.package_identification:_identify(src/px4_msgs) by extensions ['ignore', 'ignore_ament_install']
[0.230s] Level 1:colcon.colcon_core.package_identification:_identify(src/px4_msgs) by extension 'ignore'
[0.230s] Level 1:colcon.colcon_core.package_identification:_identify(src/px4_msgs) by extension 'ignore_ament_install'
[0.230s] Level 1:colcon.colcon_core.package_identification:_identify(src/px4_msgs) by extensions ['colcon_pkg']
[0.230s] Level 1:colcon.colcon_core.package_identification:_identify(src/px4_msgs) by extension 'colcon_pkg'
[0.230s] Level 1:colcon.colcon_core.package_identification:_identify(src/px4_msgs) by extensions ['colcon_meta']
[0.230s] Level 1:colcon.colcon_core.package_identification:_identify(src/px4_msgs) by extension 'colcon_meta'
[0.230s] Level 1:colcon.colcon_core.package_identification:_identify(src/px4_msgs) by extensions ['ros']
[0.230s] Level 1:colcon.colcon_core.package_identification:_identify(src/px4_msgs) by extension 'ros'
[0.231s] DEBUG:colcon.colcon_core.package_identification:Package 'src/px4_msgs' with type 'ros.ament_cmake' and name 'px4_msgs'
[0.231s] Level 1:colcon.colcon_core.package_identification:_identify(src/px4_offboard) by extensions ['ignore', 'ignore_ament_install']
[0.231s] Level 1:colcon.colcon_core.package_identification:_identify(src/px4_offboard) by extension 'ignore'
[0.231s] Level 1:colcon.colcon_core.package_identification:_identify(src/px4_offboard) by extension 'ignore_ament_install'
[0.231s] Level 1:colcon.colcon_core.package_identification:_identify(src/px4_offboard) by extensions ['colcon_pkg']
[0.231s] Level 1:colcon.colcon_core.package_identification:_identify(src/px4_offboard) by extension 'colcon_pkg'
[0.231s] Level 1:colcon.colcon_core.package_identification:_identify(src/px4_offboard) by extensions ['colcon_meta']
[0.232s] Level 1:colcon.colcon_core.package_identification:_identify(src/px4_offboard) by extension 'colcon_meta'
[0.232s] Level 1:colcon.colcon_core.package_identification:_identify(src/px4_offboard) by extensions ['ros']
[0.232s] Level 1:colcon.colcon_core.package_identification:_identify(src/px4_offboard) by extension 'ros'
[0.233s] DEBUG:colcon.colcon_core.package_identification:Package 'src/px4_offboard' with type 'ros.ament_python' and name 'px4_offboard'
[0.233s] Level 1:colcon.colcon_core.package_discovery:discover_packages(recursive) using defaults
[0.233s] Level 1:colcon.colcon_core.package_discovery:discover_packages(ignore) discover
[0.233s] Level 1:colcon.colcon_core.package_discovery:discover_packages(ignore) using defaults
[0.233s] Level 1:colcon.colcon_core.package_discovery:discover_packages(path) discover
[0.233s] Level 1:colcon.colcon_core.package_discovery:discover_packages(path) using defaults
[0.260s] Level 1:colcon.colcon_core.package_discovery:discover_packages(prefix_path) check parameters
[0.260s] Level 1:colcon.colcon_core.package_discovery:discover_packages(prefix_path) discover
[0.262s] DEBUG:colcon.colcon_installed_package_information.package_discovery:Found 6 installed packages in /home/gp/Projects/interceptor-sim/ros2_px4_ws/install
[0.264s] DEBUG:colcon.colcon_installed_package_information.package_discovery:Found 167 installed packages in /opt/ros/jazzy
[0.264s] Level 1:colcon.colcon_core.package_discovery:discover_packages(prefix_path) using defaults
[0.295s] Level 5:colcon.colcon_core.verb:set package 'BodyQuaternion' build argument 'cmake_args' from command line to 'None'
[0.295s] Level 5:colcon.colcon_core.verb:set package 'BodyQuaternion' build argument 'cmake_target' from command line to 'None'
[0.295s] Level 5:colcon.colcon_core.verb:set package 'BodyQuaternion' build argument 'cmake_target_skip_unavailable' from command line to 'False'
[0.295s] Level 5:colcon.colcon_core.verb:set package 'BodyQuaternion' build argument 'cmake_clean_cache' from command line to 'False'
[0.295s] Level 5:colcon.colcon_core.verb:set package 'BodyQuaternion' build argument 'cmake_clean_first' from command line to 'False'
[0.295s] Level 5:colcon.colcon_core.verb:set package 'BodyQuaternion' build argument 'cmake_force_configure' from command line to 'False'
[0.296s] Level 5:colcon.colcon_core.verb:set package 'BodyQuaternion' build argument 'ament_cmake_args' from command line to 'None'
[0.296s] Level 5:colcon.colcon_core.verb:set package 'BodyQuaternion' build argument 'catkin_cmake_args' from command line to 'None'
[0.296s] Level 5:colcon.colcon_core.verb:set package 'BodyQuaternion' build argument 'catkin_skip_building_tests' from command line to 'False'
[0.296s] DEBUG:colcon.colcon_core.verb:Building package 'BodyQuaternion' with the following arguments: {'ament_cmake_args': None, 'build_base': '/home/gp/Projects/interceptor-sim/ros2_px4_ws/build/BodyQuaternion', 'catkin_cmake_args': None, 'catkin_skip_building_tests': False, 'cmake_args': None, 'cmake_clean_cache': False, 'cmake_clean_first': False, 'cmake_force_configure': False, 'cmake_target': None, 'cmake_target_skip_unavailable': False, 'install_base': '/home/gp/Projects/interceptor-sim/ros2_px4_ws/install/BodyQuaternion', 'merge_install': False, 'path': '/home/gp/Projects/interceptor-sim/ros2_px4_ws/src/BodyQuaternion', 'symlink_install': False, 'test_result_base': None}
[0.296s] Level 5:colcon.colcon_core.verb:set package 'interceptor_bringup' build argument 'cmake_args' from command line to 'None'
[0.296s] Level 5:colcon.colcon_core.verb:set package 'interceptor_bringup' build argument 'cmake_target' from command line to 'None'
[0.296s] Level 5:colcon.colcon_core.verb:set package 'interceptor_bringup' build argument 'cmake_target_skip_unavailable' from command line to 'False'
[0.296s] Level 5:colcon.colcon_core.verb:set package 'interceptor_bringup' build argument 'cmake_clean_cache' from command line to 'False'
[0.296s] Level 5:colcon.colcon_core.verb:set package 'interceptor_bringup' build argument 'cmake_clean_first' from command line to 'False'
[0.296s] Level 5:colcon.colcon_core.verb:set package 'interceptor_bringup' build argument 'cmake_force_configure' from command line to 'False'
[0.296s] Level 5:colcon.colcon_core.verb:set package 'interceptor_bringup' build argument 'ament_cmake_args' from command line to 'None'
[0.296s] Level 5:colcon.colcon_core.verb:set package 'interceptor_bringup' build argument 'catkin_cmake_args' from command line to 'None'
[0.296s] Level 5:colcon.colcon_core.verb:set package 'interceptor_bringup' build argument 'catkin_skip_building_tests' from command line to 'False'
[0.296s] DEBUG:colcon.colcon_core.verb:Building package 'interceptor_bringup' with the following arguments: {'ament_cmake_args': None, 'build_base': '/home/gp/Projects/interceptor-sim/ros2_px4_ws/build/interceptor_bringup', 'catkin_cmake_args': None, 'catkin_skip_building_tests': False, 'cmake_args': None, 'cmake_clean_cache': False, 'cmake_clean_first': False, 'cmake_force_configure': False, 'cmake_target': None, 'cmake_target_skip_unavailable': False, 'install_base': '/home/gp/Projects/interceptor-sim/ros2_px4_ws/install/interceptor_bringup', 'merge_install': False, 'path': '/home/gp/Projects/interceptor-sim/ros2_px4_ws/src/interceptor_bringup', 'symlink_install': False, 'test_result_base': None}
[0.297s] Level 5:colcon.colcon_core.verb:set package 'interceptor_vision' build argument 'cmake_args' from command line to 'None'
[0.297s] Level 5:colcon.colcon_core.verb:set package 'interceptor_vision' build argument 'cmake_target' from command line to 'None'
[0.297s] Level 5:colcon.colcon_core.verb:set package 'interceptor_vision' build argument 'cmake_target_skip_unavailable' from command line to 'False'
[0.297s] Level 5:colcon.colcon_core.verb:set package 'interceptor_vision' build argument 'cmake_clean_cache' from command line to 'False'
[0.297s] Level 5:colcon.colcon_core.verb:set package 'interceptor_vision' build argument 'cmake_clean_first' from command line to 'False'
[0.297s] Level 5:colcon.colcon_core.verb:set package 'interceptor_vision' build argument 'cmake_force_configure' from command line to 'False'
[0.297s] Level 5:colcon.colcon_core.verb:set package 'interceptor_vision' build argument 'ament_cmake_args' from command line to 'None'
[0.297s] Level 5:colcon.colcon_core.verb:set package 'interceptor_vision' build argument 'catkin_cmake_args' from command line to 'None'
[0.297s] Level 5:colcon.colcon_core.verb:set package 'interceptor_vision' build argument 'catkin_skip_building_tests' from command line to 'False'
[0.297s] DEBUG:colcon.colcon_core.verb:Building package 'interceptor_vision' with the following arguments: {'ament_cmake_args': None, 'build_base': '/home/gp/Projects/interceptor-sim/ros2_px4_ws/build/interceptor_vision', 'catkin_cmake_args': None, 'catkin_skip_building_tests': False, 'cmake_args': None, 'cmake_clean_cache': False, 'cmake_clean_first': False, 'cmake_force_configure': False, 'cmake_target': None, 'cmake_target_skip_unavailable': False, 'install_base': '/home/gp/Projects/interceptor-sim/ros2_px4_ws/install/interceptor_vision', 'merge_install': False, 'path': '/home/gp/Projects/interceptor-sim/ros2_px4_ws/src/interceptor_vision', 'symlink_install': False, 'test_result_base': None}
[0.297s] Level 5:colcon.colcon_core.verb:set package 'px4_msgs' build argument 'cmake_args' from command line to 'None'
[0.297s] Level 5:colcon.colcon_core.verb:set package 'px4_msgs' build argument 'cmake_target' from command line to 'None'
[0.297s] Level 5:colcon.colcon_core.verb:set package 'px4_msgs' build argument 'cmake_target_skip_unavailable' from command line to 'False'
[0.297s] Level 5:colcon.colcon_core.verb:set package 'px4_msgs' build argument 'cmake_clean_cache' from command line to 'False'
[0.297s] Level 5:colcon.colcon_core.verb:set package 'px4_msgs' build argument 'cmake_clean_first' from command line to 'False'
[0.297s] Level 5:colcon.colcon_core.verb:set package 'px4_msgs' build argument 'cmake_force_configure' from command line to 'False'
[0.297s] Level 5:colcon.colcon_core.verb:set package 'px4_msgs' build argument 'ament_cmake_args' from command line to 'None'
[0.297s] Level 5:colcon.colcon_core.verb:set package 'px4_msgs' build argument 'catkin_cmake_args' from command line to 'None'
[0.297s] Level 5:colcon.colcon_core.verb:set package 'px4_msgs' build argument 'catkin_skip_building_tests' from command line to 'False'
[0.297s] DEBUG:colcon.colcon_core.verb:Building package 'px4_msgs' with the following arguments: {'ament_cmake_args': None, 'build_base': '/home/gp/Projects/interceptor-sim/ros2_px4_ws/build/px4_msgs', 'catkin_cmake_args': None, 'catkin_skip_building_tests': False, 'cmake_args': None, 'cmake_clean_cache': False, 'cmake_clean_first': False, 'cmake_force_configure': False, 'cmake_target': None, 'cmake_target_skip_unavailable': False, 'install_base': '/home/gp/Projects/interceptor-sim/ros2_px4_ws/install/px4_msgs', 'merge_install': False, 'path': '/home/gp/Projects/interceptor-sim/ros2_px4_ws/src/px4_msgs', 'symlink_install': False, 'test_result_base': None}
[0.298s] Level 5:colcon.colcon_core.verb:set package 'px4_offboard' build argument 'cmake_args' from command line to 'None'
[0.298s] Level 5:colcon.colcon_core.verb:set package 'px4_offboard' build argument 'cmake_target' from command line to 'None'
[0.298s] Level 5:colcon.colcon_core.verb:set package 'px4_offboard' build argument 'cmake_target_skip_unavailable' from command line to 'False'
[0.298s] Level 5:colcon.colcon_core.verb:set package 'px4_offboard' build argument 'cmake_clean_cache' from command line to 'False'
[0.298s] Level 5:colcon.colcon_core.verb:set package 'px4_offboard' build argument 'cmake_clean_first' from command line to 'False'
[0.298s] Level 5:colcon.colcon_core.verb:set package 'px4_offboard' build argument 'cmake_force_configure' from command line to 'False'
[0.298s] Level 5:colcon.colcon_core.verb:set package 'px4_offboard' build argument 'ament_cmake_args' from command line to 'None'
[0.298s] Level 5:colcon.colcon_core.verb:set package 'px4_offboard' build argument 'catkin_cmake_args' from command line to 'None'
[0.298s] Level 5:colcon.colcon_core.verb:set package 'px4_offboard' build argument 'catkin_skip_building_tests' from command line to 'False'
[0.298s] DEBUG:colcon.colcon_core.verb:Building package 'px4_offboard' with the following arguments: {'ament_cmake_args': None, 'build_base': '/home/gp/Projects/interceptor-sim/ros2_px4_ws/build/px4_offboard', 'catkin_cmake_args': None, 'catkin_skip_building_tests': False, 'cmake_args': None, 'cmake_clean_cache': False, 'cmake_clean_first': False, 'cmake_force_configure': False, 'cmake_target': None, 'cmake_target_skip_unavailable': False, 'install_base': '/home/gp/Projects/interceptor-sim/ros2_px4_ws/install/px4_offboard', 'merge_install': False, 'path': '/home/gp/Projects/interceptor-sim/ros2_px4_ws/src/px4_offboard', 'symlink_install': False, 'test_result_base': None}
[0.298s] Level 5:colcon.colcon_core.verb:set package 'px4_gz_markers' build argument 'cmake_args' from command line to 'None'
[0.298s] Level 5:colcon.colcon_core.verb:set package 'px4_gz_markers' build argument 'cmake_target' from command line to 'None'
[0.298s] Level 5:colcon.colcon_core.verb:set package 'px4_gz_markers' build argument 'cmake_target_skip_unavailable' from command line to 'False'
[0.298s] Level 5:colcon.colcon_core.verb:set package 'px4_gz_markers' build argument 'cmake_clean_cache' from command line to 'False'
[0.298s] Level 5:colcon.colcon_core.verb:set package 'px4_gz_markers' build argument 'cmake_clean_first' from command line to 'False'
[0.298s] Level 5:colcon.colcon_core.verb:set package 'px4_gz_markers' build argument 'cmake_force_configure' from command line to 'False'
[0.298s] Level 5:colcon.colcon_core.verb:set package 'px4_gz_markers' build argument 'ament_cmake_args' from command line to 'None'
[0.298s] Level 5:colcon.colcon_core.verb:set package 'px4_gz_markers' build argument 'catkin_cmake_args' from command line to 'None'
[0.298s] Level 5:colcon.colcon_core.verb:set package 'px4_gz_markers' build argument 'catkin_skip_building_tests' from command line to 'False'
[0.298s] DEBUG:colcon.colcon_core.verb:Building package 'px4_gz_markers' with the following arguments: {'ament_cmake_args': None, 'build_base': '/home/gp/Projects/interceptor-sim/ros2_px4_ws/build/px4_gz_markers', 'catkin_cmake_args': None, 'catkin_skip_building_tests': False, 'cmake_args': None, 'cmake_clean_cache': False, 'cmake_clean_first': False, 'cmake_force_configure': False, 'cmake_target': None, 'cmake_target_skip_unavailable': False, 'install_base': '/home/gp/Projects/interceptor-sim/ros2_px4_ws/install/px4_gz_markers', 'merge_install': False, 'path': '/home/gp/Projects/interceptor-sim/ros2_px4_ws/src/px4_gz_markers', 'symlink_install': False, 'test_result_base': None}
[0.298s] INFO:colcon.colcon_core.executor:Executing jobs using 'parallel' executor
[0.300s] DEBUG:colcon.colcon_parallel_executor.executor.parallel:run_until_complete
[0.300s] INFO:colcon.colcon_ros.task.ament_cmake.build:Building ROS package in '/home/gp/Projects/interceptor-sim/ros2_px4_ws/src/px4_msgs' with build type 'ament_cmake'
[0.300s] INFO:colcon.colcon_cmake.task.cmake.build:Building CMake package in '/home/gp/Projects/interceptor-sim/ros2_px4_ws/src/px4_msgs'
[0.302s] INFO:colcon.colcon_core.plugin_system:Skipping extension 'colcon_core.shell.bat': Not used on non-Windows systems
[0.302s] INFO:colcon.colcon_core.shell:Skip shell extension 'powershell' for command environment: Not usable outside of PowerShell
[0.302s] DEBUG:colcon.colcon_core.shell:Skip shell extension 'dsv' for command environment
[0.306s] INFO:colcon.colcon_ros.task.ament_python.build:Building ROS package in '/home/gp/Projects/interceptor-sim/ros2_px4_ws/src/BodyQuaternion' with build type 'ament_python'
[0.306s] Level 1:colcon.colcon_core.shell:create_environment_hook('BodyQuaternion', 'ament_prefix_path')
[0.306s] INFO:colcon.colcon_core.shell:Creating environment hook '/home/gp/Projects/interceptor-sim/ros2_px4_ws/install/BodyQuaternion/share/BodyQuaternion/hook/ament_prefix_path.ps1'
[0.307s] INFO:colcon.colcon_core.shell:Creating environment descriptor '/home/gp/Projects/interceptor-sim/ros2_px4_ws/install/BodyQuaternion/share/BodyQuaternion/hook/ament_prefix_path.dsv'
[0.307s] INFO:colcon.colcon_core.shell:Creating environment hook '/home/gp/Projects/interceptor-sim/ros2_px4_ws/install/BodyQuaternion/share/BodyQuaternion/hook/ament_prefix_path.sh'
[0.308s] INFO:colcon.colcon_core.shell:Skip shell extension 'powershell' for command environment: Not usable outside of PowerShell
[0.308s] DEBUG:colcon.colcon_core.shell:Skip shell extension 'dsv' for command environment
[0.311s] INFO:colcon.colcon_ros.task.ament_python.build:Building ROS package in '/home/gp/Projects/interceptor-sim/ros2_px4_ws/src/interceptor_bringup' with build type 'ament_python'
[0.311s] Level 1:colcon.colcon_core.shell:create_environment_hook('interceptor_bringup', 'ament_prefix_path')
[0.312s] INFO:colcon.colcon_core.shell:Creating environment hook '/home/gp/Projects/interceptor-sim/ros2_px4_ws/install/interceptor_bringup/share/interceptor_bringup/hook/ament_prefix_path.ps1'
[0.312s] INFO:colcon.colcon_core.shell:Creating environment descriptor '/home/gp/Projects/interceptor-sim/ros2_px4_ws/install/interceptor_bringup/share/interceptor_bringup/hook/ament_prefix_path.dsv'
[0.313s] INFO:colcon.colcon_core.shell:Creating environment hook '/home/gp/Projects/interceptor-sim/ros2_px4_ws/install/interceptor_bringup/share/interceptor_bringup/hook/ament_prefix_path.sh'
[0.313s] INFO:colcon.colcon_core.shell:Skip shell extension 'powershell' for command environment: Not usable outside of PowerShell
[0.313s] DEBUG:colcon.colcon_core.shell:Skip shell extension 'dsv' for command environment
[0.319s] INFO:colcon.colcon_ros.task.ament_python.build:Building ROS package in '/home/gp/Projects/interceptor-sim/ros2_px4_ws/src/interceptor_vision' with build type 'ament_python'
[0.320s] Level 1:colcon.colcon_core.shell:create_environment_hook('interceptor_vision', 'ament_prefix_path')
[0.320s] INFO:colcon.colcon_core.shell:Creating environment hook '/home/gp/Projects/interceptor-sim/ros2_px4_ws/install/interceptor_vision/share/interceptor_vision/hook/ament_prefix_path.ps1'
[0.322s] INFO:colcon.colcon_core.shell:Creating environment descriptor '/home/gp/Projects/interceptor-sim/ros2_px4_ws/install/interceptor_vision/share/interceptor_vision/hook/ament_prefix_path.dsv'
[0.323s] INFO:colcon.colcon_core.shell:Creating environment hook '/home/gp/Projects/interceptor-sim/ros2_px4_ws/install/interceptor_vision/share/interceptor_vision/hook/ament_prefix_path.sh'
[0.323s] INFO:colcon.colcon_core.shell:Skip shell extension 'powershell' for command environment: Not usable outside of PowerShell
[0.323s] DEBUG:colcon.colcon_core.shell:Skip shell extension 'dsv' for command environment
[0.328s] INFO:colcon.colcon_ros.task.ament_python.build:Building ROS package in '/home/gp/Projects/interceptor-sim/ros2_px4_ws/src/px4_offboard' with build type 'ament_python'
[0.328s] Level 1:colcon.colcon_core.shell:create_environment_hook('px4_offboard', 'ament_prefix_path')
[0.329s] INFO:colcon.colcon_core.shell:Creating environment hook '/home/gp/Projects/interceptor-sim/ros2_px4_ws/install/px4_offboard/share/px4_offboard/hook/ament_prefix_path.ps1'
[0.330s] INFO:colcon.colcon_core.shell:Creating environment descriptor '/home/gp/Projects/interceptor-sim/ros2_px4_ws/install/px4_offboard/share/px4_offboard/hook/ament_prefix_path.dsv'
[0.330s] INFO:colcon.colcon_core.shell:Creating environment hook '/home/gp/Projects/interceptor-sim/ros2_px4_ws/install/px4_offboard/share/px4_offboard/hook/ament_prefix_path.sh'
[0.331s] INFO:colcon.colcon_core.shell:Skip shell extension 'powershell' for command environment: Not usable outside of PowerShell
[0.331s] DEBUG:colcon.colcon_core.shell:Skip shell extension 'dsv' for command environment
[0.340s] DEBUG:colcon.colcon_core.event_handler.log_command:Invoking command in '/home/gp/Projects/interceptor-sim/ros2_px4_ws/build/px4_msgs': CMAKE_PREFIX_PATH=${CMAKE_PREFIX_PATH}:/home/gp/Projects/interceptor-sim/ros2_px4_ws/install/px4_offboard:/home/gp/Projects/interceptor-sim/ros2_px4_ws/install/interceptor_vision:/home/gp/Projects/interceptor-sim/ros2_px4_ws/install/interceptor_bringup:/home/gp/Projects/interceptor-sim/ros2_px4_ws/install/BodyQuaternion:/opt/ros/jazzy DEBUGINFOD_URLS=https://debuginfod.ubuntu.com /usr/bin/cmake --build /home/gp/Projects/interceptor-sim/ros2_px4_ws/build/px4_msgs -- -j16 -l16
[0.613s] INFO:colcon.colcon_core.task.python.build:Building Python package in '/home/gp/Projects/interceptor-sim/ros2_px4_ws/src/BodyQuaternion'
[0.613s] INFO:colcon.colcon_core.shell:Skip shell extension 'powershell' for command environment: Not usable outside of PowerShell
[0.613s] DEBUG:colcon.colcon_core.shell:Skip shell extension 'dsv' for command environment
[0.898s] INFO:colcon.colcon_core.task.python.build:Building Python package in '/home/gp/Projects/interceptor-sim/ros2_px4_ws/src/interceptor_bringup'
[0.899s] INFO:colcon.colcon_core.shell:Skip shell extension 'powershell' for command environment: Not usable outside of PowerShell
[0.899s] DEBUG:colcon.colcon_core.shell:Skip shell extension 'dsv' for command environment
[1.186s] INFO:colcon.colcon_core.task.python.build:Building Python package in '/home/gp/Projects/interceptor-sim/ros2_px4_ws/src/interceptor_vision'
[1.186s] INFO:colcon.colcon_core.shell:Skip shell extension 'powershell' for command environment: Not usable outside of PowerShell
[1.186s] DEBUG:colcon.colcon_core.shell:Skip shell extension 'dsv' for command environment
[1.447s] INFO:colcon.colcon_core.task.python.build:Building Python package in '/home/gp/Projects/interceptor-sim/ros2_px4_ws/src/px4_offboard'
[1.448s] INFO:colcon.colcon_core.shell:Skip shell extension 'powershell' for command environment: Not usable outside of PowerShell
[1.448s] DEBUG:colcon.colcon_core.shell:Skip shell extension 'dsv' for command environment
[2.229s] DEBUG:colcon.colcon_core.task.python.build:Available setuptools commands: bdist, install, editable_wheel, upload_docs, update_catalog, symlink_data, install_lib, compile_catalog, setopt, build_scripts, upload, bdist_rpm, easy_install, install_data, install_scripts, saveopts, build_py, init_catalog, build, test, install_egg_info, bdist_wheel, clean, sdist, bdist_egg, build_clib, build_ext, bdist_dumb, install_headers, egg_info, check, register, alias, rotate, develop, dist_info, extract_messages
[2.232s] DEBUG:colcon.colcon_core.task.python.build:Available setuptools commands: bdist, install, editable_wheel, upload_docs, update_catalog, symlink_data, install_lib, compile_catalog, setopt, build_scripts, upload, bdist_rpm, easy_install, install_data, install_scripts, saveopts, build_py, init_catalog, build, test, install_egg_info, bdist_wheel, clean, sdist, bdist_egg, build_clib, build_ext, bdist_dumb, install_headers, egg_info, check, register, alias, rotate, develop, dist_info, extract_messages
[2.232s] DEBUG:colcon.colcon_core.event_handler.log_command:Invoking command in '/home/gp/Projects/interceptor-sim/ros2_px4_ws/src/px4_offboard': DEBUGINFOD_URLS=https://debuginfod.ubuntu.com PYTHONPATH=/home/gp/Projects/interceptor-sim/ros2_px4_ws/build/px4_offboard/prefix_override:/usr/lib/python3/dist-packages/colcon_core/task/python/colcon_distutils_commands:/home/gp/Projects/interceptor-sim/ros2_px4_ws/install/px4_offboard/lib/python3.12/site-packages:${PYTHONPATH} /usr/bin/python3 -W ignore:setup.py install is deprecated -W ignore:easy_install command is deprecated setup.py egg_info --egg-base ../../build/px4_offboard build --build-base /home/gp/Projects/interceptor-sim/ros2_px4_ws/build/px4_offboard/build install --record /home/gp/Projects/interceptor-sim/ros2_px4_ws/build/px4_offboard/install.log --install-scripts $base/lib/px4_offboard --single-version-externally-managed install_data
[2.234s] DEBUG:colcon.colcon_core.event_handler.log_command:Invoking command in '/home/gp/Projects/interceptor-sim/ros2_px4_ws/src/interceptor_bringup': DEBUGINFOD_URLS=https://debuginfod.ubuntu.com PYTHONPATH=/home/gp/Projects/interceptor-sim/ros2_px4_ws/build/interceptor_bringup/prefix_override:/usr/lib/python3/dist-packages/colcon_core/task/python/colcon_distutils_commands:/home/gp/Projects/interceptor-sim/ros2_px4_ws/install/interceptor_bringup/lib/python3.12/site-packages:${PYTHONPATH} /usr/bin/python3 -W ignore:setup.py install is deprecated -W ignore:easy_install command is deprecated setup.py egg_info --egg-base ../../build/interceptor_bringup build --build-base /home/gp/Projects/interceptor-sim/ros2_px4_ws/build/interceptor_bringup/build install --record /home/gp/Projects/interceptor-sim/ros2_px4_ws/build/interceptor_bringup/install.log --install-scripts $base/lib/interceptor_bringup --single-version-externally-managed install_data
[2.242s] DEBUG:colcon.colcon_core.task.python.build:Available setuptools commands: bdist, install, editable_wheel, upload_docs, update_catalog, symlink_data, install_lib, compile_catalog, setopt, build_scripts, upload, bdist_rpm, easy_install, install_data, install_scripts, saveopts, build_py, init_catalog, build, test, install_egg_info, bdist_wheel, clean, sdist, bdist_egg, build_clib, build_ext, bdist_dumb, install_headers, egg_info, check, register, alias, rotate, develop, dist_info, extract_messages
[2.244s] DEBUG:colcon.colcon_core.task.python.build:Available setuptools commands: bdist, install, editable_wheel, upload_docs, update_catalog, symlink_data, install_lib, compile_catalog, setopt, build_scripts, upload, bdist_rpm, easy_install, install_data, install_scripts, saveopts, build_py, init_catalog, build, test, install_egg_info, bdist_wheel, clean, sdist, bdist_egg, build_clib, build_ext, bdist_dumb, install_headers, egg_info, check, register, alias, rotate, develop, dist_info, extract_messages
[2.245s] DEBUG:colcon.colcon_core.event_handler.log_command:Invoking command in '/home/gp/Projects/interceptor-sim/ros2_px4_ws/src/interceptor_vision': DEBUGINFOD_URLS=https://debuginfod.ubuntu.com PYTHONPATH=/home/gp/Projects/interceptor-sim/ros2_px4_ws/build/interceptor_vision/prefix_override:/usr/lib/python3/dist-packages/colcon_core/task/python/colcon_distutils_commands:/home/gp/Projects/interceptor-sim/ros2_px4_ws/install/interceptor_vision/lib/python3.12/site-packages:${PYTHONPATH} /usr/bin/python3 -W ignore:setup.py install is deprecated -W ignore:easy_install command is deprecated setup.py egg_info --egg-base ../../build/interceptor_vision build --build-base /home/gp/Projects/interceptor-sim/ros2_px4_ws/build/interceptor_vision/build install --record /home/gp/Projects/interceptor-sim/ros2_px4_ws/build/interceptor_vision/install.log --install-scripts $base/lib/interceptor_vision --single-version-externally-managed install_data
[2.248s] DEBUG:colcon.colcon_core.event_handler.log_command:Invoking command in '/home/gp/Projects/interceptor-sim/ros2_px4_ws/src/BodyQuaternion': DEBUGINFOD_URLS=https://debuginfod.ubuntu.com PYTHONPATH=/home/gp/Projects/interceptor-sim/ros2_px4_ws/build/BodyQuaternion/prefix_override:/usr/lib/python3/dist-packages/colcon_core/task/python/colcon_distutils_commands:/home/gp/Projects/interceptor-sim/ros2_px4_ws/install/BodyQuaternion/lib/python3.12/site-packages:${PYTHONPATH} /usr/bin/python3 -W ignore:setup.py install is deprecated -W ignore:easy_install command is deprecated setup.py egg_info --egg-base ../../build/BodyQuaternion build --build-base /home/gp/Projects/interceptor-sim/ros2_px4_ws/build/BodyQuaternion/build install --record /home/gp/Projects/interceptor-sim/ros2_px4_ws/build/BodyQuaternion/install.log --install-scripts $base/lib/BodyQuaternion --single-version-externally-managed install_data
[2.919s] Level 1:colcon.colcon_core.environment:checking '/home/gp/Projects/interceptor-sim/ros2_px4_ws/install/interceptor_bringup' for CMake module files
[2.919s] DEBUG:colcon.colcon_core.event_handler.log_command:Invoked command in '/home/gp/Projects/interceptor-sim/ros2_px4_ws/src/interceptor_bringup' returned '0': DEBUGINFOD_URLS=https://debuginfod.ubuntu.com PYTHONPATH=/home/gp/Projects/interceptor-sim/ros2_px4_ws/build/interceptor_bringup/prefix_override:/usr/lib/python3/dist-packages/colcon_core/task/python/colcon_distutils_commands:/home/gp/Projects/interceptor-sim/ros2_px4_ws/install/interceptor_bringup/lib/python3.12/site-packages:${PYTHONPATH} /usr/bin/python3 -W ignore:setup.py install is deprecated -W ignore:easy_install command is deprecated setup.py egg_info --egg-base ../../build/interceptor_bringup build --build-base /home/gp/Projects/interceptor-sim/ros2_px4_ws/build/interceptor_bringup/build install --record /home/gp/Projects/interceptor-sim/ros2_px4_ws/build/interceptor_bringup/install.log --install-scripts $base/lib/interceptor_bringup --single-version-externally-managed install_data
[2.920s] Level 1:colcon.colcon_core.environment:checking '/home/gp/Projects/interceptor-sim/ros2_px4_ws/install/interceptor_bringup' for CMake config files
[2.921s] Level 1:colcon.colcon_core.environment:checking '/home/gp/Projects/interceptor-sim/ros2_px4_ws/install/interceptor_bringup/lib'
[2.921s] Level 1:colcon.colcon_core.environment:checking '/home/gp/Projects/interceptor-sim/ros2_px4_ws/install/interceptor_bringup/bin'
[2.921s] Level 1:colcon.colcon_core.environment:checking '/home/gp/Projects/interceptor-sim/ros2_px4_ws/install/interceptor_bringup/lib/pkgconfig/interceptor_bringup.pc'
[2.921s] Level 1:colcon.colcon_core.environment:checking '/home/gp/Projects/interceptor-sim/ros2_px4_ws/install/interceptor_bringup/lib/python3.12/site-packages'
[2.921s] Level 1:colcon.colcon_core.shell:create_environment_hook('interceptor_bringup', 'pythonpath')
[2.922s] INFO:colcon.colcon_core.shell:Creating environment hook '/home/gp/Projects/interceptor-sim/ros2_px4_ws/install/interceptor_bringup/share/interceptor_bringup/hook/pythonpath.ps1'
[2.922s] INFO:colcon.colcon_core.shell:Creating environment descriptor '/home/gp/Projects/interceptor-sim/ros2_px4_ws/install/interceptor_bringup/share/interceptor_bringup/hook/pythonpath.dsv'
[2.923s] INFO:colcon.colcon_core.shell:Creating environment hook '/home/gp/Projects/interceptor-sim/ros2_px4_ws/install/interceptor_bringup/share/interceptor_bringup/hook/pythonpath.sh'
[2.923s] Level 1:colcon.colcon_core.environment:checking '/home/gp/Projects/interceptor-sim/ros2_px4_ws/install/interceptor_bringup/bin'
[2.923s] Level 1:colcon.colcon_core.environment:create_environment_scripts_only(interceptor_bringup)
[2.924s] INFO:colcon.colcon_core.shell:Creating package script '/home/gp/Projects/interceptor-sim/ros2_px4_ws/install/interceptor_bringup/share/interceptor_bringup/package.ps1'
[2.925s] INFO:colcon.colcon_core.shell:Creating package descriptor '/home/gp/Projects/interceptor-sim/ros2_px4_ws/install/interceptor_bringup/share/interceptor_bringup/package.dsv'
[2.925s] INFO:colcon.colcon_core.shell:Creating package script '/home/gp/Projects/interceptor-sim/ros2_px4_ws/install/interceptor_bringup/share/interceptor_bringup/package.sh'
[2.926s] INFO:colcon.colcon_core.shell:Creating package script '/home/gp/Projects/interceptor-sim/ros2_px4_ws/install/interceptor_bringup/share/interceptor_bringup/package.bash'
[2.927s] INFO:colcon.colcon_core.shell:Creating package script '/home/gp/Projects/interceptor-sim/ros2_px4_ws/install/interceptor_bringup/share/interceptor_bringup/package.zsh'
[2.928s] Level 1:colcon.colcon_core.environment:create_file_with_runtime_dependencies(/home/gp/Projects/interceptor-sim/ros2_px4_ws/install/interceptor_bringup/share/colcon-core/packages/interceptor_bringup)
[2.931s] Level 1:colcon.colcon_core.environment:checking '/home/gp/Projects/interceptor-sim/ros2_px4_ws/install/px4_offboard' for CMake module files
[2.932s] Level 1:colcon.colcon_core.environment:checking '/home/gp/Projects/interceptor-sim/ros2_px4_ws/install/px4_offboard' for CMake config files
[2.932s] DEBUG:colcon.colcon_core.event_handler.log_command:Invoked command in '/home/gp/Projects/interceptor-sim/ros2_px4_ws/src/px4_offboard' returned '0': DEBUGINFOD_URLS=https://debuginfod.ubuntu.com PYTHONPATH=/home/gp/Projects/interceptor-sim/ros2_px4_ws/build/px4_offboard/prefix_override:/usr/lib/python3/dist-packages/colcon_core/task/python/colcon_distutils_commands:/home/gp/Projects/interceptor-sim/ros2_px4_ws/install/px4_offboard/lib/python3.12/site-packages:${PYTHONPATH} /usr/bin/python3 -W ignore:setup.py install is deprecated -W ignore:easy_install command is deprecated setup.py egg_info --egg-base ../../build/px4_offboard build --build-base /home/gp/Projects/interceptor-sim/ros2_px4_ws/build/px4_offboard/build install --record /home/gp/Projects/interceptor-sim/ros2_px4_ws/build/px4_offboard/install.log --install-scripts $base/lib/px4_offboard --single-version-externally-managed install_data
[2.933s] Level 1:colcon.colcon_core.environment:checking '/home/gp/Projects/interceptor-sim/ros2_px4_ws/install/px4_offboard/lib'
[2.933s] Level 1:colcon.colcon_core.environment:checking '/home/gp/Projects/interceptor-sim/ros2_px4_ws/install/px4_offboard/bin'
[2.933s] Level 1:colcon.colcon_core.environment:checking '/home/gp/Projects/interceptor-sim/ros2_px4_ws/install/px4_offboard/lib/pkgconfig/px4_offboard.pc'
[2.933s] Level 1:colcon.colcon_core.environment:checking '/home/gp/Projects/interceptor-sim/ros2_px4_ws/install/px4_offboard/lib/python3.12/site-packages'
[2.934s] Level 1:colcon.colcon_core.shell:create_environment_hook('px4_offboard', 'pythonpath')
[2.934s] INFO:colcon.colcon_core.shell:Creating environment hook '/home/gp/Projects/interceptor-sim/ros2_px4_ws/install/px4_offboard/share/px4_offboard/hook/pythonpath.ps1'
[2.935s] INFO:colcon.colcon_core.shell:Creating environment descriptor '/home/gp/Projects/interceptor-sim/ros2_px4_ws/install/px4_offboard/share/px4_offboard/hook/pythonpath.dsv'
[2.935s] INFO:colcon.colcon_core.shell:Creating environment hook '/home/gp/Projects/interceptor-sim/ros2_px4_ws/install/px4_offboard/share/px4_offboard/hook/pythonpath.sh'
[2.936s] Level 1:colcon.colcon_core.environment:checking '/home/gp/Projects/interceptor-sim/ros2_px4_ws/install/px4_offboard/bin'
[2.936s] Level 1:colcon.colcon_core.environment:create_environment_scripts_only(px4_offboard)
[2.937s] INFO:colcon.colcon_core.shell:Creating package script '/home/gp/Projects/interceptor-sim/ros2_px4_ws/install/px4_offboard/share/px4_offboard/package.ps1'
[2.938s] INFO:colcon.colcon_core.shell:Creating package descriptor '/home/gp/Projects/interceptor-sim/ros2_px4_ws/install/px4_offboard/share/px4_offboard/package.dsv'
[2.938s] INFO:colcon.colcon_core.shell:Creating package script '/home/gp/Projects/interceptor-sim/ros2_px4_ws/install/px4_offboard/share/px4_offboard/package.sh'
[2.939s] INFO:colcon.colcon_core.shell:Creating package script '/home/gp/Projects/interceptor-sim/ros2_px4_ws/install/px4_offboard/share/px4_offboard/package.bash'
[2.939s] INFO:colcon.colcon_core.shell:Creating package script '/home/gp/Projects/interceptor-sim/ros2_px4_ws/install/px4_offboard/share/px4_offboard/package.zsh'
[2.939s] Level 1:colcon.colcon_core.environment:create_file_with_runtime_dependencies(/home/gp/Projects/interceptor-sim/ros2_px4_ws/install/px4_offboard/share/colcon-core/packages/px4_offboard)
[2.968s] Level 1:colcon.colcon_core.environment:checking '/home/gp/Projects/interceptor-sim/ros2_px4_ws/install/BodyQuaternion' for CMake module files
[2.969s] Level 1:colcon.colcon_core.environment:checking '/home/gp/Projects/interceptor-sim/ros2_px4_ws/install/BodyQuaternion' for CMake config files
[2.970s] Level 1:colcon.colcon_core.environment:checking '/home/gp/Projects/interceptor-sim/ros2_px4_ws/install/BodyQuaternion/lib'
[2.970s] Level 1:colcon.colcon_core.environment:checking '/home/gp/Projects/interceptor-sim/ros2_px4_ws/install/BodyQuaternion/bin'
[2.968s] DEBUG:colcon.colcon_core.event_handler.log_command:Invoked command in '/home/gp/Projects/interceptor-sim/ros2_px4_ws/src/BodyQuaternion' returned '0': DEBUGINFOD_URLS=https://debuginfod.ubuntu.com PYTHONPATH=/home/gp/Projects/interceptor-sim/ros2_px4_ws/build/BodyQuaternion/prefix_override:/usr/lib/python3/dist-packages/colcon_core/task/python/colcon_distutils_commands:/home/gp/Projects/interceptor-sim/ros2_px4_ws/install/BodyQuaternion/lib/python3.12/site-packages:${PYTHONPATH} /usr/bin/python3 -W ignore:setup.py install is deprecated -W ignore:easy_install command is deprecated setup.py egg_info --egg-base ../../build/BodyQuaternion build --build-base /home/gp/Projects/interceptor-sim/ros2_px4_ws/build/BodyQuaternion/build install --record /home/gp/Projects/interceptor-sim/ros2_px4_ws/build/BodyQuaternion/install.log --install-scripts $base/lib/BodyQuaternion --single-version-externally-managed install_data
[2.970s] Level 1:colcon.colcon_core.environment:checking '/home/gp/Projects/interceptor-sim/ros2_px4_ws/install/BodyQuaternion/lib/pkgconfig/BodyQuaternion.pc'
[2.970s] Level 1:colcon.colcon_core.environment:checking '/home/gp/Projects/interceptor-sim/ros2_px4_ws/install/BodyQuaternion/lib/python3.12/site-packages'
[2.970s] Level 1:colcon.colcon_core.shell:create_environment_hook('BodyQuaternion', 'pythonpath')
[2.971s] INFO:colcon.colcon_core.shell:Creating environment hook '/home/gp/Projects/interceptor-sim/ros2_px4_ws/install/BodyQuaternion/share/BodyQuaternion/hook/pythonpath.ps1'
[2.971s] INFO:colcon.colcon_core.shell:Creating environment descriptor '/home/gp/Projects/interceptor-sim/ros2_px4_ws/install/BodyQuaternion/share/BodyQuaternion/hook/pythonpath.dsv'
[2.972s] INFO:colcon.colcon_core.shell:Creating environment hook '/home/gp/Projects/interceptor-sim/ros2_px4_ws/install/BodyQuaternion/share/BodyQuaternion/hook/pythonpath.sh'
[2.972s] Level 1:colcon.colcon_core.environment:checking '/home/gp/Projects/interceptor-sim/ros2_px4_ws/install/BodyQuaternion/bin'
[2.972s] Level 1:colcon.colcon_core.environment:create_environment_scripts_only(BodyQuaternion)
[2.973s] INFO:colcon.colcon_core.shell:Creating package script '/home/gp/Projects/interceptor-sim/ros2_px4_ws/install/BodyQuaternion/share/BodyQuaternion/package.ps1'
[2.973s] INFO:colcon.colcon_core.shell:Creating package descriptor '/home/gp/Projects/interceptor-sim/ros2_px4_ws/install/BodyQuaternion/share/BodyQuaternion/package.dsv'
[2.974s] INFO:colcon.colcon_core.shell:Creating package script '/home/gp/Projects/interceptor-sim/ros2_px4_ws/install/BodyQuaternion/share/BodyQuaternion/package.sh'
[2.974s] INFO:colcon.colcon_core.shell:Creating package script '/home/gp/Projects/interceptor-sim/ros2_px4_ws/install/BodyQuaternion/share/BodyQuaternion/package.bash'
[2.974s] INFO:colcon.colcon_core.shell:Creating package script '/home/gp/Projects/interceptor-sim/ros2_px4_ws/install/BodyQuaternion/share/BodyQuaternion/package.zsh'
[2.974s] Level 1:colcon.colcon_core.environment:create_file_with_runtime_dependencies(/home/gp/Projects/interceptor-sim/ros2_px4_ws/install/BodyQuaternion/share/colcon-core/packages/BodyQuaternion)
[2.987s] Level 1:colcon.colcon_core.environment:checking '/home/gp/Projects/interceptor-sim/ros2_px4_ws/install/interceptor_vision' for CMake module files
[2.988s] Level 1:colcon.colcon_core.environment:checking '/home/gp/Projects/interceptor-sim/ros2_px4_ws/install/interceptor_vision' for CMake config files
[2.988s] DEBUG:colcon.colcon_core.event_handler.log_command:Invoked command in '/home/gp/Projects/interceptor-sim/ros2_px4_ws/src/interceptor_vision' returned '0': DEBUGINFOD_URLS=https://debuginfod.ubuntu.com PYTHONPATH=/home/gp/Projects/interceptor-sim/ros2_px4_ws/build/interceptor_vision/prefix_override:/usr/lib/python3/dist-packages/colcon_core/task/python/colcon_distutils_commands:/home/gp/Projects/interceptor-sim/ros2_px4_ws/install/interceptor_vision/lib/python3.12/site-packages:${PYTHONPATH} /usr/bin/python3 -W ignore:setup.py install is deprecated -W ignore:easy_install command is deprecated setup.py egg_info --egg-base ../../build/interceptor_vision build --build-base /home/gp/Projects/interceptor-sim/ros2_px4_ws/build/interceptor_vision/build install --record /home/gp/Projects/interceptor-sim/ros2_px4_ws/build/interceptor_vision/install.log --install-scripts $base/lib/interceptor_vision --single-version-externally-managed install_data
[2.989s] Level 1:colcon.colcon_core.environment:checking '/home/gp/Projects/interceptor-sim/ros2_px4_ws/install/interceptor_vision/lib'
[2.989s] Level 1:colcon.colcon_core.environment:checking '/home/gp/Projects/interceptor-sim/ros2_px4_ws/install/interceptor_vision/bin'
[2.989s] Level 1:colcon.colcon_core.environment:checking '/home/gp/Projects/interceptor-sim/ros2_px4_ws/install/interceptor_vision/lib/pkgconfig/interceptor_vision.pc'
[2.990s] Level 1:colcon.colcon_core.environment:checking '/home/gp/Projects/interceptor-sim/ros2_px4_ws/install/interceptor_vision/lib/python3.12/site-packages'
[2.990s] Level 1:colcon.colcon_core.shell:create_environment_hook('interceptor_vision', 'pythonpath')
[2.990s] INFO:colcon.colcon_core.shell:Creating environment hook '/home/gp/Projects/interceptor-sim/ros2_px4_ws/install/interceptor_vision/share/interceptor_vision/hook/pythonpath.ps1'
[2.990s] INFO:colcon.colcon_core.shell:Creating environment descriptor '/home/gp/Projects/interceptor-sim/ros2_px4_ws/install/interceptor_vision/share/interceptor_vision/hook/pythonpath.dsv'
[2.991s] INFO:colcon.colcon_core.shell:Creating environment hook '/home/gp/Projects/interceptor-sim/ros2_px4_ws/install/interceptor_vision/share/interceptor_vision/hook/pythonpath.sh'
[2.991s] Level 1:colcon.colcon_core.environment:checking '/home/gp/Projects/interceptor-sim/ros2_px4_ws/install/interceptor_vision/bin'
[2.991s] Level 1:colcon.colcon_core.environment:create_environment_scripts_only(interceptor_vision)
[2.991s] INFO:colcon.colcon_core.shell:Creating package script '/home/gp/Projects/interceptor-sim/ros2_px4_ws/install/interceptor_vision/share/interceptor_vision/package.ps1'
[2.992s] INFO:colcon.colcon_core.shell:Creating package descriptor '/home/gp/Projects/interceptor-sim/ros2_px4_ws/install/interceptor_vision/share/interceptor_vision/package.dsv'
[2.992s] INFO:colcon.colcon_core.shell:Creating package script '/home/gp/Projects/interceptor-sim/ros2_px4_ws/install/interceptor_vision/share/interceptor_vision/package.sh'
[2.993s] INFO:colcon.colcon_core.shell:Creating package script '/home/gp/Projects/interceptor-sim/ros2_px4_ws/install/interceptor_vision/share/interceptor_vision/package.bash'
[2.993s] INFO:colcon.colcon_core.shell:Creating package script '/home/gp/Projects/interceptor-sim/ros2_px4_ws/install/interceptor_vision/share/interceptor_vision/package.zsh'
[2.994s] Level 1:colcon.colcon_core.environment:create_file_with_runtime_dependencies(/home/gp/Projects/interceptor-sim/ros2_px4_ws/install/interceptor_vision/share/colcon-core/packages/interceptor_vision)
[4.199s] DEBUG:colcon.colcon_core.event_handler.log_command:Invoked command in '/home/gp/Projects/interceptor-sim/ros2_px4_ws/build/px4_msgs' returned '0': CMAKE_PREFIX_PATH=${CMAKE_PREFIX_PATH}:/home/gp/Projects/interceptor-sim/ros2_px4_ws/install/px4_offboard:/home/gp/Projects/interceptor-sim/ros2_px4_ws/install/interceptor_vision:/home/gp/Projects/interceptor-sim/ros2_px4_ws/install/interceptor_bringup:/home/gp/Projects/interceptor-sim/ros2_px4_ws/install/BodyQuaternion:/opt/ros/jazzy DEBUGINFOD_URLS=https://debuginfod.ubuntu.com /usr/bin/cmake --build /home/gp/Projects/interceptor-sim/ros2_px4_ws/build/px4_msgs -- -j16 -l16
[4.220s] DEBUG:colcon.colcon_core.event_handler.log_command:Invoking command in '/home/gp/Projects/interceptor-sim/ros2_px4_ws/build/px4_msgs': CMAKE_PREFIX_PATH=${CMAKE_PREFIX_PATH}:/home/gp/Projects/interceptor-sim/ros2_px4_ws/install/px4_offboard:/home/gp/Projects/interceptor-sim/ros2_px4_ws/install/interceptor_vision:/home/gp/Projects/interceptor-sim/ros2_px4_ws/install/interceptor_bringup:/home/gp/Projects/interceptor-sim/ros2_px4_ws/install/BodyQuaternion:/opt/ros/jazzy DEBUGINFOD_URLS=https://debuginfod.ubuntu.com /usr/bin/cmake --install /home/gp/Projects/interceptor-sim/ros2_px4_ws/build/px4_msgs
[5.089s] Level 1:colcon.colcon_core.environment:create_environment_scripts_only(px4_msgs)
[5.090s] Level 1:colcon.colcon_core.environment:checking '/home/gp/Projects/interceptor-sim/ros2_px4_ws/install/px4_msgs' for CMake module files
[5.090s] DEBUG:colcon.colcon_core.event_handler.log_command:Invoked command in '/home/gp/Projects/interceptor-sim/ros2_px4_ws/build/px4_msgs' returned '0': CMAKE_PREFIX_PATH=${CMAKE_PREFIX_PATH}:/home/gp/Projects/interceptor-sim/ros2_px4_ws/install/px4_offboard:/home/gp/Projects/interceptor-sim/ros2_px4_ws/install/interceptor_vision:/home/gp/Projects/interceptor-sim/ros2_px4_ws/install/interceptor_bringup:/home/gp/Projects/interceptor-sim/ros2_px4_ws/install/BodyQuaternion:/opt/ros/jazzy DEBUGINFOD_URLS=https://debuginfod.ubuntu.com /usr/bin/cmake --install /home/gp/Projects/interceptor-sim/ros2_px4_ws/build/px4_msgs
[5.091s] Level 1:colcon.colcon_core.environment:checking '/home/gp/Projects/interceptor-sim/ros2_px4_ws/install/px4_msgs' for CMake config files
[5.091s] Level 1:colcon.colcon_core.shell:create_environment_hook('px4_msgs', 'cmake_prefix_path')
[5.092s] INFO:colcon.colcon_core.shell:Creating environment hook '/home/gp/Projects/interceptor-sim/ros2_px4_ws/install/px4_msgs/share/px4_msgs/hook/cmake_prefix_path.ps1'
[5.092s] INFO:colcon.colcon_core.shell:Creating environment descriptor '/home/gp/Projects/interceptor-sim/ros2_px4_ws/install/px4_msgs/share/px4_msgs/hook/cmake_prefix_path.dsv'
[5.092s] INFO:colcon.colcon_core.shell:Creating environment hook '/home/gp/Projects/interceptor-sim/ros2_px4_ws/install/px4_msgs/share/px4_msgs/hook/cmake_prefix_path.sh'
[5.093s] Level 1:colcon.colcon_core.environment:checking '/home/gp/Projects/interceptor-sim/ros2_px4_ws/install/px4_msgs/lib'
[5.093s] Level 1:colcon.colcon_core.shell:create_environment_hook('px4_msgs', 'ld_library_path_lib')
[5.093s] INFO:colcon.colcon_core.shell:Creating environment hook '/home/gp/Projects/interceptor-sim/ros2_px4_ws/install/px4_msgs/share/px4_msgs/hook/ld_library_path_lib.ps1'
[5.094s] INFO:colcon.colcon_core.shell:Creating environment descriptor '/home/gp/Projects/interceptor-sim/ros2_px4_ws/install/px4_msgs/share/px4_msgs/hook/ld_library_path_lib.dsv'
[5.094s] INFO:colcon.colcon_core.shell:Creating environment hook '/home/gp/Projects/interceptor-sim/ros2_px4_ws/install/px4_msgs/share/px4_msgs/hook/ld_library_path_lib.sh'
[5.094s] Level 1:colcon.colcon_core.environment:checking '/home/gp/Projects/interceptor-sim/ros2_px4_ws/install/px4_msgs/bin'
[5.094s] Level 1:colcon.colcon_core.environment:checking '/home/gp/Projects/interceptor-sim/ros2_px4_ws/install/px4_msgs/lib/pkgconfig/px4_msgs.pc'
[5.095s] Level 1:colcon.colcon_core.environment:checking '/home/gp/Projects/interceptor-sim/ros2_px4_ws/install/px4_msgs/lib/python3.12/site-packages'
[5.095s] Level 1:colcon.colcon_core.shell:create_environment_hook('px4_msgs', 'pythonpath')
[5.095s] INFO:colcon.colcon_core.shell:Creating environment hook '/home/gp/Projects/interceptor-sim/ros2_px4_ws/install/px4_msgs/share/px4_msgs/hook/pythonpath.ps1'
[5.095s] INFO:colcon.colcon_core.shell:Creating environment descriptor '/home/gp/Projects/interceptor-sim/ros2_px4_ws/install/px4_msgs/share/px4_msgs/hook/pythonpath.dsv'
[5.095s] INFO:colcon.colcon_core.shell:Creating environment hook '/home/gp/Projects/interceptor-sim/ros2_px4_ws/install/px4_msgs/share/px4_msgs/hook/pythonpath.sh'
[5.096s] Level 1:colcon.colcon_core.environment:checking '/home/gp/Projects/interceptor-sim/ros2_px4_ws/install/px4_msgs/bin'
[5.096s] INFO:colcon.colcon_core.shell:Creating package script '/home/gp/Projects/interceptor-sim/ros2_px4_ws/install/px4_msgs/share/px4_msgs/package.ps1'
[5.097s] INFO:colcon.colcon_core.shell:Creating package descriptor '/home/gp/Projects/interceptor-sim/ros2_px4_ws/install/px4_msgs/share/px4_msgs/package.dsv'
[5.097s] INFO:colcon.colcon_core.shell:Creating package script '/home/gp/Projects/interceptor-sim/ros2_px4_ws/install/px4_msgs/share/px4_msgs/package.sh'
[5.098s] INFO:colcon.colcon_core.shell:Creating package script '/home/gp/Projects/interceptor-sim/ros2_px4_ws/install/px4_msgs/share/px4_msgs/package.bash'
[5.098s] INFO:colcon.colcon_core.shell:Creating package script '/home/gp/Projects/interceptor-sim/ros2_px4_ws/install/px4_msgs/share/px4_msgs/package.zsh'
[5.098s] Level 1:colcon.colcon_core.environment:create_file_with_runtime_dependencies(/home/gp/Projects/interceptor-sim/ros2_px4_ws/install/px4_msgs/share/colcon-core/packages/px4_msgs)
[5.099s] Level 1:colcon.colcon_core.environment:create_environment_scripts_only(px4_msgs)
[5.099s] Level 1:colcon.colcon_core.environment:checking '/home/gp/Projects/interceptor-sim/ros2_px4_ws/install/px4_msgs' for CMake module files
[5.100s] Level 1:colcon.colcon_core.environment:checking '/home/gp/Projects/interceptor-sim/ros2_px4_ws/install/px4_msgs' for CMake config files
[5.100s] Level 1:colcon.colcon_core.shell:create_environment_hook('px4_msgs', 'cmake_prefix_path')
[5.100s] INFO:colcon.colcon_core.shell:Creating environment hook '/home/gp/Projects/interceptor-sim/ros2_px4_ws/install/px4_msgs/share/px4_msgs/hook/cmake_prefix_path.ps1'
[5.101s] INFO:colcon.colcon_core.shell:Creating environment descriptor '/home/gp/Projects/interceptor-sim/ros2_px4_ws/install/px4_msgs/share/px4_msgs/hook/cmake_prefix_path.dsv'
[5.102s] INFO:colcon.colcon_core.shell:Creating environment hook '/home/gp/Projects/interceptor-sim/ros2_px4_ws/install/px4_msgs/share/px4_msgs/hook/cmake_prefix_path.sh'
[5.103s] Level 1:colcon.colcon_core.environment:checking '/home/gp/Projects/interceptor-sim/ros2_px4_ws/install/px4_msgs/lib'
[5.103s] Level 1:colcon.colcon_core.shell:create_environment_hook('px4_msgs', 'ld_library_path_lib')
[5.103s] INFO:colcon.colcon_core.shell:Creating environment hook '/home/gp/Projects/interceptor-sim/ros2_px4_ws/install/px4_msgs/share/px4_msgs/hook/ld_library_path_lib.ps1'
[5.104s] INFO:colcon.colcon_core.shell:Creating environment descriptor '/home/gp/Projects/interceptor-sim/ros2_px4_ws/install/px4_msgs/share/px4_msgs/hook/ld_library_path_lib.dsv'
[5.104s] INFO:colcon.colcon_core.shell:Creating environment hook '/home/gp/Projects/interceptor-sim/ros2_px4_ws/install/px4_msgs/share/px4_msgs/hook/ld_library_path_lib.sh'
[5.105s] Level 1:colcon.colcon_core.environment:checking '/home/gp/Projects/interceptor-sim/ros2_px4_ws/install/px4_msgs/bin'
[5.105s] Level 1:colcon.colcon_core.environment:checking '/home/gp/Projects/interceptor-sim/ros2_px4_ws/install/px4_msgs/lib/pkgconfig/px4_msgs.pc'
[5.105s] Level 1:colcon.colcon_core.environment:checking '/home/gp/Projects/interceptor-sim/ros2_px4_ws/install/px4_msgs/lib/python3.12/site-packages'
[5.105s] Level 1:colcon.colcon_core.shell:create_environment_hook('px4_msgs', 'pythonpath')
[5.105s] INFO:colcon.colcon_core.shell:Creating environment hook '/home/gp/Projects/interceptor-sim/ros2_px4_ws/install/px4_msgs/share/px4_msgs/hook/pythonpath.ps1'
[5.106s] INFO:colcon.colcon_core.shell:Creating environment descriptor '/home/gp/Projects/interceptor-sim/ros2_px4_ws/install/px4_msgs/share/px4_msgs/hook/pythonpath.dsv'
[5.106s] INFO:colcon.colcon_core.shell:Creating environment hook '/home/gp/Projects/interceptor-sim/ros2_px4_ws/install/px4_msgs/share/px4_msgs/hook/pythonpath.sh'
[5.107s] Level 1:colcon.colcon_core.environment:checking '/home/gp/Projects/interceptor-sim/ros2_px4_ws/install/px4_msgs/bin'
[5.107s] INFO:colcon.colcon_core.shell:Creating package script '/home/gp/Projects/interceptor-sim/ros2_px4_ws/install/px4_msgs/share/px4_msgs/package.ps1'
[5.108s] INFO:colcon.colcon_core.shell:Creating package descriptor '/home/gp/Projects/interceptor-sim/ros2_px4_ws/install/px4_msgs/share/px4_msgs/package.dsv'
[5.108s] INFO:colcon.colcon_core.shell:Creating package script '/home/gp/Projects/interceptor-sim/ros2_px4_ws/install/px4_msgs/share/px4_msgs/package.sh'
[5.109s] INFO:colcon.colcon_core.shell:Creating package script '/home/gp/Projects/interceptor-sim/ros2_px4_ws/install/px4_msgs/share/px4_msgs/package.bash'
[5.110s] INFO:colcon.colcon_core.shell:Creating package script '/home/gp/Projects/interceptor-sim/ros2_px4_ws/install/px4_msgs/share/px4_msgs/package.zsh'
[5.110s] Level 1:colcon.colcon_core.environment:create_file_with_runtime_dependencies(/home/gp/Projects/interceptor-sim/ros2_px4_ws/install/px4_msgs/share/colcon-core/packages/px4_msgs)
[5.111s] INFO:colcon.colcon_ros.task.ament_cmake.build:Building ROS package in '/home/gp/Projects/interceptor-sim/ros2_px4_ws/src/px4_gz_markers' with build type 'ament_cmake'
[5.111s] INFO:colcon.colcon_cmake.task.cmake.build:Building CMake package in '/home/gp/Projects/interceptor-sim/ros2_px4_ws/src/px4_gz_markers'
[5.111s] INFO:colcon.colcon_core.shell:Skip shell extension 'powershell' for command environment: Not usable outside of PowerShell
[5.111s] DEBUG:colcon.colcon_core.shell:Skip shell extension 'dsv' for command environment
[5.128s] DEBUG:colcon.colcon_core.event_handler.log_command:Invoking command in '/home/gp/Projects/interceptor-sim/ros2_px4_ws/build/px4_gz_markers': CMAKE_PREFIX_PATH=/home/gp/Projects/interceptor-sim/ros2_px4_ws/install/px4_msgs:/home/gp/Projects/interceptor-sim/ros2_px4_ws/install/px4_gz_markers:/opt/ros/jazzy/opt/gz_transport_vendor:/opt/ros/jazzy/opt/gz_msgs_vendor:/opt/ros/jazzy/opt/gz_math_vendor:/opt/ros/jazzy/opt/gz_utils_vendor:/opt/ros/jazzy/opt/gz_tools_vendor:/opt/ros/jazzy/opt/gz_cmake_vendor:/home/gp/Projects/interceptor-sim/ros2_px4_ws/install/px4_offboard:/home/gp/Projects/interceptor-sim/ros2_px4_ws/install/interceptor_vision:/home/gp/Projects/interceptor-sim/ros2_px4_ws/install/interceptor_bringup:/home/gp/Projects/interceptor-sim/ros2_px4_ws/install/BodyQuaternion:/opt/ros/jazzy DEBUGINFOD_URLS=https://debuginfod.ubuntu.com PYTHONPATH=/home/gp/Projects/interceptor-sim/ros2_px4_ws/install/px4_msgs/lib/python3.12/site-packages:/home/gp/Projects/interceptor-sim/ros2_px4_ws/install/px4_offboard/lib/python3.12/site-packages:/home/gp/Projects/interceptor-sim/ros2_px4_ws/install/interceptor_vision/lib/python3.12/site-packages:/home/gp/Projects/interceptor-sim/ros2_px4_ws/install/interceptor_bringup/lib/python3.12/site-packages:/home/gp/Projects/interceptor-sim/ros2_px4_ws/install/BodyQuaternion/lib/python3.12/site-packages:/opt/ros/jazzy/lib/python3.12/site-packages /usr/bin/cmake --build /home/gp/Projects/interceptor-sim/ros2_px4_ws/build/px4_gz_markers -- -j16 -l16
[5.243s] DEBUG:colcon.colcon_core.event_handler.log_command:Invoked command in '/home/gp/Projects/interceptor-sim/ros2_px4_ws/build/px4_gz_markers' returned '0': CMAKE_PREFIX_PATH=/home/gp/Projects/interceptor-sim/ros2_px4_ws/install/px4_msgs:/home/gp/Projects/interceptor-sim/ros2_px4_ws/install/px4_gz_markers:/opt/ros/jazzy/opt/gz_transport_vendor:/opt/ros/jazzy/opt/gz_msgs_vendor:/opt/ros/jazzy/opt/gz_math_vendor:/opt/ros/jazzy/opt/gz_utils_vendor:/opt/ros/jazzy/opt/gz_tools_vendor:/opt/ros/jazzy/opt/gz_cmake_vendor:/home/gp/Projects/interceptor-sim/ros2_px4_ws/install/px4_offboard:/home/gp/Projects/interceptor-sim/ros2_px4_ws/install/interceptor_vision:/home/gp/Projects/interceptor-sim/ros2_px4_ws/install/interceptor_bringup:/home/gp/Projects/interceptor-sim/ros2_px4_ws/install/BodyQuaternion:/opt/ros/jazzy DEBUGINFOD_URLS=https://debuginfod.ubuntu.com PYTHONPATH=/home/gp/Projects/interceptor-sim/ros2_px4_ws/install/px4_msgs/lib/python3.12/site-packages:/home/gp/Projects/interceptor-sim/ros2_px4_ws/install/px4_offboard/lib/python3.12/site-packages:/home/gp/Projects/interceptor-sim/ros2_px4_ws/install/interceptor_vision/lib/python3.12/site-packages:/home/gp/Projects/interceptor-sim/ros2_px4_ws/install/interceptor_bringup/lib/python3.12/site-packages:/home/gp/Projects/interceptor-sim/ros2_px4_ws/install/BodyQuaternion/lib/python3.12/site-packages:/opt/ros/jazzy/lib/python3.12/site-packages /usr/bin/cmake --build /home/gp/Projects/interceptor-sim/ros2_px4_ws/build/px4_gz_markers -- -j16 -l16
[5.245s] DEBUG:colcon.colcon_core.event_handler.log_command:Invoking command in '/home/gp/Projects/interceptor-sim/ros2_px4_ws/build/px4_gz_markers': CMAKE_PREFIX_PATH=/home/gp/Projects/interceptor-sim/ros2_px4_ws/install/px4_msgs:/home/gp/Projects/interceptor-sim/ros2_px4_ws/install/px4_gz_markers:/opt/ros/jazzy/opt/gz_transport_vendor:/opt/ros/jazzy/opt/gz_msgs_vendor:/opt/ros/jazzy/opt/gz_math_vendor:/opt/ros/jazzy/opt/gz_utils_vendor:/opt/ros/jazzy/opt/gz_tools_vendor:/opt/ros/jazzy/opt/gz_cmake_vendor:/home/gp/Projects/interceptor-sim/ros2_px4_ws/install/px4_offboard:/home/gp/Projects/interceptor-sim/ros2_px4_ws/install/interceptor_vision:/home/gp/Projects/interceptor-sim/ros2_px4_ws/install/interceptor_bringup:/home/gp/Projects/interceptor-sim/ros2_px4_ws/install/BodyQuaternion:/opt/ros/jazzy DEBUGINFOD_URLS=https://debuginfod.ubuntu.com PYTHONPATH=/home/gp/Projects/interceptor-sim/ros2_px4_ws/install/px4_msgs/lib/python3.12/site-packages:/home/gp/Projects/interceptor-sim/ros2_px4_ws/install/px4_offboard/lib/python3.12/site-packages:/home/gp/Projects/interceptor-sim/ros2_px4_ws/install/interceptor_vision/lib/python3.12/site-packages:/home/gp/Projects/interceptor-sim/ros2_px4_ws/install/interceptor_bringup/lib/python3.12/site-packages:/home/gp/Projects/interceptor-sim/ros2_px4_ws/install/BodyQuaternion/lib/python3.12/site-packages:/opt/ros/jazzy/lib/python3.12/site-packages /usr/bin/cmake --install /home/gp/Projects/interceptor-sim/ros2_px4_ws/build/px4_gz_markers
[5.261s] Level 1:colcon.colcon_core.environment:create_environment_scripts_only(px4_gz_markers)
[5.261s] Level 1:colcon.colcon_core.environment:checking '/home/gp/Projects/interceptor-sim/ros2_px4_ws/install/px4_gz_markers' for CMake module files
[5.262s] DEBUG:colcon.colcon_core.event_handler.log_command:Invoked command in '/home/gp/Projects/interceptor-sim/ros2_px4_ws/build/px4_gz_markers' returned '0': CMAKE_PREFIX_PATH=/home/gp/Projects/interceptor-sim/ros2_px4_ws/install/px4_msgs:/home/gp/Projects/interceptor-sim/ros2_px4_ws/install/px4_gz_markers:/opt/ros/jazzy/opt/gz_transport_vendor:/opt/ros/jazzy/opt/gz_msgs_vendor:/opt/ros/jazzy/opt/gz_math_vendor:/opt/ros/jazzy/opt/gz_utils_vendor:/opt/ros/jazzy/opt/gz_tools_vendor:/opt/ros/jazzy/opt/gz_cmake_vendor:/home/gp/Projects/interceptor-sim/ros2_px4_ws/install/px4_offboard:/home/gp/Projects/interceptor-sim/ros2_px4_ws/install/interceptor_vision:/home/gp/Projects/interceptor-sim/ros2_px4_ws/install/interceptor_bringup:/home/gp/Projects/interceptor-sim/ros2_px4_ws/install/BodyQuaternion:/opt/ros/jazzy DEBUGINFOD_URLS=https://debuginfod.ubuntu.com PYTHONPATH=/home/gp/Projects/interceptor-sim/ros2_px4_ws/install/px4_msgs/lib/python3.12/site-packages:/home/gp/Projects/interceptor-sim/ros2_px4_ws/install/px4_offboard/lib/python3.12/site-packages:/home/gp/Projects/interceptor-sim/ros2_px4_ws/install/interceptor_vision/lib/python3.12/site-packages:/home/gp/Projects/interceptor-sim/ros2_px4_ws/install/interceptor_bringup/lib/python3.12/site-packages:/home/gp/Projects/interceptor-sim/ros2_px4_ws/install/BodyQuaternion/lib/python3.12/site-packages:/opt/ros/jazzy/lib/python3.12/site-packages /usr/bin/cmake --install /home/gp/Projects/interceptor-sim/ros2_px4_ws/build/px4_gz_markers
[5.263s] Level 1:colcon.colcon_core.environment:checking '/home/gp/Projects/interceptor-sim/ros2_px4_ws/install/px4_gz_markers' for CMake config files
[5.263s] Level 1:colcon.colcon_core.shell:create_environment_hook('px4_gz_markers', 'cmake_prefix_path')
[5.263s] INFO:colcon.colcon_core.shell:Creating environment hook '/home/gp/Projects/interceptor-sim/ros2_px4_ws/install/px4_gz_markers/share/px4_gz_markers/hook/cmake_prefix_path.ps1'
[5.264s] INFO:colcon.colcon_core.shell:Creating environment descriptor '/home/gp/Projects/interceptor-sim/ros2_px4_ws/install/px4_gz_markers/share/px4_gz_markers/hook/cmake_prefix_path.dsv'
[5.264s] INFO:colcon.colcon_core.shell:Creating environment hook '/home/gp/Projects/interceptor-sim/ros2_px4_ws/install/px4_gz_markers/share/px4_gz_markers/hook/cmake_prefix_path.sh'
[5.265s] Level 1:colcon.colcon_core.environment:checking '/home/gp/Projects/interceptor-sim/ros2_px4_ws/install/px4_gz_markers/lib'
[5.265s] Level 1:colcon.colcon_core.environment:checking '/home/gp/Projects/interceptor-sim/ros2_px4_ws/install/px4_gz_markers/bin'
[5.265s] Level 1:colcon.colcon_core.environment:checking '/home/gp/Projects/interceptor-sim/ros2_px4_ws/install/px4_gz_markers/lib/pkgconfig/px4_gz_markers.pc'
[5.266s] Level 1:colcon.colcon_core.environment:checking '/home/gp/Projects/interceptor-sim/ros2_px4_ws/install/px4_gz_markers/lib/python3.12/site-packages'
[5.266s] Level 1:colcon.colcon_core.environment:checking '/home/gp/Projects/interceptor-sim/ros2_px4_ws/install/px4_gz_markers/bin'
[5.266s] INFO:colcon.colcon_core.shell:Creating package script '/home/gp/Projects/interceptor-sim/ros2_px4_ws/install/px4_gz_markers/share/px4_gz_markers/package.ps1'
[5.267s] INFO:colcon.colcon_core.shell:Creating package descriptor '/home/gp/Projects/interceptor-sim/ros2_px4_ws/install/px4_gz_markers/share/px4_gz_markers/package.dsv'
[5.268s] INFO:colcon.colcon_core.shell:Creating package script '/home/gp/Projects/interceptor-sim/ros2_px4_ws/install/px4_gz_markers/share/px4_gz_markers/package.sh'
[5.268s] INFO:colcon.colcon_core.shell:Creating package script '/home/gp/Projects/interceptor-sim/ros2_px4_ws/install/px4_gz_markers/share/px4_gz_markers/package.bash'
[5.269s] INFO:colcon.colcon_core.shell:Creating package script '/home/gp/Projects/interceptor-sim/ros2_px4_ws/install/px4_gz_markers/share/px4_gz_markers/package.zsh'
[5.269s] Level 1:colcon.colcon_core.environment:create_file_with_runtime_dependencies(/home/gp/Projects/interceptor-sim/ros2_px4_ws/install/px4_gz_markers/share/colcon-core/packages/px4_gz_markers)
[5.270s] Level 1:colcon.colcon_core.environment:create_environment_scripts_only(px4_gz_markers)
[5.270s] Level 1:colcon.colcon_core.environment:checking '/home/gp/Projects/interceptor-sim/ros2_px4_ws/install/px4_gz_markers' for CMake module files
[5.271s] Level 1:colcon.colcon_core.environment:checking '/home/gp/Projects/interceptor-sim/ros2_px4_ws/install/px4_gz_markers' for CMake config files
[5.272s] Level 1:colcon.colcon_core.shell:create_environment_hook('px4_gz_markers', 'cmake_prefix_path')
[5.272s] INFO:colcon.colcon_core.shell:Creating environment hook '/home/gp/Projects/interceptor-sim/ros2_px4_ws/install/px4_gz_markers/share/px4_gz_markers/hook/cmake_prefix_path.ps1'
[5.272s] INFO:colcon.colcon_core.shell:Creating environment descriptor '/home/gp/Projects/interceptor-sim/ros2_px4_ws/install/px4_gz_markers/share/px4_gz_markers/hook/cmake_prefix_path.dsv'
[5.273s] INFO:colcon.colcon_core.shell:Creating environment hook '/home/gp/Projects/interceptor-sim/ros2_px4_ws/install/px4_gz_markers/share/px4_gz_markers/hook/cmake_prefix_path.sh'
[5.273s] Level 1:colcon.colcon_core.environment:checking '/home/gp/Projects/interceptor-sim/ros2_px4_ws/install/px4_gz_markers/lib'
[5.273s] Level 1:colcon.colcon_core.environment:checking '/home/gp/Projects/interceptor-sim/ros2_px4_ws/install/px4_gz_markers/bin'
[5.274s] Level 1:colcon.colcon_core.environment:checking '/home/gp/Projects/interceptor-sim/ros2_px4_ws/install/px4_gz_markers/lib/pkgconfig/px4_gz_markers.pc'
[5.274s] Level 1:colcon.colcon_core.environment:checking '/home/gp/Projects/interceptor-sim/ros2_px4_ws/install/px4_gz_markers/lib/python3.12/site-packages'
[5.274s] Level 1:colcon.colcon_core.environment:checking '/home/gp/Projects/interceptor-sim/ros2_px4_ws/install/px4_gz_markers/bin'
[5.275s] INFO:colcon.colcon_core.shell:Creating package script '/home/gp/Projects/interceptor-sim/ros2_px4_ws/install/px4_gz_markers/share/px4_gz_markers/package.ps1'
[5.276s] INFO:colcon.colcon_core.shell:Creating package descriptor '/home/gp/Projects/interceptor-sim/ros2_px4_ws/install/px4_gz_markers/share/px4_gz_markers/package.dsv'
[5.277s] INFO:colcon.colcon_core.shell:Creating package script '/home/gp/Projects/interceptor-sim/ros2_px4_ws/install/px4_gz_markers/share/px4_gz_markers/package.sh'
[5.277s] INFO:colcon.colcon_core.shell:Creating package script '/home/gp/Projects/interceptor-sim/ros2_px4_ws/install/px4_gz_markers/share/px4_gz_markers/package.bash'
[5.278s] INFO:colcon.colcon_core.shell:Creating package script '/home/gp/Projects/interceptor-sim/ros2_px4_ws/install/px4_gz_markers/share/px4_gz_markers/package.zsh'
[5.278s] Level 1:colcon.colcon_core.environment:create_file_with_runtime_dependencies(/home/gp/Projects/interceptor-sim/ros2_px4_ws/install/px4_gz_markers/share/colcon-core/packages/px4_gz_markers)
[5.278s] DEBUG:colcon.colcon_parallel_executor.executor.parallel:closing loop
[5.279s] DEBUG:colcon.colcon_parallel_executor.executor.parallel:loop closed
[5.279s] DEBUG:colcon.colcon_parallel_executor.executor.parallel:run_until_complete finished with '0'
[5.279s] DEBUG:colcon.colcon_core.event_reactor:joining thread
[5.290s] INFO:colcon.colcon_core.plugin_system:Skipping extension 'colcon_notification.desktop_notification.terminal_notifier': Not used on non-Darwin systems
[5.290s] INFO:colcon.colcon_core.plugin_system:Skipping extension 'colcon_notification.desktop_notification.win32': Not used on non-Windows systems
[5.290s] INFO:colcon.colcon_notification.desktop_notification:Sending desktop notification using 'notify2'
[5.300s] DEBUG:colcon.colcon_core.event_reactor:joined thread
[5.300s] INFO:colcon.colcon_core.shell:Creating prefix script '/home/gp/Projects/interceptor-sim/ros2_px4_ws/install/local_setup.ps1'
[5.301s] INFO:colcon.colcon_core.shell:Creating prefix util module '/home/gp/Projects/interceptor-sim/ros2_px4_ws/install/_local_setup_util_ps1.py'
[5.303s] INFO:colcon.colcon_core.shell:Creating prefix chain script '/home/gp/Projects/interceptor-sim/ros2_px4_ws/install/setup.ps1'
[5.304s] INFO:colcon.colcon_core.shell:Creating prefix script '/home/gp/Projects/interceptor-sim/ros2_px4_ws/install/local_setup.sh'
[5.304s] INFO:colcon.colcon_core.shell:Creating prefix util module '/home/gp/Projects/interceptor-sim/ros2_px4_ws/install/_local_setup_util_sh.py'
[5.305s] INFO:colcon.colcon_core.shell:Creating prefix chain script '/home/gp/Projects/interceptor-sim/ros2_px4_ws/install/setup.sh'
[5.306s] INFO:colcon.colcon_core.shell:Creating prefix script '/home/gp/Projects/interceptor-sim/ros2_px4_ws/install/local_setup.bash'
[5.306s] INFO:colcon.colcon_core.shell:Creating prefix chain script '/home/gp/Projects/interceptor-sim/ros2_px4_ws/install/setup.bash'
[5.307s] INFO:colcon.colcon_core.shell:Creating prefix script '/home/gp/Projects/interceptor-sim/ros2_px4_ws/install/local_setup.zsh'
[5.308s] INFO:colcon.colcon_core.shell:Creating prefix chain script '/home/gp/Projects/interceptor-sim/ros2_px4_ws/install/setup.zsh'
