[0.008s] Invoking command in '/home/gp/Projects/interceptor-sim/ros2_px4_ws/build/px4_gz_markers': AMENT_PREFIX_PATH=/home/gp/Projects/interceptor-sim/ros2_px4_ws/install/px4_msgs:${AMENT_PREFIX_PATH} CMAKE_PREFIX_PATH=/home/gp/Projects/interceptor-sim/ros2_px4_ws/install/px4_msgs:/opt/ros/jazzy/opt/gz_transport_vendor:/opt/ros/jazzy/opt/gz_msgs_vendor:/opt/ros/jazzy/opt/gz_math_vendor:/opt/ros/jazzy/opt/gz_utils_vendor:/opt/ros/jazzy/opt/gz_tools_vendor:/opt/ros/jazzy/opt/gz_cmake_vendor:/opt/ros/jazzy DEBUGINFOD_URLS=https://debuginfod.ubuntu.com LD_LIBRARY_PATH=/home/gp/Projects/interceptor-sim/ros2_px4_ws/install/px4_msgs/lib:${LD_LIBRARY_PATH} PYTHONPATH=/home/gp/Projects/interceptor-sim/ros2_px4_ws/install/px4_msgs/lib/python3.12/site-packages:${PYTHONPATH} /usr/bin/cmake /home/gp/Projects/interceptor-sim/ros2_px4_ws/src/px4_gz_markers -DCMAKE_INSTALL_PREFIX=/home/gp/Projects/interceptor-sim/ros2_px4_ws/install/px4_gz_markers
[0.062s] -- The C compiler identification is GNU 13.3.0
[0.117s] -- The CXX compiler identification is GNU 13.3.0
[0.133s] -- Detecting C compiler ABI info
[0.222s] -- Detecting C compiler ABI info - done
[0.231s] -- Check for working C compiler: /usr/bin/cc - skipped
[0.231s] -- Detecting C compile features
[0.232s] -- Detecting C compile features - done
[0.241s] -- Detecting CXX compiler ABI info
[0.340s] -- Detecting CXX compiler ABI info - done
[0.350s] -- Check for working CXX compiler: /usr/bin/c++ - skipped
[0.350s] -- Detecting CXX compile features
[0.351s] -- Detecting CXX compile features - done
[0.354s] -- Found ament_cmake: 2.5.6 (/opt/ros/jazzy/share/ament_cmake/cmake)
[0.495s] -- Found Python3: /usr/bin/python3 (found version "3.12.3") found components: Interpreter 
[0.593s] -- Found rclcpp: 28.1.21 (/opt/ros/jazzy/share/rclcpp/cmake)
[0.637s] -- Found rosidl_generator_c: 4.6.9 (/opt/ros/jazzy/share/rosidl_generator_c/cmake)
[0.651s] -- Found rosidl_generator_cpp: 4.6.9 (/opt/ros/jazzy/share/rosidl_generator_cpp/cmake)
[0.666s] -- Using all available rosidl_typesupport_c: rosidl_typesupport_fastrtps_c;rosidl_typesupport_introspection_c
[0.685s] -- Using all available rosidl_typesupport_cpp: rosidl_typesupport_fastrtps_cpp;rosidl_typesupport_introspection_cpp
[0.777s] -- Found rmw_implementation_cmake: 7.3.3 (/opt/ros/jazzy/share/rmw_implementation_cmake/cmake)
[0.781s] -- Found rmw_fastrtps_cpp: 8.4.4 (/opt/ros/jazzy/share/rmw_fastrtps_cpp/cmake)
[0.881s] -- Found OpenSSL: /usr/lib/x86_64-linux-gnu/libcrypto.so (found version "3.0.13")  
[0.904s] -- Found FastRTPS: /opt/ros/jazzy/include (Required is at least version "2.13") 
[0.928s] -- Using RMW implementation 'rmw_fastrtps_cpp' as default
[1.026s] -- Found px4_msgs: 1.17.0 (/home/gp/Projects/interceptor-sim/ros2_px4_ws/install/px4_msgs/share/px4_msgs/cmake)
[1.044s] -- Looking for gz-transport13 -- found version 13.5.0
[1.055s] -- Searching for dependencies of gz-transport13
[1.182s] -- Found Protobuf: /usr/lib/x86_64-linux-gnu/libprotobuf.so (found version "3.21.12") 
[1.197s] -- Config-file not installed for ZeroMQ -- checking for pkg-config
[1.203s] -- Checking for module 'libzmq >= 4'
[1.220s] --   Found libzmq, version 4.3.5
[1.264s] -- Found ZeroMQ: TRUE (Required is at least version "4") 
[1.271s] -- Checking for module 'uuid'
[1.288s] --   Found uuid, version 2.39.3
[1.327s] -- Found UUID: TRUE  
[1.329s] -- Looking for gz-utils2 -- found version 2.2.1
[1.329s] -- Searching for dependencies of gz-utils2
[1.330s] -- Searching for <gz-utils2> component [cli]
[1.331s] -- Looking for gz-utils2-cli -- found version 2.2.1
[1.331s] -- Searching for dependencies of gz-utils2-cli
[1.333s] -- Looking for gz-msgs10 -- found version 10.3.2
[1.333s] -- Searching for dependencies of gz-msgs10
[1.356s] -- Looking for gz-utils2 -- found version 2.2.1
[1.357s] -- Looking for gz-math7 -- found version 7.6.0
[1.357s] -- Searching for dependencies of gz-math7
[1.357s] -- Looking for gz-utils2 -- found version 2.2.1
[1.364s] -- Checking for module 'tinyxml2'
[1.380s] --   Found tinyxml2, version 10.0.0
[1.424s] -- Looking for gz-msgs10 -- found version 10.3.2
[1.424s] -- Looking for gz-math7 -- found version 7.6.0
[1.427s] -- Found ament_lint_auto: 0.17.5 (/opt/ros/jazzy/share/ament_lint_auto/cmake)
[1.526s] -- Added test 'cppcheck' to perform static code analysis on C / C++ code
[1.526s] -- Configured cppcheck include dirs: 
[1.526s] -- Configured cppcheck exclude dirs and/or files: 
[1.527s] -- Added test 'lint_cmake' to check CMake code style
[1.528s] -- Added test 'uncrustify' to check C / C++ code style
[1.528s] -- Configured uncrustify additional arguments: 
[1.528s] -- Added test 'xmllint' to check XML markup files
[1.530s] -- Configuring done (1.5s)
[1.543s] -- Generating done (0.0s)
[1.547s] -- Build files have been written to: /home/gp/Projects/interceptor-sim/ros2_px4_ws/build/px4_gz_markers
[1.560s] Invoked command in '/home/gp/Projects/interceptor-sim/ros2_px4_ws/build/px4_gz_markers' returned '0': AMENT_PREFIX_PATH=/home/gp/Projects/interceptor-sim/ros2_px4_ws/install/px4_msgs:${AMENT_PREFIX_PATH} CMAKE_PREFIX_PATH=/home/gp/Projects/interceptor-sim/ros2_px4_ws/install/px4_msgs:/opt/ros/jazzy/opt/gz_transport_vendor:/opt/ros/jazzy/opt/gz_msgs_vendor:/opt/ros/jazzy/opt/gz_math_vendor:/opt/ros/jazzy/opt/gz_utils_vendor:/opt/ros/jazzy/opt/gz_tools_vendor:/opt/ros/jazzy/opt/gz_cmake_vendor:/opt/ros/jazzy DEBUGINFOD_URLS=https://debuginfod.ubuntu.com LD_LIBRARY_PATH=/home/gp/Projects/interceptor-sim/ros2_px4_ws/install/px4_msgs/lib:${LD_LIBRARY_PATH} PYTHONPATH=/home/gp/Projects/interceptor-sim/ros2_px4_ws/install/px4_msgs/lib/python3.12/site-packages:${PYTHONPATH} /usr/bin/cmake /home/gp/Projects/interceptor-sim/ros2_px4_ws/src/px4_gz_markers -DCMAKE_INSTALL_PREFIX=/home/gp/Projects/interceptor-sim/ros2_px4_ws/install/px4_gz_markers
[1.561s] Invoking command in '/home/gp/Projects/interceptor-sim/ros2_px4_ws/build/px4_gz_markers': AMENT_PREFIX_PATH=/home/gp/Projects/interceptor-sim/ros2_px4_ws/install/px4_msgs:${AMENT_PREFIX_PATH} CMAKE_PREFIX_PATH=/home/gp/Projects/interceptor-sim/ros2_px4_ws/install/px4_msgs:/opt/ros/jazzy/opt/gz_transport_vendor:/opt/ros/jazzy/opt/gz_msgs_vendor:/opt/ros/jazzy/opt/gz_math_vendor:/opt/ros/jazzy/opt/gz_utils_vendor:/opt/ros/jazzy/opt/gz_tools_vendor:/opt/ros/jazzy/opt/gz_cmake_vendor:/opt/ros/jazzy DEBUGINFOD_URLS=https://debuginfod.ubuntu.com LD_LIBRARY_PATH=/home/gp/Projects/interceptor-sim/ros2_px4_ws/install/px4_msgs/lib:${LD_LIBRARY_PATH} PYTHONPATH=/home/gp/Projects/interceptor-sim/ros2_px4_ws/install/px4_msgs/lib/python3.12/site-packages:${PYTHONPATH} /usr/bin/cmake --build /home/gp/Projects/interceptor-sim/ros2_px4_ws/build/px4_gz_markers -- -j16 -l16
[1.618s] [ 50%] [32mBuilding CXX object CMakeFiles/marker_test.dir/src/marker_test.cpp.o[0m
[9.677s] [100%] [32m[1mLinking CXX executable marker_test[0m
[10.253s] [100%] Built target marker_test
[10.268s] Invoked command in '/home/gp/Projects/interceptor-sim/ros2_px4_ws/build/px4_gz_markers' returned '0': AMENT_PREFIX_PATH=/home/gp/Projects/interceptor-sim/ros2_px4_ws/install/px4_msgs:${AMENT_PREFIX_PATH} CMAKE_PREFIX_PATH=/home/gp/Projects/interceptor-sim/ros2_px4_ws/install/px4_msgs:/opt/ros/jazzy/opt/gz_transport_vendor:/opt/ros/jazzy/opt/gz_msgs_vendor:/opt/ros/jazzy/opt/gz_math_vendor:/opt/ros/jazzy/opt/gz_utils_vendor:/opt/ros/jazzy/opt/gz_tools_vendor:/opt/ros/jazzy/opt/gz_cmake_vendor:/opt/ros/jazzy DEBUGINFOD_URLS=https://debuginfod.ubuntu.com LD_LIBRARY_PATH=/home/gp/Projects/interceptor-sim/ros2_px4_ws/install/px4_msgs/lib:${LD_LIBRARY_PATH} PYTHONPATH=/home/gp/Projects/interceptor-sim/ros2_px4_ws/install/px4_msgs/lib/python3.12/site-packages:${PYTHONPATH} /usr/bin/cmake --build /home/gp/Projects/interceptor-sim/ros2_px4_ws/build/px4_gz_markers -- -j16 -l16
[10.269s] Invoking command in '/home/gp/Projects/interceptor-sim/ros2_px4_ws/build/px4_gz_markers': AMENT_PREFIX_PATH=/home/gp/Projects/interceptor-sim/ros2_px4_ws/install/px4_msgs:${AMENT_PREFIX_PATH} CMAKE_PREFIX_PATH=/home/gp/Projects/interceptor-sim/ros2_px4_ws/install/px4_msgs:/opt/ros/jazzy/opt/gz_transport_vendor:/opt/ros/jazzy/opt/gz_msgs_vendor:/opt/ros/jazzy/opt/gz_math_vendor:/opt/ros/jazzy/opt/gz_utils_vendor:/opt/ros/jazzy/opt/gz_tools_vendor:/opt/ros/jazzy/opt/gz_cmake_vendor:/opt/ros/jazzy DEBUGINFOD_URLS=https://debuginfod.ubuntu.com LD_LIBRARY_PATH=/home/gp/Projects/interceptor-sim/ros2_px4_ws/install/px4_msgs/lib:${LD_LIBRARY_PATH} PYTHONPATH=/home/gp/Projects/interceptor-sim/ros2_px4_ws/install/px4_msgs/lib/python3.12/site-packages:${PYTHONPATH} /usr/bin/cmake --install /home/gp/Projects/interceptor-sim/ros2_px4_ws/build/px4_gz_markers
[10.277s] -- Install configuration: ""
[10.278s] -- Installing: /home/gp/Projects/interceptor-sim/ros2_px4_ws/install/px4_gz_markers/lib/px4_gz_markers/marker_test
[10.283s] -- Set non-toolchain portion of runtime path of "/home/gp/Projects/interceptor-sim/ros2_px4_ws/install/px4_gz_markers/lib/px4_gz_markers/marker_test" to ""
[10.283s] -- Installing: /home/gp/Projects/interceptor-sim/ros2_px4_ws/install/px4_gz_markers/share/ament_index/resource_index/package_run_dependencies/px4_gz_markers
[10.283s] -- Installing: /home/gp/Projects/interceptor-sim/ros2_px4_ws/install/px4_gz_markers/share/ament_index/resource_index/parent_prefix_path/px4_gz_markers
[10.283s] -- Installing: /home/gp/Projects/interceptor-sim/ros2_px4_ws/install/px4_gz_markers/share/px4_gz_markers/environment/ament_prefix_path.sh
[10.283s] -- Installing: /home/gp/Projects/interceptor-sim/ros2_px4_ws/install/px4_gz_markers/share/px4_gz_markers/environment/ament_prefix_path.dsv
[10.283s] -- Installing: /home/gp/Projects/interceptor-sim/ros2_px4_ws/install/px4_gz_markers/share/px4_gz_markers/environment/path.sh
[10.283s] -- Installing: /home/gp/Projects/interceptor-sim/ros2_px4_ws/install/px4_gz_markers/share/px4_gz_markers/environment/path.dsv
[10.284s] -- Installing: /home/gp/Projects/interceptor-sim/ros2_px4_ws/install/px4_gz_markers/share/px4_gz_markers/local_setup.bash
[10.284s] -- Installing: /home/gp/Projects/interceptor-sim/ros2_px4_ws/install/px4_gz_markers/share/px4_gz_markers/local_setup.sh
[10.284s] -- Installing: /home/gp/Projects/interceptor-sim/ros2_px4_ws/install/px4_gz_markers/share/px4_gz_markers/local_setup.zsh
[10.284s] -- Installing: /home/gp/Projects/interceptor-sim/ros2_px4_ws/install/px4_gz_markers/share/px4_gz_markers/local_setup.dsv
[10.284s] -- Installing: /home/gp/Projects/interceptor-sim/ros2_px4_ws/install/px4_gz_markers/share/px4_gz_markers/package.dsv
[10.284s] -- Installing: /home/gp/Projects/interceptor-sim/ros2_px4_ws/install/px4_gz_markers/share/ament_index/resource_index/packages/px4_gz_markers
[10.284s] -- Installing: /home/gp/Projects/interceptor-sim/ros2_px4_ws/install/px4_gz_markers/share/px4_gz_markers/cmake/px4_gz_markersConfig.cmake
[10.285s] -- Installing: /home/gp/Projects/interceptor-sim/ros2_px4_ws/install/px4_gz_markers/share/px4_gz_markers/cmake/px4_gz_markersConfig-version.cmake
[10.285s] -- Installing: /home/gp/Projects/interceptor-sim/ros2_px4_ws/install/px4_gz_markers/share/px4_gz_markers/package.xml
[10.287s] Invoked command in '/home/gp/Projects/interceptor-sim/ros2_px4_ws/build/px4_gz_markers' returned '0': AMENT_PREFIX_PATH=/home/gp/Projects/interceptor-sim/ros2_px4_ws/install/px4_msgs:${AMENT_PREFIX_PATH} CMAKE_PREFIX_PATH=/home/gp/Projects/interceptor-sim/ros2_px4_ws/install/px4_msgs:/opt/ros/jazzy/opt/gz_transport_vendor:/opt/ros/jazzy/opt/gz_msgs_vendor:/opt/ros/jazzy/opt/gz_math_vendor:/opt/ros/jazzy/opt/gz_utils_vendor:/opt/ros/jazzy/opt/gz_tools_vendor:/opt/ros/jazzy/opt/gz_cmake_vendor:/opt/ros/jazzy DEBUGINFOD_URLS=https://debuginfod.ubuntu.com LD_LIBRARY_PATH=/home/gp/Projects/interceptor-sim/ros2_px4_ws/install/px4_msgs/lib:${LD_LIBRARY_PATH} PYTHONPATH=/home/gp/Projects/interceptor-sim/ros2_px4_ws/install/px4_msgs/lib/python3.12/site-packages:${PYTHONPATH} /usr/bin/cmake --install /home/gp/Projects/interceptor-sim/ros2_px4_ws/build/px4_gz_markers
