[1.730s] Invoking command in '/home/gp/Projects/interceptor-sim/ros2_px4_ws/src/BodyQuaternion': DEBUGINFOD_URLS=https://debuginfod.ubuntu.com PS1=(.venv) \[\e]0;\u@\h: \w\a\]${debian_chroot:+($debian_chroot)}\[\033[01;32m\]\u@\h\[\033[00m\]:\[\033[01;34m\]\w\[\033[00m\]\$ PYTHONPATH=/home/gp/Projects/interceptor-sim/ros2_px4_ws/build/BodyQuaternion/prefix_override:/usr/lib/python3/dist-packages/colcon_core/task/python/colcon_distutils_commands:/home/gp/Projects/interceptor-sim/ros2_px4_ws/install/BodyQuaternion/lib/python3.12/site-packages:${PYTHONPATH} VIRTUAL_ENV_PROMPT=(.venv) /usr/bin/python3 -W ignore:setup.py install is deprecated -W ignore:easy_install command is deprecated setup.py egg_info --egg-base ../../build/BodyQuaternion build --build-base /home/gp/Projects/interceptor-sim/ros2_px4_ws/build/BodyQuaternion/build install --record /home/gp/Projects/interceptor-sim/ros2_px4_ws/build/BodyQuaternion/install.log --install-scripts $base/lib/BodyQuaternion --single-version-externally-managed install_data
[2.024s] running egg_info
[2.045s] writing ../../build/BodyQuaternion/BodyQuaternion.egg-info/PKG-INFO
[2.045s] writing dependency_links to ../../build/BodyQuaternion/BodyQuaternion.egg-info/dependency_links.txt
[2.045s] writing entry points to ../../build/BodyQuaternion/BodyQuaternion.egg-info/entry_points.txt
[2.045s] writing requirements to ../../build/BodyQuaternion/BodyQuaternion.egg-info/requires.txt
[2.046s] writing top-level names to ../../build/BodyQuaternion/BodyQuaternion.egg-info/top_level.txt
[2.145s] reading manifest file '../../build/BodyQuaternion/BodyQuaternion.egg-info/SOURCES.txt'
[2.150s] writing manifest file '../../build/BodyQuaternion/BodyQuaternion.egg-info/SOURCES.txt'
[2.150s] running build
[2.150s] running build_py
[2.150s] running install
[2.159s] running install_lib
[2.210s] running install_data
[2.210s] running install_egg_info
[2.267s] removing '/home/gp/Projects/interceptor-sim/ros2_px4_ws/install/BodyQuaternion/lib/python3.12/site-packages/BodyQuaternion-0.0.0-py3.12.egg-info' (and everything under it)
[2.268s] Copying ../../build/BodyQuaternion/BodyQuaternion.egg-info to /home/gp/Projects/interceptor-sim/ros2_px4_ws/install/BodyQuaternion/lib/python3.12/site-packages/BodyQuaternion-0.0.0-py3.12.egg-info
[2.269s] running install_scripts
[2.608s] Installing Attitude script to /home/gp/Projects/interceptor-sim/ros2_px4_ws/install/BodyQuaternion/lib/BodyQuaternion
[2.614s] writing list of installed files to '/home/gp/Projects/interceptor-sim/ros2_px4_ws/build/BodyQuaternion/install.log'
[2.732s] Invoked command in '/home/gp/Projects/interceptor-sim/ros2_px4_ws/src/BodyQuaternion' returned '0': DEBUGINFOD_URLS=https://debuginfod.ubuntu.com PS1=(.venv) \[\e]0;\u@\h: \w\a\]${debian_chroot:+($debian_chroot)}\[\033[01;32m\]\u@\h\[\033[00m\]:\[\033[01;34m\]\w\[\033[00m\]\$ PYTHONPATH=/home/gp/Projects/interceptor-sim/ros2_px4_ws/build/BodyQuaternion/prefix_override:/usr/lib/python3/dist-packages/colcon_core/task/python/colcon_distutils_commands:/home/gp/Projects/interceptor-sim/ros2_px4_ws/install/BodyQuaternion/lib/python3.12/site-packages:${PYTHONPATH} VIRTUAL_ENV_PROMPT=(.venv) /usr/bin/python3 -W ignore:setup.py install is deprecated -W ignore:easy_install command is deprecated setup.py egg_info --egg-base ../../build/BodyQuaternion build --build-base /home/gp/Projects/interceptor-sim/ros2_px4_ws/build/BodyQuaternion/build install --record /home/gp/Projects/interceptor-sim/ros2_px4_ws/build/BodyQuaternion/install.log --install-scripts $base/lib/BodyQuaternion --single-version-externally-managed install_data
