[0.857s] Invoking command in '/home/gp/ros2_px4_ws/src/px4_offboard': DEBUGINFOD_URLS=https://debuginfod.ubuntu.com PYTHONPATH=/home/gp/ros2_px4_ws/src/px4_offboard/build/px4_offboard/prefix_override:/usr/lib/python3/dist-packages/colcon_core/task/python/colcon_distutils_commands:/home/gp/ros2_px4_ws/src/px4_offboard/install/px4_offboard/lib/python3.12/site-packages:${PYTHONPATH} /usr/bin/python3 -W ignore:setup.py install is deprecated -W ignore:easy_install command is deprecated setup.py egg_info --egg-base build/px4_offboard build --build-base /home/gp/ros2_px4_ws/src/px4_offboard/build/px4_offboard/build install --record /home/gp/ros2_px4_ws/src/px4_offboard/build/px4_offboard/install.log --install-scripts $base/lib/px4_offboard --single-version-externally-managed install_data
[1.139s] running egg_info
[1.139s] creating build/px4_offboard/px4_offboard.egg-info
[1.161s] writing build/px4_offboard/px4_offboard.egg-info/PKG-INFO
[1.161s] writing dependency_links to build/px4_offboard/px4_offboard.egg-info/dependency_links.txt
[1.161s] writing entry points to build/px4_offboard/px4_offboard.egg-info/entry_points.txt
[1.161s] writing requirements to build/px4_offboard/px4_offboard.egg-info/requires.txt
[1.161s] writing top-level names to build/px4_offboard/px4_offboard.egg-info/top_level.txt
[1.161s] writing manifest file 'build/px4_offboard/px4_offboard.egg-info/SOURCES.txt'
[1.204s] reading manifest file 'build/px4_offboard/px4_offboard.egg-info/SOURCES.txt'
[1.204s] writing manifest file 'build/px4_offboard/px4_offboard.egg-info/SOURCES.txt'
[1.205s] running build
[1.205s] running build_py
[1.205s] creating /home/gp/ros2_px4_ws/src/px4_offboard/build/px4_offboard/build
[1.205s] creating /home/gp/ros2_px4_ws/src/px4_offboard/build/px4_offboard/build/lib
[1.205s] creating /home/gp/ros2_px4_ws/src/px4_offboard/build/px4_offboard/build/lib/px4_offboard
[1.205s] copying px4_offboard/__init__.py -> /home/gp/ros2_px4_ws/src/px4_offboard/build/px4_offboard/build/lib/px4_offboard
[1.205s] copying px4_offboard/position_offboard_control.py -> /home/gp/ros2_px4_ws/src/px4_offboard/build/px4_offboard/build/lib/px4_offboard
[1.206s] copying px4_offboard/main_velocity_offboard.py -> /home/gp/ros2_px4_ws/src/px4_offboard/build/px4_offboard/build/lib/px4_offboard
[1.206s] running install
[1.213s] running install_lib
[1.234s] creating /home/gp/ros2_px4_ws/src/px4_offboard/install/px4_offboard/lib/python3.12/site-packages/px4_offboard
[1.235s] copying /home/gp/ros2_px4_ws/src/px4_offboard/build/px4_offboard/build/lib/px4_offboard/__init__.py -> /home/gp/ros2_px4_ws/src/px4_offboard/install/px4_offboard/lib/python3.12/site-packages/px4_offboard
[1.235s] copying /home/gp/ros2_px4_ws/src/px4_offboard/build/px4_offboard/build/lib/px4_offboard/position_offboard_control.py -> /home/gp/ros2_px4_ws/src/px4_offboard/install/px4_offboard/lib/python3.12/site-packages/px4_offboard
[1.235s] copying /home/gp/ros2_px4_ws/src/px4_offboard/build/px4_offboard/build/lib/px4_offboard/main_velocity_offboard.py -> /home/gp/ros2_px4_ws/src/px4_offboard/install/px4_offboard/lib/python3.12/site-packages/px4_offboard
[1.235s] byte-compiling /home/gp/ros2_px4_ws/src/px4_offboard/install/px4_offboard/lib/python3.12/site-packages/px4_offboard/__init__.py to __init__.cpython-312.pyc
[1.235s] byte-compiling /home/gp/ros2_px4_ws/src/px4_offboard/install/px4_offboard/lib/python3.12/site-packages/px4_offboard/position_offboard_control.py to position_offboard_control.cpython-312.pyc
[1.237s] byte-compiling /home/gp/ros2_px4_ws/src/px4_offboard/install/px4_offboard/lib/python3.12/site-packages/px4_offboard/main_velocity_offboard.py to main_velocity_offboard.cpython-312.pyc
[1.239s] running install_data
[1.239s] creating /home/gp/ros2_px4_ws/src/px4_offboard/install/px4_offboard/share/ament_index
[1.239s] creating /home/gp/ros2_px4_ws/src/px4_offboard/install/px4_offboard/share/ament_index/resource_index
[1.239s] creating /home/gp/ros2_px4_ws/src/px4_offboard/install/px4_offboard/share/ament_index/resource_index/packages
[1.239s] copying resource/px4_offboard -> /home/gp/ros2_px4_ws/src/px4_offboard/install/px4_offboard/share/ament_index/resource_index/packages
[1.239s] copying package.xml -> /home/gp/ros2_px4_ws/src/px4_offboard/install/px4_offboard/share/px4_offboard
[1.239s] creating /home/gp/ros2_px4_ws/src/px4_offboard/install/px4_offboard/share/px4_offboard/launch
[1.239s] copying launch/keyboard_teleop.launch.py -> /home/gp/ros2_px4_ws/src/px4_offboard/install/px4_offboard/share/px4_offboard/launch
[1.239s] copying launch/joystick_teleop.launch.py -> /home/gp/ros2_px4_ws/src/px4_offboard/install/px4_offboard/share/px4_offboard/launch
[1.240s] creating /home/gp/ros2_px4_ws/src/px4_offboard/install/px4_offboard/share/px4_offboard/config
[1.240s] copying config/joy_config.yaml -> /home/gp/ros2_px4_ws/src/px4_offboard/install/px4_offboard/share/px4_offboard/config
[1.241s] running install_egg_info
[1.263s] Copying build/px4_offboard/px4_offboard.egg-info to /home/gp/ros2_px4_ws/src/px4_offboard/install/px4_offboard/lib/python3.12/site-packages/px4_offboard-0.0.1-py3.12.egg-info
[1.264s] running install_scripts
[1.405s] Installing main_velocity_offboard.py script to /home/gp/ros2_px4_ws/src/px4_offboard/install/px4_offboard/lib/px4_offboard
[1.405s] Installing position_offboard_control.py script to /home/gp/ros2_px4_ws/src/px4_offboard/install/px4_offboard/lib/px4_offboard
[1.405s] writing list of installed files to '/home/gp/ros2_px4_ws/src/px4_offboard/build/px4_offboard/install.log'
[1.446s] Invoked command in '/home/gp/ros2_px4_ws/src/px4_offboard' returned '0': DEBUGINFOD_URLS=https://debuginfod.ubuntu.com PYTHONPATH=/home/gp/ros2_px4_ws/src/px4_offboard/build/px4_offboard/prefix_override:/usr/lib/python3/dist-packages/colcon_core/task/python/colcon_distutils_commands:/home/gp/ros2_px4_ws/src/px4_offboard/install/px4_offboard/lib/python3.12/site-packages:${PYTHONPATH} /usr/bin/python3 -W ignore:setup.py install is deprecated -W ignore:easy_install command is deprecated setup.py egg_info --egg-base build/px4_offboard build --build-base /home/gp/ros2_px4_ws/src/px4_offboard/build/px4_offboard/build install --record /home/gp/ros2_px4_ws/src/px4_offboard/build/px4_offboard/install.log --install-scripts $base/lib/px4_offboard --single-version-externally-managed install_data
