-- Found ament_cmake: 2.5.6 (/opt/ros/jazzy/share/ament_cmake/cmake)
-- Found rclcpp: 28.1.21 (/opt/ros/jazzy/share/rclcpp/cmake)
-- Found rosidl_generator_c: 4.6.9 (/opt/ros/jazzy/share/rosidl_generator_c/cmake)
-- Found rosidl_generator_cpp: 4.6.9 (/opt/ros/jazzy/share/rosidl_generator_cpp/cmake)
-- Using all available rosidl_typesupport_c: rosidl_typesupport_fastrtps_c;rosidl_typesupport_introspection_c
-- Using all available rosidl_typesupport_cpp: rosidl_typesupport_fastrtps_cpp;rosidl_typesupport_introspection_cpp
-- Found rmw_implementation_cmake: 7.3.3 (/opt/ros/jazzy/share/rmw_implementation_cmake/cmake)
-- Found rmw_fastrtps_cpp: 8.4.4 (/opt/ros/jazzy/share/rmw_fastrtps_cpp/cmake)
-- Using RMW implementation 'rmw_fastrtps_cpp' as default
-- Found px4_msgs: 1.17.0 (/home/gp/Projects/interceptor-sim/ros2_px4_ws/install/px4_msgs/share/px4_msgs/cmake)
-- Looking for gz-transport13 -- found version 13.5.0
-- Searching for dependencies of gz-transport13
-- Config-file not installed for ZeroMQ -- checking for pkg-config
-- Checking for module 'libzmq >= 4'
--   Found libzmq, version 4.3.5
-- Checking for module 'uuid'
--   Found uuid, version 2.39.3
-- Looking for gz-utils2 -- found version 2.2.1
-- Searching for dependencies of gz-utils2
-- Searching for <gz-utils2> component [cli]
-- Looking for gz-utils2-cli -- found version 2.2.1
-- Searching for dependencies of gz-utils2-cli
-- Looking for gz-msgs10 -- found version 10.3.2
-- Searching for dependencies of gz-msgs10
-- Looking for gz-utils2 -- found version 2.2.1
-- Looking for gz-math7 -- found version 7.6.0
-- Searching for dependencies of gz-math7
-- Looking for gz-utils2 -- found version 2.2.1
-- Checking for module 'tinyxml2'
--   Found tinyxml2, version 10.0.0
-- Looking for gz-msgs10 -- found version 10.3.2
-- Looking for gz-math7 -- found version 7.6.0
-- Found ament_lint_auto: 0.17.5 (/opt/ros/jazzy/share/ament_lint_auto/cmake)
-- Configuring done (0.9s)
-- Generating done (0.0s)
-- Build files have been written to: /home/gp/Projects/interceptor-sim/ros2_px4_ws/build/px4_gz_markers
[ 50%] [32mBuilding CXX object CMakeFiles/marker_test.dir/src/marker_test.cpp.o[0m
[100%] [32m[1mLinking CXX executable marker_test[0m
[100%] Built target marker_test
-- Install configuration: ""
-- Installing: /home/gp/Projects/interceptor-sim/ros2_px4_ws/install/px4_gz_markers/lib/px4_gz_markers/marker_test
-- Set non-toolchain portion of runtime path of "/home/gp/Projects/interceptor-sim/ros2_px4_ws/install/px4_gz_markers/lib/px4_gz_markers/marker_test" to ""
-- Up-to-date: /home/gp/Projects/interceptor-sim/ros2_px4_ws/install/px4_gz_markers/share/ament_index/resource_index/package_run_dependencies/px4_gz_markers
-- Up-to-date: /home/gp/Projects/interceptor-sim/ros2_px4_ws/install/px4_gz_markers/share/ament_index/resource_index/parent_prefix_path/px4_gz_markers
-- Up-to-date: /home/gp/Projects/interceptor-sim/ros2_px4_ws/install/px4_gz_markers/share/px4_gz_markers/environment/ament_prefix_path.sh
-- Up-to-date: /home/gp/Projects/interceptor-sim/ros2_px4_ws/install/px4_gz_markers/share/px4_gz_markers/environment/ament_prefix_path.dsv
-- Up-to-date: /home/gp/Projects/interceptor-sim/ros2_px4_ws/install/px4_gz_markers/share/px4_gz_markers/environment/path.sh
-- Up-to-date: /home/gp/Projects/interceptor-sim/ros2_px4_ws/install/px4_gz_markers/share/px4_gz_markers/environment/path.dsv
-- Up-to-date: /home/gp/Projects/interceptor-sim/ros2_px4_ws/install/px4_gz_markers/share/px4_gz_markers/local_setup.bash
-- Up-to-date: /home/gp/Projects/interceptor-sim/ros2_px4_ws/install/px4_gz_markers/share/px4_gz_markers/local_setup.sh
-- Up-to-date: /home/gp/Projects/interceptor-sim/ros2_px4_ws/install/px4_gz_markers/share/px4_gz_markers/local_setup.zsh
-- Up-to-date: /home/gp/Projects/interceptor-sim/ros2_px4_ws/install/px4_gz_markers/share/px4_gz_markers/local_setup.dsv
-- Installing: /home/gp/Projects/interceptor-sim/ros2_px4_ws/install/px4_gz_markers/share/px4_gz_markers/package.dsv
-- Up-to-date: /home/gp/Projects/interceptor-sim/ros2_px4_ws/install/px4_gz_markers/share/ament_index/resource_index/packages/px4_gz_markers
-- Up-to-date: /home/gp/Projects/interceptor-sim/ros2_px4_ws/install/px4_gz_markers/share/px4_gz_markers/cmake/px4_gz_markersConfig.cmake
-- Up-to-date: /home/gp/Projects/interceptor-sim/ros2_px4_ws/install/px4_gz_markers/share/px4_gz_markers/cmake/px4_gz_markersConfig-version.cmake
-- Up-to-date: /home/gp/Projects/interceptor-sim/ros2_px4_ws/install/px4_gz_markers/share/px4_gz_markers/package.xml
