[0.008s] Invoking command in '/home/gp/Projects/interceptor-sim/ros2_px4_ws/build/px4_gz_markers': AMENT_PREFIX_PATH=/home/gp/Projects/interceptor-sim/ros2_px4_ws/install/px4_msgs:${AMENT_PREFIX_PATH} CMAKE_PREFIX_PATH=/home/gp/Projects/interceptor-sim/ros2_px4_ws/install/px4_msgs:/opt/ros/jazzy/opt/gz_transport_vendor:/opt/ros/jazzy/opt/gz_msgs_vendor:/opt/ros/jazzy/opt/gz_math_vendor:/opt/ros/jazzy/opt/gz_utils_vendor:/opt/ros/jazzy/opt/gz_tools_vendor:/opt/ros/jazzy/opt/gz_cmake_vendor:/opt/ros/jazzy DEBUGINFOD_URLS=https://debuginfod.ubuntu.com LD_LIBRARY_PATH=/home/gp/Projects/interceptor-sim/ros2_px4_ws/install/px4_msgs/lib:${LD_LIBRARY_PATH} PYTHONPATH=/home/gp/Projects/interceptor-sim/ros2_px4_ws/install/px4_msgs/lib/python3.12/site-packages:${PYTHONPATH} /usr/bin/cmake --build /home/gp/Projects/interceptor-sim/ros2_px4_ws/build/px4_gz_markers -- -j16 -l16
[0.038s] -- Found ament_cmake: 2.5.6 (/opt/ros/jazzy/share/ament_cmake/cmake)
[0.214s] -- Found rclcpp: 28.1.21 (/opt/ros/jazzy/share/rclcpp/cmake)
[0.241s] -- Found rosidl_generator_c: 4.6.9 (/opt/ros/jazzy/share/rosidl_generator_c/cmake)
[0.250s] -- Found rosidl_generator_cpp: 4.6.9 (/opt/ros/jazzy/share/rosidl_generator_cpp/cmake)
[0.260s] -- Using all available rosidl_typesupport_c: rosidl_typesupport_fastrtps_c;rosidl_typesupport_introspection_c
[0.272s] -- Using all available rosidl_typesupport_cpp: rosidl_typesupport_fastrtps_cpp;rosidl_typesupport_introspection_cpp
[0.340s] -- Found rmw_implementation_cmake: 7.3.3 (/opt/ros/jazzy/share/rmw_implementation_cmake/cmake)
[0.343s] -- Found rmw_fastrtps_cpp: 8.4.4 (/opt/ros/jazzy/share/rmw_fastrtps_cpp/cmake)
[0.446s] -- Using RMW implementation 'rmw_fastrtps_cpp' as default
[0.528s] -- Found px4_msgs: 1.17.0 (/home/gp/Projects/interceptor-sim/ros2_px4_ws/install/px4_msgs/share/px4_msgs/cmake)
[0.546s] -- Looking for gz-transport13 -- found version 13.5.0
[0.555s] -- Searching for dependencies of gz-transport13
[0.612s] -- Config-file not installed for ZeroMQ -- checking for pkg-config
[0.617s] -- Checking for module 'libzmq >= 4'
[0.631s] --   Found libzmq, version 4.3.5
[0.675s] -- Checking for module 'uuid'
[0.689s] --   Found uuid, version 2.39.3
[0.721s] -- Looking for gz-utils2 -- found version 2.2.1
[0.721s] -- Searching for dependencies of gz-utils2
[0.722s] -- Searching for <gz-utils2> component [cli]
[0.723s] -- Looking for gz-utils2-cli -- found version 2.2.1
[0.723s] -- Searching for dependencies of gz-utils2-cli
[0.724s] -- Looking for gz-msgs10 -- found version 10.3.2
[0.724s] -- Searching for dependencies of gz-msgs10
[0.746s] -- Looking for gz-utils2 -- found version 2.2.1
[0.747s] -- Looking for gz-math7 -- found version 7.6.0
[0.747s] -- Searching for dependencies of gz-math7
[0.747s] -- Looking for gz-utils2 -- found version 2.2.1
[0.753s] -- Checking for module 'tinyxml2'
[0.767s] --   Found tinyxml2, version 10.0.0
[0.805s] -- Looking for gz-msgs10 -- found version 10.3.2
[0.805s] -- Looking for gz-math7 -- found version 7.6.0
[0.806s] -- Found ament_lint_auto: 0.17.5 (/opt/ros/jazzy/share/ament_lint_auto/cmake)
[0.894s] -- Configuring done (0.9s)
[0.910s] -- Generating done (0.0s)
[0.914s] -- Build files have been written to: /home/gp/Projects/interceptor-sim/ros2_px4_ws/build/px4_gz_markers
[0.975s] [ 50%] [32mBuilding CXX object CMakeFiles/marker_test.dir/src/marker_test.cpp.o[0m
[7.815s] [100%] [32m[1mLinking CXX executable marker_test[0m
[8.286s] [100%] Built target marker_test
[8.297s] Invoked command in '/home/gp/Projects/interceptor-sim/ros2_px4_ws/build/px4_gz_markers' returned '0': AMENT_PREFIX_PATH=/home/gp/Projects/interceptor-sim/ros2_px4_ws/install/px4_msgs:${AMENT_PREFIX_PATH} CMAKE_PREFIX_PATH=/home/gp/Projects/interceptor-sim/ros2_px4_ws/install/px4_msgs:/opt/ros/jazzy/opt/gz_transport_vendor:/opt/ros/jazzy/opt/gz_msgs_vendor:/opt/ros/jazzy/opt/gz_math_vendor:/opt/ros/jazzy/opt/gz_utils_vendor:/opt/ros/jazzy/opt/gz_tools_vendor:/opt/ros/jazzy/opt/gz_cmake_vendor:/opt/ros/jazzy DEBUGINFOD_URLS=https://debuginfod.ubuntu.com LD_LIBRARY_PATH=/home/gp/Projects/interceptor-sim/ros2_px4_ws/install/px4_msgs/lib:${LD_LIBRARY_PATH} PYTHONPATH=/home/gp/Projects/interceptor-sim/ros2_px4_ws/install/px4_msgs/lib/python3.12/site-packages:${PYTHONPATH} /usr/bin/cmake --build /home/gp/Projects/interceptor-sim/ros2_px4_ws/build/px4_gz_markers -- -j16 -l16
[8.298s] Invoking command in '/home/gp/Projects/interceptor-sim/ros2_px4_ws/build/px4_gz_markers': AMENT_PREFIX_PATH=/home/gp/Projects/interceptor-sim/ros2_px4_ws/install/px4_msgs:${AMENT_PREFIX_PATH} CMAKE_PREFIX_PATH=/home/gp/Projects/interceptor-sim/ros2_px4_ws/install/px4_msgs:/opt/ros/jazzy/opt/gz_transport_vendor:/opt/ros/jazzy/opt/gz_msgs_vendor:/opt/ros/jazzy/opt/gz_math_vendor:/opt/ros/jazzy/opt/gz_utils_vendor:/opt/ros/jazzy/opt/gz_tools_vendor:/opt/ros/jazzy/opt/gz_cmake_vendor:/opt/ros/jazzy DEBUGINFOD_URLS=https://debuginfod.ubuntu.com LD_LIBRARY_PATH=/home/gp/Projects/interceptor-sim/ros2_px4_ws/install/px4_msgs/lib:${LD_LIBRARY_PATH} PYTHONPATH=/home/gp/Projects/interceptor-sim/ros2_px4_ws/install/px4_msgs/lib/python3.12/site-packages:${PYTHONPATH} /usr/bin/cmake --install /home/gp/Projects/interceptor-sim/ros2_px4_ws/build/px4_gz_markers
[8.305s] -- Install configuration: ""
[8.306s] -- Installing: /home/gp/Projects/interceptor-sim/ros2_px4_ws/install/px4_gz_markers/lib/px4_gz_markers/marker_test
[8.312s] -- Set non-toolchain portion of runtime path of "/home/gp/Projects/interceptor-sim/ros2_px4_ws/install/px4_gz_markers/lib/px4_gz_markers/marker_test" to ""
[8.312s] -- Up-to-date: /home/gp/Projects/interceptor-sim/ros2_px4_ws/install/px4_gz_markers/share/ament_index/resource_index/package_run_dependencies/px4_gz_markers
[8.312s] -- Up-to-date: /home/gp/Projects/interceptor-sim/ros2_px4_ws/install/px4_gz_markers/share/ament_index/resource_index/parent_prefix_path/px4_gz_markers
[8.312s] -- Up-to-date: /home/gp/Projects/interceptor-sim/ros2_px4_ws/install/px4_gz_markers/share/px4_gz_markers/environment/ament_prefix_path.sh
[8.312s] -- Up-to-date: /home/gp/Projects/interceptor-sim/ros2_px4_ws/install/px4_gz_markers/share/px4_gz_markers/environment/ament_prefix_path.dsv
[8.312s] -- Up-to-date: /home/gp/Projects/interceptor-sim/ros2_px4_ws/install/px4_gz_markers/share/px4_gz_markers/environment/path.sh
[8.312s] -- Up-to-date: /home/gp/Projects/interceptor-sim/ros2_px4_ws/install/px4_gz_markers/share/px4_gz_markers/environment/path.dsv
[8.313s] -- Up-to-date: /home/gp/Projects/interceptor-sim/ros2_px4_ws/install/px4_gz_markers/share/px4_gz_markers/local_setup.bash
[8.313s] -- Up-to-date: /home/gp/Projects/interceptor-sim/ros2_px4_ws/install/px4_gz_markers/share/px4_gz_markers/local_setup.sh
[8.313s] -- Up-to-date: /home/gp/Projects/interceptor-sim/ros2_px4_ws/install/px4_gz_markers/share/px4_gz_markers/local_setup.zsh
[8.313s] -- Up-to-date: /home/gp/Projects/interceptor-sim/ros2_px4_ws/install/px4_gz_markers/share/px4_gz_markers/local_setup.dsv
[8.313s] -- Installing: /home/gp/Projects/interceptor-sim/ros2_px4_ws/install/px4_gz_markers/share/px4_gz_markers/package.dsv
[8.313s] -- Up-to-date: /home/gp/Projects/interceptor-sim/ros2_px4_ws/install/px4_gz_markers/share/ament_index/resource_index/packages/px4_gz_markers
[8.313s] -- Up-to-date: /home/gp/Projects/interceptor-sim/ros2_px4_ws/install/px4_gz_markers/share/px4_gz_markers/cmake/px4_gz_markersConfig.cmake
[8.313s] -- Up-to-date: /home/gp/Projects/interceptor-sim/ros2_px4_ws/install/px4_gz_markers/share/px4_gz_markers/cmake/px4_gz_markersConfig-version.cmake
[8.313s] -- Up-to-date: /home/gp/Projects/interceptor-sim/ros2_px4_ws/install/px4_gz_markers/share/px4_gz_markers/package.xml
[8.315s] Invoked command in '/home/gp/Projects/interceptor-sim/ros2_px4_ws/build/px4_gz_markers' returned '0': AMENT_PREFIX_PATH=/home/gp/Projects/interceptor-sim/ros2_px4_ws/install/px4_msgs:${AMENT_PREFIX_PATH} CMAKE_PREFIX_PATH=/home/gp/Projects/interceptor-sim/ros2_px4_ws/install/px4_msgs:/opt/ros/jazzy/opt/gz_transport_vendor:/opt/ros/jazzy/opt/gz_msgs_vendor:/opt/ros/jazzy/opt/gz_math_vendor:/opt/ros/jazzy/opt/gz_utils_vendor:/opt/ros/jazzy/opt/gz_tools_vendor:/opt/ros/jazzy/opt/gz_cmake_vendor:/opt/ros/jazzy DEBUGINFOD_URLS=https://debuginfod.ubuntu.com LD_LIBRARY_PATH=/home/gp/Projects/interceptor-sim/ros2_px4_ws/install/px4_msgs/lib:${LD_LIBRARY_PATH} PYTHONPATH=/home/gp/Projects/interceptor-sim/ros2_px4_ws/install/px4_msgs/lib/python3.12/site-packages:${PYTHONPATH} /usr/bin/cmake --install /home/gp/Projects/interceptor-sim/ros2_px4_ws/build/px4_gz_markers
