[0.134s] DEBUG:colcon:Command line arguments: ['/usr/bin/colcon', 'build']
[0.134s] DEBUG:colcon:Parsed command line arguments: Namespace(log_base=None, log_level=None, verb_name='build', build_base='build', install_base='install', merge_install=False, symlink_install=False, test_result_base=None, continue_on_error=False, executor='parallel', parallel_workers=16, event_handlers=None, ignore_user_meta=False, metas=['./colcon.meta'], base_paths=['.'], packages_ignore=None, packages_ignore_regex=None, paths=None, packages_up_to=None, packages_up_to_regex=None, packages_above=None, packages_above_and_dependencies=None, packages_above_depth=None, packages_select_by_dep=None, packages_skip_by_dep=None, packages_skip_up_to=None, packages_select_build_failed=False, packages_skip_build_finished=False, packages_select_test_failures=False, packages_skip_test_passed=False, packages_select=None, packages_skip=None, packages_select_regex=None, packages_skip_regex=None, packages_start=None, packages_end=None, allow_overriding=[], cmake_args=None, cmake_target=None, cmake_target_skip_unavailable=False, cmake_clean_cache=False, cmake_clean_first=False, cmake_force_configure=False, ament_cmake_args=None, catkin_cmake_args=None, catkin_skip_building_tests=False, mixin_files=None, mixin=None, verb_parser=<colcon_mixin.mixin.mixin_argument.MixinArgumentDecorator object at 0x70bd6597f0e0>, verb_extension=<colcon_core.verb.build.BuildVerb object at 0x70bd6597eb70>, main=<bound method BuildVerb.main of <colcon_core.verb.build.BuildVerb object at 0x70bd6597eb70>>, mixin_verb=('build',))
[0.185s] Level 1:colcon.colcon_core.package_discovery:discover_packages(colcon_meta) check parameters
[0.185s] Level 1:colcon.colcon_core.package_discovery:discover_packages(recursive) check parameters
[0.185s] Level 1:colcon.colcon_core.package_discovery:discover_packages(ignore) check parameters
[0.185s] Level 1:colcon.colcon_core.package_discovery:discover_packages(path) check parameters
[0.185s] Level 1:colcon.colcon_core.package_discovery:discover_packages(colcon_meta) discover
[0.185s] Level 1:colcon.colcon_core.package_discovery:discover_packages(recursive) discover
[0.185s] INFO:colcon.colcon_core.package_discovery:Crawling recursively for packages in '/home/gp/Projects/interceptor-sim/ros2_px4_ws'
[0.185s] Level 1:colcon.colcon_core.package_identification:_identify(.) by extensions ['ignore', 'ignore_ament_install']
[0.186s] Level 1:colcon.colcon_core.package_identification:_identify(.) by extension 'ignore'
[0.186s] Level 1:colcon.colcon_core.package_identification:_identify(.) by extension 'ignore_ament_install'
[0.186s] Level 1:colcon.colcon_core.package_identification:_identify(.) by extensions ['colcon_pkg']
[0.186s] Level 1:colcon.colcon_core.package_identification:_identify(.) by extension 'colcon_pkg'
[0.186s] Level 1:colcon.colcon_core.package_identification:_identify(.) by extensions ['colcon_meta']
[0.186s] Level 1:colcon.colcon_core.package_identification:_identify(.) by extension 'colcon_meta'
[0.186s] Level 1:colcon.colcon_core.package_identification:_identify(.) by extensions ['ros']
[0.186s] Level 1:colcon.colcon_core.package_identification:_identify(.) by extension 'ros'
[0.211s] Level 1:colcon.colcon_core.package_identification:_identify(.) by extensions ['cmake', 'python']
[0.211s] Level 1:colcon.colcon_core.package_identification:_identify(.) by extension 'cmake'
[0.211s] Level 1:colcon.colcon_core.package_identification:_identify(.) by extension 'python'
[0.211s] Level 1:colcon.colcon_core.package_identification:_identify(.) by extensions ['python_setup_py']
[0.211s] Level 1:colcon.colcon_core.package_identification:_identify(.) by extension 'python_setup_py'
[0.211s] Level 1:colcon.colcon_core.package_identification:_identify(build) by extensions ['ignore', 'ignore_ament_install']
[0.211s] Level 1:colcon.colcon_core.package_identification:_identify(build) by extension 'ignore'
[0.211s] Level 1:colcon.colcon_core.package_identification:_identify(build) ignored
[0.211s] Level 1:colcon.colcon_core.package_identification:_identify(install) by extensions ['ignore', 'ignore_ament_install']
[0.211s] Level 1:colcon.colcon_core.package_identification:_identify(install) by extension 'ignore'
[0.211s] Level 1:colcon.colcon_core.package_identification:_identify(install) ignored
[0.211s] Level 1:colcon.colcon_core.package_identification:_identify(log) by extensions ['ignore', 'ignore_ament_install']
[0.211s] Level 1:colcon.colcon_core.package_identification:_identify(log) by extension 'ignore'
[0.211s] Level 1:colcon.colcon_core.package_identification:_identify(log) ignored
[0.211s] Level 1:colcon.colcon_core.package_identification:_identify(src) by extensions ['ignore', 'ignore_ament_install']
[0.211s] Level 1:colcon.colcon_core.package_identification:_identify(src) by extension 'ignore'
[0.212s] Level 1:colcon.colcon_core.package_identification:_identify(src) by extension 'ignore_ament_install'
[0.212s] Level 1:colcon.colcon_core.package_identification:_identify(src) by extensions ['colcon_pkg']
[0.212s] Level 1:colcon.colcon_core.package_identification:_identify(src) by extension 'colcon_pkg'
[0.212s] Level 1:colcon.colcon_core.package_identification:_identify(src) by extensions ['colcon_meta']
[0.212s] Level 1:colcon.colcon_core.package_identification:_identify(src) by extension 'colcon_meta'
[0.212s] Level 1:colcon.colcon_core.package_identification:_identify(src) by extensions ['ros']
[0.212s] Level 1:colcon.colcon_core.package_identification:_identify(src) by extension 'ros'
[0.212s] Level 1:colcon.colcon_core.package_identification:_identify(src) by extensions ['cmake', 'python']
[0.212s] Level 1:colcon.colcon_core.package_identification:_identify(src) by extension 'cmake'
[0.212s] Level 1:colcon.colcon_core.package_identification:_identify(src) by extension 'python'
[0.212s] Level 1:colcon.colcon_core.package_identification:_identify(src) by extensions ['python_setup_py']
[0.212s] Level 1:colcon.colcon_core.package_identification:_identify(src) by extension 'python_setup_py'
[0.212s] Level 1:colcon.colcon_core.package_identification:_identify(src/interceptor_bringup) by extensions ['ignore', 'ignore_ament_install']
[0.212s] Level 1:colcon.colcon_core.package_identification:_identify(src/interceptor_bringup) by extension 'ignore'
[0.212s] Level 1:colcon.colcon_core.package_identification:_identify(src/interceptor_bringup) by extension 'ignore_ament_install'
[0.212s] Level 1:colcon.colcon_core.package_identification:_identify(src/interceptor_bringup) by extensions ['colcon_pkg']
[0.212s] Level 1:colcon.colcon_core.package_identification:_identify(src/interceptor_bringup) by extension 'colcon_pkg'
[0.212s] Level 1:colcon.colcon_core.package_identification:_identify(src/interceptor_bringup) by extensions ['colcon_meta']
[0.212s] Level 1:colcon.colcon_core.package_identification:_identify(src/interceptor_bringup) by extension 'colcon_meta'
[0.212s] Level 1:colcon.colcon_core.package_identification:_identify(src/interceptor_bringup) by extensions ['ros']
[0.212s] Level 1:colcon.colcon_core.package_identification:_identify(src/interceptor_bringup) by extension 'ros'
[0.215s] DEBUG:colcon.colcon_core.package_identification:Package 'src/interceptor_bringup' with type 'ros.ament_python' and name 'interceptor_bringup'
[0.215s] Level 1:colcon.colcon_core.package_identification:_identify(src/interceptor_vision) by extensions ['ignore', 'ignore_ament_install']
[0.215s] Level 1:colcon.colcon_core.package_identification:_identify(src/interceptor_vision) by extension 'ignore'
[0.215s] Level 1:colcon.colcon_core.package_identification:_identify(src/interceptor_vision) by extension 'ignore_ament_install'
[0.215s] Level 1:colcon.colcon_core.package_identification:_identify(src/interceptor_vision) by extensions ['colcon_pkg']
[0.215s] Level 1:colcon.colcon_core.package_identification:_identify(src/interceptor_vision) by extension 'colcon_pkg'
[0.215s] Level 1:colcon.colcon_core.package_identification:_identify(src/interceptor_vision) by extensions ['colcon_meta']
[0.215s] Level 1:colcon.colcon_core.package_identification:_identify(src/interceptor_vision) by extension 'colcon_meta'
[0.215s] Level 1:colcon.colcon_core.package_identification:_identify(src/interceptor_vision) by extensions ['ros']
[0.215s] Level 1:colcon.colcon_core.package_identification:_identify(src/interceptor_vision) by extension 'ros'
[0.216s] DEBUG:colcon.colcon_core.package_identification:Package 'src/interceptor_vision' with type 'ros.ament_python' and name 'interceptor_vision'
[0.216s] Level 1:colcon.colcon_core.package_identification:_identify(src/launch) by extensions ['ignore', 'ignore_ament_install']
[0.216s] Level 1:colcon.colcon_core.package_identification:_identify(src/launch) by extension 'ignore'
[0.216s] Level 1:colcon.colcon_core.package_identification:_identify(src/launch) by extension 'ignore_ament_install'
[0.216s] Level 1:colcon.colcon_core.package_identification:_identify(src/launch) by extensions ['colcon_pkg']
[0.216s] Level 1:colcon.colcon_core.package_identification:_identify(src/launch) by extension 'colcon_pkg'
[0.216s] Level 1:colcon.colcon_core.package_identification:_identify(src/launch) by extensions ['colcon_meta']
[0.216s] Level 1:colcon.colcon_core.package_identification:_identify(src/launch) by extension 'colcon_meta'
[0.216s] Level 1:colcon.colcon_core.package_identification:_identify(src/launch) by extensions ['ros']
[0.216s] Level 1:colcon.colcon_core.package_identification:_identify(src/launch) by extension 'ros'
[0.216s] Level 1:colcon.colcon_core.package_identification:_identify(src/launch) by extensions ['cmake', 'python']
[0.216s] Level 1:colcon.colcon_core.package_identification:_identify(src/launch) by extension 'cmake'
[0.216s] Level 1:colcon.colcon_core.package_identification:_identify(src/launch) by extension 'python'
[0.216s] Level 1:colcon.colcon_core.package_identification:_identify(src/launch) by extensions ['python_setup_py']
[0.216s] Level 1:colcon.colcon_core.package_identification:_identify(src/launch) by extension 'python_setup_py'
[0.216s] Level 1:colcon.colcon_core.package_identification:_identify(src/px4_gz_markers) by extensions ['ignore', 'ignore_ament_install']
[0.216s] Level 1:colcon.colcon_core.package_identification:_identify(src/px4_gz_markers) by extension 'ignore'
[0.216s] Level 1:colcon.colcon_core.package_identification:_identify(src/px4_gz_markers) by extension 'ignore_ament_install'
[0.216s] Level 1:colcon.colcon_core.package_identification:_identify(src/px4_gz_markers) by extensions ['colcon_pkg']
[0.216s] Level 1:colcon.colcon_core.package_identification:_identify(src/px4_gz_markers) by extension 'colcon_pkg'
[0.216s] Level 1:colcon.colcon_core.package_identification:_identify(src/px4_gz_markers) by extensions ['colcon_meta']
[0.216s] Level 1:colcon.colcon_core.package_identification:_identify(src/px4_gz_markers) by extension 'colcon_meta'
[0.216s] Level 1:colcon.colcon_core.package_identification:_identify(src/px4_gz_markers) by extensions ['ros']
[0.217s] Level 1:colcon.colcon_core.package_identification:_identify(src/px4_gz_markers) by extension 'ros'
[0.217s] DEBUG:colcon.colcon_core.package_identification:Package 'src/px4_gz_markers' with type 'ros.ament_cmake' and name 'px4_gz_markers'
[0.217s] Level 1:colcon.colcon_core.package_identification:_identify(src/px4_msgs) by extensions ['ignore', 'ignore_ament_install']
[0.217s] Level 1:colcon.colcon_core.package_identification:_identify(src/px4_msgs) by extension 'ignore'
[0.217s] Level 1:colcon.colcon_core.package_identification:_identify(src/px4_msgs) by extension 'ignore_ament_install'
[0.217s] Level 1:colcon.colcon_core.package_identification:_identify(src/px4_msgs) by extensions ['colcon_pkg']
[0.217s] Level 1:colcon.colcon_core.package_identification:_identify(src/px4_msgs) by extension 'colcon_pkg'
[0.217s] Level 1:colcon.colcon_core.package_identification:_identify(src/px4_msgs) by extensions ['colcon_meta']
[0.217s] Level 1:colcon.colcon_core.package_identification:_identify(src/px4_msgs) by extension 'colcon_meta'
[0.217s] Level 1:colcon.colcon_core.package_identification:_identify(src/px4_msgs) by extensions ['ros']
[0.217s] Level 1:colcon.colcon_core.package_identification:_identify(src/px4_msgs) by extension 'ros'
[0.218s] DEBUG:colcon.colcon_core.package_identification:Package 'src/px4_msgs' with type 'ros.ament_cmake' and name 'px4_msgs'
[0.218s] Level 1:colcon.colcon_core.package_identification:_identify(src/px4_offboard) by extensions ['ignore', 'ignore_ament_install']
[0.218s] Level 1:colcon.colcon_core.package_identification:_identify(src/px4_offboard) by extension 'ignore'
[0.218s] Level 1:colcon.colcon_core.package_identification:_identify(src/px4_offboard) by extension 'ignore_ament_install'
[0.218s] Level 1:colcon.colcon_core.package_identification:_identify(src/px4_offboard) by extensions ['colcon_pkg']
[0.218s] Level 1:colcon.colcon_core.package_identification:_identify(src/px4_offboard) by extension 'colcon_pkg'
[0.218s] Level 1:colcon.colcon_core.package_identification:_identify(src/px4_offboard) by extensions ['colcon_meta']
[0.218s] Level 1:colcon.colcon_core.package_identification:_identify(src/px4_offboard) by extension 'colcon_meta'
[0.218s] Level 1:colcon.colcon_core.package_identification:_identify(src/px4_offboard) by extensions ['ros']
[0.218s] Level 1:colcon.colcon_core.package_identification:_identify(src/px4_offboard) by extension 'ros'
[0.219s] DEBUG:colcon.colcon_core.package_identification:Package 'src/px4_offboard' with type 'ros.ament_python' and name 'px4_offboard'
[0.219s] Level 1:colcon.colcon_core.package_discovery:discover_packages(recursive) using defaults
[0.219s] Level 1:colcon.colcon_core.package_discovery:discover_packages(ignore) discover
[0.219s] Level 1:colcon.colcon_core.package_discovery:discover_packages(ignore) using defaults
[0.219s] Level 1:colcon.colcon_core.package_discovery:discover_packages(path) discover
[0.219s] Level 1:colcon.colcon_core.package_discovery:discover_packages(path) using defaults
[0.242s] Level 1:colcon.colcon_core.package_discovery:discover_packages(prefix_path) check parameters
[0.242s] Level 1:colcon.colcon_core.package_discovery:discover_packages(prefix_path) discover
[0.244s] DEBUG:colcon.colcon_installed_package_information.package_discovery:Found 5 installed packages in /home/gp/Projects/interceptor-sim/ros2_px4_ws/install
[0.245s] DEBUG:colcon.colcon_installed_package_information.package_discovery:Found 159 installed packages in /opt/ros/jazzy
[0.245s] Level 1:colcon.colcon_core.package_discovery:discover_packages(prefix_path) using defaults
[0.265s] Level 5:colcon.colcon_core.verb:set package 'interceptor_bringup' build argument 'cmake_args' from command line to 'None'
[0.265s] Level 5:colcon.colcon_core.verb:set package 'interceptor_bringup' build argument 'cmake_target' from command line to 'None'
[0.265s] Level 5:colcon.colcon_core.verb:set package 'interceptor_bringup' build argument 'cmake_target_skip_unavailable' from command line to 'False'
[0.265s] Level 5:colcon.colcon_core.verb:set package 'interceptor_bringup' build argument 'cmake_clean_cache' from command line to 'False'
[0.265s] Level 5:colcon.colcon_core.verb:set package 'interceptor_bringup' build argument 'cmake_clean_first' from command line to 'False'
[0.265s] Level 5:colcon.colcon_core.verb:set package 'interceptor_bringup' build argument 'cmake_force_configure' from command line to 'False'
[0.265s] Level 5:colcon.colcon_core.verb:set package 'interceptor_bringup' build argument 'ament_cmake_args' from command line to 'None'
[0.265s] Level 5:colcon.colcon_core.verb:set package 'interceptor_bringup' build argument 'catkin_cmake_args' from command line to 'None'
[0.265s] Level 5:colcon.colcon_core.verb:set package 'interceptor_bringup' build argument 'catkin_skip_building_tests' from command line to 'False'
[0.265s] DEBUG:colcon.colcon_core.verb:Building package 'interceptor_bringup' with the following arguments: {'ament_cmake_args': None, 'build_base': '/home/gp/Projects/interceptor-sim/ros2_px4_ws/build/interceptor_bringup', 'catkin_cmake_args': None, 'catkin_skip_building_tests': False, 'cmake_args': None, 'cmake_clean_cache': False, 'cmake_clean_first': False, 'cmake_force_configure': False, 'cmake_target': None, 'cmake_target_skip_unavailable': False, 'install_base': '/home/gp/Projects/interceptor-sim/ros2_px4_ws/install/interceptor_bringup', 'merge_install': False, 'path': '/home/gp/Projects/interceptor-sim/ros2_px4_ws/src/interceptor_bringup', 'symlink_install': False, 'test_result_base': None}
[0.265s] Level 5:colcon.colcon_core.verb:set package 'interceptor_vision' build argument 'cmake_args' from command line to 'None'
[0.265s] Level 5:colcon.colcon_core.verb:set package 'interceptor_vision' build argument 'cmake_target' from command line to 'None'
[0.265s] Level 5:colcon.colcon_core.verb:set package 'interceptor_vision' build argument 'cmake_target_skip_unavailable' from command line to 'False'
[0.265s] Level 5:colcon.colcon_core.verb:set package 'interceptor_vision' build argument 'cmake_clean_cache' from command line to 'False'
[0.265s] Level 5:colcon.colcon_core.verb:set package 'interceptor_vision' build argument 'cmake_clean_first' from command line to 'False'
[0.265s] Level 5:colcon.colcon_core.verb:set package 'interceptor_vision' build argument 'cmake_force_configure' from command line to 'False'
[0.265s] Level 5:colcon.colcon_core.verb:set package 'interceptor_vision' build argument 'ament_cmake_args' from command line to 'None'
[0.265s] Level 5:colcon.colcon_core.verb:set package 'interceptor_vision' build argument 'catkin_cmake_args' from command line to 'None'
[0.265s] Level 5:colcon.colcon_core.verb:set package 'interceptor_vision' build argument 'catkin_skip_building_tests' from command line to 'False'
[0.265s] DEBUG:colcon.colcon_core.verb:Building package 'interceptor_vision' with the following arguments: {'ament_cmake_args': None, 'build_base': '/home/gp/Projects/interceptor-sim/ros2_px4_ws/build/interceptor_vision', 'catkin_cmake_args': None, 'catkin_skip_building_tests': False, 'cmake_args': None, 'cmake_clean_cache': False, 'cmake_clean_first': False, 'cmake_force_configure': False, 'cmake_target': None, 'cmake_target_skip_unavailable': False, 'install_base': '/home/gp/Projects/interceptor-sim/ros2_px4_ws/install/interceptor_vision', 'merge_install': False, 'path': '/home/gp/Projects/interceptor-sim/ros2_px4_ws/src/interceptor_vision', 'symlink_install': False, 'test_result_base': None}
[0.265s] Level 5:colcon.colcon_core.verb:set package 'px4_msgs' build argument 'cmake_args' from command line to 'None'
[0.265s] Level 5:colcon.colcon_core.verb:set package 'px4_msgs' build argument 'cmake_target' from command line to 'None'
[0.265s] Level 5:colcon.colcon_core.verb:set package 'px4_msgs' build argument 'cmake_target_skip_unavailable' from command line to 'False'
[0.265s] Level 5:colcon.colcon_core.verb:set package 'px4_msgs' build argument 'cmake_clean_cache' from command line to 'False'
[0.265s] Level 5:colcon.colcon_core.verb:set package 'px4_msgs' build argument 'cmake_clean_first' from command line to 'False'
[0.265s] Level 5:colcon.colcon_core.verb:set package 'px4_msgs' build argument 'cmake_force_configure' from command line to 'False'
[0.265s] Level 5:colcon.colcon_core.verb:set package 'px4_msgs' build argument 'ament_cmake_args' from command line to 'None'
[0.265s] Level 5:colcon.colcon_core.verb:set package 'px4_msgs' build argument 'catkin_cmake_args' from command line to 'None'
[0.265s] Level 5:colcon.colcon_core.verb:set package 'px4_msgs' build argument 'catkin_skip_building_tests' from command line to 'False'
[0.265s] DEBUG:colcon.colcon_core.verb:Building package 'px4_msgs' with the following arguments: {'ament_cmake_args': None, 'build_base': '/home/gp/Projects/interceptor-sim/ros2_px4_ws/build/px4_msgs', 'catkin_cmake_args': None, 'catkin_skip_building_tests': False, 'cmake_args': None, 'cmake_clean_cache': False, 'cmake_clean_first': False, 'cmake_force_configure': False, 'cmake_target': None, 'cmake_target_skip_unavailable': False, 'install_base': '/home/gp/Projects/interceptor-sim/ros2_px4_ws/install/px4_msgs', 'merge_install': False, 'path': '/home/gp/Projects/interceptor-sim/ros2_px4_ws/src/px4_msgs', 'symlink_install': False, 'test_result_base': None}
[0.266s] Level 5:colcon.colcon_core.verb:set package 'px4_offboard' build argument 'cmake_args' from command line to 'None'
[0.266s] Level 5:colcon.colcon_core.verb:set package 'px4_offboard' build argument 'cmake_target' from command line to 'None'
[0.266s] Level 5:colcon.colcon_core.verb:set package 'px4_offboard' build argument 'cmake_target_skip_unavailable' from command line to 'False'
[0.266s] Level 5:colcon.colcon_core.verb:set package 'px4_offboard' build argument 'cmake_clean_cache' from command line to 'False'
[0.266s] Level 5:colcon.colcon_core.verb:set package 'px4_offboard' build argument 'cmake_clean_first' from command line to 'False'
[0.266s] Level 5:colcon.colcon_core.verb:set package 'px4_offboard' build argument 'cmake_force_configure' from command line to 'False'
[0.266s] Level 5:colcon.colcon_core.verb:set package 'px4_offboard' build argument 'ament_cmake_args' from command line to 'None'
[0.266s] Level 5:colcon.colcon_core.verb:set package 'px4_offboard' build argument 'catkin_cmake_args' from command line to 'None'
[0.266s] Level 5:colcon.colcon_core.verb:set package 'px4_offboard' build argument 'catkin_skip_building_tests' from command line to 'False'
[0.266s] DEBUG:colcon.colcon_core.verb:Building package 'px4_offboard' with the following arguments: {'ament_cmake_args': None, 'build_base': '/home/gp/Projects/interceptor-sim/ros2_px4_ws/build/px4_offboard', 'catkin_cmake_args': None, 'catkin_skip_building_tests': False, 'cmake_args': None, 'cmake_clean_cache': False, 'cmake_clean_first': False, 'cmake_force_configure': False, 'cmake_target': None, 'cmake_target_skip_unavailable': False, 'install_base': '/home/gp/Projects/interceptor-sim/ros2_px4_ws/install/px4_offboard', 'merge_install': False, 'path': '/home/gp/Projects/interceptor-sim/ros2_px4_ws/src/px4_offboard', 'symlink_install': False, 'test_result_base': None}
[0.266s] Level 5:colcon.colcon_core.verb:set package 'px4_gz_markers' build argument 'cmake_args' from command line to 'None'
[0.266s] Level 5:colcon.colcon_core.verb:set package 'px4_gz_markers' build argument 'cmake_target' from command line to 'None'
[0.266s] Level 5:colcon.colcon_core.verb:set package 'px4_gz_markers' build argument 'cmake_target_skip_unavailable' from command line to 'False'
[0.266s] Level 5:colcon.colcon_core.verb:set package 'px4_gz_markers' build argument 'cmake_clean_cache' from command line to 'False'
[0.266s] Level 5:colcon.colcon_core.verb:set package 'px4_gz_markers' build argument 'cmake_clean_first' from command line to 'False'
[0.266s] Level 5:colcon.colcon_core.verb:set package 'px4_gz_markers' build argument 'cmake_force_configure' from command line to 'False'
[0.266s] Level 5:colcon.colcon_core.verb:set package 'px4_gz_markers' build argument 'ament_cmake_args' from command line to 'None'
[0.266s] Level 5:colcon.colcon_core.verb:set package 'px4_gz_markers' build argument 'catkin_cmake_args' from command line to 'None'
[0.266s] Level 5:colcon.colcon_core.verb:set package 'px4_gz_markers' build argument 'catkin_skip_building_tests' from command line to 'False'
[0.266s] DEBUG:colcon.colcon_core.verb:Building package 'px4_gz_markers' with the following arguments: {'ament_cmake_args': None, 'build_base': '/home/gp/Projects/interceptor-sim/ros2_px4_ws/build/px4_gz_markers', 'catkin_cmake_args': None, 'catkin_skip_building_tests': False, 'cmake_args': None, 'cmake_clean_cache': False, 'cmake_clean_first': False, 'cmake_force_configure': False, 'cmake_target': None, 'cmake_target_skip_unavailable': False, 'install_base': '/home/gp/Projects/interceptor-sim/ros2_px4_ws/install/px4_gz_markers', 'merge_install': False, 'path': '/home/gp/Projects/interceptor-sim/ros2_px4_ws/src/px4_gz_markers', 'symlink_install': False, 'test_result_base': None}
[0.266s] INFO:colcon.colcon_core.executor:Executing jobs using 'parallel' executor
[0.267s] DEBUG:colcon.colcon_parallel_executor.executor.parallel:run_until_complete
[0.267s] INFO:colcon.colcon_ros.task.ament_cmake.build:Building ROS package in '/home/gp/Projects/interceptor-sim/ros2_px4_ws/src/px4_msgs' with build type 'ament_cmake'
[0.267s] INFO:colcon.colcon_cmake.task.cmake.build:Building CMake package in '/home/gp/Projects/interceptor-sim/ros2_px4_ws/src/px4_msgs'
[0.270s] INFO:colcon.colcon_core.plugin_system:Skipping extension 'colcon_core.shell.bat': Not used on non-Windows systems
[0.271s] INFO:colcon.colcon_core.shell:Skip shell extension 'powershell' for command environment: Not usable outside of PowerShell
[0.271s] DEBUG:colcon.colcon_core.shell:Skip shell extension 'dsv' for command environment
[0.273s] INFO:colcon.colcon_ros.task.ament_python.build:Building ROS package in '/home/gp/Projects/interceptor-sim/ros2_px4_ws/src/interceptor_bringup' with build type 'ament_python'
[0.273s] Level 1:colcon.colcon_core.shell:create_environment_hook('interceptor_bringup', 'ament_prefix_path')
[0.273s] INFO:colcon.colcon_core.shell:Creating environment hook '/home/gp/Projects/interceptor-sim/ros2_px4_ws/install/interceptor_bringup/share/interceptor_bringup/hook/ament_prefix_path.ps1'
[0.274s] INFO:colcon.colcon_core.shell:Creating environment descriptor '/home/gp/Projects/interceptor-sim/ros2_px4_ws/install/interceptor_bringup/share/interceptor_bringup/hook/ament_prefix_path.dsv'
[0.275s] INFO:colcon.colcon_core.shell:Creating environment hook '/home/gp/Projects/interceptor-sim/ros2_px4_ws/install/interceptor_bringup/share/interceptor_bringup/hook/ament_prefix_path.sh'
[0.276s] INFO:colcon.colcon_core.shell:Skip shell extension 'powershell' for command environment: Not usable outside of PowerShell
[0.276s] DEBUG:colcon.colcon_core.shell:Skip shell extension 'dsv' for command environment
[0.277s] INFO:colcon.colcon_ros.task.ament_python.build:Building ROS package in '/home/gp/Projects/interceptor-sim/ros2_px4_ws/src/interceptor_vision' with build type 'ament_python'
[0.278s] Level 1:colcon.colcon_core.shell:create_environment_hook('interceptor_vision', 'ament_prefix_path')
[0.278s] INFO:colcon.colcon_core.shell:Creating environment hook '/home/gp/Projects/interceptor-sim/ros2_px4_ws/install/interceptor_vision/share/interceptor_vision/hook/ament_prefix_path.ps1'
[0.278s] INFO:colcon.colcon_core.shell:Creating environment descriptor '/home/gp/Projects/interceptor-sim/ros2_px4_ws/install/interceptor_vision/share/interceptor_vision/hook/ament_prefix_path.dsv'
[0.278s] INFO:colcon.colcon_core.shell:Creating environment hook '/home/gp/Projects/interceptor-sim/ros2_px4_ws/install/interceptor_vision/share/interceptor_vision/hook/ament_prefix_path.sh'
[0.278s] INFO:colcon.colcon_core.shell:Skip shell extension 'powershell' for command environment: Not usable outside of PowerShell
[0.279s] DEBUG:colcon.colcon_core.shell:Skip shell extension 'dsv' for command environment
[0.280s] INFO:colcon.colcon_ros.task.ament_python.build:Building ROS package in '/home/gp/Projects/interceptor-sim/ros2_px4_ws/src/px4_offboard' with build type 'ament_python'
[0.280s] Level 1:colcon.colcon_core.shell:create_environment_hook('px4_offboard', 'ament_prefix_path')
[0.281s] INFO:colcon.colcon_core.shell:Creating environment hook '/home/gp/Projects/interceptor-sim/ros2_px4_ws/install/px4_offboard/share/px4_offboard/hook/ament_prefix_path.ps1'
[0.281s] INFO:colcon.colcon_core.shell:Creating environment descriptor '/home/gp/Projects/interceptor-sim/ros2_px4_ws/install/px4_offboard/share/px4_offboard/hook/ament_prefix_path.dsv'
[0.281s] INFO:colcon.colcon_core.shell:Creating environment hook '/home/gp/Projects/interceptor-sim/ros2_px4_ws/install/px4_offboard/share/px4_offboard/hook/ament_prefix_path.sh'
[0.281s] INFO:colcon.colcon_core.shell:Skip shell extension 'powershell' for command environment: Not usable outside of PowerShell
[0.281s] DEBUG:colcon.colcon_core.shell:Skip shell extension 'dsv' for command environment
[0.286s] DEBUG:colcon.colcon_core.event_handler.log_command:Invoking command in '/home/gp/Projects/interceptor-sim/ros2_px4_ws/build/px4_msgs': CMAKE_PREFIX_PATH=${CMAKE_PREFIX_PATH}:/home/gp/Projects/interceptor-sim/ros2_px4_ws/install/px4_offboard:/home/gp/Projects/interceptor-sim/ros2_px4_ws/install/interceptor_vision:/home/gp/Projects/interceptor-sim/ros2_px4_ws/install/interceptor_bringup:/opt/ros/jazzy DEBUGINFOD_URLS=https://debuginfod.ubuntu.com /usr/bin/cmake --build /home/gp/Projects/interceptor-sim/ros2_px4_ws/build/px4_msgs -- -j16 -l16
[0.449s] INFO:colcon.colcon_core.task.python.build:Building Python package in '/home/gp/Projects/interceptor-sim/ros2_px4_ws/src/interceptor_bringup'
[0.449s] INFO:colcon.colcon_core.shell:Skip shell extension 'powershell' for command environment: Not usable outside of PowerShell
[0.449s] DEBUG:colcon.colcon_core.shell:Skip shell extension 'dsv' for command environment
[0.607s] INFO:colcon.colcon_core.task.python.build:Building Python package in '/home/gp/Projects/interceptor-sim/ros2_px4_ws/src/interceptor_vision'
[0.607s] INFO:colcon.colcon_core.shell:Skip shell extension 'powershell' for command environment: Not usable outside of PowerShell
[0.607s] DEBUG:colcon.colcon_core.shell:Skip shell extension 'dsv' for command environment
[0.768s] INFO:colcon.colcon_core.task.python.build:Building Python package in '/home/gp/Projects/interceptor-sim/ros2_px4_ws/src/px4_offboard'
[0.768s] INFO:colcon.colcon_core.shell:Skip shell extension 'powershell' for command environment: Not usable outside of PowerShell
[0.768s] DEBUG:colcon.colcon_core.shell:Skip shell extension 'dsv' for command environment
[1.287s] DEBUG:colcon.colcon_core.task.python.build:Available setuptools commands: build_py, build_clib, alias, dist_info, install_egg_info, build, saveopts, egg_info, sdist, bdist, editable_wheel, upload, init_catalog, build_ext, symlink_data, test, install, register, rotate, compile_catalog, bdist_egg, develop, build_scripts, bdist_dumb, update_catalog, easy_install, check, upload_docs, install_headers, bdist_rpm, install_lib, bdist_wheel, clean, install_data, install_scripts, extract_messages, setopt
[1.288s] DEBUG:colcon.colcon_core.event_handler.log_command:Invoking command in '/home/gp/Projects/interceptor-sim/ros2_px4_ws/src/interceptor_vision': DEBUGINFOD_URLS=https://debuginfod.ubuntu.com PYTHONPATH=/home/gp/Projects/interceptor-sim/ros2_px4_ws/build/interceptor_vision/prefix_override:/usr/lib/python3/dist-packages/colcon_core/task/python/colcon_distutils_commands:/home/gp/Projects/interceptor-sim/ros2_px4_ws/install/interceptor_vision/lib/python3.12/site-packages:${PYTHONPATH} /usr/bin/python3 -W ignore:setup.py install is deprecated -W ignore:easy_install command is deprecated setup.py egg_info --egg-base ../../build/interceptor_vision build --build-base /home/gp/Projects/interceptor-sim/ros2_px4_ws/build/interceptor_vision/build install --record /home/gp/Projects/interceptor-sim/ros2_px4_ws/build/interceptor_vision/install.log --install-scripts $base/lib/interceptor_vision --single-version-externally-managed install_data
[1.290s] DEBUG:colcon.colcon_core.task.python.build:Available setuptools commands: build_py, build_clib, alias, dist_info, install_egg_info, build, saveopts, egg_info, sdist, bdist, editable_wheel, upload, init_catalog, build_ext, symlink_data, test, install, register, rotate, compile_catalog, bdist_egg, develop, build_scripts, bdist_dumb, update_catalog, easy_install, check, upload_docs, install_headers, bdist_rpm, install_lib, bdist_wheel, clean, install_data, install_scripts, extract_messages, setopt
[1.291s] DEBUG:colcon.colcon_core.task.python.build:Available setuptools commands: build_py, build_clib, alias, dist_info, install_egg_info, build, saveopts, egg_info, sdist, bdist, editable_wheel, upload, init_catalog, build_ext, symlink_data, test, install, register, rotate, compile_catalog, bdist_egg, develop, build_scripts, bdist_dumb, update_catalog, easy_install, check, upload_docs, install_headers, bdist_rpm, install_lib, bdist_wheel, clean, install_data, install_scripts, extract_messages, setopt
[1.292s] DEBUG:colcon.colcon_core.event_handler.log_command:Invoking command in '/home/gp/Projects/interceptor-sim/ros2_px4_ws/src/px4_offboard': DEBUGINFOD_URLS=https://debuginfod.ubuntu.com PYTHONPATH=/home/gp/Projects/interceptor-sim/ros2_px4_ws/build/px4_offboard/prefix_override:/usr/lib/python3/dist-packages/colcon_core/task/python/colcon_distutils_commands:/home/gp/Projects/interceptor-sim/ros2_px4_ws/install/px4_offboard/lib/python3.12/site-packages:${PYTHONPATH} /usr/bin/python3 -W ignore:setup.py install is deprecated -W ignore:easy_install command is deprecated setup.py egg_info --egg-base ../../build/px4_offboard build --build-base /home/gp/Projects/interceptor-sim/ros2_px4_ws/build/px4_offboard/build install --record /home/gp/Projects/interceptor-sim/ros2_px4_ws/build/px4_offboard/install.log --install-scripts $base/lib/px4_offboard --single-version-externally-managed install_data
[1.293s] DEBUG:colcon.colcon_core.event_handler.log_command:Invoking command in '/home/gp/Projects/interceptor-sim/ros2_px4_ws/src/interceptor_bringup': DEBUGINFOD_URLS=https://debuginfod.ubuntu.com PYTHONPATH=/home/gp/Projects/interceptor-sim/ros2_px4_ws/build/interceptor_bringup/prefix_override:/usr/lib/python3/dist-packages/colcon_core/task/python/colcon_distutils_commands:/home/gp/Projects/interceptor-sim/ros2_px4_ws/install/interceptor_bringup/lib/python3.12/site-packages:${PYTHONPATH} /usr/bin/python3 -W ignore:setup.py install is deprecated -W ignore:easy_install command is deprecated setup.py egg_info --egg-base ../../build/interceptor_bringup build --build-base /home/gp/Projects/interceptor-sim/ros2_px4_ws/build/interceptor_bringup/build install --record /home/gp/Projects/interceptor-sim/ros2_px4_ws/build/interceptor_bringup/install.log --install-scripts $base/lib/interceptor_bringup --single-version-externally-managed install_data
[1.413s] DEBUG:colcon.colcon_core.event_handler.log_command:Invoked command in '/home/gp/Projects/interceptor-sim/ros2_px4_ws/build/px4_msgs' returned '2': CMAKE_PREFIX_PATH=${CMAKE_PREFIX_PATH}:/home/gp/Projects/interceptor-sim/ros2_px4_ws/install/px4_offboard:/home/gp/Projects/interceptor-sim/ros2_px4_ws/install/interceptor_vision:/home/gp/Projects/interceptor-sim/ros2_px4_ws/install/interceptor_bringup:/opt/ros/jazzy DEBUGINFOD_URLS=https://debuginfod.ubuntu.com /usr/bin/cmake --build /home/gp/Projects/interceptor-sim/ros2_px4_ws/build/px4_msgs -- -j16 -l16
[1.413s] Level 1:colcon.colcon_core.environment:create_environment_scripts_only(px4_msgs)
[1.417s] Level 1:colcon.colcon_core.environment:checking '/home/gp/Projects/interceptor-sim/ros2_px4_ws/install/px4_msgs' for CMake module files
[1.418s] Level 1:colcon.colcon_core.environment:checking '/home/gp/Projects/interceptor-sim/ros2_px4_ws/install/px4_msgs' for CMake config files
[1.418s] Level 1:colcon.colcon_core.shell:create_environment_hook('px4_msgs', 'cmake_prefix_path')
[1.418s] INFO:colcon.colcon_core.shell:Creating environment hook '/home/gp/Projects/interceptor-sim/ros2_px4_ws/install/px4_msgs/share/px4_msgs/hook/cmake_prefix_path.ps1'
[1.419s] INFO:colcon.colcon_core.shell:Creating environment descriptor '/home/gp/Projects/interceptor-sim/ros2_px4_ws/install/px4_msgs/share/px4_msgs/hook/cmake_prefix_path.dsv'
[1.419s] INFO:colcon.colcon_core.shell:Creating environment hook '/home/gp/Projects/interceptor-sim/ros2_px4_ws/install/px4_msgs/share/px4_msgs/hook/cmake_prefix_path.sh'
[1.419s] Level 1:colcon.colcon_core.environment:checking '/home/gp/Projects/interceptor-sim/ros2_px4_ws/install/px4_msgs/lib'
[1.419s] Level 1:colcon.colcon_core.shell:create_environment_hook('px4_msgs', 'ld_library_path_lib')
[1.419s] INFO:colcon.colcon_core.shell:Creating environment hook '/home/gp/Projects/interceptor-sim/ros2_px4_ws/install/px4_msgs/share/px4_msgs/hook/ld_library_path_lib.ps1'
[1.420s] INFO:colcon.colcon_core.shell:Creating environment descriptor '/home/gp/Projects/interceptor-sim/ros2_px4_ws/install/px4_msgs/share/px4_msgs/hook/ld_library_path_lib.dsv'
[1.420s] INFO:colcon.colcon_core.shell:Creating environment hook '/home/gp/Projects/interceptor-sim/ros2_px4_ws/install/px4_msgs/share/px4_msgs/hook/ld_library_path_lib.sh'
[1.420s] Level 1:colcon.colcon_core.environment:checking '/home/gp/Projects/interceptor-sim/ros2_px4_ws/install/px4_msgs/bin'
[1.420s] Level 1:colcon.colcon_core.environment:checking '/home/gp/Projects/interceptor-sim/ros2_px4_ws/install/px4_msgs/lib/pkgconfig/px4_msgs.pc'
[1.420s] Level 1:colcon.colcon_core.environment:checking '/home/gp/Projects/interceptor-sim/ros2_px4_ws/install/px4_msgs/lib/python3.12/site-packages'
[1.421s] Level 1:colcon.colcon_core.shell:create_environment_hook('px4_msgs', 'pythonpath')
[1.421s] INFO:colcon.colcon_core.shell:Creating environment hook '/home/gp/Projects/interceptor-sim/ros2_px4_ws/install/px4_msgs/share/px4_msgs/hook/pythonpath.ps1'
[1.421s] INFO:colcon.colcon_core.shell:Creating environment descriptor '/home/gp/Projects/interceptor-sim/ros2_px4_ws/install/px4_msgs/share/px4_msgs/hook/pythonpath.dsv'
[1.421s] INFO:colcon.colcon_core.shell:Creating environment hook '/home/gp/Projects/interceptor-sim/ros2_px4_ws/install/px4_msgs/share/px4_msgs/hook/pythonpath.sh'
[1.422s] Level 1:colcon.colcon_core.environment:checking '/home/gp/Projects/interceptor-sim/ros2_px4_ws/install/px4_msgs/bin'
[1.422s] INFO:colcon.colcon_core.shell:Creating package script '/home/gp/Projects/interceptor-sim/ros2_px4_ws/install/px4_msgs/share/px4_msgs/package.ps1'
[1.424s] INFO:colcon.colcon_core.shell:Creating package descriptor '/home/gp/Projects/interceptor-sim/ros2_px4_ws/install/px4_msgs/share/px4_msgs/package.dsv'
[1.425s] INFO:colcon.colcon_core.shell:Creating package script '/home/gp/Projects/interceptor-sim/ros2_px4_ws/install/px4_msgs/share/px4_msgs/package.sh'
[1.426s] INFO:colcon.colcon_core.shell:Creating package script '/home/gp/Projects/interceptor-sim/ros2_px4_ws/install/px4_msgs/share/px4_msgs/package.bash'
[1.427s] INFO:colcon.colcon_core.shell:Creating package script '/home/gp/Projects/interceptor-sim/ros2_px4_ws/install/px4_msgs/share/px4_msgs/package.zsh'
[1.428s] Level 1:colcon.colcon_core.environment:create_file_with_runtime_dependencies(/home/gp/Projects/interceptor-sim/ros2_px4_ws/install/px4_msgs/share/colcon-core/packages/px4_msgs)
[1.742s] DEBUG:colcon.colcon_parallel_executor.executor.parallel:closing loop
[1.742s] DEBUG:colcon.colcon_parallel_executor.executor.parallel:loop closed
[1.742s] DEBUG:colcon.colcon_parallel_executor.executor.parallel:run_until_complete finished with '2'
[1.743s] DEBUG:colcon.colcon_core.event_reactor:joining thread
[1.749s] INFO:colcon.colcon_core.plugin_system:Skipping extension 'colcon_notification.desktop_notification.terminal_notifier': Not used on non-Darwin systems
[1.749s] INFO:colcon.colcon_core.plugin_system:Skipping extension 'colcon_notification.desktop_notification.win32': Not used on non-Windows systems
[1.749s] INFO:colcon.colcon_notification.desktop_notification:Sending desktop notification using 'notify2'
[1.754s] DEBUG:colcon.colcon_core.event_reactor:joined thread
[1.754s] INFO:colcon.colcon_core.shell:Creating prefix script '/home/gp/Projects/interceptor-sim/ros2_px4_ws/install/local_setup.ps1'
[1.755s] INFO:colcon.colcon_core.shell:Creating prefix util module '/home/gp/Projects/interceptor-sim/ros2_px4_ws/install/_local_setup_util_ps1.py'
[1.756s] INFO:colcon.colcon_core.shell:Creating prefix chain script '/home/gp/Projects/interceptor-sim/ros2_px4_ws/install/setup.ps1'
[1.757s] INFO:colcon.colcon_core.shell:Creating prefix script '/home/gp/Projects/interceptor-sim/ros2_px4_ws/install/local_setup.sh'
[1.758s] INFO:colcon.colcon_core.shell:Creating prefix util module '/home/gp/Projects/interceptor-sim/ros2_px4_ws/install/_local_setup_util_sh.py'
[1.758s] INFO:colcon.colcon_core.shell:Creating prefix chain script '/home/gp/Projects/interceptor-sim/ros2_px4_ws/install/setup.sh'
[1.759s] INFO:colcon.colcon_core.shell:Creating prefix script '/home/gp/Projects/interceptor-sim/ros2_px4_ws/install/local_setup.bash'
[1.760s] INFO:colcon.colcon_core.shell:Creating prefix chain script '/home/gp/Projects/interceptor-sim/ros2_px4_ws/install/setup.bash'
[1.761s] INFO:colcon.colcon_core.shell:Creating prefix script '/home/gp/Projects/interceptor-sim/ros2_px4_ws/install/local_setup.zsh'
[1.761s] INFO:colcon.colcon_core.shell:Creating prefix chain script '/home/gp/Projects/interceptor-sim/ros2_px4_ws/install/setup.zsh'
