[1.198s] Invoking command in '/home/gp/Projects/interceptor-sim/ros2_px4_ws/src/px4_offboard': DEBUGINFOD_URLS=https://debuginfod.ubuntu.com PYTHONPATH=/home/gp/Projects/interceptor-sim/ros2_px4_ws/build/px4_offboard/prefix_override:/usr/lib/python3/dist-packages/colcon_core/task/python/colcon_distutils_commands:/home/gp/Projects/interceptor-sim/ros2_px4_ws/install/px4_offboard/lib/python3.12/site-packages:${PYTHONPATH} /usr/bin/python3 -W ignore:setup.py install is deprecated -W ignore:easy_install command is deprecated setup.py egg_info --egg-base ../../build/px4_offboard build --build-base /home/gp/Projects/interceptor-sim/ros2_px4_ws/build/px4_offboard/build install --record /home/gp/Projects/interceptor-sim/ros2_px4_ws/build/px4_offboard/install.log --install-scripts $base/lib/px4_offboard --single-version-externally-managed install_data
[1.431s] running egg_info
[1.431s] creating ../../build/px4_offboard/px4_offboard.egg-info
[1.449s] writing ../../build/px4_offboard/px4_offboard.egg-info/PKG-INFO
[1.450s] writing dependency_links to ../../build/px4_offboard/px4_offboard.egg-info/dependency_links.txt
[1.450s] writing entry points to ../../build/px4_offboard/px4_offboard.egg-info/entry_points.txt
[1.450s] writing requirements to ../../build/px4_offboard/px4_offboard.egg-info/requires.txt
[1.450s] writing top-level names to ../../build/px4_offboard/px4_offboard.egg-info/top_level.txt
[1.450s] writing manifest file '../../build/px4_offboard/px4_offboard.egg-info/SOURCES.txt'
[1.489s] reading manifest file '../../build/px4_offboard/px4_offboard.egg-info/SOURCES.txt'
[1.489s] writing manifest file '../../build/px4_offboard/px4_offboard.egg-info/SOURCES.txt'
[1.490s] running build
[1.490s] running build_py
[1.490s] creating /home/gp/Projects/interceptor-sim/ros2_px4_ws/build/px4_offboard/build
[1.490s] creating /home/gp/Projects/interceptor-sim/ros2_px4_ws/build/px4_offboard/build/lib
[1.490s] creating /home/gp/Projects/interceptor-sim/ros2_px4_ws/build/px4_offboard/build/lib/px4_offboard
[1.491s] copying px4_offboard/__init__.py -> /home/gp/Projects/interceptor-sim/ros2_px4_ws/build/px4_offboard/build/lib/px4_offboard
[1.491s] copying px4_offboard/position_offboard_control.py -> /home/gp/Projects/interceptor-sim/ros2_px4_ws/build/px4_offboard/build/lib/px4_offboard
[1.491s] copying px4_offboard/main_velocity_offboard.py -> /home/gp/Projects/interceptor-sim/ros2_px4_ws/build/px4_offboard/build/lib/px4_offboard
[1.492s] running install
[1.498s] running install_lib
[1.518s] creating /home/gp/Projects/interceptor-sim/ros2_px4_ws/install/px4_offboard/lib/python3.12/site-packages/px4_offboard
[1.518s] copying /home/gp/Projects/interceptor-sim/ros2_px4_ws/build/px4_offboard/build/lib/px4_offboard/__init__.py -> /home/gp/Projects/interceptor-sim/ros2_px4_ws/install/px4_offboard/lib/python3.12/site-packages/px4_offboard
[1.519s] copying /home/gp/Projects/interceptor-sim/ros2_px4_ws/build/px4_offboard/build/lib/px4_offboard/position_offboard_control.py -> /home/gp/Projects/interceptor-sim/ros2_px4_ws/install/px4_offboard/lib/python3.12/site-packages/px4_offboard
[1.519s] copying /home/gp/Projects/interceptor-sim/ros2_px4_ws/build/px4_offboard/build/lib/px4_offboard/main_velocity_offboard.py -> /home/gp/Projects/interceptor-sim/ros2_px4_ws/install/px4_offboard/lib/python3.12/site-packages/px4_offboard
[1.519s] byte-compiling /home/gp/Projects/interceptor-sim/ros2_px4_ws/install/px4_offboard/lib/python3.12/site-packages/px4_offboard/__init__.py to __init__.cpython-312.pyc
[1.519s] byte-compiling /home/gp/Projects/interceptor-sim/ros2_px4_ws/install/px4_offboard/lib/python3.12/site-packages/px4_offboard/position_offboard_control.py to position_offboard_control.cpython-312.pyc
[1.520s] byte-compiling /home/gp/Projects/interceptor-sim/ros2_px4_ws/install/px4_offboard/lib/python3.12/site-packages/px4_offboard/main_velocity_offboard.py to main_velocity_offboard.cpython-312.pyc
[1.522s] running install_data
[1.522s] creating /home/gp/Projects/interceptor-sim/ros2_px4_ws/install/px4_offboard/share/ament_index
[1.522s] creating /home/gp/Projects/interceptor-sim/ros2_px4_ws/install/px4_offboard/share/ament_index/resource_index
[1.522s] creating /home/gp/Projects/interceptor-sim/ros2_px4_ws/install/px4_offboard/share/ament_index/resource_index/packages
[1.522s] copying resource/px4_offboard -> /home/gp/Projects/interceptor-sim/ros2_px4_ws/install/px4_offboard/share/ament_index/resource_index/packages
[1.522s] copying package.xml -> /home/gp/Projects/interceptor-sim/ros2_px4_ws/install/px4_offboard/share/px4_offboard
[1.523s] creating /home/gp/Projects/interceptor-sim/ros2_px4_ws/install/px4_offboard/share/px4_offboard/launch
[1.523s] copying launch/keyboard_teleop.launch.py -> /home/gp/Projects/interceptor-sim/ros2_px4_ws/install/px4_offboard/share/px4_offboard/launch
[1.523s] copying launch/joystick_teleop.launch.py -> /home/gp/Projects/interceptor-sim/ros2_px4_ws/install/px4_offboard/share/px4_offboard/launch
[1.523s] creating /home/gp/Projects/interceptor-sim/ros2_px4_ws/install/px4_offboard/share/px4_offboard/config
[1.523s] copying config/joy_config.yaml -> /home/gp/Projects/interceptor-sim/ros2_px4_ws/install/px4_offboard/share/px4_offboard/config
[1.523s] running install_egg_info
[1.543s] Copying ../../build/px4_offboard/px4_offboard.egg-info to /home/gp/Projects/interceptor-sim/ros2_px4_ws/install/px4_offboard/lib/python3.12/site-packages/px4_offboard-0.0.1-py3.12.egg-info
[1.544s] running install_scripts
[1.664s] Installing main_velocity_offboard.py script to /home/gp/Projects/interceptor-sim/ros2_px4_ws/install/px4_offboard/lib/px4_offboard
[1.664s] Installing position_offboard_control.py script to /home/gp/Projects/interceptor-sim/ros2_px4_ws/install/px4_offboard/lib/px4_offboard
[1.664s] writing list of installed files to '/home/gp/Projects/interceptor-sim/ros2_px4_ws/build/px4_offboard/install.log'
[1.710s] Invoked command in '/home/gp/Projects/interceptor-sim/ros2_px4_ws/src/px4_offboard' returned '0': DEBUGINFOD_URLS=https://debuginfod.ubuntu.com PYTHONPATH=/home/gp/Projects/interceptor-sim/ros2_px4_ws/build/px4_offboard/prefix_override:/usr/lib/python3/dist-packages/colcon_core/task/python/colcon_distutils_commands:/home/gp/Projects/interceptor-sim/ros2_px4_ws/install/px4_offboard/lib/python3.12/site-packages:${PYTHONPATH} /usr/bin/python3 -W ignore:setup.py install is deprecated -W ignore:easy_install command is deprecated setup.py egg_info --egg-base ../../build/px4_offboard build --build-base /home/gp/Projects/interceptor-sim/ros2_px4_ws/build/px4_offboard/build install --record /home/gp/Projects/interceptor-sim/ros2_px4_ws/build/px4_offboard/install.log --install-scripts $base/lib/px4_offboard --single-version-externally-managed install_data
