running egg_info
writing ../../build/BodyQuaternion/BodyQuaternion.egg-info/PKG-INFO
writing dependency_links to ../../build/BodyQuaternion/BodyQuaternion.egg-info/dependency_links.txt
writing entry points to ../../build/BodyQuaternion/BodyQuaternion.egg-info/entry_points.txt
writing requirements to ../../build/BodyQuaternion/BodyQuaternion.egg-info/requires.txt
writing top-level names to ../../build/BodyQuaternion/BodyQuaternion.egg-info/top_level.txt
reading manifest file '../../build/BodyQuaternion/BodyQuaternion.egg-info/SOURCES.txt'
writing manifest file '../../build/BodyQuaternion/BodyQuaternion.egg-info/SOURCES.txt'
running build
running build_py
copying BodyQuaternion/Attitude.py -> /home/gp/Projects/interceptor-sim/ros2_px4_ws/build/BodyQuaternion/build/lib/BodyQuaternion
copying BodyQuaternion/Test.py -> /home/gp/Projects/interceptor-sim/ros2_px4_ws/build/BodyQuaternion/build/lib/BodyQuaternion
running install
running install_lib
copying /home/gp/Projects/interceptor-sim/ros2_px4_ws/build/BodyQuaternion/build/lib/BodyQuaternion/Attitude.py -> /home/gp/Projects/interceptor-sim/ros2_px4_ws/install/BodyQuaternion/lib/python3.12/site-packages/BodyQuaternion
copying /home/gp/Projects/interceptor-sim/ros2_px4_ws/build/BodyQuaternion/build/lib/BodyQuaternion/Test.py -> /home/gp/Projects/interceptor-sim/ros2_px4_ws/install/BodyQuaternion/lib/python3.12/site-packages/BodyQuaternion
byte-compiling /home/gp/Projects/interceptor-sim/ros2_px4_ws/install/BodyQuaternion/lib/python3.12/site-packages/BodyQuaternion/Attitude.py to Attitude.cpython-312.pyc
byte-compiling /home/gp/Projects/interceptor-sim/ros2_px4_ws/install/BodyQuaternion/lib/python3.12/site-packages/BodyQuaternion/Test.py to Test.cpython-312.pyc
running install_data
running install_egg_info
removing '/home/gp/Projects/interceptor-sim/ros2_px4_ws/install/BodyQuaternion/lib/python3.12/site-packages/BodyQuaternion-0.0.0-py3.12.egg-info' (and everything under it)
Copying ../../build/BodyQuaternion/BodyQuaternion.egg-info to /home/gp/Projects/interceptor-sim/ros2_px4_ws/install/BodyQuaternion/lib/python3.12/site-packages/BodyQuaternion-0.0.0-py3.12.egg-info
running install_scripts
Installing Attitude script to /home/gp/Projects/interceptor-sim/ros2_px4_ws/install/BodyQuaternion/lib/BodyQuaternion
Installing Test script to /home/gp/Projects/interceptor-sim/ros2_px4_ws/install/BodyQuaternion/lib/BodyQuaternion
writing list of installed files to '/home/gp/Projects/interceptor-sim/ros2_px4_ws/build/BodyQuaternion/install.log'
