[1.418s] Invoking command in '/home/gp/Projects/interceptor-sim/ros2_px4_ws/src/BodyQuaternion': DEBUGINFOD_URLS=https://debuginfod.ubuntu.com PS1=(.venv) \[\e]0;\u@\h: \w\a\]${debian_chroot:+($debian_chroot)}\[\033[01;32m\]\u@\h\[\033[00m\]:\[\033[01;34m\]\w\[\033[00m\]\$ PYTHONPATH=/home/gp/Projects/interceptor-sim/build/BodyQuaternion/prefix_override:/usr/lib/python3/dist-packages/colcon_core/task/python/colcon_distutils_commands:/home/gp/Projects/interceptor-sim/install/BodyQuaternion/lib/python3.12/site-packages:${PYTHONPATH} VIRTUAL_ENV_PROMPT=(.venv) /usr/bin/python3 -W ignore:setup.py install is deprecated -W ignore:easy_install command is deprecated setup.py egg_info --egg-base ../../../build/BodyQuaternion build --build-base /home/gp/Projects/interceptor-sim/build/BodyQuaternion/build install --record /home/gp/Projects/interceptor-sim/build/BodyQuaternion/install.log --install-scripts $base/lib/BodyQuaternion --single-version-externally-managed install_data
[1.647s] running egg_info
[1.647s] creating ../../../build/BodyQuaternion/BodyQuaternion.egg-info
[1.663s] writing ../../../build/BodyQuaternion/BodyQuaternion.egg-info/PKG-INFO
[1.663s] writing dependency_links to ../../../build/BodyQuaternion/BodyQuaternion.egg-info/dependency_links.txt
[1.663s] writing entry points to ../../../build/BodyQuaternion/BodyQuaternion.egg-info/entry_points.txt
[1.663s] writing requirements to ../../../build/BodyQuaternion/BodyQuaternion.egg-info/requires.txt
[1.663s] writing top-level names to ../../../build/BodyQuaternion/BodyQuaternion.egg-info/top_level.txt
[1.663s] writing manifest file '../../../build/BodyQuaternion/BodyQuaternion.egg-info/SOURCES.txt'
[1.696s] reading manifest file '../../../build/BodyQuaternion/BodyQuaternion.egg-info/SOURCES.txt'
[1.696s] writing manifest file '../../../build/BodyQuaternion/BodyQuaternion.egg-info/SOURCES.txt'
[1.697s] running build
[1.697s] running build_py
[1.697s] creating /home/gp/Projects/interceptor-sim/build/BodyQuaternion/build
[1.697s] creating /home/gp/Projects/interceptor-sim/build/BodyQuaternion/build/lib
[1.697s] creating /home/gp/Projects/interceptor-sim/build/BodyQuaternion/build/lib/BodyQuaternion
[1.697s] copying BodyQuaternion/__init__.py -> /home/gp/Projects/interceptor-sim/build/BodyQuaternion/build/lib/BodyQuaternion
[1.697s] copying BodyQuaternion/Attitude.py -> /home/gp/Projects/interceptor-sim/build/BodyQuaternion/build/lib/BodyQuaternion
[1.697s] running install
[1.702s] running install_lib
[1.726s] creating /home/gp/Projects/interceptor-sim/install/BodyQuaternion/lib/python3.12/site-packages/BodyQuaternion
[1.726s] copying /home/gp/Projects/interceptor-sim/build/BodyQuaternion/build/lib/BodyQuaternion/__init__.py -> /home/gp/Projects/interceptor-sim/install/BodyQuaternion/lib/python3.12/site-packages/BodyQuaternion
[1.726s] copying /home/gp/Projects/interceptor-sim/build/BodyQuaternion/build/lib/BodyQuaternion/Attitude.py -> /home/gp/Projects/interceptor-sim/install/BodyQuaternion/lib/python3.12/site-packages/BodyQuaternion
[1.726s] byte-compiling /home/gp/Projects/interceptor-sim/install/BodyQuaternion/lib/python3.12/site-packages/BodyQuaternion/__init__.py to __init__.cpython-312.pyc
[1.727s] byte-compiling /home/gp/Projects/interceptor-sim/install/BodyQuaternion/lib/python3.12/site-packages/BodyQuaternion/Attitude.py to Attitude.cpython-312.pyc
[1.728s] running install_data
[1.728s] creating /home/gp/Projects/interceptor-sim/install/BodyQuaternion/share/ament_index
[1.728s] creating /home/gp/Projects/interceptor-sim/install/BodyQuaternion/share/ament_index/resource_index
[1.728s] creating /home/gp/Projects/interceptor-sim/install/BodyQuaternion/share/ament_index/resource_index/packages
[1.728s] copying resource/BodyQuaternion -> /home/gp/Projects/interceptor-sim/install/BodyQuaternion/share/ament_index/resource_index/packages
[1.728s] copying package.xml -> /home/gp/Projects/interceptor-sim/install/BodyQuaternion/share/BodyQuaternion
[1.728s] running install_egg_info
[1.745s] Copying ../../../build/BodyQuaternion/BodyQuaternion.egg-info to /home/gp/Projects/interceptor-sim/install/BodyQuaternion/lib/python3.12/site-packages/BodyQuaternion-0.0.0-py3.12.egg-info
[1.746s] running install_scripts
[1.856s] Installing Attitude script to /home/gp/Projects/interceptor-sim/install/BodyQuaternion/lib/BodyQuaternion
[1.856s] writing list of installed files to '/home/gp/Projects/interceptor-sim/build/BodyQuaternion/install.log'
[1.903s] Invoked command in '/home/gp/Projects/interceptor-sim/ros2_px4_ws/src/BodyQuaternion' returned '0': DEBUGINFOD_URLS=https://debuginfod.ubuntu.com PS1=(.venv) \[\e]0;\u@\h: \w\a\]${debian_chroot:+($debian_chroot)}\[\033[01;32m\]\u@\h\[\033[00m\]:\[\033[01;34m\]\w\[\033[00m\]\$ PYTHONPATH=/home/gp/Projects/interceptor-sim/build/BodyQuaternion/prefix_override:/usr/lib/python3/dist-packages/colcon_core/task/python/colcon_distutils_commands:/home/gp/Projects/interceptor-sim/install/BodyQuaternion/lib/python3.12/site-packages:${PYTHONPATH} VIRTUAL_ENV_PROMPT=(.venv) /usr/bin/python3 -W ignore:setup.py install is deprecated -W ignore:easy_install command is deprecated setup.py egg_info --egg-base ../../../build/BodyQuaternion build --build-base /home/gp/Projects/interceptor-sim/build/BodyQuaternion/build install --record /home/gp/Projects/interceptor-sim/build/BodyQuaternion/install.log --install-scripts $base/lib/BodyQuaternion --single-version-externally-managed install_data
