[0.014s] Invoking command in '/home/gp/Projects/interceptor-sim/ros2_px4_ws/build/px4_msgs': CMAKE_PREFIX_PATH=${CMAKE_PREFIX_PATH}:/opt/ros/jazzy DEBUGINFOD_URLS=https://debuginfod.ubuntu.com /usr/bin/cmake --build /home/gp/Projects/interceptor-sim/ros2_px4_ws/build/px4_msgs -- -j16 -l16
[0.923s] -- Found ament_cmake: 2.5.6 (/opt/ros/jazzy/share/ament_cmake/cmake)
[1.014s] -- Found rosidl_default_generators: 1.6.1 (/opt/ros/jazzy/share/rosidl_default_generators/cmake)
[1.016s] -- Using all available rosidl_typesupport_c: rosidl_typesupport_fastrtps_c;rosidl_typesupport_introspection_c
[1.054s] -- Using all available rosidl_typesupport_cpp: rosidl_typesupport_fastrtps_cpp;rosidl_typesupport_introspection_cpp
[1.084s] -- Found rosidl_adapter: 4.6.9 (/opt/ros/jazzy/share/rosidl_adapter/cmake)
[1.085s] -- Found builtin_interfaces: 2.0.4 (/opt/ros/jazzy/share/builtin_interfaces/cmake)
[2.596s] -- Found ament_cmake_ros: 0.12.1 (/opt/ros/jazzy/share/ament_cmake_ros/cmake)
[2.738s] -- Using all available rosidl_typesupport_c: rosidl_typesupport_fastrtps_c;rosidl_typesupport_introspection_c
[2.941s] -- Using all available rosidl_typesupport_cpp: rosidl_typesupport_fastrtps_cpp;rosidl_typesupport_introspection_cpp
[2.944s] -- Found python_cmake_module: 0.11.1 (/opt/ros/jazzy/share/python_cmake_module/cmake)
[3.162s] -- Found Python3: /usr/bin/python3 (found version "3.12.3") found components: Interpreter Development NumPy Development.Module Development.Embed 
[3.271s] -- Found Python3: /usr/bin/python3 (found version "3.12.3") found components: Interpreter 
[3.295s] [31mCMake Error at CMakeLists.txt:45 (find_package):
[3.295s]   By not providing "Findament_lint_auto.cmake" in CMAKE_MODULE_PATH this
[3.295s]   project has asked CMake to find a package configuration file provided by
[3.295s]   "ament_lint_auto", but CMake did not find one.
[3.295s] 
[3.295s]   Could not find a package configuration file provided by "ament_lint_auto"
[3.295s]   with any of the following names:
[3.295s] 
[3.295s]     ament_lint_autoConfig.cmake
[3.295s]     ament_lint_auto-config.cmake
[3.295s] 
[3.295s]   Add the installation prefix of "ament_lint_auto" to CMAKE_PREFIX_PATH or
[3.295s]   set "ament_lint_auto_DIR" to a directory containing one of the above files.
[3.296s]   If "ament_lint_auto" provides a separate development package or SDK, be
[3.296s]   sure it has been installed.
[3.296s] 
[3.296s] [0m
[3.296s] -- Configuring incomplete, errors occurred!
[3.312s] gmake: *** [Makefile:71299: cmake_check_build_system] Error 1
[3.316s] Invoked command in '/home/gp/Projects/interceptor-sim/ros2_px4_ws/build/px4_msgs' returned '2': CMAKE_PREFIX_PATH=${CMAKE_PREFIX_PATH}:/opt/ros/jazzy DEBUGINFOD_URLS=https://debuginfod.ubuntu.com /usr/bin/cmake --build /home/gp/Projects/interceptor-sim/ros2_px4_ws/build/px4_msgs -- -j16 -l16
