/home/gp/Projects/interceptor-sim/install/BodyQuaternion/lib/python3.12/site-packages/BodyQuaternion/__init__.py
/home/gp/Projects/interceptor-sim/install/BodyQuaternion/lib/python3.12/site-packages/BodyQuaternion/Attitude.py
/home/gp/Projects/interceptor-sim/install/BodyQuaternion/lib/python3.12/site-packages/BodyQuaternion/Attitude_working.py
/home/gp/Projects/interceptor-sim/install/BodyQuaternion/lib/python3.12/site-packages/BodyQuaternion/Test.py
/home/gp/Projects/interceptor-sim/install/BodyQuaternion/lib/python3.12/site-packages/BodyQuaternion/__pycache__/__init__.cpython-312.pyc
/home/gp/Projects/interceptor-sim/install/BodyQuaternion/lib/python3.12/site-packages/BodyQuaternion/__pycache__/Attitude.cpython-312.pyc
/home/gp/Projects/interceptor-sim/install/BodyQuaternion/lib/python3.12/site-packages/BodyQuaternion/__pycache__/Attitude_working.cpython-312.pyc
/home/gp/Projects/interceptor-sim/install/BodyQuaternion/lib/python3.12/site-packages/BodyQuaternion/__pycache__/Test.cpython-312.pyc
/home/gp/Projects/interceptor-sim/install/BodyQuaternion/share/ament_index/resource_index/packages/BodyQuaternion
/home/gp/Projects/interceptor-sim/install/BodyQuaternion/share/BodyQuaternion/package.xml
/home/gp/Projects/interceptor-sim/install/BodyQuaternion/lib/python3.12/site-packages/BodyQuaternion-0.0.0-py3.12.egg-info/dependency_links.txt
/home/gp/Projects/interceptor-sim/install/BodyQuaternion/lib/python3.12/site-packages/BodyQuaternion-0.0.0-py3.12.egg-info/PKG-INFO
/home/gp/Projects/interceptor-sim/install/BodyQuaternion/lib/python3.12/site-packages/BodyQuaternion-0.0.0-py3.12.egg-info/requires.txt
/home/gp/Projects/interceptor-sim/install/BodyQuaternion/lib/python3.12/site-packages/BodyQuaternion-0.0.0-py3.12.egg-info/top_level.txt
/home/gp/Projects/interceptor-sim/install/BodyQuaternion/lib/python3.12/site-packages/BodyQuaternion-0.0.0-py3.12.egg-info/SOURCES.txt
/home/gp/Projects/interceptor-sim/install/BodyQuaternion/lib/python3.12/site-packages/BodyQuaternion-0.0.0-py3.12.egg-info/zip-safe
/home/gp/Projects/interceptor-sim/install/BodyQuaternion/lib/python3.12/site-packages/BodyQuaternion-0.0.0-py3.12.egg-info/entry_points.txt
/home/gp/Projects/interceptor-sim/install/BodyQuaternion/lib/BodyQuaternion/Attitude
/home/gp/Projects/interceptor-sim/install/BodyQuaternion/lib/BodyQuaternion/Test
/home/gp/Projects/interceptor-sim/install/BodyQuaternion/lib/BodyQuaternion/Working
