[1.609s] Invoking command in '/home/gp/Projects/interceptor-sim/ros2_px4_ws/src/px4_offboard': DEBUGINFOD_URLS=https://debuginfod.ubuntu.com PYTHONPATH=/home/gp/Projects/interceptor-sim/ros2_px4_ws/build/px4_offboard/prefix_override:/usr/lib/python3/dist-packages/colcon_core/task/python/colcon_distutils_commands:/home/gp/Projects/interceptor-sim/ros2_px4_ws/install/px4_offboard/lib/python3.12/site-packages:${PYTHONPATH} /usr/bin/python3 -W ignore:setup.py install is deprecated -W ignore:easy_install command is deprecated setup.py egg_info --egg-base ../../build/px4_offboard build --build-base /home/gp/Projects/interceptor-sim/ros2_px4_ws/build/px4_offboard/build install --record /home/gp/Projects/interceptor-sim/ros2_px4_ws/build/px4_offboard/install.log --install-scripts $base/lib/px4_offboard --single-version-externally-managed install_data
[1.831s] running egg_info
[1.847s] writing ../../build/px4_offboard/px4_offboard.egg-info/PKG-INFO
[1.847s] writing dependency_links to ../../build/px4_offboard/px4_offboard.egg-info/dependency_links.txt
[1.848s] writing entry points to ../../build/px4_offboard/px4_offboard.egg-info/entry_points.txt
[1.848s] writing requirements to ../../build/px4_offboard/px4_offboard.egg-info/requires.txt
[1.848s] writing top-level names to ../../build/px4_offboard/px4_offboard.egg-info/top_level.txt
[1.880s] reading manifest file '../../build/px4_offboard/px4_offboard.egg-info/SOURCES.txt'
[1.882s] writing manifest file '../../build/px4_offboard/px4_offboard.egg-info/SOURCES.txt'
[1.882s] running build
[1.882s] running build_py
[1.882s] running install
[1.887s] running install_lib
[1.905s] running install_data
[1.905s] running install_egg_info
[1.923s] removing '/home/gp/Projects/interceptor-sim/ros2_px4_ws/install/px4_offboard/lib/python3.12/site-packages/px4_offboard-0.0.1-py3.12.egg-info' (and everything under it)
[1.923s] Copying ../../build/px4_offboard/px4_offboard.egg-info to /home/gp/Projects/interceptor-sim/ros2_px4_ws/install/px4_offboard/lib/python3.12/site-packages/px4_offboard-0.0.1-py3.12.egg-info
[1.930s] running install_scripts
[2.077s] Installing main_velocity_offboard.py script to /home/gp/Projects/interceptor-sim/ros2_px4_ws/install/px4_offboard/lib/px4_offboard
[2.077s] Installing position_offboard_control.py script to /home/gp/Projects/interceptor-sim/ros2_px4_ws/install/px4_offboard/lib/px4_offboard
[2.078s] writing list of installed files to '/home/gp/Projects/interceptor-sim/ros2_px4_ws/build/px4_offboard/install.log'
[2.161s] Invoked command in '/home/gp/Projects/interceptor-sim/ros2_px4_ws/src/px4_offboard' returned '0': DEBUGINFOD_URLS=https://debuginfod.ubuntu.com PYTHONPATH=/home/gp/Projects/interceptor-sim/ros2_px4_ws/build/px4_offboard/prefix_override:/usr/lib/python3/dist-packages/colcon_core/task/python/colcon_distutils_commands:/home/gp/Projects/interceptor-sim/ros2_px4_ws/install/px4_offboard/lib/python3.12/site-packages:${PYTHONPATH} /usr/bin/python3 -W ignore:setup.py install is deprecated -W ignore:easy_install command is deprecated setup.py egg_info --egg-base ../../build/px4_offboard build --build-base /home/gp/Projects/interceptor-sim/ros2_px4_ws/build/px4_offboard/build install --record /home/gp/Projects/interceptor-sim/ros2_px4_ws/build/px4_offboard/install.log --install-scripts $base/lib/px4_offboard --single-version-externally-managed install_data
