/home/gp/Projects/interceptor-sim/ros2_px4_ws/install/px4_offboard/lib/python3.12/site-packages/px4_offboard/__init__.py
/home/gp/Projects/interceptor-sim/ros2_px4_ws/install/px4_offboard/lib/python3.12/site-packages/px4_offboard/position_offboard_control.py
/home/gp/Projects/interceptor-sim/ros2_px4_ws/install/px4_offboard/lib/python3.12/site-packages/px4_offboard/main_velocity_offboard.py
/home/gp/Projects/interceptor-sim/ros2_px4_ws/install/px4_offboard/lib/python3.12/site-packages/px4_offboard/__pycache__/__init__.cpython-312.pyc
/home/gp/Projects/interceptor-sim/ros2_px4_ws/install/px4_offboard/lib/python3.12/site-packages/px4_offboard/__pycache__/position_offboard_control.cpython-312.pyc
/home/gp/Projects/interceptor-sim/ros2_px4_ws/install/px4_offboard/lib/python3.12/site-packages/px4_offboard/__pycache__/main_velocity_offboard.cpython-312.pyc
/home/gp/Projects/interceptor-sim/ros2_px4_ws/install/px4_offboard/share/ament_index/resource_index/packages/px4_offboard
/home/gp/Projects/interceptor-sim/ros2_px4_ws/install/px4_offboard/share/px4_offboard/package.xml
/home/gp/Projects/interceptor-sim/ros2_px4_ws/install/px4_offboard/share/px4_offboard/launch/keyboard_teleop.launch.py
/home/gp/Projects/interceptor-sim/ros2_px4_ws/install/px4_offboard/share/px4_offboard/launch/joystick_teleop.launch.py
/home/gp/Projects/interceptor-sim/ros2_px4_ws/install/px4_offboard/share/px4_offboard/config/joy_config.yaml
/home/gp/Projects/interceptor-sim/ros2_px4_ws/install/px4_offboard/lib/python3.12/site-packages/px4_offboard-0.0.1-py3.12.egg-info/dependency_links.txt
/home/gp/Projects/interceptor-sim/ros2_px4_ws/install/px4_offboard/lib/python3.12/site-packages/px4_offboard-0.0.1-py3.12.egg-info/PKG-INFO
/home/gp/Projects/interceptor-sim/ros2_px4_ws/install/px4_offboard/lib/python3.12/site-packages/px4_offboard-0.0.1-py3.12.egg-info/requires.txt
/home/gp/Projects/interceptor-sim/ros2_px4_ws/install/px4_offboard/lib/python3.12/site-packages/px4_offboard-0.0.1-py3.12.egg-info/top_level.txt
/home/gp/Projects/interceptor-sim/ros2_px4_ws/install/px4_offboard/lib/python3.12/site-packages/px4_offboard-0.0.1-py3.12.egg-info/SOURCES.txt
/home/gp/Projects/interceptor-sim/ros2_px4_ws/install/px4_offboard/lib/python3.12/site-packages/px4_offboard-0.0.1-py3.12.egg-info/zip-safe
/home/gp/Projects/interceptor-sim/ros2_px4_ws/install/px4_offboard/lib/python3.12/site-packages/px4_offboard-0.0.1-py3.12.egg-info/entry_points.txt
/home/gp/Projects/interceptor-sim/ros2_px4_ws/install/px4_offboard/lib/px4_offboard/main_velocity_offboard.py
/home/gp/Projects/interceptor-sim/ros2_px4_ws/install/px4_offboard/lib/px4_offboard/position_offboard_control.py
