[1.345s] Invoking command in '/home/gp/Projects/interceptor-sim/ros2_px4_ws/src/BodyQuaternion': DEBUGINFOD_URLS=https://debuginfod.ubuntu.com PYTHONPATH=/home/gp/Projects/interceptor-sim/ros2_px4_ws/build/BodyQuaternion/prefix_override:/usr/lib/python3/dist-packages/colcon_core/task/python/colcon_distutils_commands:/home/gp/Projects/interceptor-sim/ros2_px4_ws/install/BodyQuaternion/lib/python3.12/site-packages:${PYTHONPATH} /usr/bin/python3 -W ignore:setup.py install is deprecated -W ignore:easy_install command is deprecated setup.py egg_info --egg-base ../../build/BodyQuaternion build --build-base /home/gp/Projects/interceptor-sim/ros2_px4_ws/build/BodyQuaternion/build install --record /home/gp/Projects/interceptor-sim/ros2_px4_ws/build/BodyQuaternion/install.log --install-scripts $base/lib/BodyQuaternion --single-version-externally-managed install_data
[1.591s] running egg_info
[1.607s] writing ../../build/BodyQuaternion/BodyQuaternion.egg-info/PKG-INFO
[1.607s] writing dependency_links to ../../build/BodyQuaternion/BodyQuaternion.egg-info/dependency_links.txt
[1.608s] writing entry points to ../../build/BodyQuaternion/BodyQuaternion.egg-info/entry_points.txt
[1.608s] writing requirements to ../../build/BodyQuaternion/BodyQuaternion.egg-info/requires.txt
[1.608s] writing top-level names to ../../build/BodyQuaternion/BodyQuaternion.egg-info/top_level.txt
[1.643s] reading manifest file '../../build/BodyQuaternion/BodyQuaternion.egg-info/SOURCES.txt'
[1.644s] writing manifest file '../../build/BodyQuaternion/BodyQuaternion.egg-info/SOURCES.txt'
[1.644s] running build
[1.644s] running build_py
[1.644s] copying BodyQuaternion/Attitude.py -> /home/gp/Projects/interceptor-sim/ros2_px4_ws/build/BodyQuaternion/build/lib/BodyQuaternion
[1.645s] running install
[1.651s] running install_lib
[1.669s] copying /home/gp/Projects/interceptor-sim/ros2_px4_ws/build/BodyQuaternion/build/lib/BodyQuaternion/Attitude.py -> /home/gp/Projects/interceptor-sim/ros2_px4_ws/install/BodyQuaternion/lib/python3.12/site-packages/BodyQuaternion
[1.669s] byte-compiling /home/gp/Projects/interceptor-sim/ros2_px4_ws/install/BodyQuaternion/lib/python3.12/site-packages/BodyQuaternion/Attitude.py to Attitude.cpython-312.pyc
[1.670s] running install_data
[1.670s] running install_egg_info
[1.690s] removing '/home/gp/Projects/interceptor-sim/ros2_px4_ws/install/BodyQuaternion/lib/python3.12/site-packages/BodyQuaternion-0.0.0-py3.12.egg-info' (and everything under it)
[1.690s] Copying ../../build/BodyQuaternion/BodyQuaternion.egg-info to /home/gp/Projects/interceptor-sim/ros2_px4_ws/install/BodyQuaternion/lib/python3.12/site-packages/BodyQuaternion-0.0.0-py3.12.egg-info
[1.691s] running install_scripts
[1.966s] Installing Attitude script to /home/gp/Projects/interceptor-sim/ros2_px4_ws/install/BodyQuaternion/lib/BodyQuaternion
[1.967s] writing list of installed files to '/home/gp/Projects/interceptor-sim/ros2_px4_ws/build/BodyQuaternion/install.log'
[2.025s] Invoked command in '/home/gp/Projects/interceptor-sim/ros2_px4_ws/src/BodyQuaternion' returned '0': DEBUGINFOD_URLS=https://debuginfod.ubuntu.com PYTHONPATH=/home/gp/Projects/interceptor-sim/ros2_px4_ws/build/BodyQuaternion/prefix_override:/usr/lib/python3/dist-packages/colcon_core/task/python/colcon_distutils_commands:/home/gp/Projects/interceptor-sim/ros2_px4_ws/install/BodyQuaternion/lib/python3.12/site-packages:${PYTHONPATH} /usr/bin/python3 -W ignore:setup.py install is deprecated -W ignore:easy_install command is deprecated setup.py egg_info --egg-base ../../build/BodyQuaternion build --build-base /home/gp/Projects/interceptor-sim/ros2_px4_ws/build/BodyQuaternion/build install --record /home/gp/Projects/interceptor-sim/ros2_px4_ws/build/BodyQuaternion/install.log --install-scripts $base/lib/BodyQuaternion --single-version-externally-managed install_data
