[0.158s] DEBUG:colcon:Command line arguments: ['/usr/bin/colcon', 'build']
[0.158s] DEBUG:colcon:Parsed command line arguments: Namespace(log_base=None, log_level=None, verb_name='build', build_base='build', install_base='install', merge_install=False, symlink_install=False, test_result_base=None, continue_on_error=False, executor='parallel', parallel_workers=16, event_handlers=None, ignore_user_meta=False, metas=['./colcon.meta'], base_paths=['.'], packages_ignore=None, packages_ignore_regex=None, paths=None, packages_up_to=None, packages_up_to_regex=None, packages_above=None, packages_above_and_dependencies=None, packages_above_depth=None, packages_select_by_dep=None, packages_skip_by_dep=None, packages_skip_up_to=None, packages_select_build_failed=False, packages_skip_build_finished=False, packages_select_test_failures=False, packages_skip_test_passed=False, packages_select=None, packages_skip=None, packages_select_regex=None, packages_skip_regex=None, packages_start=None, packages_end=None, allow_overriding=[], cmake_args=None, cmake_target=None, cmake_target_skip_unavailable=False, cmake_clean_cache=False, cmake_clean_first=False, cmake_force_configure=False, ament_cmake_args=None, catkin_cmake_args=None, catkin_skip_building_tests=False, mixin_files=None, mixin=None, verb_parser=<colcon_mixin.mixin.mixin_argument.MixinArgumentDecorator object at 0x7bb985d374d0>, verb_extension=<colcon_core.verb.build.BuildVerb object at 0x7bb985d36de0>, main=<bound method BuildVerb.main of <colcon_core.verb.build.BuildVerb object at 0x7bb985d36de0>>, mixin_verb=('build',))
[0.209s] Level 1:colcon.colcon_core.package_discovery:discover_packages(colcon_meta) check parameters
[0.209s] Level 1:colcon.colcon_core.package_discovery:discover_packages(recursive) check parameters
[0.209s] Level 1:colcon.colcon_core.package_discovery:discover_packages(ignore) check parameters
[0.209s] Level 1:colcon.colcon_core.package_discovery:discover_packages(path) check parameters
[0.209s] Level 1:colcon.colcon_core.package_discovery:discover_packages(colcon_meta) discover
[0.209s] Level 1:colcon.colcon_core.package_discovery:discover_packages(recursive) discover
[0.209s] INFO:colcon.colcon_core.package_discovery:Crawling recursively for packages in '/home/gp/Projects/interceptor-sim/ros2_px4_ws'
[0.209s] Level 1:colcon.colcon_core.package_identification:_identify(.) by extensions ['ignore', 'ignore_ament_install']
[0.209s] Level 1:colcon.colcon_core.package_identification:_identify(.) by extension 'ignore'
[0.209s] Level 1:colcon.colcon_core.package_identification:_identify(.) by extension 'ignore_ament_install'
[0.209s] Level 1:colcon.colcon_core.package_identification:_identify(.) by extensions ['colcon_pkg']
[0.209s] Level 1:colcon.colcon_core.package_identification:_identify(.) by extension 'colcon_pkg'
[0.210s] Level 1:colcon.colcon_core.package_identification:_identify(.) by extensions ['colcon_meta']
[0.210s] Level 1:colcon.colcon_core.package_identification:_identify(.) by extension 'colcon_meta'
[0.210s] Level 1:colcon.colcon_core.package_identification:_identify(.) by extensions ['ros']
[0.210s] Level 1:colcon.colcon_core.package_identification:_identify(.) by extension 'ros'
[0.237s] Level 1:colcon.colcon_core.package_identification:_identify(.) by extensions ['cmake', 'python']
[0.237s] Level 1:colcon.colcon_core.package_identification:_identify(.) by extension 'cmake'
[0.237s] Level 1:colcon.colcon_core.package_identification:_identify(.) by extension 'python'
[0.237s] Level 1:colcon.colcon_core.package_identification:_identify(.) by extensions ['python_setup_py']
[0.237s] Level 1:colcon.colcon_core.package_identification:_identify(.) by extension 'python_setup_py'
[0.237s] Level 1:colcon.colcon_core.package_identification:_identify(build) by extensions ['ignore', 'ignore_ament_install']
[0.237s] Level 1:colcon.colcon_core.package_identification:_identify(build) by extension 'ignore'
[0.237s] Level 1:colcon.colcon_core.package_identification:_identify(build) ignored
[0.237s] Level 1:colcon.colcon_core.package_identification:_identify(install) by extensions ['ignore', 'ignore_ament_install']
[0.237s] Level 1:colcon.colcon_core.package_identification:_identify(install) by extension 'ignore'
[0.237s] Level 1:colcon.colcon_core.package_identification:_identify(install) ignored
[0.237s] Level 1:colcon.colcon_core.package_identification:_identify(log) by extensions ['ignore', 'ignore_ament_install']
[0.237s] Level 1:colcon.colcon_core.package_identification:_identify(log) by extension 'ignore'
[0.237s] Level 1:colcon.colcon_core.package_identification:_identify(log) ignored
[0.237s] Level 1:colcon.colcon_core.package_identification:_identify(src) by extensions ['ignore', 'ignore_ament_install']
[0.237s] Level 1:colcon.colcon_core.package_identification:_identify(src) by extension 'ignore'
[0.238s] Level 1:colcon.colcon_core.package_identification:_identify(src) by extension 'ignore_ament_install'
[0.238s] Level 1:colcon.colcon_core.package_identification:_identify(src) by extensions ['colcon_pkg']
[0.238s] Level 1:colcon.colcon_core.package_identification:_identify(src) by extension 'colcon_pkg'
[0.238s] Level 1:colcon.colcon_core.package_identification:_identify(src) by extensions ['colcon_meta']
[0.238s] Level 1:colcon.colcon_core.package_identification:_identify(src) by extension 'colcon_meta'
[0.238s] Level 1:colcon.colcon_core.package_identification:_identify(src) by extensions ['ros']
[0.238s] Level 1:colcon.colcon_core.package_identification:_identify(src) by extension 'ros'
[0.238s] Level 1:colcon.colcon_core.package_identification:_identify(src) by extensions ['cmake', 'python']
[0.238s] Level 1:colcon.colcon_core.package_identification:_identify(src) by extension 'cmake'
[0.238s] Level 1:colcon.colcon_core.package_identification:_identify(src) by extension 'python'
[0.238s] Level 1:colcon.colcon_core.package_identification:_identify(src) by extensions ['python_setup_py']
[0.238s] Level 1:colcon.colcon_core.package_identification:_identify(src) by extension 'python_setup_py'
[0.238s] Level 1:colcon.colcon_core.package_identification:_identify(src/BodyQuaternion) by extensions ['ignore', 'ignore_ament_install']
[0.238s] Level 1:colcon.colcon_core.package_identification:_identify(src/BodyQuaternion) by extension 'ignore'
[0.238s] Level 1:colcon.colcon_core.package_identification:_identify(src/BodyQuaternion) by extension 'ignore_ament_install'
[0.238s] Level 1:colcon.colcon_core.package_identification:_identify(src/BodyQuaternion) by extensions ['colcon_pkg']
[0.238s] Level 1:colcon.colcon_core.package_identification:_identify(src/BodyQuaternion) by extension 'colcon_pkg'
[0.238s] Level 1:colcon.colcon_core.package_identification:_identify(src/BodyQuaternion) by extensions ['colcon_meta']
[0.238s] Level 1:colcon.colcon_core.package_identification:_identify(src/BodyQuaternion) by extension 'colcon_meta'
[0.238s] Level 1:colcon.colcon_core.package_identification:_identify(src/BodyQuaternion) by extensions ['ros']
[0.238s] Level 1:colcon.colcon_core.package_identification:_identify(src/BodyQuaternion) by extension 'ros'
[0.241s] DEBUG:colcon.colcon_core.package_identification:Package 'src/BodyQuaternion' with type 'ros.ament_python' and name 'BodyQuaternion'
[0.241s] Level 1:colcon.colcon_core.package_identification:_identify(src/interceptor_bringup) by extensions ['ignore', 'ignore_ament_install']
[0.241s] Level 1:colcon.colcon_core.package_identification:_identify(src/interceptor_bringup) by extension 'ignore'
[0.241s] Level 1:colcon.colcon_core.package_identification:_identify(src/interceptor_bringup) by extension 'ignore_ament_install'
[0.241s] Level 1:colcon.colcon_core.package_identification:_identify(src/interceptor_bringup) by extensions ['colcon_pkg']
[0.241s] Level 1:colcon.colcon_core.package_identification:_identify(src/interceptor_bringup) by extension 'colcon_pkg'
[0.241s] Level 1:colcon.colcon_core.package_identification:_identify(src/interceptor_bringup) by extensions ['colcon_meta']
[0.241s] Level 1:colcon.colcon_core.package_identification:_identify(src/interceptor_bringup) by extension 'colcon_meta'
[0.241s] Level 1:colcon.colcon_core.package_identification:_identify(src/interceptor_bringup) by extensions ['ros']
[0.241s] Level 1:colcon.colcon_core.package_identification:_identify(src/interceptor_bringup) by extension 'ros'
[0.242s] DEBUG:colcon.colcon_core.package_identification:Package 'src/interceptor_bringup' with type 'ros.ament_python' and name 'interceptor_bringup'
[0.242s] Level 1:colcon.colcon_core.package_identification:_identify(src/interceptor_vision) by extensions ['ignore', 'ignore_ament_install']
[0.242s] Level 1:colcon.colcon_core.package_identification:_identify(src/interceptor_vision) by extension 'ignore'
[0.242s] Level 1:colcon.colcon_core.package_identification:_identify(src/interceptor_vision) by extension 'ignore_ament_install'
[0.242s] Level 1:colcon.colcon_core.package_identification:_identify(src/interceptor_vision) by extensions ['colcon_pkg']
[0.242s] Level 1:colcon.colcon_core.package_identification:_identify(src/interceptor_vision) by extension 'colcon_pkg'
[0.242s] Level 1:colcon.colcon_core.package_identification:_identify(src/interceptor_vision) by extensions ['colcon_meta']
[0.242s] Level 1:colcon.colcon_core.package_identification:_identify(src/interceptor_vision) by extension 'colcon_meta'
[0.242s] Level 1:colcon.colcon_core.package_identification:_identify(src/interceptor_vision) by extensions ['ros']
[0.242s] Level 1:colcon.colcon_core.package_identification:_identify(src/interceptor_vision) by extension 'ros'
[0.243s] DEBUG:colcon.colcon_core.package_identification:Package 'src/interceptor_vision' with type 'ros.ament_python' and name 'interceptor_vision'
[0.243s] Level 1:colcon.colcon_core.package_identification:_identify(src/launch) by extensions ['ignore', 'ignore_ament_install']
[0.243s] Level 1:colcon.colcon_core.package_identification:_identify(src/launch) by extension 'ignore'
[0.243s] Level 1:colcon.colcon_core.package_identification:_identify(src/launch) by extension 'ignore_ament_install'
[0.243s] Level 1:colcon.colcon_core.package_identification:_identify(src/launch) by extensions ['colcon_pkg']
[0.243s] Level 1:colcon.colcon_core.package_identification:_identify(src/launch) by extension 'colcon_pkg'
[0.243s] Level 1:colcon.colcon_core.package_identification:_identify(src/launch) by extensions ['colcon_meta']
[0.243s] Level 1:colcon.colcon_core.package_identification:_identify(src/launch) by extension 'colcon_meta'
[0.243s] Level 1:colcon.colcon_core.package_identification:_identify(src/launch) by extensions ['ros']
[0.243s] Level 1:colcon.colcon_core.package_identification:_identify(src/launch) by extension 'ros'
[0.243s] Level 1:colcon.colcon_core.package_identification:_identify(src/launch) by extensions ['cmake', 'python']
[0.243s] Level 1:colcon.colcon_core.package_identification:_identify(src/launch) by extension 'cmake'
[0.243s] Level 1:colcon.colcon_core.package_identification:_identify(src/launch) by extension 'python'
[0.243s] Level 1:colcon.colcon_core.package_identification:_identify(src/launch) by extensions ['python_setup_py']
[0.243s] Level 1:colcon.colcon_core.package_identification:_identify(src/launch) by extension 'python_setup_py'
[0.243s] Level 1:colcon.colcon_core.package_identification:_identify(src/px4_gz_markers) by extensions ['ignore', 'ignore_ament_install']
[0.243s] Level 1:colcon.colcon_core.package_identification:_identify(src/px4_gz_markers) by extension 'ignore'
[0.243s] Level 1:colcon.colcon_core.package_identification:_identify(src/px4_gz_markers) by extension 'ignore_ament_install'
[0.243s] Level 1:colcon.colcon_core.package_identification:_identify(src/px4_gz_markers) by extensions ['colcon_pkg']
[0.243s] Level 1:colcon.colcon_core.package_identification:_identify(src/px4_gz_markers) by extension 'colcon_pkg'
[0.243s] Level 1:colcon.colcon_core.package_identification:_identify(src/px4_gz_markers) by extensions ['colcon_meta']
[0.243s] Level 1:colcon.colcon_core.package_identification:_identify(src/px4_gz_markers) by extension 'colcon_meta'
[0.243s] Level 1:colcon.colcon_core.package_identification:_identify(src/px4_gz_markers) by extensions ['ros']
[0.243s] Level 1:colcon.colcon_core.package_identification:_identify(src/px4_gz_markers) by extension 'ros'
[0.244s] DEBUG:colcon.colcon_core.package_identification:Package 'src/px4_gz_markers' with type 'ros.ament_cmake' and name 'px4_gz_markers'
[0.244s] Level 1:colcon.colcon_core.package_identification:_identify(src/px4_msgs) by extensions ['ignore', 'ignore_ament_install']
[0.244s] Level 1:colcon.colcon_core.package_identification:_identify(src/px4_msgs) by extension 'ignore'
[0.244s] Level 1:colcon.colcon_core.package_identification:_identify(src/px4_msgs) by extension 'ignore_ament_install'
[0.244s] Level 1:colcon.colcon_core.package_identification:_identify(src/px4_msgs) by extensions ['colcon_pkg']
[0.244s] Level 1:colcon.colcon_core.package_identification:_identify(src/px4_msgs) by extension 'colcon_pkg'
[0.244s] Level 1:colcon.colcon_core.package_identification:_identify(src/px4_msgs) by extensions ['colcon_meta']
[0.244s] Level 1:colcon.colcon_core.package_identification:_identify(src/px4_msgs) by extension 'colcon_meta'
[0.244s] Level 1:colcon.colcon_core.package_identification:_identify(src/px4_msgs) by extensions ['ros']
[0.244s] Level 1:colcon.colcon_core.package_identification:_identify(src/px4_msgs) by extension 'ros'
[0.245s] DEBUG:colcon.colcon_core.package_identification:Package 'src/px4_msgs' with type 'ros.ament_cmake' and name 'px4_msgs'
[0.245s] Level 1:colcon.colcon_core.package_identification:_identify(src/px4_offboard) by extensions ['ignore', 'ignore_ament_install']
[0.245s] Level 1:colcon.colcon_core.package_identification:_identify(src/px4_offboard) by extension 'ignore'
[0.245s] Level 1:colcon.colcon_core.package_identification:_identify(src/px4_offboard) by extension 'ignore_ament_install'
[0.245s] Level 1:colcon.colcon_core.package_identification:_identify(src/px4_offboard) by extensions ['colcon_pkg']
[0.245s] Level 1:colcon.colcon_core.package_identification:_identify(src/px4_offboard) by extension 'colcon_pkg'
[0.245s] Level 1:colcon.colcon_core.package_identification:_identify(src/px4_offboard) by extensions ['colcon_meta']
[0.245s] Level 1:colcon.colcon_core.package_identification:_identify(src/px4_offboard) by extension 'colcon_meta'
[0.245s] Level 1:colcon.colcon_core.package_identification:_identify(src/px4_offboard) by extensions ['ros']
[0.245s] Level 1:colcon.colcon_core.package_identification:_identify(src/px4_offboard) by extension 'ros'
[0.246s] DEBUG:colcon.colcon_core.package_identification:Package 'src/px4_offboard' with type 'ros.ament_python' and name 'px4_offboard'
[0.246s] Level 1:colcon.colcon_core.package_discovery:discover_packages(recursive) using defaults
[0.246s] Level 1:colcon.colcon_core.package_discovery:discover_packages(ignore) discover
[0.246s] Level 1:colcon.colcon_core.package_discovery:discover_packages(ignore) using defaults
[0.246s] Level 1:colcon.colcon_core.package_discovery:discover_packages(path) discover
[0.246s] Level 1:colcon.colcon_core.package_discovery:discover_packages(path) using defaults
[0.268s] Level 1:colcon.colcon_core.package_discovery:discover_packages(prefix_path) check parameters
[0.268s] Level 1:colcon.colcon_core.package_discovery:discover_packages(prefix_path) discover
[0.270s] DEBUG:colcon.colcon_installed_package_information.package_discovery:Found 167 installed packages in /opt/ros/jazzy
[0.271s] Level 1:colcon.colcon_core.package_discovery:discover_packages(prefix_path) using defaults
[0.290s] Level 5:colcon.colcon_core.verb:set package 'BodyQuaternion' build argument 'cmake_args' from command line to 'None'
[0.290s] Level 5:colcon.colcon_core.verb:set package 'BodyQuaternion' build argument 'cmake_target' from command line to 'None'
[0.290s] Level 5:colcon.colcon_core.verb:set package 'BodyQuaternion' build argument 'cmake_target_skip_unavailable' from command line to 'False'
[0.290s] Level 5:colcon.colcon_core.verb:set package 'BodyQuaternion' build argument 'cmake_clean_cache' from command line to 'False'
[0.290s] Level 5:colcon.colcon_core.verb:set package 'BodyQuaternion' build argument 'cmake_clean_first' from command line to 'False'
[0.290s] Level 5:colcon.colcon_core.verb:set package 'BodyQuaternion' build argument 'cmake_force_configure' from command line to 'False'
[0.290s] Level 5:colcon.colcon_core.verb:set package 'BodyQuaternion' build argument 'ament_cmake_args' from command line to 'None'
[0.290s] Level 5:colcon.colcon_core.verb:set package 'BodyQuaternion' build argument 'catkin_cmake_args' from command line to 'None'
[0.290s] Level 5:colcon.colcon_core.verb:set package 'BodyQuaternion' build argument 'catkin_skip_building_tests' from command line to 'False'
[0.290s] DEBUG:colcon.colcon_core.verb:Building package 'BodyQuaternion' with the following arguments: {'ament_cmake_args': None, 'build_base': '/home/gp/Projects/interceptor-sim/ros2_px4_ws/build/BodyQuaternion', 'catkin_cmake_args': None, 'catkin_skip_building_tests': False, 'cmake_args': None, 'cmake_clean_cache': False, 'cmake_clean_first': False, 'cmake_force_configure': False, 'cmake_target': None, 'cmake_target_skip_unavailable': False, 'install_base': '/home/gp/Projects/interceptor-sim/ros2_px4_ws/install/BodyQuaternion', 'merge_install': False, 'path': '/home/gp/Projects/interceptor-sim/ros2_px4_ws/src/BodyQuaternion', 'symlink_install': False, 'test_result_base': None}
[0.290s] Level 5:colcon.colcon_core.verb:set package 'interceptor_bringup' build argument 'cmake_args' from command line to 'None'
[0.290s] Level 5:colcon.colcon_core.verb:set package 'interceptor_bringup' build argument 'cmake_target' from command line to 'None'
[0.290s] Level 5:colcon.colcon_core.verb:set package 'interceptor_bringup' build argument 'cmake_target_skip_unavailable' from command line to 'False'
[0.290s] Level 5:colcon.colcon_core.verb:set package 'interceptor_bringup' build argument 'cmake_clean_cache' from command line to 'False'
[0.290s] Level 5:colcon.colcon_core.verb:set package 'interceptor_bringup' build argument 'cmake_clean_first' from command line to 'False'
[0.290s] Level 5:colcon.colcon_core.verb:set package 'interceptor_bringup' build argument 'cmake_force_configure' from command line to 'False'
[0.290s] Level 5:colcon.colcon_core.verb:set package 'interceptor_bringup' build argument 'ament_cmake_args' from command line to 'None'
[0.290s] Level 5:colcon.colcon_core.verb:set package 'interceptor_bringup' build argument 'catkin_cmake_args' from command line to 'None'
[0.290s] Level 5:colcon.colcon_core.verb:set package 'interceptor_bringup' build argument 'catkin_skip_building_tests' from command line to 'False'
[0.290s] DEBUG:colcon.colcon_core.verb:Building package 'interceptor_bringup' with the following arguments: {'ament_cmake_args': None, 'build_base': '/home/gp/Projects/interceptor-sim/ros2_px4_ws/build/interceptor_bringup', 'catkin_cmake_args': None, 'catkin_skip_building_tests': False, 'cmake_args': None, 'cmake_clean_cache': False, 'cmake_clean_first': False, 'cmake_force_configure': False, 'cmake_target': None, 'cmake_target_skip_unavailable': False, 'install_base': '/home/gp/Projects/interceptor-sim/ros2_px4_ws/install/interceptor_bringup', 'merge_install': False, 'path': '/home/gp/Projects/interceptor-sim/ros2_px4_ws/src/interceptor_bringup', 'symlink_install': False, 'test_result_base': None}
[0.291s] Level 5:colcon.colcon_core.verb:set package 'interceptor_vision' build argument 'cmake_args' from command line to 'None'
[0.291s] Level 5:colcon.colcon_core.verb:set package 'interceptor_vision' build argument 'cmake_target' from command line to 'None'
[0.291s] Level 5:colcon.colcon_core.verb:set package 'interceptor_vision' build argument 'cmake_target_skip_unavailable' from command line to 'False'
[0.291s] Level 5:colcon.colcon_core.verb:set package 'interceptor_vision' build argument 'cmake_clean_cache' from command line to 'False'
[0.291s] Level 5:colcon.colcon_core.verb:set package 'interceptor_vision' build argument 'cmake_clean_first' from command line to 'False'
[0.291s] Level 5:colcon.colcon_core.verb:set package 'interceptor_vision' build argument 'cmake_force_configure' from command line to 'False'
[0.291s] Level 5:colcon.colcon_core.verb:set package 'interceptor_vision' build argument 'ament_cmake_args' from command line to 'None'
[0.291s] Level 5:colcon.colcon_core.verb:set package 'interceptor_vision' build argument 'catkin_cmake_args' from command line to 'None'
[0.291s] Level 5:colcon.colcon_core.verb:set package 'interceptor_vision' build argument 'catkin_skip_building_tests' from command line to 'False'
[0.291s] DEBUG:colcon.colcon_core.verb:Building package 'interceptor_vision' with the following arguments: {'ament_cmake_args': None, 'build_base': '/home/gp/Projects/interceptor-sim/ros2_px4_ws/build/interceptor_vision', 'catkin_cmake_args': None, 'catkin_skip_building_tests': False, 'cmake_args': None, 'cmake_clean_cache': False, 'cmake_clean_first': False, 'cmake_force_configure': False, 'cmake_target': None, 'cmake_target_skip_unavailable': False, 'install_base': '/home/gp/Projects/interceptor-sim/ros2_px4_ws/install/interceptor_vision', 'merge_install': False, 'path': '/home/gp/Projects/interceptor-sim/ros2_px4_ws/src/interceptor_vision', 'symlink_install': False, 'test_result_base': None}
[0.291s] Level 5:colcon.colcon_core.verb:set package 'px4_msgs' build argument 'cmake_args' from command line to 'None'
[0.291s] Level 5:colcon.colcon_core.verb:set package 'px4_msgs' build argument 'cmake_target' from command line to 'None'
[0.291s] Level 5:colcon.colcon_core.verb:set package 'px4_msgs' build argument 'cmake_target_skip_unavailable' from command line to 'False'
[0.291s] Level 5:colcon.colcon_core.verb:set package 'px4_msgs' build argument 'cmake_clean_cache' from command line to 'False'
[0.291s] Level 5:colcon.colcon_core.verb:set package 'px4_msgs' build argument 'cmake_clean_first' from command line to 'False'
[0.291s] Level 5:colcon.colcon_core.verb:set package 'px4_msgs' build argument 'cmake_force_configure' from command line to 'False'
[0.291s] Level 5:colcon.colcon_core.verb:set package 'px4_msgs' build argument 'ament_cmake_args' from command line to 'None'
[0.291s] Level 5:colcon.colcon_core.verb:set package 'px4_msgs' build argument 'catkin_cmake_args' from command line to 'None'
[0.291s] Level 5:colcon.colcon_core.verb:set package 'px4_msgs' build argument 'catkin_skip_building_tests' from command line to 'False'
[0.291s] DEBUG:colcon.colcon_core.verb:Building package 'px4_msgs' with the following arguments: {'ament_cmake_args': None, 'build_base': '/home/gp/Projects/interceptor-sim/ros2_px4_ws/build/px4_msgs', 'catkin_cmake_args': None, 'catkin_skip_building_tests': False, 'cmake_args': None, 'cmake_clean_cache': False, 'cmake_clean_first': False, 'cmake_force_configure': False, 'cmake_target': None, 'cmake_target_skip_unavailable': False, 'install_base': '/home/gp/Projects/interceptor-sim/ros2_px4_ws/install/px4_msgs', 'merge_install': False, 'path': '/home/gp/Projects/interceptor-sim/ros2_px4_ws/src/px4_msgs', 'symlink_install': False, 'test_result_base': None}
[0.291s] Level 5:colcon.colcon_core.verb:set package 'px4_offboard' build argument 'cmake_args' from command line to 'None'
[0.291s] Level 5:colcon.colcon_core.verb:set package 'px4_offboard' build argument 'cmake_target' from command line to 'None'
[0.291s] Level 5:colcon.colcon_core.verb:set package 'px4_offboard' build argument 'cmake_target_skip_unavailable' from command line to 'False'
[0.291s] Level 5:colcon.colcon_core.verb:set package 'px4_offboard' build argument 'cmake_clean_cache' from command line to 'False'
[0.291s] Level 5:colcon.colcon_core.verb:set package 'px4_offboard' build argument 'cmake_clean_first' from command line to 'False'
[0.291s] Level 5:colcon.colcon_core.verb:set package 'px4_offboard' build argument 'cmake_force_configure' from command line to 'False'
[0.291s] Level 5:colcon.colcon_core.verb:set package 'px4_offboard' build argument 'ament_cmake_args' from command line to 'None'
[0.291s] Level 5:colcon.colcon_core.verb:set package 'px4_offboard' build argument 'catkin_cmake_args' from command line to 'None'
[0.292s] Level 5:colcon.colcon_core.verb:set package 'px4_offboard' build argument 'catkin_skip_building_tests' from command line to 'False'
[0.292s] DEBUG:colcon.colcon_core.verb:Building package 'px4_offboard' with the following arguments: {'ament_cmake_args': None, 'build_base': '/home/gp/Projects/interceptor-sim/ros2_px4_ws/build/px4_offboard', 'catkin_cmake_args': None, 'catkin_skip_building_tests': False, 'cmake_args': None, 'cmake_clean_cache': False, 'cmake_clean_first': False, 'cmake_force_configure': False, 'cmake_target': None, 'cmake_target_skip_unavailable': False, 'install_base': '/home/gp/Projects/interceptor-sim/ros2_px4_ws/install/px4_offboard', 'merge_install': False, 'path': '/home/gp/Projects/interceptor-sim/ros2_px4_ws/src/px4_offboard', 'symlink_install': False, 'test_result_base': None}
[0.292s] Level 5:colcon.colcon_core.verb:set package 'px4_gz_markers' build argument 'cmake_args' from command line to 'None'
[0.292s] Level 5:colcon.colcon_core.verb:set package 'px4_gz_markers' build argument 'cmake_target' from command line to 'None'
[0.292s] Level 5:colcon.colcon_core.verb:set package 'px4_gz_markers' build argument 'cmake_target_skip_unavailable' from command line to 'False'
[0.292s] Level 5:colcon.colcon_core.verb:set package 'px4_gz_markers' build argument 'cmake_clean_cache' from command line to 'False'
[0.292s] Level 5:colcon.colcon_core.verb:set package 'px4_gz_markers' build argument 'cmake_clean_first' from command line to 'False'
[0.292s] Level 5:colcon.colcon_core.verb:set package 'px4_gz_markers' build argument 'cmake_force_configure' from command line to 'False'
[0.292s] Level 5:colcon.colcon_core.verb:set package 'px4_gz_markers' build argument 'ament_cmake_args' from command line to 'None'
[0.292s] Level 5:colcon.colcon_core.verb:set package 'px4_gz_markers' build argument 'catkin_cmake_args' from command line to 'None'
[0.292s] Level 5:colcon.colcon_core.verb:set package 'px4_gz_markers' build argument 'catkin_skip_building_tests' from command line to 'False'
[0.292s] DEBUG:colcon.colcon_core.verb:Building package 'px4_gz_markers' with the following arguments: {'ament_cmake_args': None, 'build_base': '/home/gp/Projects/interceptor-sim/ros2_px4_ws/build/px4_gz_markers', 'catkin_cmake_args': None, 'catkin_skip_building_tests': False, 'cmake_args': None, 'cmake_clean_cache': False, 'cmake_clean_first': False, 'cmake_force_configure': False, 'cmake_target': None, 'cmake_target_skip_unavailable': False, 'install_base': '/home/gp/Projects/interceptor-sim/ros2_px4_ws/install/px4_gz_markers', 'merge_install': False, 'path': '/home/gp/Projects/interceptor-sim/ros2_px4_ws/src/px4_gz_markers', 'symlink_install': False, 'test_result_base': None}
[0.292s] INFO:colcon.colcon_core.executor:Executing jobs using 'parallel' executor
[0.293s] DEBUG:colcon.colcon_parallel_executor.executor.parallel:run_until_complete
[0.293s] INFO:colcon.colcon_ros.task.ament_cmake.build:Building ROS package in '/home/gp/Projects/interceptor-sim/ros2_px4_ws/src/px4_msgs' with build type 'ament_cmake'
[0.293s] INFO:colcon.colcon_cmake.task.cmake.build:Building CMake package in '/home/gp/Projects/interceptor-sim/ros2_px4_ws/src/px4_msgs'
[0.295s] INFO:colcon.colcon_core.plugin_system:Skipping extension 'colcon_core.shell.bat': Not used on non-Windows systems
[0.295s] INFO:colcon.colcon_core.shell:Skip shell extension 'powershell' for command environment: Not usable outside of PowerShell
[0.295s] DEBUG:colcon.colcon_core.shell:Skip shell extension 'dsv' for command environment
[0.297s] INFO:colcon.colcon_ros.task.ament_python.build:Building ROS package in '/home/gp/Projects/interceptor-sim/ros2_px4_ws/src/BodyQuaternion' with build type 'ament_python'
[0.297s] Level 1:colcon.colcon_core.shell:create_environment_hook('BodyQuaternion', 'ament_prefix_path')
[0.298s] INFO:colcon.colcon_core.shell:Creating environment hook '/home/gp/Projects/interceptor-sim/ros2_px4_ws/install/BodyQuaternion/share/BodyQuaternion/hook/ament_prefix_path.ps1'
[0.299s] INFO:colcon.colcon_core.shell:Creating environment descriptor '/home/gp/Projects/interceptor-sim/ros2_px4_ws/install/BodyQuaternion/share/BodyQuaternion/hook/ament_prefix_path.dsv'
[0.300s] INFO:colcon.colcon_core.shell:Creating environment hook '/home/gp/Projects/interceptor-sim/ros2_px4_ws/install/BodyQuaternion/share/BodyQuaternion/hook/ament_prefix_path.sh'
[0.301s] INFO:colcon.colcon_core.shell:Skip shell extension 'powershell' for command environment: Not usable outside of PowerShell
[0.301s] DEBUG:colcon.colcon_core.shell:Skip shell extension 'dsv' for command environment
[0.302s] INFO:colcon.colcon_ros.task.ament_python.build:Building ROS package in '/home/gp/Projects/interceptor-sim/ros2_px4_ws/src/interceptor_bringup' with build type 'ament_python'
[0.302s] Level 1:colcon.colcon_core.shell:create_environment_hook('interceptor_bringup', 'ament_prefix_path')
[0.302s] INFO:colcon.colcon_core.shell:Creating environment hook '/home/gp/Projects/interceptor-sim/ros2_px4_ws/install/interceptor_bringup/share/interceptor_bringup/hook/ament_prefix_path.ps1'
[0.303s] INFO:colcon.colcon_core.shell:Creating environment descriptor '/home/gp/Projects/interceptor-sim/ros2_px4_ws/install/interceptor_bringup/share/interceptor_bringup/hook/ament_prefix_path.dsv'
[0.303s] INFO:colcon.colcon_core.shell:Creating environment hook '/home/gp/Projects/interceptor-sim/ros2_px4_ws/install/interceptor_bringup/share/interceptor_bringup/hook/ament_prefix_path.sh'
[0.303s] INFO:colcon.colcon_core.shell:Skip shell extension 'powershell' for command environment: Not usable outside of PowerShell
[0.303s] DEBUG:colcon.colcon_core.shell:Skip shell extension 'dsv' for command environment
[0.305s] INFO:colcon.colcon_ros.task.ament_python.build:Building ROS package in '/home/gp/Projects/interceptor-sim/ros2_px4_ws/src/interceptor_vision' with build type 'ament_python'
[0.305s] Level 1:colcon.colcon_core.shell:create_environment_hook('interceptor_vision', 'ament_prefix_path')
[0.305s] INFO:colcon.colcon_core.shell:Creating environment hook '/home/gp/Projects/interceptor-sim/ros2_px4_ws/install/interceptor_vision/share/interceptor_vision/hook/ament_prefix_path.ps1'
[0.305s] INFO:colcon.colcon_core.shell:Creating environment descriptor '/home/gp/Projects/interceptor-sim/ros2_px4_ws/install/interceptor_vision/share/interceptor_vision/hook/ament_prefix_path.dsv'
[0.306s] INFO:colcon.colcon_core.shell:Creating environment hook '/home/gp/Projects/interceptor-sim/ros2_px4_ws/install/interceptor_vision/share/interceptor_vision/hook/ament_prefix_path.sh'
[0.306s] INFO:colcon.colcon_core.shell:Skip shell extension 'powershell' for command environment: Not usable outside of PowerShell
[0.306s] DEBUG:colcon.colcon_core.shell:Skip shell extension 'dsv' for command environment
[0.307s] INFO:colcon.colcon_ros.task.ament_python.build:Building ROS package in '/home/gp/Projects/interceptor-sim/ros2_px4_ws/src/px4_offboard' with build type 'ament_python'
[0.307s] Level 1:colcon.colcon_core.shell:create_environment_hook('px4_offboard', 'ament_prefix_path')
[0.308s] INFO:colcon.colcon_core.shell:Creating environment hook '/home/gp/Projects/interceptor-sim/ros2_px4_ws/install/px4_offboard/share/px4_offboard/hook/ament_prefix_path.ps1'
[0.308s] INFO:colcon.colcon_core.shell:Creating environment descriptor '/home/gp/Projects/interceptor-sim/ros2_px4_ws/install/px4_offboard/share/px4_offboard/hook/ament_prefix_path.dsv'
[0.308s] INFO:colcon.colcon_core.shell:Creating environment hook '/home/gp/Projects/interceptor-sim/ros2_px4_ws/install/px4_offboard/share/px4_offboard/hook/ament_prefix_path.sh'
[0.308s] INFO:colcon.colcon_core.shell:Skip shell extension 'powershell' for command environment: Not usable outside of PowerShell
[0.308s] DEBUG:colcon.colcon_core.shell:Skip shell extension 'dsv' for command environment
[0.314s] DEBUG:colcon.colcon_core.event_handler.log_command:Invoking command in '/home/gp/Projects/interceptor-sim/ros2_px4_ws/build/px4_msgs': CMAKE_PREFIX_PATH=${CMAKE_PREFIX_PATH}:/opt/ros/jazzy DEBUGINFOD_URLS=https://debuginfod.ubuntu.com /usr/bin/cmake --build /home/gp/Projects/interceptor-sim/ros2_px4_ws/build/px4_msgs -- -j16 -l16
[0.481s] INFO:colcon.colcon_core.task.python.build:Building Python package in '/home/gp/Projects/interceptor-sim/ros2_px4_ws/src/BodyQuaternion'
[0.482s] INFO:colcon.colcon_core.shell:Skip shell extension 'powershell' for command environment: Not usable outside of PowerShell
[0.482s] DEBUG:colcon.colcon_core.shell:Skip shell extension 'dsv' for command environment
[0.642s] INFO:colcon.colcon_core.task.python.build:Building Python package in '/home/gp/Projects/interceptor-sim/ros2_px4_ws/src/interceptor_bringup'
[0.643s] INFO:colcon.colcon_core.shell:Skip shell extension 'powershell' for command environment: Not usable outside of PowerShell
[0.643s] DEBUG:colcon.colcon_core.shell:Skip shell extension 'dsv' for command environment
[0.819s] INFO:colcon.colcon_core.task.python.build:Building Python package in '/home/gp/Projects/interceptor-sim/ros2_px4_ws/src/interceptor_vision'
[0.820s] INFO:colcon.colcon_core.shell:Skip shell extension 'powershell' for command environment: Not usable outside of PowerShell
[0.820s] DEBUG:colcon.colcon_core.shell:Skip shell extension 'dsv' for command environment
[0.982s] INFO:colcon.colcon_core.task.python.build:Building Python package in '/home/gp/Projects/interceptor-sim/ros2_px4_ws/src/px4_offboard'
[0.983s] INFO:colcon.colcon_core.shell:Skip shell extension 'powershell' for command environment: Not usable outside of PowerShell
[0.983s] DEBUG:colcon.colcon_core.shell:Skip shell extension 'dsv' for command environment
[1.910s] DEBUG:colcon.colcon_core.task.python.build:Available setuptools commands: install_scripts, sdist, update_catalog, install_egg_info, setopt, build_py, bdist, compile_catalog, build_ext, bdist_dumb, init_catalog, upload, install_lib, build_clib, dist_info, install_headers, build, bdist_wheel, extract_messages, easy_install, install, install_data, symlink_data, develop, rotate, upload_docs, bdist_rpm, check, editable_wheel, clean, test, alias, egg_info, build_scripts, bdist_egg, register, saveopts
[1.912s] DEBUG:colcon.colcon_core.event_handler.log_command:Invoking command in '/home/gp/Projects/interceptor-sim/ros2_px4_ws/src/interceptor_bringup': DEBUGINFOD_URLS=https://debuginfod.ubuntu.com PYTHONPATH=/home/gp/Projects/interceptor-sim/ros2_px4_ws/build/interceptor_bringup/prefix_override:/usr/lib/python3/dist-packages/colcon_core/task/python/colcon_distutils_commands:/home/gp/Projects/interceptor-sim/ros2_px4_ws/install/interceptor_bringup/lib/python3.12/site-packages:${PYTHONPATH} /usr/bin/python3 -W ignore:setup.py install is deprecated -W ignore:easy_install command is deprecated setup.py egg_info --egg-base ../../build/interceptor_bringup build --build-base /home/gp/Projects/interceptor-sim/ros2_px4_ws/build/interceptor_bringup/build install --record /home/gp/Projects/interceptor-sim/ros2_px4_ws/build/interceptor_bringup/install.log --install-scripts $base/lib/interceptor_bringup --single-version-externally-managed install_data
[1.913s] DEBUG:colcon.colcon_core.task.python.build:Available setuptools commands: install_scripts, sdist, update_catalog, install_egg_info, setopt, build_py, bdist, compile_catalog, build_ext, bdist_dumb, init_catalog, upload, install_lib, build_clib, dist_info, install_headers, build, bdist_wheel, extract_messages, easy_install, install, install_data, symlink_data, develop, rotate, upload_docs, bdist_rpm, check, editable_wheel, clean, test, alias, egg_info, build_scripts, bdist_egg, register, saveopts
[1.914s] DEBUG:colcon.colcon_core.task.python.build:Available setuptools commands: install_scripts, sdist, update_catalog, install_egg_info, setopt, build_py, bdist, compile_catalog, build_ext, bdist_dumb, init_catalog, upload, install_lib, build_clib, dist_info, install_headers, build, bdist_wheel, extract_messages, easy_install, install, install_data, symlink_data, develop, rotate, upload_docs, bdist_rpm, check, editable_wheel, clean, test, alias, egg_info, build_scripts, bdist_egg, register, saveopts
[1.914s] DEBUG:colcon.colcon_core.event_handler.log_command:Invoking command in '/home/gp/Projects/interceptor-sim/ros2_px4_ws/src/interceptor_vision': DEBUGINFOD_URLS=https://debuginfod.ubuntu.com PYTHONPATH=/home/gp/Projects/interceptor-sim/ros2_px4_ws/build/interceptor_vision/prefix_override:/usr/lib/python3/dist-packages/colcon_core/task/python/colcon_distutils_commands:/home/gp/Projects/interceptor-sim/ros2_px4_ws/install/interceptor_vision/lib/python3.12/site-packages:${PYTHONPATH} /usr/bin/python3 -W ignore:setup.py install is deprecated -W ignore:easy_install command is deprecated setup.py egg_info --egg-base ../../build/interceptor_vision build --build-base /home/gp/Projects/interceptor-sim/ros2_px4_ws/build/interceptor_vision/build install --record /home/gp/Projects/interceptor-sim/ros2_px4_ws/build/interceptor_vision/install.log --install-scripts $base/lib/interceptor_vision --single-version-externally-managed install_data
[1.916s] DEBUG:colcon.colcon_core.event_handler.log_command:Invoking command in '/home/gp/Projects/interceptor-sim/ros2_px4_ws/src/px4_offboard': DEBUGINFOD_URLS=https://debuginfod.ubuntu.com PYTHONPATH=/home/gp/Projects/interceptor-sim/ros2_px4_ws/build/px4_offboard/prefix_override:/usr/lib/python3/dist-packages/colcon_core/task/python/colcon_distutils_commands:/home/gp/Projects/interceptor-sim/ros2_px4_ws/install/px4_offboard/lib/python3.12/site-packages:${PYTHONPATH} /usr/bin/python3 -W ignore:setup.py install is deprecated -W ignore:easy_install command is deprecated setup.py egg_info --egg-base ../../build/px4_offboard build --build-base /home/gp/Projects/interceptor-sim/ros2_px4_ws/build/px4_offboard/build install --record /home/gp/Projects/interceptor-sim/ros2_px4_ws/build/px4_offboard/install.log --install-scripts $base/lib/px4_offboard --single-version-externally-managed install_data
[1.927s] DEBUG:colcon.colcon_core.task.python.build:Available setuptools commands: install_scripts, sdist, update_catalog, install_egg_info, setopt, build_py, bdist, compile_catalog, build_ext, bdist_dumb, init_catalog, upload, install_lib, build_clib, dist_info, install_headers, build, bdist_wheel, extract_messages, easy_install, install, install_data, symlink_data, develop, rotate, upload_docs, bdist_rpm, check, editable_wheel, clean, test, alias, egg_info, build_scripts, bdist_egg, register, saveopts
[1.930s] DEBUG:colcon.colcon_core.event_handler.log_command:Invoking command in '/home/gp/Projects/interceptor-sim/ros2_px4_ws/src/BodyQuaternion': DEBUGINFOD_URLS=https://debuginfod.ubuntu.com PYTHONPATH=/home/gp/Projects/interceptor-sim/ros2_px4_ws/build/BodyQuaternion/prefix_override:/usr/lib/python3/dist-packages/colcon_core/task/python/colcon_distutils_commands:/home/gp/Projects/interceptor-sim/ros2_px4_ws/install/BodyQuaternion/lib/python3.12/site-packages:${PYTHONPATH} /usr/bin/python3 -W ignore:setup.py install is deprecated -W ignore:easy_install command is deprecated setup.py egg_info --egg-base ../../build/BodyQuaternion build --build-base /home/gp/Projects/interceptor-sim/ros2_px4_ws/build/BodyQuaternion/build install --record /home/gp/Projects/interceptor-sim/ros2_px4_ws/build/BodyQuaternion/install.log --install-scripts $base/lib/BodyQuaternion --single-version-externally-managed install_data
[2.214s] DEBUG:colcon.colcon_core.event_handler.log_command:Invoked command in '/home/gp/Projects/interceptor-sim/ros2_px4_ws/build/px4_msgs' returned '0': CMAKE_PREFIX_PATH=${CMAKE_PREFIX_PATH}:/opt/ros/jazzy DEBUGINFOD_URLS=https://debuginfod.ubuntu.com /usr/bin/cmake --build /home/gp/Projects/interceptor-sim/ros2_px4_ws/build/px4_msgs -- -j16 -l16
[2.223s] DEBUG:colcon.colcon_core.event_handler.log_command:Invoking command in '/home/gp/Projects/interceptor-sim/ros2_px4_ws/build/px4_msgs': CMAKE_PREFIX_PATH=${CMAKE_PREFIX_PATH}:/opt/ros/jazzy DEBUGINFOD_URLS=https://debuginfod.ubuntu.com /usr/bin/cmake --install /home/gp/Projects/interceptor-sim/ros2_px4_ws/build/px4_msgs
[2.389s] Level 1:colcon.colcon_core.environment:checking '/home/gp/Projects/interceptor-sim/ros2_px4_ws/install/interceptor_vision' for CMake module files
[2.390s] Level 1:colcon.colcon_core.environment:checking '/home/gp/Projects/interceptor-sim/ros2_px4_ws/install/interceptor_vision' for CMake config files
[2.392s] Level 1:colcon.colcon_core.environment:checking '/home/gp/Projects/interceptor-sim/ros2_px4_ws/install/interceptor_vision/lib'
[2.393s] Level 1:colcon.colcon_core.environment:checking '/home/gp/Projects/interceptor-sim/ros2_px4_ws/install/interceptor_vision/bin'
[2.393s] Level 1:colcon.colcon_core.environment:checking '/home/gp/Projects/interceptor-sim/ros2_px4_ws/install/interceptor_vision/lib/pkgconfig/interceptor_vision.pc'
[2.393s] Level 1:colcon.colcon_core.environment:checking '/home/gp/Projects/interceptor-sim/ros2_px4_ws/install/interceptor_vision/lib/python3.12/site-packages'
[2.394s] Level 1:colcon.colcon_core.shell:create_environment_hook('interceptor_vision', 'pythonpath')
[2.394s] INFO:colcon.colcon_core.shell:Creating environment hook '/home/gp/Projects/interceptor-sim/ros2_px4_ws/install/interceptor_vision/share/interceptor_vision/hook/pythonpath.ps1'
[2.395s] INFO:colcon.colcon_core.shell:Creating environment descriptor '/home/gp/Projects/interceptor-sim/ros2_px4_ws/install/interceptor_vision/share/interceptor_vision/hook/pythonpath.dsv'
[2.395s] INFO:colcon.colcon_core.shell:Creating environment hook '/home/gp/Projects/interceptor-sim/ros2_px4_ws/install/interceptor_vision/share/interceptor_vision/hook/pythonpath.sh'
[2.396s] Level 1:colcon.colcon_core.environment:checking '/home/gp/Projects/interceptor-sim/ros2_px4_ws/install/interceptor_vision/bin'
[2.396s] Level 1:colcon.colcon_core.environment:create_environment_scripts_only(interceptor_vision)
[2.396s] INFO:colcon.colcon_core.shell:Creating package script '/home/gp/Projects/interceptor-sim/ros2_px4_ws/install/interceptor_vision/share/interceptor_vision/package.ps1'
[2.398s] INFO:colcon.colcon_core.shell:Creating package descriptor '/home/gp/Projects/interceptor-sim/ros2_px4_ws/install/interceptor_vision/share/interceptor_vision/package.dsv'
[2.399s] INFO:colcon.colcon_core.shell:Creating package script '/home/gp/Projects/interceptor-sim/ros2_px4_ws/install/interceptor_vision/share/interceptor_vision/package.sh'
[2.400s] INFO:colcon.colcon_core.shell:Creating package script '/home/gp/Projects/interceptor-sim/ros2_px4_ws/install/interceptor_vision/share/interceptor_vision/package.bash'
[2.401s] INFO:colcon.colcon_core.shell:Creating package script '/home/gp/Projects/interceptor-sim/ros2_px4_ws/install/interceptor_vision/share/interceptor_vision/package.zsh'
[2.402s] Level 1:colcon.colcon_core.environment:create_file_with_runtime_dependencies(/home/gp/Projects/interceptor-sim/ros2_px4_ws/install/interceptor_vision/share/colcon-core/packages/interceptor_vision)
[2.404s] Level 1:colcon.colcon_core.environment:checking '/home/gp/Projects/interceptor-sim/ros2_px4_ws/install/px4_offboard' for CMake module files
[2.405s] Level 1:colcon.colcon_core.environment:checking '/home/gp/Projects/interceptor-sim/ros2_px4_ws/install/px4_offboard' for CMake config files
[2.409s] Level 1:colcon.colcon_core.environment:checking '/home/gp/Projects/interceptor-sim/ros2_px4_ws/install/px4_offboard/lib'
[2.409s] Level 1:colcon.colcon_core.environment:checking '/home/gp/Projects/interceptor-sim/ros2_px4_ws/install/px4_offboard/bin'
[2.410s] Level 1:colcon.colcon_core.environment:checking '/home/gp/Projects/interceptor-sim/ros2_px4_ws/install/px4_offboard/lib/pkgconfig/px4_offboard.pc'
[2.410s] Level 1:colcon.colcon_core.environment:checking '/home/gp/Projects/interceptor-sim/ros2_px4_ws/install/px4_offboard/lib/python3.12/site-packages'
[2.410s] Level 1:colcon.colcon_core.shell:create_environment_hook('px4_offboard', 'pythonpath')
[2.410s] INFO:colcon.colcon_core.shell:Creating environment hook '/home/gp/Projects/interceptor-sim/ros2_px4_ws/install/px4_offboard/share/px4_offboard/hook/pythonpath.ps1'
[2.411s] INFO:colcon.colcon_core.shell:Creating environment descriptor '/home/gp/Projects/interceptor-sim/ros2_px4_ws/install/px4_offboard/share/px4_offboard/hook/pythonpath.dsv'
[2.412s] INFO:colcon.colcon_core.shell:Creating environment hook '/home/gp/Projects/interceptor-sim/ros2_px4_ws/install/px4_offboard/share/px4_offboard/hook/pythonpath.sh'
[2.413s] Level 1:colcon.colcon_core.environment:checking '/home/gp/Projects/interceptor-sim/ros2_px4_ws/install/px4_offboard/bin'
[2.413s] Level 1:colcon.colcon_core.environment:create_environment_scripts_only(px4_offboard)
[2.413s] INFO:colcon.colcon_core.shell:Creating package script '/home/gp/Projects/interceptor-sim/ros2_px4_ws/install/px4_offboard/share/px4_offboard/package.ps1'
[2.414s] INFO:colcon.colcon_core.shell:Creating package descriptor '/home/gp/Projects/interceptor-sim/ros2_px4_ws/install/px4_offboard/share/px4_offboard/package.dsv'
[2.415s] INFO:colcon.colcon_core.shell:Creating package script '/home/gp/Projects/interceptor-sim/ros2_px4_ws/install/px4_offboard/share/px4_offboard/package.sh'
[2.415s] INFO:colcon.colcon_core.shell:Creating package script '/home/gp/Projects/interceptor-sim/ros2_px4_ws/install/px4_offboard/share/px4_offboard/package.bash'
[2.416s] INFO:colcon.colcon_core.shell:Creating package script '/home/gp/Projects/interceptor-sim/ros2_px4_ws/install/px4_offboard/share/px4_offboard/package.zsh'
[2.416s] Level 1:colcon.colcon_core.environment:create_file_with_runtime_dependencies(/home/gp/Projects/interceptor-sim/ros2_px4_ws/install/px4_offboard/share/colcon-core/packages/px4_offboard)
[2.417s] Level 1:colcon.colcon_core.environment:checking '/home/gp/Projects/interceptor-sim/ros2_px4_ws/install/BodyQuaternion' for CMake module files
[2.418s] Level 1:colcon.colcon_core.environment:checking '/home/gp/Projects/interceptor-sim/ros2_px4_ws/install/BodyQuaternion' for CMake config files
[2.421s] Level 1:colcon.colcon_core.environment:checking '/home/gp/Projects/interceptor-sim/ros2_px4_ws/install/BodyQuaternion/lib'
[2.422s] Level 1:colcon.colcon_core.environment:checking '/home/gp/Projects/interceptor-sim/ros2_px4_ws/install/BodyQuaternion/bin'
[2.422s] Level 1:colcon.colcon_core.environment:checking '/home/gp/Projects/interceptor-sim/ros2_px4_ws/install/BodyQuaternion/lib/pkgconfig/BodyQuaternion.pc'
[2.422s] Level 1:colcon.colcon_core.environment:checking '/home/gp/Projects/interceptor-sim/ros2_px4_ws/install/BodyQuaternion/lib/python3.12/site-packages'
[2.422s] Level 1:colcon.colcon_core.shell:create_environment_hook('BodyQuaternion', 'pythonpath')
[2.422s] INFO:colcon.colcon_core.shell:Creating environment hook '/home/gp/Projects/interceptor-sim/ros2_px4_ws/install/BodyQuaternion/share/BodyQuaternion/hook/pythonpath.ps1'
[2.423s] INFO:colcon.colcon_core.shell:Creating environment descriptor '/home/gp/Projects/interceptor-sim/ros2_px4_ws/install/BodyQuaternion/share/BodyQuaternion/hook/pythonpath.dsv'
[2.424s] INFO:colcon.colcon_core.shell:Creating environment hook '/home/gp/Projects/interceptor-sim/ros2_px4_ws/install/BodyQuaternion/share/BodyQuaternion/hook/pythonpath.sh'
[2.425s] Level 1:colcon.colcon_core.environment:checking '/home/gp/Projects/interceptor-sim/ros2_px4_ws/install/BodyQuaternion/bin'
[2.425s] Level 1:colcon.colcon_core.environment:create_environment_scripts_only(BodyQuaternion)
[2.425s] INFO:colcon.colcon_core.shell:Creating package script '/home/gp/Projects/interceptor-sim/ros2_px4_ws/install/BodyQuaternion/share/BodyQuaternion/package.ps1'
[2.426s] INFO:colcon.colcon_core.shell:Creating package descriptor '/home/gp/Projects/interceptor-sim/ros2_px4_ws/install/BodyQuaternion/share/BodyQuaternion/package.dsv'
[2.427s] INFO:colcon.colcon_core.shell:Creating package script '/home/gp/Projects/interceptor-sim/ros2_px4_ws/install/BodyQuaternion/share/BodyQuaternion/package.sh'
[2.427s] INFO:colcon.colcon_core.shell:Creating package script '/home/gp/Projects/interceptor-sim/ros2_px4_ws/install/BodyQuaternion/share/BodyQuaternion/package.bash'
[2.428s] INFO:colcon.colcon_core.shell:Creating package script '/home/gp/Projects/interceptor-sim/ros2_px4_ws/install/BodyQuaternion/share/BodyQuaternion/package.zsh'
[2.428s] Level 1:colcon.colcon_core.environment:create_file_with_runtime_dependencies(/home/gp/Projects/interceptor-sim/ros2_px4_ws/install/BodyQuaternion/share/colcon-core/packages/BodyQuaternion)
[2.429s] Level 1:colcon.colcon_core.environment:checking '/home/gp/Projects/interceptor-sim/ros2_px4_ws/install/interceptor_bringup' for CMake module files
[2.430s] Level 1:colcon.colcon_core.environment:checking '/home/gp/Projects/interceptor-sim/ros2_px4_ws/install/interceptor_bringup' for CMake config files
[2.432s] Level 1:colcon.colcon_core.environment:checking '/home/gp/Projects/interceptor-sim/ros2_px4_ws/install/interceptor_bringup/lib'
[2.432s] Level 1:colcon.colcon_core.environment:checking '/home/gp/Projects/interceptor-sim/ros2_px4_ws/install/interceptor_bringup/bin'
[2.432s] Level 1:colcon.colcon_core.environment:checking '/home/gp/Projects/interceptor-sim/ros2_px4_ws/install/interceptor_bringup/lib/pkgconfig/interceptor_bringup.pc'
[2.432s] Level 1:colcon.colcon_core.environment:checking '/home/gp/Projects/interceptor-sim/ros2_px4_ws/install/interceptor_bringup/lib/python3.12/site-packages'
[2.432s] Level 1:colcon.colcon_core.shell:create_environment_hook('interceptor_bringup', 'pythonpath')
[2.432s] INFO:colcon.colcon_core.shell:Creating environment hook '/home/gp/Projects/interceptor-sim/ros2_px4_ws/install/interceptor_bringup/share/interceptor_bringup/hook/pythonpath.ps1'
[2.433s] INFO:colcon.colcon_core.shell:Creating environment descriptor '/home/gp/Projects/interceptor-sim/ros2_px4_ws/install/interceptor_bringup/share/interceptor_bringup/hook/pythonpath.dsv'
[2.433s] INFO:colcon.colcon_core.shell:Creating environment hook '/home/gp/Projects/interceptor-sim/ros2_px4_ws/install/interceptor_bringup/share/interceptor_bringup/hook/pythonpath.sh'
[2.434s] Level 1:colcon.colcon_core.environment:checking '/home/gp/Projects/interceptor-sim/ros2_px4_ws/install/interceptor_bringup/bin'
[2.434s] Level 1:colcon.colcon_core.environment:create_environment_scripts_only(interceptor_bringup)
[2.434s] INFO:colcon.colcon_core.shell:Creating package script '/home/gp/Projects/interceptor-sim/ros2_px4_ws/install/interceptor_bringup/share/interceptor_bringup/package.ps1'
[2.435s] INFO:colcon.colcon_core.shell:Creating package descriptor '/home/gp/Projects/interceptor-sim/ros2_px4_ws/install/interceptor_bringup/share/interceptor_bringup/package.dsv'
[2.436s] INFO:colcon.colcon_core.shell:Creating package script '/home/gp/Projects/interceptor-sim/ros2_px4_ws/install/interceptor_bringup/share/interceptor_bringup/package.sh'
[2.437s] INFO:colcon.colcon_core.shell:Creating package script '/home/gp/Projects/interceptor-sim/ros2_px4_ws/install/interceptor_bringup/share/interceptor_bringup/package.bash'
[2.437s] INFO:colcon.colcon_core.shell:Creating package script '/home/gp/Projects/interceptor-sim/ros2_px4_ws/install/interceptor_bringup/share/interceptor_bringup/package.zsh'
[2.438s] Level 1:colcon.colcon_core.environment:create_file_with_runtime_dependencies(/home/gp/Projects/interceptor-sim/ros2_px4_ws/install/interceptor_bringup/share/colcon-core/packages/interceptor_bringup)
[2.442s] DEBUG:colcon.colcon_core.event_handler.log_command:Invoked command in '/home/gp/Projects/interceptor-sim/ros2_px4_ws/src/interceptor_vision' returned '0': DEBUGINFOD_URLS=https://debuginfod.ubuntu.com PYTHONPATH=/home/gp/Projects/interceptor-sim/ros2_px4_ws/build/interceptor_vision/prefix_override:/usr/lib/python3/dist-packages/colcon_core/task/python/colcon_distutils_commands:/home/gp/Projects/interceptor-sim/ros2_px4_ws/install/interceptor_vision/lib/python3.12/site-packages:${PYTHONPATH} /usr/bin/python3 -W ignore:setup.py install is deprecated -W ignore:easy_install command is deprecated setup.py egg_info --egg-base ../../build/interceptor_vision build --build-base /home/gp/Projects/interceptor-sim/ros2_px4_ws/build/interceptor_vision/build install --record /home/gp/Projects/interceptor-sim/ros2_px4_ws/build/interceptor_vision/install.log --install-scripts $base/lib/interceptor_vision --single-version-externally-managed install_data
[2.469s] DEBUG:colcon.colcon_core.event_handler.log_command:Invoked command in '/home/gp/Projects/interceptor-sim/ros2_px4_ws/src/px4_offboard' returned '0': DEBUGINFOD_URLS=https://debuginfod.ubuntu.com PYTHONPATH=/home/gp/Projects/interceptor-sim/ros2_px4_ws/build/px4_offboard/prefix_override:/usr/lib/python3/dist-packages/colcon_core/task/python/colcon_distutils_commands:/home/gp/Projects/interceptor-sim/ros2_px4_ws/install/px4_offboard/lib/python3.12/site-packages:${PYTHONPATH} /usr/bin/python3 -W ignore:setup.py install is deprecated -W ignore:easy_install command is deprecated setup.py egg_info --egg-base ../../build/px4_offboard build --build-base /home/gp/Projects/interceptor-sim/ros2_px4_ws/build/px4_offboard/build install --record /home/gp/Projects/interceptor-sim/ros2_px4_ws/build/px4_offboard/install.log --install-scripts $base/lib/px4_offboard --single-version-externally-managed install_data
[2.491s] DEBUG:colcon.colcon_core.event_handler.log_command:Invoked command in '/home/gp/Projects/interceptor-sim/ros2_px4_ws/src/BodyQuaternion' returned '0': DEBUGINFOD_URLS=https://debuginfod.ubuntu.com PYTHONPATH=/home/gp/Projects/interceptor-sim/ros2_px4_ws/build/BodyQuaternion/prefix_override:/usr/lib/python3/dist-packages/colcon_core/task/python/colcon_distutils_commands:/home/gp/Projects/interceptor-sim/ros2_px4_ws/install/BodyQuaternion/lib/python3.12/site-packages:${PYTHONPATH} /usr/bin/python3 -W ignore:setup.py install is deprecated -W ignore:easy_install command is deprecated setup.py egg_info --egg-base ../../build/BodyQuaternion build --build-base /home/gp/Projects/interceptor-sim/ros2_px4_ws/build/BodyQuaternion/build install --record /home/gp/Projects/interceptor-sim/ros2_px4_ws/build/BodyQuaternion/install.log --install-scripts $base/lib/BodyQuaternion --single-version-externally-managed install_data
[2.496s] DEBUG:colcon.colcon_core.event_handler.log_command:Invoked command in '/home/gp/Projects/interceptor-sim/ros2_px4_ws/src/interceptor_bringup' returned '0': DEBUGINFOD_URLS=https://debuginfod.ubuntu.com PYTHONPATH=/home/gp/Projects/interceptor-sim/ros2_px4_ws/build/interceptor_bringup/prefix_override:/usr/lib/python3/dist-packages/colcon_core/task/python/colcon_distutils_commands:/home/gp/Projects/interceptor-sim/ros2_px4_ws/install/interceptor_bringup/lib/python3.12/site-packages:${PYTHONPATH} /usr/bin/python3 -W ignore:setup.py install is deprecated -W ignore:easy_install command is deprecated setup.py egg_info --egg-base ../../build/interceptor_bringup build --build-base /home/gp/Projects/interceptor-sim/ros2_px4_ws/build/interceptor_bringup/build install --record /home/gp/Projects/interceptor-sim/ros2_px4_ws/build/interceptor_bringup/install.log --install-scripts $base/lib/interceptor_bringup --single-version-externally-managed install_data
[3.049s] Level 1:colcon.colcon_core.environment:create_environment_scripts_only(px4_msgs)
[3.050s] Level 1:colcon.colcon_core.environment:checking '/home/gp/Projects/interceptor-sim/ros2_px4_ws/install/px4_msgs' for CMake module files
[3.050s] DEBUG:colcon.colcon_core.event_handler.log_command:Invoked command in '/home/gp/Projects/interceptor-sim/ros2_px4_ws/build/px4_msgs' returned '0': CMAKE_PREFIX_PATH=${CMAKE_PREFIX_PATH}:/opt/ros/jazzy DEBUGINFOD_URLS=https://debuginfod.ubuntu.com /usr/bin/cmake --install /home/gp/Projects/interceptor-sim/ros2_px4_ws/build/px4_msgs
[3.050s] Level 1:colcon.colcon_core.environment:checking '/home/gp/Projects/interceptor-sim/ros2_px4_ws/install/px4_msgs' for CMake config files
[3.051s] Level 1:colcon.colcon_core.shell:create_environment_hook('px4_msgs', 'cmake_prefix_path')
[3.051s] INFO:colcon.colcon_core.shell:Creating environment hook '/home/gp/Projects/interceptor-sim/ros2_px4_ws/install/px4_msgs/share/px4_msgs/hook/cmake_prefix_path.ps1'
[3.051s] INFO:colcon.colcon_core.shell:Creating environment descriptor '/home/gp/Projects/interceptor-sim/ros2_px4_ws/install/px4_msgs/share/px4_msgs/hook/cmake_prefix_path.dsv'
[3.051s] INFO:colcon.colcon_core.shell:Creating environment hook '/home/gp/Projects/interceptor-sim/ros2_px4_ws/install/px4_msgs/share/px4_msgs/hook/cmake_prefix_path.sh'
[3.052s] Level 1:colcon.colcon_core.environment:checking '/home/gp/Projects/interceptor-sim/ros2_px4_ws/install/px4_msgs/lib'
[3.052s] Level 1:colcon.colcon_core.shell:create_environment_hook('px4_msgs', 'ld_library_path_lib')
[3.052s] INFO:colcon.colcon_core.shell:Creating environment hook '/home/gp/Projects/interceptor-sim/ros2_px4_ws/install/px4_msgs/share/px4_msgs/hook/ld_library_path_lib.ps1'
[3.052s] INFO:colcon.colcon_core.shell:Creating environment descriptor '/home/gp/Projects/interceptor-sim/ros2_px4_ws/install/px4_msgs/share/px4_msgs/hook/ld_library_path_lib.dsv'
[3.053s] INFO:colcon.colcon_core.shell:Creating environment hook '/home/gp/Projects/interceptor-sim/ros2_px4_ws/install/px4_msgs/share/px4_msgs/hook/ld_library_path_lib.sh'
[3.053s] Level 1:colcon.colcon_core.environment:checking '/home/gp/Projects/interceptor-sim/ros2_px4_ws/install/px4_msgs/bin'
[3.053s] Level 1:colcon.colcon_core.environment:checking '/home/gp/Projects/interceptor-sim/ros2_px4_ws/install/px4_msgs/lib/pkgconfig/px4_msgs.pc'
[3.053s] Level 1:colcon.colcon_core.environment:checking '/home/gp/Projects/interceptor-sim/ros2_px4_ws/install/px4_msgs/lib/python3.12/site-packages'
[3.053s] Level 1:colcon.colcon_core.shell:create_environment_hook('px4_msgs', 'pythonpath')
[3.053s] INFO:colcon.colcon_core.shell:Creating environment hook '/home/gp/Projects/interceptor-sim/ros2_px4_ws/install/px4_msgs/share/px4_msgs/hook/pythonpath.ps1'
[3.054s] INFO:colcon.colcon_core.shell:Creating environment descriptor '/home/gp/Projects/interceptor-sim/ros2_px4_ws/install/px4_msgs/share/px4_msgs/hook/pythonpath.dsv'
[3.054s] INFO:colcon.colcon_core.shell:Creating environment hook '/home/gp/Projects/interceptor-sim/ros2_px4_ws/install/px4_msgs/share/px4_msgs/hook/pythonpath.sh'
[3.054s] Level 1:colcon.colcon_core.environment:checking '/home/gp/Projects/interceptor-sim/ros2_px4_ws/install/px4_msgs/bin'
[3.054s] INFO:colcon.colcon_core.shell:Creating package script '/home/gp/Projects/interceptor-sim/ros2_px4_ws/install/px4_msgs/share/px4_msgs/package.ps1'
[3.055s] INFO:colcon.colcon_core.shell:Creating package descriptor '/home/gp/Projects/interceptor-sim/ros2_px4_ws/install/px4_msgs/share/px4_msgs/package.dsv'
[3.055s] INFO:colcon.colcon_core.shell:Creating package script '/home/gp/Projects/interceptor-sim/ros2_px4_ws/install/px4_msgs/share/px4_msgs/package.sh'
[3.056s] INFO:colcon.colcon_core.shell:Creating package script '/home/gp/Projects/interceptor-sim/ros2_px4_ws/install/px4_msgs/share/px4_msgs/package.bash'
[3.056s] INFO:colcon.colcon_core.shell:Creating package script '/home/gp/Projects/interceptor-sim/ros2_px4_ws/install/px4_msgs/share/px4_msgs/package.zsh'
[3.056s] Level 1:colcon.colcon_core.environment:create_file_with_runtime_dependencies(/home/gp/Projects/interceptor-sim/ros2_px4_ws/install/px4_msgs/share/colcon-core/packages/px4_msgs)
[3.056s] Level 1:colcon.colcon_core.environment:create_environment_scripts_only(px4_msgs)
[3.057s] Level 1:colcon.colcon_core.environment:checking '/home/gp/Projects/interceptor-sim/ros2_px4_ws/install/px4_msgs' for CMake module files
[3.057s] Level 1:colcon.colcon_core.environment:checking '/home/gp/Projects/interceptor-sim/ros2_px4_ws/install/px4_msgs' for CMake config files
[3.057s] Level 1:colcon.colcon_core.shell:create_environment_hook('px4_msgs', 'cmake_prefix_path')
[3.057s] INFO:colcon.colcon_core.shell:Creating environment hook '/home/gp/Projects/interceptor-sim/ros2_px4_ws/install/px4_msgs/share/px4_msgs/hook/cmake_prefix_path.ps1'
[3.058s] INFO:colcon.colcon_core.shell:Creating environment descriptor '/home/gp/Projects/interceptor-sim/ros2_px4_ws/install/px4_msgs/share/px4_msgs/hook/cmake_prefix_path.dsv'
[3.058s] INFO:colcon.colcon_core.shell:Creating environment hook '/home/gp/Projects/interceptor-sim/ros2_px4_ws/install/px4_msgs/share/px4_msgs/hook/cmake_prefix_path.sh'
[3.058s] Level 1:colcon.colcon_core.environment:checking '/home/gp/Projects/interceptor-sim/ros2_px4_ws/install/px4_msgs/lib'
[3.058s] Level 1:colcon.colcon_core.shell:create_environment_hook('px4_msgs', 'ld_library_path_lib')
[3.058s] INFO:colcon.colcon_core.shell:Creating environment hook '/home/gp/Projects/interceptor-sim/ros2_px4_ws/install/px4_msgs/share/px4_msgs/hook/ld_library_path_lib.ps1'
[3.059s] INFO:colcon.colcon_core.shell:Creating environment descriptor '/home/gp/Projects/interceptor-sim/ros2_px4_ws/install/px4_msgs/share/px4_msgs/hook/ld_library_path_lib.dsv'
[3.059s] INFO:colcon.colcon_core.shell:Creating environment hook '/home/gp/Projects/interceptor-sim/ros2_px4_ws/install/px4_msgs/share/px4_msgs/hook/ld_library_path_lib.sh'
[3.059s] Level 1:colcon.colcon_core.environment:checking '/home/gp/Projects/interceptor-sim/ros2_px4_ws/install/px4_msgs/bin'
[3.059s] Level 1:colcon.colcon_core.environment:checking '/home/gp/Projects/interceptor-sim/ros2_px4_ws/install/px4_msgs/lib/pkgconfig/px4_msgs.pc'
[3.059s] Level 1:colcon.colcon_core.environment:checking '/home/gp/Projects/interceptor-sim/ros2_px4_ws/install/px4_msgs/lib/python3.12/site-packages'
[3.060s] Level 1:colcon.colcon_core.shell:create_environment_hook('px4_msgs', 'pythonpath')
[3.060s] INFO:colcon.colcon_core.shell:Creating environment hook '/home/gp/Projects/interceptor-sim/ros2_px4_ws/install/px4_msgs/share/px4_msgs/hook/pythonpath.ps1'
[3.060s] INFO:colcon.colcon_core.shell:Creating environment descriptor '/home/gp/Projects/interceptor-sim/ros2_px4_ws/install/px4_msgs/share/px4_msgs/hook/pythonpath.dsv'
[3.060s] INFO:colcon.colcon_core.shell:Creating environment hook '/home/gp/Projects/interceptor-sim/ros2_px4_ws/install/px4_msgs/share/px4_msgs/hook/pythonpath.sh'
[3.061s] Level 1:colcon.colcon_core.environment:checking '/home/gp/Projects/interceptor-sim/ros2_px4_ws/install/px4_msgs/bin'
[3.061s] INFO:colcon.colcon_core.shell:Creating package script '/home/gp/Projects/interceptor-sim/ros2_px4_ws/install/px4_msgs/share/px4_msgs/package.ps1'
[3.061s] INFO:colcon.colcon_core.shell:Creating package descriptor '/home/gp/Projects/interceptor-sim/ros2_px4_ws/install/px4_msgs/share/px4_msgs/package.dsv'
[3.062s] INFO:colcon.colcon_core.shell:Creating package script '/home/gp/Projects/interceptor-sim/ros2_px4_ws/install/px4_msgs/share/px4_msgs/package.sh'
[3.062s] INFO:colcon.colcon_core.shell:Creating package script '/home/gp/Projects/interceptor-sim/ros2_px4_ws/install/px4_msgs/share/px4_msgs/package.bash'
[3.062s] INFO:colcon.colcon_core.shell:Creating package script '/home/gp/Projects/interceptor-sim/ros2_px4_ws/install/px4_msgs/share/px4_msgs/package.zsh'
[3.063s] Level 1:colcon.colcon_core.environment:create_file_with_runtime_dependencies(/home/gp/Projects/interceptor-sim/ros2_px4_ws/install/px4_msgs/share/colcon-core/packages/px4_msgs)
[3.063s] INFO:colcon.colcon_ros.task.ament_cmake.build:Building ROS package in '/home/gp/Projects/interceptor-sim/ros2_px4_ws/src/px4_gz_markers' with build type 'ament_cmake'
[3.063s] INFO:colcon.colcon_cmake.task.cmake.build:Building CMake package in '/home/gp/Projects/interceptor-sim/ros2_px4_ws/src/px4_gz_markers'
[3.063s] INFO:colcon.colcon_core.shell:Skip shell extension 'powershell' for command environment: Not usable outside of PowerShell
[3.063s] DEBUG:colcon.colcon_core.shell:Skip shell extension 'dsv' for command environment
[3.072s] DEBUG:colcon.colcon_core.event_handler.log_command:Invoking command in '/home/gp/Projects/interceptor-sim/ros2_px4_ws/build/px4_gz_markers': AMENT_PREFIX_PATH=/home/gp/Projects/interceptor-sim/ros2_px4_ws/install/px4_msgs:${AMENT_PREFIX_PATH} CMAKE_PREFIX_PATH=/home/gp/Projects/interceptor-sim/ros2_px4_ws/install/px4_msgs:/opt/ros/jazzy/opt/gz_transport_vendor:/opt/ros/jazzy/opt/gz_msgs_vendor:/opt/ros/jazzy/opt/gz_math_vendor:/opt/ros/jazzy/opt/gz_utils_vendor:/opt/ros/jazzy/opt/gz_tools_vendor:/opt/ros/jazzy/opt/gz_cmake_vendor:/opt/ros/jazzy DEBUGINFOD_URLS=https://debuginfod.ubuntu.com LD_LIBRARY_PATH=/home/gp/Projects/interceptor-sim/ros2_px4_ws/install/px4_msgs/lib:${LD_LIBRARY_PATH} PYTHONPATH=/home/gp/Projects/interceptor-sim/ros2_px4_ws/install/px4_msgs/lib/python3.12/site-packages:${PYTHONPATH} /usr/bin/cmake --build /home/gp/Projects/interceptor-sim/ros2_px4_ws/build/px4_gz_markers -- -j16 -l16
[3.168s] DEBUG:colcon.colcon_core.event_handler.log_command:Invoked command in '/home/gp/Projects/interceptor-sim/ros2_px4_ws/build/px4_gz_markers' returned '0': AMENT_PREFIX_PATH=/home/gp/Projects/interceptor-sim/ros2_px4_ws/install/px4_msgs:${AMENT_PREFIX_PATH} CMAKE_PREFIX_PATH=/home/gp/Projects/interceptor-sim/ros2_px4_ws/install/px4_msgs:/opt/ros/jazzy/opt/gz_transport_vendor:/opt/ros/jazzy/opt/gz_msgs_vendor:/opt/ros/jazzy/opt/gz_math_vendor:/opt/ros/jazzy/opt/gz_utils_vendor:/opt/ros/jazzy/opt/gz_tools_vendor:/opt/ros/jazzy/opt/gz_cmake_vendor:/opt/ros/jazzy DEBUGINFOD_URLS=https://debuginfod.ubuntu.com LD_LIBRARY_PATH=/home/gp/Projects/interceptor-sim/ros2_px4_ws/install/px4_msgs/lib:${LD_LIBRARY_PATH} PYTHONPATH=/home/gp/Projects/interceptor-sim/ros2_px4_ws/install/px4_msgs/lib/python3.12/site-packages:${PYTHONPATH} /usr/bin/cmake --build /home/gp/Projects/interceptor-sim/ros2_px4_ws/build/px4_gz_markers -- -j16 -l16
[3.169s] DEBUG:colcon.colcon_core.event_handler.log_command:Invoking command in '/home/gp/Projects/interceptor-sim/ros2_px4_ws/build/px4_gz_markers': AMENT_PREFIX_PATH=/home/gp/Projects/interceptor-sim/ros2_px4_ws/install/px4_msgs:${AMENT_PREFIX_PATH} CMAKE_PREFIX_PATH=/home/gp/Projects/interceptor-sim/ros2_px4_ws/install/px4_msgs:/opt/ros/jazzy/opt/gz_transport_vendor:/opt/ros/jazzy/opt/gz_msgs_vendor:/opt/ros/jazzy/opt/gz_math_vendor:/opt/ros/jazzy/opt/gz_utils_vendor:/opt/ros/jazzy/opt/gz_tools_vendor:/opt/ros/jazzy/opt/gz_cmake_vendor:/opt/ros/jazzy DEBUGINFOD_URLS=https://debuginfod.ubuntu.com LD_LIBRARY_PATH=/home/gp/Projects/interceptor-sim/ros2_px4_ws/install/px4_msgs/lib:${LD_LIBRARY_PATH} PYTHONPATH=/home/gp/Projects/interceptor-sim/ros2_px4_ws/install/px4_msgs/lib/python3.12/site-packages:${PYTHONPATH} /usr/bin/cmake --install /home/gp/Projects/interceptor-sim/ros2_px4_ws/build/px4_gz_markers
[3.185s] Level 1:colcon.colcon_core.environment:create_environment_scripts_only(px4_gz_markers)
[3.185s] Level 1:colcon.colcon_core.environment:checking '/home/gp/Projects/interceptor-sim/ros2_px4_ws/install/px4_gz_markers' for CMake module files
[3.185s] DEBUG:colcon.colcon_core.event_handler.log_command:Invoked command in '/home/gp/Projects/interceptor-sim/ros2_px4_ws/build/px4_gz_markers' returned '0': AMENT_PREFIX_PATH=/home/gp/Projects/interceptor-sim/ros2_px4_ws/install/px4_msgs:${AMENT_PREFIX_PATH} CMAKE_PREFIX_PATH=/home/gp/Projects/interceptor-sim/ros2_px4_ws/install/px4_msgs:/opt/ros/jazzy/opt/gz_transport_vendor:/opt/ros/jazzy/opt/gz_msgs_vendor:/opt/ros/jazzy/opt/gz_math_vendor:/opt/ros/jazzy/opt/gz_utils_vendor:/opt/ros/jazzy/opt/gz_tools_vendor:/opt/ros/jazzy/opt/gz_cmake_vendor:/opt/ros/jazzy DEBUGINFOD_URLS=https://debuginfod.ubuntu.com LD_LIBRARY_PATH=/home/gp/Projects/interceptor-sim/ros2_px4_ws/install/px4_msgs/lib:${LD_LIBRARY_PATH} PYTHONPATH=/home/gp/Projects/interceptor-sim/ros2_px4_ws/install/px4_msgs/lib/python3.12/site-packages:${PYTHONPATH} /usr/bin/cmake --install /home/gp/Projects/interceptor-sim/ros2_px4_ws/build/px4_gz_markers
[3.185s] Level 1:colcon.colcon_core.environment:checking '/home/gp/Projects/interceptor-sim/ros2_px4_ws/install/px4_gz_markers' for CMake config files
[3.186s] Level 1:colcon.colcon_core.shell:create_environment_hook('px4_gz_markers', 'cmake_prefix_path')
[3.186s] INFO:colcon.colcon_core.shell:Creating environment hook '/home/gp/Projects/interceptor-sim/ros2_px4_ws/install/px4_gz_markers/share/px4_gz_markers/hook/cmake_prefix_path.ps1'
[3.186s] INFO:colcon.colcon_core.shell:Creating environment descriptor '/home/gp/Projects/interceptor-sim/ros2_px4_ws/install/px4_gz_markers/share/px4_gz_markers/hook/cmake_prefix_path.dsv'
[3.186s] INFO:colcon.colcon_core.shell:Creating environment hook '/home/gp/Projects/interceptor-sim/ros2_px4_ws/install/px4_gz_markers/share/px4_gz_markers/hook/cmake_prefix_path.sh'
[3.187s] Level 1:colcon.colcon_core.environment:checking '/home/gp/Projects/interceptor-sim/ros2_px4_ws/install/px4_gz_markers/lib'
[3.187s] Level 1:colcon.colcon_core.environment:checking '/home/gp/Projects/interceptor-sim/ros2_px4_ws/install/px4_gz_markers/bin'
[3.187s] Level 1:colcon.colcon_core.environment:checking '/home/gp/Projects/interceptor-sim/ros2_px4_ws/install/px4_gz_markers/lib/pkgconfig/px4_gz_markers.pc'
[3.187s] Level 1:colcon.colcon_core.environment:checking '/home/gp/Projects/interceptor-sim/ros2_px4_ws/install/px4_gz_markers/lib/python3.12/site-packages'
[3.187s] Level 1:colcon.colcon_core.environment:checking '/home/gp/Projects/interceptor-sim/ros2_px4_ws/install/px4_gz_markers/bin'
[3.187s] INFO:colcon.colcon_core.shell:Creating package script '/home/gp/Projects/interceptor-sim/ros2_px4_ws/install/px4_gz_markers/share/px4_gz_markers/package.ps1'
[3.188s] INFO:colcon.colcon_core.shell:Creating package descriptor '/home/gp/Projects/interceptor-sim/ros2_px4_ws/install/px4_gz_markers/share/px4_gz_markers/package.dsv'
[3.188s] INFO:colcon.colcon_core.shell:Creating package script '/home/gp/Projects/interceptor-sim/ros2_px4_ws/install/px4_gz_markers/share/px4_gz_markers/package.sh'
[3.188s] INFO:colcon.colcon_core.shell:Creating package script '/home/gp/Projects/interceptor-sim/ros2_px4_ws/install/px4_gz_markers/share/px4_gz_markers/package.bash'
[3.189s] INFO:colcon.colcon_core.shell:Creating package script '/home/gp/Projects/interceptor-sim/ros2_px4_ws/install/px4_gz_markers/share/px4_gz_markers/package.zsh'
[3.189s] Level 1:colcon.colcon_core.environment:create_file_with_runtime_dependencies(/home/gp/Projects/interceptor-sim/ros2_px4_ws/install/px4_gz_markers/share/colcon-core/packages/px4_gz_markers)
[3.189s] Level 1:colcon.colcon_core.environment:create_environment_scripts_only(px4_gz_markers)
[3.189s] Level 1:colcon.colcon_core.environment:checking '/home/gp/Projects/interceptor-sim/ros2_px4_ws/install/px4_gz_markers' for CMake module files
[3.190s] Level 1:colcon.colcon_core.environment:checking '/home/gp/Projects/interceptor-sim/ros2_px4_ws/install/px4_gz_markers' for CMake config files
[3.190s] Level 1:colcon.colcon_core.shell:create_environment_hook('px4_gz_markers', 'cmake_prefix_path')
[3.190s] INFO:colcon.colcon_core.shell:Creating environment hook '/home/gp/Projects/interceptor-sim/ros2_px4_ws/install/px4_gz_markers/share/px4_gz_markers/hook/cmake_prefix_path.ps1'
[3.190s] INFO:colcon.colcon_core.shell:Creating environment descriptor '/home/gp/Projects/interceptor-sim/ros2_px4_ws/install/px4_gz_markers/share/px4_gz_markers/hook/cmake_prefix_path.dsv'
[3.190s] INFO:colcon.colcon_core.shell:Creating environment hook '/home/gp/Projects/interceptor-sim/ros2_px4_ws/install/px4_gz_markers/share/px4_gz_markers/hook/cmake_prefix_path.sh'
[3.191s] Level 1:colcon.colcon_core.environment:checking '/home/gp/Projects/interceptor-sim/ros2_px4_ws/install/px4_gz_markers/lib'
[3.191s] Level 1:colcon.colcon_core.environment:checking '/home/gp/Projects/interceptor-sim/ros2_px4_ws/install/px4_gz_markers/bin'
[3.191s] Level 1:colcon.colcon_core.environment:checking '/home/gp/Projects/interceptor-sim/ros2_px4_ws/install/px4_gz_markers/lib/pkgconfig/px4_gz_markers.pc'
[3.191s] Level 1:colcon.colcon_core.environment:checking '/home/gp/Projects/interceptor-sim/ros2_px4_ws/install/px4_gz_markers/lib/python3.12/site-packages'
[3.191s] Level 1:colcon.colcon_core.environment:checking '/home/gp/Projects/interceptor-sim/ros2_px4_ws/install/px4_gz_markers/bin'
[3.191s] INFO:colcon.colcon_core.shell:Creating package script '/home/gp/Projects/interceptor-sim/ros2_px4_ws/install/px4_gz_markers/share/px4_gz_markers/package.ps1'
[3.192s] INFO:colcon.colcon_core.shell:Creating package descriptor '/home/gp/Projects/interceptor-sim/ros2_px4_ws/install/px4_gz_markers/share/px4_gz_markers/package.dsv'
[3.192s] INFO:colcon.colcon_core.shell:Creating package script '/home/gp/Projects/interceptor-sim/ros2_px4_ws/install/px4_gz_markers/share/px4_gz_markers/package.sh'
[3.192s] INFO:colcon.colcon_core.shell:Creating package script '/home/gp/Projects/interceptor-sim/ros2_px4_ws/install/px4_gz_markers/share/px4_gz_markers/package.bash'
[3.193s] INFO:colcon.colcon_core.shell:Creating package script '/home/gp/Projects/interceptor-sim/ros2_px4_ws/install/px4_gz_markers/share/px4_gz_markers/package.zsh'
[3.193s] Level 1:colcon.colcon_core.environment:create_file_with_runtime_dependencies(/home/gp/Projects/interceptor-sim/ros2_px4_ws/install/px4_gz_markers/share/colcon-core/packages/px4_gz_markers)
[3.193s] DEBUG:colcon.colcon_parallel_executor.executor.parallel:closing loop
[3.193s] DEBUG:colcon.colcon_parallel_executor.executor.parallel:loop closed
[3.193s] DEBUG:colcon.colcon_parallel_executor.executor.parallel:run_until_complete finished with '0'
[3.193s] DEBUG:colcon.colcon_core.event_reactor:joining thread
[3.204s] INFO:colcon.colcon_core.plugin_system:Skipping extension 'colcon_notification.desktop_notification.terminal_notifier': Not used on non-Darwin systems
[3.204s] INFO:colcon.colcon_core.plugin_system:Skipping extension 'colcon_notification.desktop_notification.win32': Not used on non-Windows systems
[3.204s] INFO:colcon.colcon_notification.desktop_notification:Sending desktop notification using 'notify2'
[3.210s] DEBUG:colcon.colcon_core.event_reactor:joined thread
[3.211s] INFO:colcon.colcon_core.shell:Creating prefix script '/home/gp/Projects/interceptor-sim/ros2_px4_ws/install/local_setup.ps1'
[3.213s] INFO:colcon.colcon_core.shell:Creating prefix util module '/home/gp/Projects/interceptor-sim/ros2_px4_ws/install/_local_setup_util_ps1.py'
[3.214s] INFO:colcon.colcon_core.shell:Creating prefix chain script '/home/gp/Projects/interceptor-sim/ros2_px4_ws/install/setup.ps1'
[3.215s] INFO:colcon.colcon_core.shell:Creating prefix script '/home/gp/Projects/interceptor-sim/ros2_px4_ws/install/local_setup.sh'
[3.216s] INFO:colcon.colcon_core.shell:Creating prefix util module '/home/gp/Projects/interceptor-sim/ros2_px4_ws/install/_local_setup_util_sh.py'
[3.216s] INFO:colcon.colcon_core.shell:Creating prefix chain script '/home/gp/Projects/interceptor-sim/ros2_px4_ws/install/setup.sh'
[3.217s] INFO:colcon.colcon_core.shell:Creating prefix script '/home/gp/Projects/interceptor-sim/ros2_px4_ws/install/local_setup.bash'
[3.218s] INFO:colcon.colcon_core.shell:Creating prefix chain script '/home/gp/Projects/interceptor-sim/ros2_px4_ws/install/setup.bash'
[3.219s] INFO:colcon.colcon_core.shell:Creating prefix script '/home/gp/Projects/interceptor-sim/ros2_px4_ws/install/local_setup.zsh'
[3.219s] INFO:colcon.colcon_core.shell:Creating prefix chain script '/home/gp/Projects/interceptor-sim/ros2_px4_ws/install/setup.zsh'
