[2.752s] Invoking command in '/home/gp/Projects/interceptor-sim/ros2_px4_ws/src/BodyQuaternion': DEBUGINFOD_URLS=https://debuginfod.ubuntu.com PYTHONPATH=/home/gp/Projects/interceptor-sim/ros2_px4_ws/build/BodyQuaternion/prefix_override:/usr/lib/python3/dist-packages/colcon_core/task/python/colcon_distutils_commands:/home/gp/Projects/interceptor-sim/ros2_px4_ws/install/BodyQuaternion/lib/python3.12/site-packages:${PYTHONPATH} /usr/bin/python3 -W ignore:setup.py install is deprecated -W ignore:easy_install command is deprecated setup.py egg_info --egg-base ../../build/BodyQuaternion build --build-base /home/gp/Projects/interceptor-sim/ros2_px4_ws/build/BodyQuaternion/build install --record /home/gp/Projects/interceptor-sim/ros2_px4_ws/build/BodyQuaternion/install.log --install-scripts $base/lib/BodyQuaternion --single-version-externally-managed install_data
[2.756s] running egg_info
[2.756s] creating ../../build/BodyQuaternion/BodyQuaternion.egg-info
[2.785s] writing ../../build/BodyQuaternion/BodyQuaternion.egg-info/PKG-INFO
[2.785s] writing dependency_links to ../../build/BodyQuaternion/BodyQuaternion.egg-info/dependency_links.txt
[2.785s] writing requirements to ../../build/BodyQuaternion/BodyQuaternion.egg-info/requires.txt
[2.785s] writing top-level names to ../../build/BodyQuaternion/BodyQuaternion.egg-info/top_level.txt
[2.785s] writing manifest file '../../build/BodyQuaternion/BodyQuaternion.egg-info/SOURCES.txt'
[2.833s] reading manifest file '../../build/BodyQuaternion/BodyQuaternion.egg-info/SOURCES.txt'
[2.834s] writing manifest file '../../build/BodyQuaternion/BodyQuaternion.egg-info/SOURCES.txt'
[2.834s] running build
[2.834s] running build_py
[2.835s] creating /home/gp/Projects/interceptor-sim/ros2_px4_ws/build/BodyQuaternion/build
[2.836s] creating /home/gp/Projects/interceptor-sim/ros2_px4_ws/build/BodyQuaternion/build/lib
[2.836s] creating /home/gp/Projects/interceptor-sim/ros2_px4_ws/build/BodyQuaternion/build/lib/BodyQuaternion
[2.836s] copying BodyQuaternion/__init__.py -> /home/gp/Projects/interceptor-sim/ros2_px4_ws/build/BodyQuaternion/build/lib/BodyQuaternion
[2.836s] running install
[2.844s] running install_lib
[2.873s] creating /home/gp/Projects/interceptor-sim/ros2_px4_ws/install/BodyQuaternion/lib/python3.12/site-packages/BodyQuaternion
[2.873s] copying /home/gp/Projects/interceptor-sim/ros2_px4_ws/build/BodyQuaternion/build/lib/BodyQuaternion/__init__.py -> /home/gp/Projects/interceptor-sim/ros2_px4_ws/install/BodyQuaternion/lib/python3.12/site-packages/BodyQuaternion
[2.874s] byte-compiling /home/gp/Projects/interceptor-sim/ros2_px4_ws/install/BodyQuaternion/lib/python3.12/site-packages/BodyQuaternion/__init__.py to __init__.cpython-312.pyc
[2.874s] running install_data
[2.875s] creating /home/gp/Projects/interceptor-sim/ros2_px4_ws/install/BodyQuaternion/share/ament_index
[2.875s] creating /home/gp/Projects/interceptor-sim/ros2_px4_ws/install/BodyQuaternion/share/ament_index/resource_index
[2.875s] creating /home/gp/Projects/interceptor-sim/ros2_px4_ws/install/BodyQuaternion/share/ament_index/resource_index/packages
[2.876s] copying resource/BodyQuaternion -> /home/gp/Projects/interceptor-sim/ros2_px4_ws/install/BodyQuaternion/share/ament_index/resource_index/packages
[2.876s] copying package.xml -> /home/gp/Projects/interceptor-sim/ros2_px4_ws/install/BodyQuaternion/share/BodyQuaternion
[2.876s] running install_egg_info
[2.920s] Copying ../../build/BodyQuaternion/BodyQuaternion.egg-info to /home/gp/Projects/interceptor-sim/ros2_px4_ws/install/BodyQuaternion/lib/python3.12/site-packages/BodyQuaternion-0.0.0-py3.12.egg-info
[2.920s] running install_scripts
[3.140s] writing list of installed files to '/home/gp/Projects/interceptor-sim/ros2_px4_ws/build/BodyQuaternion/install.log'
[3.277s] Invoked command in '/home/gp/Projects/interceptor-sim/ros2_px4_ws/src/BodyQuaternion' returned '0': DEBUGINFOD_URLS=https://debuginfod.ubuntu.com PYTHONPATH=/home/gp/Projects/interceptor-sim/ros2_px4_ws/build/BodyQuaternion/prefix_override:/usr/lib/python3/dist-packages/colcon_core/task/python/colcon_distutils_commands:/home/gp/Projects/interceptor-sim/ros2_px4_ws/install/BodyQuaternion/lib/python3.12/site-packages:${PYTHONPATH} /usr/bin/python3 -W ignore:setup.py install is deprecated -W ignore:easy_install command is deprecated setup.py egg_info --egg-base ../../build/BodyQuaternion build --build-base /home/gp/Projects/interceptor-sim/ros2_px4_ws/build/BodyQuaternion/build install --record /home/gp/Projects/interceptor-sim/ros2_px4_ws/build/BodyQuaternion/install.log --install-scripts $base/lib/BodyQuaternion --single-version-externally-managed install_data
