[1.417s] Invoking command in '/home/gp/Projects/interceptor-sim/ros2_px4_ws/src/interceptor_bringup': DEBUGINFOD_URLS=https://debuginfod.ubuntu.com PS1=(.venv) \[\e]0;\u@\h: \w\a\]${debian_chroot:+($debian_chroot)}\[\033[01;32m\]\u@\h\[\033[00m\]:\[\033[01;34m\]\w\[\033[00m\]\$ PYTHONPATH=/home/gp/Projects/interceptor-sim/build/interceptor_bringup/prefix_override:/usr/lib/python3/dist-packages/colcon_core/task/python/colcon_distutils_commands:/home/gp/Projects/interceptor-sim/install/interceptor_bringup/lib/python3.12/site-packages:${PYTHONPATH} VIRTUAL_ENV_PROMPT=(.venv) /usr/bin/python3 -W ignore:setup.py install is deprecated -W ignore:easy_install command is deprecated setup.py egg_info --egg-base ../../../build/interceptor_bringup build --build-base /home/gp/Projects/interceptor-sim/build/interceptor_bringup/build install --record /home/gp/Projects/interceptor-sim/build/interceptor_bringup/install.log --install-scripts $base/lib/interceptor_bringup --single-version-externally-managed install_data
[1.640s] running egg_info
[1.640s] creating ../../../build/interceptor_bringup/interceptor_bringup.egg-info
[1.656s] writing ../../../build/interceptor_bringup/interceptor_bringup.egg-info/PKG-INFO
[1.656s] writing dependency_links to ../../../build/interceptor_bringup/interceptor_bringup.egg-info/dependency_links.txt
[1.656s] writing requirements to ../../../build/interceptor_bringup/interceptor_bringup.egg-info/requires.txt
[1.656s] writing top-level names to ../../../build/interceptor_bringup/interceptor_bringup.egg-info/top_level.txt
[1.657s] writing manifest file '../../../build/interceptor_bringup/interceptor_bringup.egg-info/SOURCES.txt'
[1.690s] reading manifest file '../../../build/interceptor_bringup/interceptor_bringup.egg-info/SOURCES.txt'
[1.690s] adding license file 'LICENSE'
[1.691s] writing manifest file '../../../build/interceptor_bringup/interceptor_bringup.egg-info/SOURCES.txt'
[1.691s] running build
[1.691s] running build_py
[1.691s] creating /home/gp/Projects/interceptor-sim/build/interceptor_bringup/build
[1.691s] creating /home/gp/Projects/interceptor-sim/build/interceptor_bringup/build/lib
[1.691s] creating /home/gp/Projects/interceptor-sim/build/interceptor_bringup/build/lib/interceptor_bringup
[1.692s] copying interceptor_bringup/__init__.py -> /home/gp/Projects/interceptor-sim/build/interceptor_bringup/build/lib/interceptor_bringup
[1.692s] running install
[1.697s] running install_lib
[1.713s] creating /home/gp/Projects/interceptor-sim/install/interceptor_bringup/lib/python3.12/site-packages/interceptor_bringup
[1.713s] copying /home/gp/Projects/interceptor-sim/build/interceptor_bringup/build/lib/interceptor_bringup/__init__.py -> /home/gp/Projects/interceptor-sim/install/interceptor_bringup/lib/python3.12/site-packages/interceptor_bringup
[1.714s] byte-compiling /home/gp/Projects/interceptor-sim/install/interceptor_bringup/lib/python3.12/site-packages/interceptor_bringup/__init__.py to __init__.cpython-312.pyc
[1.714s] running install_data
[1.715s] creating /home/gp/Projects/interceptor-sim/install/interceptor_bringup/share/ament_index
[1.715s] creating /home/gp/Projects/interceptor-sim/install/interceptor_bringup/share/ament_index/resource_index
[1.715s] creating /home/gp/Projects/interceptor-sim/install/interceptor_bringup/share/ament_index/resource_index/packages
[1.715s] copying resource/interceptor_bringup -> /home/gp/Projects/interceptor-sim/install/interceptor_bringup/share/ament_index/resource_index/packages
[1.715s] copying package.xml -> /home/gp/Projects/interceptor-sim/install/interceptor_bringup/share/interceptor_bringup
[1.715s] creating /home/gp/Projects/interceptor-sim/install/interceptor_bringup/share/interceptor_bringup/launch
[1.715s] copying launch/simulation.launch.py -> /home/gp/Projects/interceptor-sim/install/interceptor_bringup/share/interceptor_bringup/launch
[1.716s] running install_egg_info
[1.734s] Copying ../../../build/interceptor_bringup/interceptor_bringup.egg-info to /home/gp/Projects/interceptor-sim/install/interceptor_bringup/lib/python3.12/site-packages/interceptor_bringup-0.0.0-py3.12.egg-info
[1.734s] running install_scripts
[1.846s] writing list of installed files to '/home/gp/Projects/interceptor-sim/build/interceptor_bringup/install.log'
[1.887s] Invoked command in '/home/gp/Projects/interceptor-sim/ros2_px4_ws/src/interceptor_bringup' returned '0': DEBUGINFOD_URLS=https://debuginfod.ubuntu.com PS1=(.venv) \[\e]0;\u@\h: \w\a\]${debian_chroot:+($debian_chroot)}\[\033[01;32m\]\u@\h\[\033[00m\]:\[\033[01;34m\]\w\[\033[00m\]\$ PYTHONPATH=/home/gp/Projects/interceptor-sim/build/interceptor_bringup/prefix_override:/usr/lib/python3/dist-packages/colcon_core/task/python/colcon_distutils_commands:/home/gp/Projects/interceptor-sim/install/interceptor_bringup/lib/python3.12/site-packages:${PYTHONPATH} VIRTUAL_ENV_PROMPT=(.venv) /usr/bin/python3 -W ignore:setup.py install is deprecated -W ignore:easy_install command is deprecated setup.py egg_info --egg-base ../../../build/interceptor_bringup build --build-base /home/gp/Projects/interceptor-sim/build/interceptor_bringup/build install --record /home/gp/Projects/interceptor-sim/build/interceptor_bringup/install.log --install-scripts $base/lib/interceptor_bringup --single-version-externally-managed install_data
