[1.383s] Invoking command in '/home/gp/Projects/interceptor-sim/ros2_px4_ws/src/px4_offboard': DEBUGINFOD_URLS=https://debuginfod.ubuntu.com PS1=(.venv) \[\e]0;\u@\h: \w\a\]${debian_chroot:+($debian_chroot)}\[\033[01;32m\]\u@\h\[\033[00m\]:\[\033[01;34m\]\w\[\033[00m\]\$ PYTHONPATH=/home/gp/Projects/interceptor-sim/build/px4_offboard/prefix_override:/usr/lib/python3/dist-packages/colcon_core/task/python/colcon_distutils_commands:/home/gp/Projects/interceptor-sim/install/px4_offboard/lib/python3.12/site-packages:${PYTHONPATH} VIRTUAL_ENV_PROMPT=(.venv) /usr/bin/python3 -W ignore:setup.py install is deprecated -W ignore:easy_install command is deprecated setup.py egg_info --egg-base ../../../build/px4_offboard build --build-base /home/gp/Projects/interceptor-sim/build/px4_offboard/build install --record /home/gp/Projects/interceptor-sim/build/px4_offboard/install.log --install-scripts $base/lib/px4_offboard --single-version-externally-managed install_data
[1.599s] running egg_info
[1.599s] creating ../../../build/px4_offboard/px4_offboard.egg-info
[1.615s] writing ../../../build/px4_offboard/px4_offboard.egg-info/PKG-INFO
[1.615s] writing dependency_links to ../../../build/px4_offboard/px4_offboard.egg-info/dependency_links.txt
[1.615s] writing entry points to ../../../build/px4_offboard/px4_offboard.egg-info/entry_points.txt
[1.615s] writing requirements to ../../../build/px4_offboard/px4_offboard.egg-info/requires.txt
[1.615s] writing top-level names to ../../../build/px4_offboard/px4_offboard.egg-info/top_level.txt
[1.615s] writing manifest file '../../../build/px4_offboard/px4_offboard.egg-info/SOURCES.txt'
[1.649s] reading manifest file '../../../build/px4_offboard/px4_offboard.egg-info/SOURCES.txt'
[1.649s] writing manifest file '../../../build/px4_offboard/px4_offboard.egg-info/SOURCES.txt'
[1.650s] running build
[1.650s] running build_py
[1.650s] creating /home/gp/Projects/interceptor-sim/build/px4_offboard/build
[1.650s] creating /home/gp/Projects/interceptor-sim/build/px4_offboard/build/lib
[1.650s] creating /home/gp/Projects/interceptor-sim/build/px4_offboard/build/lib/px4_offboard
[1.650s] copying px4_offboard/__init__.py -> /home/gp/Projects/interceptor-sim/build/px4_offboard/build/lib/px4_offboard
[1.651s] copying px4_offboard/position_offboard_control.py -> /home/gp/Projects/interceptor-sim/build/px4_offboard/build/lib/px4_offboard
[1.651s] copying px4_offboard/main_velocity_offboard.py -> /home/gp/Projects/interceptor-sim/build/px4_offboard/build/lib/px4_offboard
[1.651s] running install
[1.656s] running install_lib
[1.672s] creating /home/gp/Projects/interceptor-sim/install/px4_offboard/lib/python3.12/site-packages/px4_offboard
[1.672s] copying /home/gp/Projects/interceptor-sim/build/px4_offboard/build/lib/px4_offboard/__init__.py -> /home/gp/Projects/interceptor-sim/install/px4_offboard/lib/python3.12/site-packages/px4_offboard
[1.672s] copying /home/gp/Projects/interceptor-sim/build/px4_offboard/build/lib/px4_offboard/position_offboard_control.py -> /home/gp/Projects/interceptor-sim/install/px4_offboard/lib/python3.12/site-packages/px4_offboard
[1.673s] copying /home/gp/Projects/interceptor-sim/build/px4_offboard/build/lib/px4_offboard/main_velocity_offboard.py -> /home/gp/Projects/interceptor-sim/install/px4_offboard/lib/python3.12/site-packages/px4_offboard
[1.673s] byte-compiling /home/gp/Projects/interceptor-sim/install/px4_offboard/lib/python3.12/site-packages/px4_offboard/__init__.py to __init__.cpython-312.pyc
[1.673s] byte-compiling /home/gp/Projects/interceptor-sim/install/px4_offboard/lib/python3.12/site-packages/px4_offboard/position_offboard_control.py to position_offboard_control.cpython-312.pyc
[1.674s] byte-compiling /home/gp/Projects/interceptor-sim/install/px4_offboard/lib/python3.12/site-packages/px4_offboard/main_velocity_offboard.py to main_velocity_offboard.cpython-312.pyc
[1.676s] running install_data
[1.676s] creating /home/gp/Projects/interceptor-sim/install/px4_offboard/share/ament_index
[1.676s] creating /home/gp/Projects/interceptor-sim/install/px4_offboard/share/ament_index/resource_index
[1.676s] creating /home/gp/Projects/interceptor-sim/install/px4_offboard/share/ament_index/resource_index/packages
[1.676s] copying resource/px4_offboard -> /home/gp/Projects/interceptor-sim/install/px4_offboard/share/ament_index/resource_index/packages
[1.676s] copying package.xml -> /home/gp/Projects/interceptor-sim/install/px4_offboard/share/px4_offboard
[1.677s] creating /home/gp/Projects/interceptor-sim/install/px4_offboard/share/px4_offboard/launch
[1.677s] copying launch/keyboard_teleop.launch.py -> /home/gp/Projects/interceptor-sim/install/px4_offboard/share/px4_offboard/launch
[1.677s] copying launch/joystick_teleop.launch.py -> /home/gp/Projects/interceptor-sim/install/px4_offboard/share/px4_offboard/launch
[1.677s] creating /home/gp/Projects/interceptor-sim/install/px4_offboard/share/px4_offboard/config
[1.677s] copying config/joy_config.yaml -> /home/gp/Projects/interceptor-sim/install/px4_offboard/share/px4_offboard/config
[1.677s] running install_egg_info
[1.695s] Copying ../../../build/px4_offboard/px4_offboard.egg-info to /home/gp/Projects/interceptor-sim/install/px4_offboard/lib/python3.12/site-packages/px4_offboard-0.0.1-py3.12.egg-info
[1.696s] running install_scripts
[1.812s] Installing main_velocity_offboard.py script to /home/gp/Projects/interceptor-sim/install/px4_offboard/lib/px4_offboard
[1.812s] Installing position_offboard_control.py script to /home/gp/Projects/interceptor-sim/install/px4_offboard/lib/px4_offboard
[1.812s] writing list of installed files to '/home/gp/Projects/interceptor-sim/build/px4_offboard/install.log'
[1.832s] Invoked command in '/home/gp/Projects/interceptor-sim/ros2_px4_ws/src/px4_offboard' returned '0': DEBUGINFOD_URLS=https://debuginfod.ubuntu.com PS1=(.venv) \[\e]0;\u@\h: \w\a\]${debian_chroot:+($debian_chroot)}\[\033[01;32m\]\u@\h\[\033[00m\]:\[\033[01;34m\]\w\[\033[00m\]\$ PYTHONPATH=/home/gp/Projects/interceptor-sim/build/px4_offboard/prefix_override:/usr/lib/python3/dist-packages/colcon_core/task/python/colcon_distutils_commands:/home/gp/Projects/interceptor-sim/install/px4_offboard/lib/python3.12/site-packages:${PYTHONPATH} VIRTUAL_ENV_PROMPT=(.venv) /usr/bin/python3 -W ignore:setup.py install is deprecated -W ignore:easy_install command is deprecated setup.py egg_info --egg-base ../../../build/px4_offboard build --build-base /home/gp/Projects/interceptor-sim/build/px4_offboard/build install --record /home/gp/Projects/interceptor-sim/build/px4_offboard/install.log --install-scripts $base/lib/px4_offboard --single-version-externally-managed install_data
