running egg_info
creating ../../build/interceptor_vision/interceptor_vision.egg-info
writing ../../build/interceptor_vision/interceptor_vision.egg-info/PKG-INFO
writing dependency_links to ../../build/interceptor_vision/interceptor_vision.egg-info/dependency_links.txt
writing entry points to ../../build/interceptor_vision/interceptor_vision.egg-info/entry_points.txt
writing requirements to ../../build/interceptor_vision/interceptor_vision.egg-info/requires.txt
writing top-level names to ../../build/interceptor_vision/interceptor_vision.egg-info/top_level.txt
writing manifest file '../../build/interceptor_vision/interceptor_vision.egg-info/SOURCES.txt'
reading manifest file '../../build/interceptor_vision/interceptor_vision.egg-info/SOURCES.txt'
writing manifest file '../../build/interceptor_vision/interceptor_vision.egg-info/SOURCES.txt'
running build
running build_py
creating /home/gp/Projects/interceptor-sim/ros2_px4_ws/build/interceptor_vision/build
creating /home/gp/Projects/interceptor-sim/ros2_px4_ws/build/interceptor_vision/build/lib
creating /home/gp/Projects/interceptor-sim/ros2_px4_ws/build/interceptor_vision/build/lib/interceptor_vision
copying interceptor_vision/__init__.py -> /home/gp/Projects/interceptor-sim/ros2_px4_ws/build/interceptor_vision/build/lib/interceptor_vision
copying interceptor_vision/cv_first.py -> /home/gp/Projects/interceptor-sim/ros2_px4_ws/build/interceptor_vision/build/lib/interceptor_vision
running install
running install_lib
creating /home/gp/Projects/interceptor-sim/ros2_px4_ws/install/interceptor_vision/lib/python3.12/site-packages/interceptor_vision
copying /home/gp/Projects/interceptor-sim/ros2_px4_ws/build/interceptor_vision/build/lib/interceptor_vision/__init__.py -> /home/gp/Projects/interceptor-sim/ros2_px4_ws/install/interceptor_vision/lib/python3.12/site-packages/interceptor_vision
copying /home/gp/Projects/interceptor-sim/ros2_px4_ws/build/interceptor_vision/build/lib/interceptor_vision/cv_first.py -> /home/gp/Projects/interceptor-sim/ros2_px4_ws/install/interceptor_vision/lib/python3.12/site-packages/interceptor_vision
byte-compiling /home/gp/Projects/interceptor-sim/ros2_px4_ws/install/interceptor_vision/lib/python3.12/site-packages/interceptor_vision/__init__.py to __init__.cpython-312.pyc
byte-compiling /home/gp/Projects/interceptor-sim/ros2_px4_ws/install/interceptor_vision/lib/python3.12/site-packages/interceptor_vision/cv_first.py to cv_first.cpython-312.pyc
running install_data
creating /home/gp/Projects/interceptor-sim/ros2_px4_ws/install/interceptor_vision/share/ament_index
creating /home/gp/Projects/interceptor-sim/ros2_px4_ws/install/interceptor_vision/share/ament_index/resource_index
creating /home/gp/Projects/interceptor-sim/ros2_px4_ws/install/interceptor_vision/share/ament_index/resource_index/packages
copying resource/interceptor_vision -> /home/gp/Projects/interceptor-sim/ros2_px4_ws/install/interceptor_vision/share/ament_index/resource_index/packages
copying package.xml -> /home/gp/Projects/interceptor-sim/ros2_px4_ws/install/interceptor_vision/share/interceptor_vision
running install_egg_info
Copying ../../build/interceptor_vision/interceptor_vision.egg-info to /home/gp/Projects/interceptor-sim/ros2_px4_ws/install/interceptor_vision/lib/python3.12/site-packages/interceptor_vision-0.0.0-py3.12.egg-info
running install_scripts
Installing vision_node script to /home/gp/Projects/interceptor-sim/ros2_px4_ws/install/interceptor_vision/lib/interceptor_vision
writing list of installed files to '/home/gp/Projects/interceptor-sim/ros2_px4_ws/build/interceptor_vision/install.log'
