[0.009s] Invoking command in '/home/gp/Projects/interceptor-sim/build/px4_gz_markers': AMENT_PREFIX_PATH=/home/gp/Projects/interceptor-sim/install/px4_msgs:${AMENT_PREFIX_PATH} CMAKE_PREFIX_PATH=/home/gp/Projects/interceptor-sim/install/px4_msgs:/opt/ros/jazzy/opt/gz_transport_vendor:/opt/ros/jazzy/opt/gz_msgs_vendor:/opt/ros/jazzy/opt/gz_math_vendor:/opt/ros/jazzy/opt/gz_utils_vendor:/opt/ros/jazzy/opt/gz_tools_vendor:/opt/ros/jazzy/opt/gz_cmake_vendor:/opt/ros/jazzy DEBUGINFOD_URLS=https://debuginfod.ubuntu.com LD_LIBRARY_PATH=/home/gp/Projects/interceptor-sim/install/px4_msgs/lib:${LD_LIBRARY_PATH} PS1=(.venv) \[\e]0;\u@\h: \w\a\]${debian_chroot:+($debian_chroot)}\[\033[01;32m\]\u@\h\[\033[00m\]:\[\033[01;34m\]\w\[\033[00m\]\$ PYTHONPATH=/home/gp/Projects/interceptor-sim/install/px4_msgs/lib/python3.12/site-packages:${PYTHONPATH} VIRTUAL_ENV_PROMPT=(.venv) /usr/bin/cmake /home/gp/Projects/interceptor-sim/ros2_px4_ws/src/px4_gz_markers -DCMAKE_INSTALL_PREFIX=/home/gp/Projects/interceptor-sim/install/px4_gz_markers
[0.065s] -- The C compiler identification is GNU 13.3.0
[0.126s] -- The CXX compiler identification is GNU 13.3.0
[0.147s] -- Detecting C compiler ABI info
[0.244s] -- Detecting C compiler ABI info - done
[0.253s] -- Check for working C compiler: /usr/bin/cc - skipped
[0.253s] -- Detecting C compile features
[0.253s] -- Detecting C compile features - done
[0.264s] -- Detecting CXX compiler ABI info
[0.378s] -- Detecting CXX compiler ABI info - done
[0.387s] -- Check for working CXX compiler: /usr/bin/c++ - skipped
[0.387s] -- Detecting CXX compile features
[0.388s] -- Detecting CXX compile features - done
[0.390s] -- Found ament_cmake: 2.5.6 (/opt/ros/jazzy/share/ament_cmake/cmake)
[0.536s] -- Found Python3: /home/gp/Projects/interceptor-sim/ros2_px4_ws/.venv/bin/python3 (found version "3.12.3") found components: Interpreter 
[0.639s] -- Found rclcpp: 28.1.21 (/opt/ros/jazzy/share/rclcpp/cmake)
[0.685s] -- Found rosidl_generator_c: 4.6.9 (/opt/ros/jazzy/share/rosidl_generator_c/cmake)
[0.699s] -- Found rosidl_generator_cpp: 4.6.9 (/opt/ros/jazzy/share/rosidl_generator_cpp/cmake)
[0.713s] -- Using all available rosidl_typesupport_c: rosidl_typesupport_fastrtps_c;rosidl_typesupport_introspection_c
[0.731s] -- Using all available rosidl_typesupport_cpp: rosidl_typesupport_fastrtps_cpp;rosidl_typesupport_introspection_cpp
[0.820s] -- Found rmw_implementation_cmake: 7.3.3 (/opt/ros/jazzy/share/rmw_implementation_cmake/cmake)
[0.825s] -- Found rmw_fastrtps_cpp: 8.4.4 (/opt/ros/jazzy/share/rmw_fastrtps_cpp/cmake)
[0.927s] -- Found OpenSSL: /usr/lib/x86_64-linux-gnu/libcrypto.so (found version "3.0.13")  
[0.957s] -- Found FastRTPS: /opt/ros/jazzy/include (Required is at least version "2.13") 
[0.983s] -- Using RMW implementation 'rmw_fastrtps_cpp' as default
[1.086s] -- Found px4_msgs: 1.17.0 (/home/gp/Projects/interceptor-sim/install/px4_msgs/share/px4_msgs/cmake)
[1.104s] -- Looking for gz-transport13 -- found version 13.5.0
[1.114s] -- Searching for dependencies of gz-transport13
[1.264s] -- Found Protobuf: /usr/lib/x86_64-linux-gnu/libprotobuf.so (found version "3.21.12") 
[1.282s] -- Config-file not installed for ZeroMQ -- checking for pkg-config
[1.290s] -- Checking for module 'libzmq >= 4'
[1.307s] --   Found libzmq, version 4.3.5
[1.357s] -- Found ZeroMQ: TRUE (Required is at least version "4") 
[1.364s] -- Checking for module 'uuid'
[1.381s] --   Found uuid, version 2.39.3
[1.424s] -- Found UUID: TRUE  
[1.425s] -- Looking for gz-utils2 -- found version 2.2.1
[1.425s] -- Searching for dependencies of gz-utils2
[1.426s] -- Searching for <gz-utils2> component [cli]
[1.428s] -- Looking for gz-utils2-cli -- found version 2.2.1
[1.428s] -- Searching for dependencies of gz-utils2-cli
[1.430s] -- Looking for gz-msgs10 -- found version 10.3.2
[1.430s] -- Searching for dependencies of gz-msgs10
[1.454s] -- Looking for gz-utils2 -- found version 2.2.1
[1.455s] -- Looking for gz-math7 -- found version 7.6.0
[1.455s] -- Searching for dependencies of gz-math7
[1.456s] -- Looking for gz-utils2 -- found version 2.2.1
[1.464s] -- Checking for module 'tinyxml2'
[1.481s] --   Found tinyxml2, version 10.0.0
[1.531s] -- Looking for gz-msgs10 -- found version 10.3.2
[1.531s] -- Looking for gz-math7 -- found version 7.6.0
[1.532s] -- Found ament_lint_auto: 0.17.5 (/opt/ros/jazzy/share/ament_lint_auto/cmake)
[1.641s] -- Configuring done (1.6s)
[1.657s] -- Generating done (0.0s)
[1.661s] -- Build files have been written to: /home/gp/Projects/interceptor-sim/build/px4_gz_markers
[1.673s] Invoked command in '/home/gp/Projects/interceptor-sim/build/px4_gz_markers' returned '0': AMENT_PREFIX_PATH=/home/gp/Projects/interceptor-sim/install/px4_msgs:${AMENT_PREFIX_PATH} CMAKE_PREFIX_PATH=/home/gp/Projects/interceptor-sim/install/px4_msgs:/opt/ros/jazzy/opt/gz_transport_vendor:/opt/ros/jazzy/opt/gz_msgs_vendor:/opt/ros/jazzy/opt/gz_math_vendor:/opt/ros/jazzy/opt/gz_utils_vendor:/opt/ros/jazzy/opt/gz_tools_vendor:/opt/ros/jazzy/opt/gz_cmake_vendor:/opt/ros/jazzy DEBUGINFOD_URLS=https://debuginfod.ubuntu.com LD_LIBRARY_PATH=/home/gp/Projects/interceptor-sim/install/px4_msgs/lib:${LD_LIBRARY_PATH} PS1=(.venv) \[\e]0;\u@\h: \w\a\]${debian_chroot:+($debian_chroot)}\[\033[01;32m\]\u@\h\[\033[00m\]:\[\033[01;34m\]\w\[\033[00m\]\$ PYTHONPATH=/home/gp/Projects/interceptor-sim/install/px4_msgs/lib/python3.12/site-packages:${PYTHONPATH} VIRTUAL_ENV_PROMPT=(.venv) /usr/bin/cmake /home/gp/Projects/interceptor-sim/ros2_px4_ws/src/px4_gz_markers -DCMAKE_INSTALL_PREFIX=/home/gp/Projects/interceptor-sim/install/px4_gz_markers
[1.674s] Invoking command in '/home/gp/Projects/interceptor-sim/build/px4_gz_markers': AMENT_PREFIX_PATH=/home/gp/Projects/interceptor-sim/install/px4_msgs:${AMENT_PREFIX_PATH} CMAKE_PREFIX_PATH=/home/gp/Projects/interceptor-sim/install/px4_msgs:/opt/ros/jazzy/opt/gz_transport_vendor:/opt/ros/jazzy/opt/gz_msgs_vendor:/opt/ros/jazzy/opt/gz_math_vendor:/opt/ros/jazzy/opt/gz_utils_vendor:/opt/ros/jazzy/opt/gz_tools_vendor:/opt/ros/jazzy/opt/gz_cmake_vendor:/opt/ros/jazzy DEBUGINFOD_URLS=https://debuginfod.ubuntu.com LD_LIBRARY_PATH=/home/gp/Projects/interceptor-sim/install/px4_msgs/lib:${LD_LIBRARY_PATH} PS1=(.venv) \[\e]0;\u@\h: \w\a\]${debian_chroot:+($debian_chroot)}\[\033[01;32m\]\u@\h\[\033[00m\]:\[\033[01;34m\]\w\[\033[00m\]\$ PYTHONPATH=/home/gp/Projects/interceptor-sim/install/px4_msgs/lib/python3.12/site-packages:${PYTHONPATH} VIRTUAL_ENV_PROMPT=(.venv) /usr/bin/cmake --build /home/gp/Projects/interceptor-sim/build/px4_gz_markers -- -j16 -l16
[1.730s] [ 50%] [32mBuilding CXX object CMakeFiles/marker_test.dir/src/marker_test.cpp.o[0m
[9.725s] [100%] [32m[1mLinking CXX executable marker_test[0m
[10.188s] [100%] Built target marker_test
[10.199s] Invoked command in '/home/gp/Projects/interceptor-sim/build/px4_gz_markers' returned '0': AMENT_PREFIX_PATH=/home/gp/Projects/interceptor-sim/install/px4_msgs:${AMENT_PREFIX_PATH} CMAKE_PREFIX_PATH=/home/gp/Projects/interceptor-sim/install/px4_msgs:/opt/ros/jazzy/opt/gz_transport_vendor:/opt/ros/jazzy/opt/gz_msgs_vendor:/opt/ros/jazzy/opt/gz_math_vendor:/opt/ros/jazzy/opt/gz_utils_vendor:/opt/ros/jazzy/opt/gz_tools_vendor:/opt/ros/jazzy/opt/gz_cmake_vendor:/opt/ros/jazzy DEBUGINFOD_URLS=https://debuginfod.ubuntu.com LD_LIBRARY_PATH=/home/gp/Projects/interceptor-sim/install/px4_msgs/lib:${LD_LIBRARY_PATH} PS1=(.venv) \[\e]0;\u@\h: \w\a\]${debian_chroot:+($debian_chroot)}\[\033[01;32m\]\u@\h\[\033[00m\]:\[\033[01;34m\]\w\[\033[00m\]\$ PYTHONPATH=/home/gp/Projects/interceptor-sim/install/px4_msgs/lib/python3.12/site-packages:${PYTHONPATH} VIRTUAL_ENV_PROMPT=(.venv) /usr/bin/cmake --build /home/gp/Projects/interceptor-sim/build/px4_gz_markers -- -j16 -l16
[10.200s] Invoking command in '/home/gp/Projects/interceptor-sim/build/px4_gz_markers': AMENT_PREFIX_PATH=/home/gp/Projects/interceptor-sim/install/px4_msgs:${AMENT_PREFIX_PATH} CMAKE_PREFIX_PATH=/home/gp/Projects/interceptor-sim/install/px4_msgs:/opt/ros/jazzy/opt/gz_transport_vendor:/opt/ros/jazzy/opt/gz_msgs_vendor:/opt/ros/jazzy/opt/gz_math_vendor:/opt/ros/jazzy/opt/gz_utils_vendor:/opt/ros/jazzy/opt/gz_tools_vendor:/opt/ros/jazzy/opt/gz_cmake_vendor:/opt/ros/jazzy DEBUGINFOD_URLS=https://debuginfod.ubuntu.com LD_LIBRARY_PATH=/home/gp/Projects/interceptor-sim/install/px4_msgs/lib:${LD_LIBRARY_PATH} PS1=(.venv) \[\e]0;\u@\h: \w\a\]${debian_chroot:+($debian_chroot)}\[\033[01;32m\]\u@\h\[\033[00m\]:\[\033[01;34m\]\w\[\033[00m\]\$ PYTHONPATH=/home/gp/Projects/interceptor-sim/install/px4_msgs/lib/python3.12/site-packages:${PYTHONPATH} VIRTUAL_ENV_PROMPT=(.venv) /usr/bin/cmake --install /home/gp/Projects/interceptor-sim/build/px4_gz_markers
[10.207s] -- Install configuration: ""
[10.207s] -- Installing: /home/gp/Projects/interceptor-sim/install/px4_gz_markers/lib/px4_gz_markers/marker_test
[10.211s] -- Set non-toolchain portion of runtime path of "/home/gp/Projects/interceptor-sim/install/px4_gz_markers/lib/px4_gz_markers/marker_test" to ""
[10.211s] -- Installing: /home/gp/Projects/interceptor-sim/install/px4_gz_markers/share/ament_index/resource_index/package_run_dependencies/px4_gz_markers
[10.211s] -- Installing: /home/gp/Projects/interceptor-sim/install/px4_gz_markers/share/ament_index/resource_index/parent_prefix_path/px4_gz_markers
[10.211s] -- Installing: /home/gp/Projects/interceptor-sim/install/px4_gz_markers/share/px4_gz_markers/environment/ament_prefix_path.sh
[10.211s] -- Installing: /home/gp/Projects/interceptor-sim/install/px4_gz_markers/share/px4_gz_markers/environment/ament_prefix_path.dsv
[10.212s] -- Installing: /home/gp/Projects/interceptor-sim/install/px4_gz_markers/share/px4_gz_markers/environment/path.sh
[10.212s] -- Installing: /home/gp/Projects/interceptor-sim/install/px4_gz_markers/share/px4_gz_markers/environment/path.dsv
[10.212s] -- Installing: /home/gp/Projects/interceptor-sim/install/px4_gz_markers/share/px4_gz_markers/local_setup.bash
[10.212s] -- Installing: /home/gp/Projects/interceptor-sim/install/px4_gz_markers/share/px4_gz_markers/local_setup.sh
[10.212s] -- Installing: /home/gp/Projects/interceptor-sim/install/px4_gz_markers/share/px4_gz_markers/local_setup.zsh
[10.212s] -- Installing: /home/gp/Projects/interceptor-sim/install/px4_gz_markers/share/px4_gz_markers/local_setup.dsv
[10.212s] -- Installing: /home/gp/Projects/interceptor-sim/install/px4_gz_markers/share/px4_gz_markers/package.dsv
[10.213s] -- Installing: /home/gp/Projects/interceptor-sim/install/px4_gz_markers/share/ament_index/resource_index/packages/px4_gz_markers
[10.213s] -- Installing: /home/gp/Projects/interceptor-sim/install/px4_gz_markers/share/px4_gz_markers/cmake/px4_gz_markersConfig.cmake
[10.213s] -- Installing: /home/gp/Projects/interceptor-sim/install/px4_gz_markers/share/px4_gz_markers/cmake/px4_gz_markersConfig-version.cmake
[10.213s] -- Installing: /home/gp/Projects/interceptor-sim/install/px4_gz_markers/share/px4_gz_markers/package.xml
[10.215s] Invoked command in '/home/gp/Projects/interceptor-sim/build/px4_gz_markers' returned '0': AMENT_PREFIX_PATH=/home/gp/Projects/interceptor-sim/install/px4_msgs:${AMENT_PREFIX_PATH} CMAKE_PREFIX_PATH=/home/gp/Projects/interceptor-sim/install/px4_msgs:/opt/ros/jazzy/opt/gz_transport_vendor:/opt/ros/jazzy/opt/gz_msgs_vendor:/opt/ros/jazzy/opt/gz_math_vendor:/opt/ros/jazzy/opt/gz_utils_vendor:/opt/ros/jazzy/opt/gz_tools_vendor:/opt/ros/jazzy/opt/gz_cmake_vendor:/opt/ros/jazzy DEBUGINFOD_URLS=https://debuginfod.ubuntu.com LD_LIBRARY_PATH=/home/gp/Projects/interceptor-sim/install/px4_msgs/lib:${LD_LIBRARY_PATH} PS1=(.venv) \[\e]0;\u@\h: \w\a\]${debian_chroot:+($debian_chroot)}\[\033[01;32m\]\u@\h\[\033[00m\]:\[\033[01;34m\]\w\[\033[00m\]\$ PYTHONPATH=/home/gp/Projects/interceptor-sim/install/px4_msgs/lib/python3.12/site-packages:${PYTHONPATH} VIRTUAL_ENV_PROMPT=(.venv) /usr/bin/cmake --install /home/gp/Projects/interceptor-sim/build/px4_gz_markers
