[1.990s] Invoking command in '/home/gp/Projects/interceptor-sim/ros2_px4_ws/src/interceptor_vision': DEBUGINFOD_URLS=https://debuginfod.ubuntu.com PYTHONPATH=/home/gp/Projects/interceptor-sim/ros2_px4_ws/build/interceptor_vision/prefix_override:/usr/lib/python3/dist-packages/colcon_core/task/python/colcon_distutils_commands:/home/gp/Projects/interceptor-sim/ros2_px4_ws/install/interceptor_vision/lib/python3.12/site-packages:${PYTHONPATH} /usr/bin/python3 -W ignore:setup.py install is deprecated -W ignore:easy_install command is deprecated setup.py egg_info --egg-base ../../build/interceptor_vision build --build-base /home/gp/Projects/interceptor-sim/ros2_px4_ws/build/interceptor_vision/build install --record /home/gp/Projects/interceptor-sim/ros2_px4_ws/build/interceptor_vision/install.log --install-scripts $base/lib/interceptor_vision --single-version-externally-managed install_data
[2.298s] running egg_info
[2.322s] writing ../../build/interceptor_vision/interceptor_vision.egg-info/PKG-INFO
[2.322s] writing dependency_links to ../../build/interceptor_vision/interceptor_vision.egg-info/dependency_links.txt
[2.322s] writing entry points to ../../build/interceptor_vision/interceptor_vision.egg-info/entry_points.txt
[2.323s] writing requirements to ../../build/interceptor_vision/interceptor_vision.egg-info/requires.txt
[2.323s] writing top-level names to ../../build/interceptor_vision/interceptor_vision.egg-info/top_level.txt
[2.372s] reading manifest file '../../build/interceptor_vision/interceptor_vision.egg-info/SOURCES.txt'
[2.373s] writing manifest file '../../build/interceptor_vision/interceptor_vision.egg-info/SOURCES.txt'
[2.373s] running build
[2.373s] running build_py
[2.373s] running install
[2.383s] running install_lib
[2.409s] running install_data
[2.410s] running install_egg_info
[2.436s] removing '/home/gp/Projects/interceptor-sim/ros2_px4_ws/install/interceptor_vision/lib/python3.12/site-packages/interceptor_vision-0.0.0-py3.12.egg-info' (and everything under it)
[2.438s] Copying ../../build/interceptor_vision/interceptor_vision.egg-info to /home/gp/Projects/interceptor-sim/ros2_px4_ws/install/interceptor_vision/lib/python3.12/site-packages/interceptor_vision-0.0.0-py3.12.egg-info
[2.438s] running install_scripts
[2.600s] Installing YOLO_node script to /home/gp/Projects/interceptor-sim/ros2_px4_ws/install/interceptor_vision/lib/interceptor_vision
[2.603s] Installing vision_node script to /home/gp/Projects/interceptor-sim/ros2_px4_ws/install/interceptor_vision/lib/interceptor_vision
[2.603s] writing list of installed files to '/home/gp/Projects/interceptor-sim/ros2_px4_ws/build/interceptor_vision/install.log'
[2.723s] Invoked command in '/home/gp/Projects/interceptor-sim/ros2_px4_ws/src/interceptor_vision' returned '0': DEBUGINFOD_URLS=https://debuginfod.ubuntu.com PYTHONPATH=/home/gp/Projects/interceptor-sim/ros2_px4_ws/build/interceptor_vision/prefix_override:/usr/lib/python3/dist-packages/colcon_core/task/python/colcon_distutils_commands:/home/gp/Projects/interceptor-sim/ros2_px4_ws/install/interceptor_vision/lib/python3.12/site-packages:${PYTHONPATH} /usr/bin/python3 -W ignore:setup.py install is deprecated -W ignore:easy_install command is deprecated setup.py egg_info --egg-base ../../build/interceptor_vision build --build-base /home/gp/Projects/interceptor-sim/ros2_px4_ws/build/interceptor_vision/build install --record /home/gp/Projects/interceptor-sim/ros2_px4_ws/build/interceptor_vision/install.log --install-scripts $base/lib/interceptor_vision --single-version-externally-managed install_data
