[2.087s] Invoking command in '/home/gp/Projects/interceptor-sim/ros2_px4_ws/src/px4_offboard': DEBUGINFOD_URLS=https://debuginfod.ubuntu.com PYTHONPATH=/home/gp/Projects/interceptor-sim/ros2_px4_ws/build/px4_offboard/prefix_override:/usr/lib/python3/dist-packages/colcon_core/task/python/colcon_distutils_commands:/home/gp/Projects/interceptor-sim/ros2_px4_ws/install/px4_offboard/lib/python3.12/site-packages:${PYTHONPATH} /usr/bin/python3 -W ignore:setup.py install is deprecated -W ignore:easy_install command is deprecated setup.py egg_info --egg-base ../../build/px4_offboard build --build-base /home/gp/Projects/interceptor-sim/ros2_px4_ws/build/px4_offboard/build install --record /home/gp/Projects/interceptor-sim/ros2_px4_ws/build/px4_offboard/install.log --install-scripts $base/lib/px4_offboard --single-version-externally-managed install_data
[2.447s] running egg_info
[2.472s] writing ../../build/px4_offboard/px4_offboard.egg-info/PKG-INFO
[2.473s] writing dependency_links to ../../build/px4_offboard/px4_offboard.egg-info/dependency_links.txt
[2.473s] writing entry points to ../../build/px4_offboard/px4_offboard.egg-info/entry_points.txt
[2.473s] writing requirements to ../../build/px4_offboard/px4_offboard.egg-info/requires.txt
[2.474s] writing top-level names to ../../build/px4_offboard/px4_offboard.egg-info/top_level.txt
[2.525s] reading manifest file '../../build/px4_offboard/px4_offboard.egg-info/SOURCES.txt'
[2.526s] writing manifest file '../../build/px4_offboard/px4_offboard.egg-info/SOURCES.txt'
[2.527s] running build
[2.527s] running build_py
[2.527s] running install
[2.534s] running install_lib
[2.561s] running install_data
[2.562s] running install_egg_info
[2.589s] removing '/home/gp/Projects/interceptor-sim/ros2_px4_ws/install/px4_offboard/lib/python3.12/site-packages/px4_offboard-0.0.1-py3.12.egg-info' (and everything under it)
[2.589s] Copying ../../build/px4_offboard/px4_offboard.egg-info to /home/gp/Projects/interceptor-sim/ros2_px4_ws/install/px4_offboard/lib/python3.12/site-packages/px4_offboard-0.0.1-py3.12.egg-info
[2.590s] running install_scripts
[2.743s] Installing main_velocity_offboard.py script to /home/gp/Projects/interceptor-sim/ros2_px4_ws/install/px4_offboard/lib/px4_offboard
[2.743s] Installing position_offboard_control.py script to /home/gp/Projects/interceptor-sim/ros2_px4_ws/install/px4_offboard/lib/px4_offboard
[2.744s] writing list of installed files to '/home/gp/Projects/interceptor-sim/ros2_px4_ws/build/px4_offboard/install.log'
[2.842s] Invoked command in '/home/gp/Projects/interceptor-sim/ros2_px4_ws/src/px4_offboard' returned '0': DEBUGINFOD_URLS=https://debuginfod.ubuntu.com PYTHONPATH=/home/gp/Projects/interceptor-sim/ros2_px4_ws/build/px4_offboard/prefix_override:/usr/lib/python3/dist-packages/colcon_core/task/python/colcon_distutils_commands:/home/gp/Projects/interceptor-sim/ros2_px4_ws/install/px4_offboard/lib/python3.12/site-packages:${PYTHONPATH} /usr/bin/python3 -W ignore:setup.py install is deprecated -W ignore:easy_install command is deprecated setup.py egg_info --egg-base ../../build/px4_offboard build --build-base /home/gp/Projects/interceptor-sim/ros2_px4_ws/build/px4_offboard/build install --record /home/gp/Projects/interceptor-sim/ros2_px4_ws/build/px4_offboard/install.log --install-scripts $base/lib/px4_offboard --single-version-externally-managed install_data
