[0.141s] DEBUG:colcon:Command line arguments: ['/usr/bin/colcon', 'build']
[0.141s] DEBUG:colcon:Parsed command line arguments: Namespace(log_base=None, log_level=None, verb_name='build', build_base='build', install_base='install', merge_install=False, symlink_install=False, test_result_base=None, continue_on_error=False, executor='parallel', parallel_workers=16, event_handlers=None, ignore_user_meta=False, metas=['./colcon.meta'], base_paths=['.'], packages_ignore=None, packages_ignore_regex=None, paths=None, packages_up_to=None, packages_up_to_regex=None, packages_above=None, packages_above_and_dependencies=None, packages_above_depth=None, packages_select_by_dep=None, packages_skip_by_dep=None, packages_skip_up_to=None, packages_select_build_failed=False, packages_skip_build_finished=False, packages_select_test_failures=False, packages_skip_test_passed=False, packages_select=None, packages_skip=None, packages_select_regex=None, packages_skip_regex=None, packages_start=None, packages_end=None, allow_overriding=[], cmake_args=None, cmake_target=None, cmake_target_skip_unavailable=False, cmake_clean_cache=False, cmake_clean_first=False, cmake_force_configure=False, ament_cmake_args=None, catkin_cmake_args=None, catkin_skip_building_tests=False, mixin_files=None, mixin=None, verb_parser=<colcon_mixin.mixin.mixin_argument.MixinArgumentDecorator object at 0x7a203caa41a0>, verb_extension=<colcon_core.verb.build.BuildVerb object at 0x7a203ca83aa0>, main=<bound method BuildVerb.main of <colcon_core.verb.build.BuildVerb object at 0x7a203ca83aa0>>, mixin_verb=('build',))
[0.187s] Level 1:colcon.colcon_core.package_discovery:discover_packages(colcon_meta) check parameters
[0.187s] Level 1:colcon.colcon_core.package_discovery:discover_packages(recursive) check parameters
[0.187s] Level 1:colcon.colcon_core.package_discovery:discover_packages(ignore) check parameters
[0.187s] Level 1:colcon.colcon_core.package_discovery:discover_packages(path) check parameters
[0.187s] Level 1:colcon.colcon_core.package_discovery:discover_packages(colcon_meta) discover
[0.187s] Level 1:colcon.colcon_core.package_discovery:discover_packages(recursive) discover
[0.187s] INFO:colcon.colcon_core.package_discovery:Crawling recursively for packages in '/home/gp/Projects/interceptor-sim'
[0.187s] Level 1:colcon.colcon_core.package_identification:_identify(.) by extensions ['ignore', 'ignore_ament_install']
[0.188s] Level 1:colcon.colcon_core.package_identification:_identify(.) by extension 'ignore'
[0.188s] Level 1:colcon.colcon_core.package_identification:_identify(.) by extension 'ignore_ament_install'
[0.188s] Level 1:colcon.colcon_core.package_identification:_identify(.) by extensions ['colcon_pkg']
[0.188s] Level 1:colcon.colcon_core.package_identification:_identify(.) by extension 'colcon_pkg'
[0.188s] Level 1:colcon.colcon_core.package_identification:_identify(.) by extensions ['colcon_meta']
[0.188s] Level 1:colcon.colcon_core.package_identification:_identify(.) by extension 'colcon_meta'
[0.188s] Level 1:colcon.colcon_core.package_identification:_identify(.) by extensions ['ros']
[0.188s] Level 1:colcon.colcon_core.package_identification:_identify(.) by extension 'ros'
[0.209s] Level 1:colcon.colcon_core.package_identification:_identify(.) by extensions ['cmake', 'python']
[0.209s] Level 1:colcon.colcon_core.package_identification:_identify(.) by extension 'cmake'
[0.209s] Level 1:colcon.colcon_core.package_identification:_identify(.) by extension 'python'
[0.209s] Level 1:colcon.colcon_core.package_identification:_identify(.) by extensions ['python_setup_py']
[0.209s] Level 1:colcon.colcon_core.package_identification:_identify(.) by extension 'python_setup_py'
[0.209s] Level 1:colcon.colcon_core.package_identification:_identify(assets) by extensions ['ignore', 'ignore_ament_install']
[0.209s] Level 1:colcon.colcon_core.package_identification:_identify(assets) by extension 'ignore'
[0.209s] Level 1:colcon.colcon_core.package_identification:_identify(assets) by extension 'ignore_ament_install'
[0.209s] Level 1:colcon.colcon_core.package_identification:_identify(assets) by extensions ['colcon_pkg']
[0.209s] Level 1:colcon.colcon_core.package_identification:_identify(assets) by extension 'colcon_pkg'
[0.209s] Level 1:colcon.colcon_core.package_identification:_identify(assets) by extensions ['colcon_meta']
[0.209s] Level 1:colcon.colcon_core.package_identification:_identify(assets) by extension 'colcon_meta'
[0.209s] Level 1:colcon.colcon_core.package_identification:_identify(assets) by extensions ['ros']
[0.209s] Level 1:colcon.colcon_core.package_identification:_identify(assets) by extension 'ros'
[0.209s] Level 1:colcon.colcon_core.package_identification:_identify(assets) by extensions ['cmake', 'python']
[0.209s] Level 1:colcon.colcon_core.package_identification:_identify(assets) by extension 'cmake'
[0.209s] Level 1:colcon.colcon_core.package_identification:_identify(assets) by extension 'python'
[0.209s] Level 1:colcon.colcon_core.package_identification:_identify(assets) by extensions ['python_setup_py']
[0.209s] Level 1:colcon.colcon_core.package_identification:_identify(assets) by extension 'python_setup_py'
[0.209s] Level 1:colcon.colcon_core.package_identification:_identify(build) by extensions ['ignore', 'ignore_ament_install']
[0.210s] Level 1:colcon.colcon_core.package_identification:_identify(build) by extension 'ignore'
[0.210s] Level 1:colcon.colcon_core.package_identification:_identify(build) ignored
[0.210s] Level 1:colcon.colcon_core.package_identification:_identify(docs) by extensions ['ignore', 'ignore_ament_install']
[0.210s] Level 1:colcon.colcon_core.package_identification:_identify(docs) by extension 'ignore'
[0.210s] Level 1:colcon.colcon_core.package_identification:_identify(docs) by extension 'ignore_ament_install'
[0.210s] Level 1:colcon.colcon_core.package_identification:_identify(docs) by extensions ['colcon_pkg']
[0.210s] Level 1:colcon.colcon_core.package_identification:_identify(docs) by extension 'colcon_pkg'
[0.210s] Level 1:colcon.colcon_core.package_identification:_identify(docs) by extensions ['colcon_meta']
[0.210s] Level 1:colcon.colcon_core.package_identification:_identify(docs) by extension 'colcon_meta'
[0.210s] Level 1:colcon.colcon_core.package_identification:_identify(docs) by extensions ['ros']
[0.210s] Level 1:colcon.colcon_core.package_identification:_identify(docs) by extension 'ros'
[0.210s] Level 1:colcon.colcon_core.package_identification:_identify(docs) by extensions ['cmake', 'python']
[0.210s] Level 1:colcon.colcon_core.package_identification:_identify(docs) by extension 'cmake'
[0.210s] Level 1:colcon.colcon_core.package_identification:_identify(docs) by extension 'python'
[0.210s] Level 1:colcon.colcon_core.package_identification:_identify(docs) by extensions ['python_setup_py']
[0.210s] Level 1:colcon.colcon_core.package_identification:_identify(docs) by extension 'python_setup_py'
[0.210s] Level 1:colcon.colcon_core.package_identification:_identify(install) by extensions ['ignore', 'ignore_ament_install']
[0.210s] Level 1:colcon.colcon_core.package_identification:_identify(install) by extension 'ignore'
[0.210s] Level 1:colcon.colcon_core.package_identification:_identify(install) ignored
[0.210s] Level 1:colcon.colcon_core.package_identification:_identify(log) by extensions ['ignore', 'ignore_ament_install']
[0.210s] Level 1:colcon.colcon_core.package_identification:_identify(log) by extension 'ignore'
[0.210s] Level 1:colcon.colcon_core.package_identification:_identify(log) ignored
[0.210s] Level 1:colcon.colcon_core.package_identification:_identify(ros2_px4_ws) by extensions ['ignore', 'ignore_ament_install']
[0.211s] Level 1:colcon.colcon_core.package_identification:_identify(ros2_px4_ws) by extension 'ignore'
[0.211s] Level 1:colcon.colcon_core.package_identification:_identify(ros2_px4_ws) by extension 'ignore_ament_install'
[0.211s] Level 1:colcon.colcon_core.package_identification:_identify(ros2_px4_ws) by extensions ['colcon_pkg']
[0.211s] Level 1:colcon.colcon_core.package_identification:_identify(ros2_px4_ws) by extension 'colcon_pkg'
[0.211s] Level 1:colcon.colcon_core.package_identification:_identify(ros2_px4_ws) by extensions ['colcon_meta']
[0.211s] Level 1:colcon.colcon_core.package_identification:_identify(ros2_px4_ws) by extension 'colcon_meta'
[0.211s] Level 1:colcon.colcon_core.package_identification:_identify(ros2_px4_ws) by extensions ['ros']
[0.211s] Level 1:colcon.colcon_core.package_identification:_identify(ros2_px4_ws) by extension 'ros'
[0.211s] Level 1:colcon.colcon_core.package_identification:_identify(ros2_px4_ws) by extensions ['cmake', 'python']
[0.211s] Level 1:colcon.colcon_core.package_identification:_identify(ros2_px4_ws) by extension 'cmake'
[0.211s] Level 1:colcon.colcon_core.package_identification:_identify(ros2_px4_ws) by extension 'python'
[0.211s] Level 1:colcon.colcon_core.package_identification:_identify(ros2_px4_ws) by extensions ['python_setup_py']
[0.211s] Level 1:colcon.colcon_core.package_identification:_identify(ros2_px4_ws) by extension 'python_setup_py'
[0.211s] Level 1:colcon.colcon_core.package_identification:_identify(ros2_px4_ws/build) by extensions ['ignore', 'ignore_ament_install']
[0.211s] Level 1:colcon.colcon_core.package_identification:_identify(ros2_px4_ws/build) by extension 'ignore'
[0.211s] Level 1:colcon.colcon_core.package_identification:_identify(ros2_px4_ws/build) ignored
[0.211s] Level 1:colcon.colcon_core.package_identification:_identify(ros2_px4_ws/install) by extensions ['ignore', 'ignore_ament_install']
[0.211s] Level 1:colcon.colcon_core.package_identification:_identify(ros2_px4_ws/install) by extension 'ignore'
[0.211s] Level 1:colcon.colcon_core.package_identification:_identify(ros2_px4_ws/install) ignored
[0.211s] Level 1:colcon.colcon_core.package_identification:_identify(ros2_px4_ws/log) by extensions ['ignore', 'ignore_ament_install']
[0.211s] Level 1:colcon.colcon_core.package_identification:_identify(ros2_px4_ws/log) by extension 'ignore'
[0.211s] Level 1:colcon.colcon_core.package_identification:_identify(ros2_px4_ws/log) ignored
[0.211s] Level 1:colcon.colcon_core.package_identification:_identify(ros2_px4_ws/src) by extensions ['ignore', 'ignore_ament_install']
[0.212s] Level 1:colcon.colcon_core.package_identification:_identify(ros2_px4_ws/src) by extension 'ignore'
[0.212s] Level 1:colcon.colcon_core.package_identification:_identify(ros2_px4_ws/src) by extension 'ignore_ament_install'
[0.212s] Level 1:colcon.colcon_core.package_identification:_identify(ros2_px4_ws/src) by extensions ['colcon_pkg']
[0.212s] Level 1:colcon.colcon_core.package_identification:_identify(ros2_px4_ws/src) by extension 'colcon_pkg'
[0.212s] Level 1:colcon.colcon_core.package_identification:_identify(ros2_px4_ws/src) by extensions ['colcon_meta']
[0.212s] Level 1:colcon.colcon_core.package_identification:_identify(ros2_px4_ws/src) by extension 'colcon_meta'
[0.212s] Level 1:colcon.colcon_core.package_identification:_identify(ros2_px4_ws/src) by extensions ['ros']
[0.212s] Level 1:colcon.colcon_core.package_identification:_identify(ros2_px4_ws/src) by extension 'ros'
[0.212s] Level 1:colcon.colcon_core.package_identification:_identify(ros2_px4_ws/src) by extensions ['cmake', 'python']
[0.212s] Level 1:colcon.colcon_core.package_identification:_identify(ros2_px4_ws/src) by extension 'cmake'
[0.212s] Level 1:colcon.colcon_core.package_identification:_identify(ros2_px4_ws/src) by extension 'python'
[0.212s] Level 1:colcon.colcon_core.package_identification:_identify(ros2_px4_ws/src) by extensions ['python_setup_py']
[0.212s] Level 1:colcon.colcon_core.package_identification:_identify(ros2_px4_ws/src) by extension 'python_setup_py'
[0.212s] Level 1:colcon.colcon_core.package_identification:_identify(ros2_px4_ws/src/BodyQuaternion) by extensions ['ignore', 'ignore_ament_install']
[0.212s] Level 1:colcon.colcon_core.package_identification:_identify(ros2_px4_ws/src/BodyQuaternion) by extension 'ignore'
[0.212s] Level 1:colcon.colcon_core.package_identification:_identify(ros2_px4_ws/src/BodyQuaternion) by extension 'ignore_ament_install'
[0.212s] Level 1:colcon.colcon_core.package_identification:_identify(ros2_px4_ws/src/BodyQuaternion) by extensions ['colcon_pkg']
[0.212s] Level 1:colcon.colcon_core.package_identification:_identify(ros2_px4_ws/src/BodyQuaternion) by extension 'colcon_pkg'
[0.212s] Level 1:colcon.colcon_core.package_identification:_identify(ros2_px4_ws/src/BodyQuaternion) by extensions ['colcon_meta']
[0.212s] Level 1:colcon.colcon_core.package_identification:_identify(ros2_px4_ws/src/BodyQuaternion) by extension 'colcon_meta'
[0.212s] Level 1:colcon.colcon_core.package_identification:_identify(ros2_px4_ws/src/BodyQuaternion) by extensions ['ros']
[0.212s] Level 1:colcon.colcon_core.package_identification:_identify(ros2_px4_ws/src/BodyQuaternion) by extension 'ros'
[0.215s] DEBUG:colcon.colcon_core.package_identification:Package 'ros2_px4_ws/src/BodyQuaternion' with type 'ros.ament_python' and name 'BodyQuaternion'
[0.215s] Level 1:colcon.colcon_core.package_identification:_identify(ros2_px4_ws/src/interceptor_bringup) by extensions ['ignore', 'ignore_ament_install']
[0.215s] Level 1:colcon.colcon_core.package_identification:_identify(ros2_px4_ws/src/interceptor_bringup) by extension 'ignore'
[0.215s] Level 1:colcon.colcon_core.package_identification:_identify(ros2_px4_ws/src/interceptor_bringup) by extension 'ignore_ament_install'
[0.215s] Level 1:colcon.colcon_core.package_identification:_identify(ros2_px4_ws/src/interceptor_bringup) by extensions ['colcon_pkg']
[0.215s] Level 1:colcon.colcon_core.package_identification:_identify(ros2_px4_ws/src/interceptor_bringup) by extension 'colcon_pkg'
[0.215s] Level 1:colcon.colcon_core.package_identification:_identify(ros2_px4_ws/src/interceptor_bringup) by extensions ['colcon_meta']
[0.215s] Level 1:colcon.colcon_core.package_identification:_identify(ros2_px4_ws/src/interceptor_bringup) by extension 'colcon_meta'
[0.215s] Level 1:colcon.colcon_core.package_identification:_identify(ros2_px4_ws/src/interceptor_bringup) by extensions ['ros']
[0.215s] Level 1:colcon.colcon_core.package_identification:_identify(ros2_px4_ws/src/interceptor_bringup) by extension 'ros'
[0.216s] DEBUG:colcon.colcon_core.package_identification:Package 'ros2_px4_ws/src/interceptor_bringup' with type 'ros.ament_python' and name 'interceptor_bringup'
[0.216s] Level 1:colcon.colcon_core.package_identification:_identify(ros2_px4_ws/src/interceptor_vision) by extensions ['ignore', 'ignore_ament_install']
[0.216s] Level 1:colcon.colcon_core.package_identification:_identify(ros2_px4_ws/src/interceptor_vision) by extension 'ignore'
[0.216s] Level 1:colcon.colcon_core.package_identification:_identify(ros2_px4_ws/src/interceptor_vision) by extension 'ignore_ament_install'
[0.216s] Level 1:colcon.colcon_core.package_identification:_identify(ros2_px4_ws/src/interceptor_vision) by extensions ['colcon_pkg']
[0.216s] Level 1:colcon.colcon_core.package_identification:_identify(ros2_px4_ws/src/interceptor_vision) by extension 'colcon_pkg'
[0.216s] Level 1:colcon.colcon_core.package_identification:_identify(ros2_px4_ws/src/interceptor_vision) by extensions ['colcon_meta']
[0.216s] Level 1:colcon.colcon_core.package_identification:_identify(ros2_px4_ws/src/interceptor_vision) by extension 'colcon_meta'
[0.216s] Level 1:colcon.colcon_core.package_identification:_identify(ros2_px4_ws/src/interceptor_vision) by extensions ['ros']
[0.216s] Level 1:colcon.colcon_core.package_identification:_identify(ros2_px4_ws/src/interceptor_vision) by extension 'ros'
[0.216s] DEBUG:colcon.colcon_core.package_identification:Package 'ros2_px4_ws/src/interceptor_vision' with type 'ros.ament_python' and name 'interceptor_vision'
[0.216s] Level 1:colcon.colcon_core.package_identification:_identify(ros2_px4_ws/src/launch) by extensions ['ignore', 'ignore_ament_install']
[0.217s] Level 1:colcon.colcon_core.package_identification:_identify(ros2_px4_ws/src/launch) by extension 'ignore'
[0.217s] Level 1:colcon.colcon_core.package_identification:_identify(ros2_px4_ws/src/launch) by extension 'ignore_ament_install'
[0.217s] Level 1:colcon.colcon_core.package_identification:_identify(ros2_px4_ws/src/launch) by extensions ['colcon_pkg']
[0.217s] Level 1:colcon.colcon_core.package_identification:_identify(ros2_px4_ws/src/launch) by extension 'colcon_pkg'
[0.217s] Level 1:colcon.colcon_core.package_identification:_identify(ros2_px4_ws/src/launch) by extensions ['colcon_meta']
[0.217s] Level 1:colcon.colcon_core.package_identification:_identify(ros2_px4_ws/src/launch) by extension 'colcon_meta'
[0.217s] Level 1:colcon.colcon_core.package_identification:_identify(ros2_px4_ws/src/launch) by extensions ['ros']
[0.217s] Level 1:colcon.colcon_core.package_identification:_identify(ros2_px4_ws/src/launch) by extension 'ros'
[0.217s] Level 1:colcon.colcon_core.package_identification:_identify(ros2_px4_ws/src/launch) by extensions ['cmake', 'python']
[0.217s] Level 1:colcon.colcon_core.package_identification:_identify(ros2_px4_ws/src/launch) by extension 'cmake'
[0.217s] Level 1:colcon.colcon_core.package_identification:_identify(ros2_px4_ws/src/launch) by extension 'python'
[0.217s] Level 1:colcon.colcon_core.package_identification:_identify(ros2_px4_ws/src/launch) by extensions ['python_setup_py']
[0.217s] Level 1:colcon.colcon_core.package_identification:_identify(ros2_px4_ws/src/launch) by extension 'python_setup_py'
[0.217s] Level 1:colcon.colcon_core.package_identification:_identify(ros2_px4_ws/src/px4_gz_markers) by extensions ['ignore', 'ignore_ament_install']
[0.217s] Level 1:colcon.colcon_core.package_identification:_identify(ros2_px4_ws/src/px4_gz_markers) by extension 'ignore'
[0.217s] Level 1:colcon.colcon_core.package_identification:_identify(ros2_px4_ws/src/px4_gz_markers) by extension 'ignore_ament_install'
[0.217s] Level 1:colcon.colcon_core.package_identification:_identify(ros2_px4_ws/src/px4_gz_markers) by extensions ['colcon_pkg']
[0.217s] Level 1:colcon.colcon_core.package_identification:_identify(ros2_px4_ws/src/px4_gz_markers) by extension 'colcon_pkg'
[0.217s] Level 1:colcon.colcon_core.package_identification:_identify(ros2_px4_ws/src/px4_gz_markers) by extensions ['colcon_meta']
[0.217s] Level 1:colcon.colcon_core.package_identification:_identify(ros2_px4_ws/src/px4_gz_markers) by extension 'colcon_meta'
[0.217s] Level 1:colcon.colcon_core.package_identification:_identify(ros2_px4_ws/src/px4_gz_markers) by extensions ['ros']
[0.217s] Level 1:colcon.colcon_core.package_identification:_identify(ros2_px4_ws/src/px4_gz_markers) by extension 'ros'
[0.218s] DEBUG:colcon.colcon_core.package_identification:Package 'ros2_px4_ws/src/px4_gz_markers' with type 'ros.ament_cmake' and name 'px4_gz_markers'
[0.218s] Level 1:colcon.colcon_core.package_identification:_identify(ros2_px4_ws/src/px4_msgs) by extensions ['ignore', 'ignore_ament_install']
[0.218s] Level 1:colcon.colcon_core.package_identification:_identify(ros2_px4_ws/src/px4_msgs) by extension 'ignore'
[0.218s] Level 1:colcon.colcon_core.package_identification:_identify(ros2_px4_ws/src/px4_msgs) by extension 'ignore_ament_install'
[0.218s] Level 1:colcon.colcon_core.package_identification:_identify(ros2_px4_ws/src/px4_msgs) by extensions ['colcon_pkg']
[0.218s] Level 1:colcon.colcon_core.package_identification:_identify(ros2_px4_ws/src/px4_msgs) by extension 'colcon_pkg'
[0.218s] Level 1:colcon.colcon_core.package_identification:_identify(ros2_px4_ws/src/px4_msgs) by extensions ['colcon_meta']
[0.218s] Level 1:colcon.colcon_core.package_identification:_identify(ros2_px4_ws/src/px4_msgs) by extension 'colcon_meta'
[0.218s] Level 1:colcon.colcon_core.package_identification:_identify(ros2_px4_ws/src/px4_msgs) by extensions ['ros']
[0.218s] Level 1:colcon.colcon_core.package_identification:_identify(ros2_px4_ws/src/px4_msgs) by extension 'ros'
[0.219s] DEBUG:colcon.colcon_core.package_identification:Package 'ros2_px4_ws/src/px4_msgs' with type 'ros.ament_cmake' and name 'px4_msgs'
[0.219s] Level 1:colcon.colcon_core.package_identification:_identify(ros2_px4_ws/src/px4_offboard) by extensions ['ignore', 'ignore_ament_install']
[0.219s] Level 1:colcon.colcon_core.package_identification:_identify(ros2_px4_ws/src/px4_offboard) by extension 'ignore'
[0.219s] Level 1:colcon.colcon_core.package_identification:_identify(ros2_px4_ws/src/px4_offboard) by extension 'ignore_ament_install'
[0.219s] Level 1:colcon.colcon_core.package_identification:_identify(ros2_px4_ws/src/px4_offboard) by extensions ['colcon_pkg']
[0.219s] Level 1:colcon.colcon_core.package_identification:_identify(ros2_px4_ws/src/px4_offboard) by extension 'colcon_pkg'
[0.219s] Level 1:colcon.colcon_core.package_identification:_identify(ros2_px4_ws/src/px4_offboard) by extensions ['colcon_meta']
[0.219s] Level 1:colcon.colcon_core.package_identification:_identify(ros2_px4_ws/src/px4_offboard) by extension 'colcon_meta'
[0.219s] Level 1:colcon.colcon_core.package_identification:_identify(ros2_px4_ws/src/px4_offboard) by extensions ['ros']
[0.219s] Level 1:colcon.colcon_core.package_identification:_identify(ros2_px4_ws/src/px4_offboard) by extension 'ros'
[0.220s] DEBUG:colcon.colcon_core.package_identification:Package 'ros2_px4_ws/src/px4_offboard' with type 'ros.ament_python' and name 'px4_offboard'
[0.220s] Level 1:colcon.colcon_core.package_identification:_identify(shell-scripts) by extensions ['ignore', 'ignore_ament_install']
[0.220s] Level 1:colcon.colcon_core.package_identification:_identify(shell-scripts) by extension 'ignore'
[0.220s] Level 1:colcon.colcon_core.package_identification:_identify(shell-scripts) by extension 'ignore_ament_install'
[0.220s] Level 1:colcon.colcon_core.package_identification:_identify(shell-scripts) by extensions ['colcon_pkg']
[0.220s] Level 1:colcon.colcon_core.package_identification:_identify(shell-scripts) by extension 'colcon_pkg'
[0.220s] Level 1:colcon.colcon_core.package_identification:_identify(shell-scripts) by extensions ['colcon_meta']
[0.220s] Level 1:colcon.colcon_core.package_identification:_identify(shell-scripts) by extension 'colcon_meta'
[0.220s] Level 1:colcon.colcon_core.package_identification:_identify(shell-scripts) by extensions ['ros']
[0.220s] Level 1:colcon.colcon_core.package_identification:_identify(shell-scripts) by extension 'ros'
[0.220s] Level 1:colcon.colcon_core.package_identification:_identify(shell-scripts) by extensions ['cmake', 'python']
[0.220s] Level 1:colcon.colcon_core.package_identification:_identify(shell-scripts) by extension 'cmake'
[0.220s] Level 1:colcon.colcon_core.package_identification:_identify(shell-scripts) by extension 'python'
[0.221s] Level 1:colcon.colcon_core.package_identification:_identify(shell-scripts) by extensions ['python_setup_py']
[0.221s] Level 1:colcon.colcon_core.package_identification:_identify(shell-scripts) by extension 'python_setup_py'
[0.221s] Level 1:colcon.colcon_core.package_identification:_identify(videos) by extensions ['ignore', 'ignore_ament_install']
[0.221s] Level 1:colcon.colcon_core.package_identification:_identify(videos) by extension 'ignore'
[0.221s] Level 1:colcon.colcon_core.package_identification:_identify(videos) by extension 'ignore_ament_install'
[0.221s] Level 1:colcon.colcon_core.package_identification:_identify(videos) by extensions ['colcon_pkg']
[0.221s] Level 1:colcon.colcon_core.package_identification:_identify(videos) by extension 'colcon_pkg'
[0.221s] Level 1:colcon.colcon_core.package_identification:_identify(videos) by extensions ['colcon_meta']
[0.221s] Level 1:colcon.colcon_core.package_identification:_identify(videos) by extension 'colcon_meta'
[0.221s] Level 1:colcon.colcon_core.package_identification:_identify(videos) by extensions ['ros']
[0.221s] Level 1:colcon.colcon_core.package_identification:_identify(videos) by extension 'ros'
[0.221s] Level 1:colcon.colcon_core.package_identification:_identify(videos) by extensions ['cmake', 'python']
[0.221s] Level 1:colcon.colcon_core.package_identification:_identify(videos) by extension 'cmake'
[0.221s] Level 1:colcon.colcon_core.package_identification:_identify(videos) by extension 'python'
[0.221s] Level 1:colcon.colcon_core.package_identification:_identify(videos) by extensions ['python_setup_py']
[0.221s] Level 1:colcon.colcon_core.package_identification:_identify(videos) by extension 'python_setup_py'
[0.221s] Level 1:colcon.colcon_core.package_discovery:discover_packages(recursive) using defaults
[0.221s] Level 1:colcon.colcon_core.package_discovery:discover_packages(ignore) discover
[0.221s] Level 1:colcon.colcon_core.package_discovery:discover_packages(ignore) using defaults
[0.221s] Level 1:colcon.colcon_core.package_discovery:discover_packages(path) discover
[0.221s] Level 1:colcon.colcon_core.package_discovery:discover_packages(path) using defaults
[0.242s] Level 1:colcon.colcon_core.package_discovery:discover_packages(prefix_path) check parameters
[0.242s] Level 1:colcon.colcon_core.package_discovery:discover_packages(prefix_path) discover
[0.245s] DEBUG:colcon.colcon_installed_package_information.package_discovery:Found 6 installed packages in /home/gp/Projects/interceptor-sim/ros2_px4_ws/install
[0.246s] DEBUG:colcon.colcon_installed_package_information.package_discovery:Found 167 installed packages in /opt/ros/jazzy
[0.246s] Level 1:colcon.colcon_core.package_discovery:discover_packages(prefix_path) using defaults
[0.267s] Level 5:colcon.colcon_core.verb:set package 'BodyQuaternion' build argument 'cmake_args' from command line to 'None'
[0.267s] Level 5:colcon.colcon_core.verb:set package 'BodyQuaternion' build argument 'cmake_target' from command line to 'None'
[0.267s] Level 5:colcon.colcon_core.verb:set package 'BodyQuaternion' build argument 'cmake_target_skip_unavailable' from command line to 'False'
[0.267s] Level 5:colcon.colcon_core.verb:set package 'BodyQuaternion' build argument 'cmake_clean_cache' from command line to 'False'
[0.267s] Level 5:colcon.colcon_core.verb:set package 'BodyQuaternion' build argument 'cmake_clean_first' from command line to 'False'
[0.267s] Level 5:colcon.colcon_core.verb:set package 'BodyQuaternion' build argument 'cmake_force_configure' from command line to 'False'
[0.267s] Level 5:colcon.colcon_core.verb:set package 'BodyQuaternion' build argument 'ament_cmake_args' from command line to 'None'
[0.267s] Level 5:colcon.colcon_core.verb:set package 'BodyQuaternion' build argument 'catkin_cmake_args' from command line to 'None'
[0.267s] Level 5:colcon.colcon_core.verb:set package 'BodyQuaternion' build argument 'catkin_skip_building_tests' from command line to 'False'
[0.267s] DEBUG:colcon.colcon_core.verb:Building package 'BodyQuaternion' with the following arguments: {'ament_cmake_args': None, 'build_base': '/home/gp/Projects/interceptor-sim/build/BodyQuaternion', 'catkin_cmake_args': None, 'catkin_skip_building_tests': False, 'cmake_args': None, 'cmake_clean_cache': False, 'cmake_clean_first': False, 'cmake_force_configure': False, 'cmake_target': None, 'cmake_target_skip_unavailable': False, 'install_base': '/home/gp/Projects/interceptor-sim/install/BodyQuaternion', 'merge_install': False, 'path': '/home/gp/Projects/interceptor-sim/ros2_px4_ws/src/BodyQuaternion', 'symlink_install': False, 'test_result_base': None}
[0.267s] Level 5:colcon.colcon_core.verb:set package 'interceptor_bringup' build argument 'cmake_args' from command line to 'None'
[0.267s] Level 5:colcon.colcon_core.verb:set package 'interceptor_bringup' build argument 'cmake_target' from command line to 'None'
[0.267s] Level 5:colcon.colcon_core.verb:set package 'interceptor_bringup' build argument 'cmake_target_skip_unavailable' from command line to 'False'
[0.267s] Level 5:colcon.colcon_core.verb:set package 'interceptor_bringup' build argument 'cmake_clean_cache' from command line to 'False'
[0.267s] Level 5:colcon.colcon_core.verb:set package 'interceptor_bringup' build argument 'cmake_clean_first' from command line to 'False'
[0.267s] Level 5:colcon.colcon_core.verb:set package 'interceptor_bringup' build argument 'cmake_force_configure' from command line to 'False'
[0.267s] Level 5:colcon.colcon_core.verb:set package 'interceptor_bringup' build argument 'ament_cmake_args' from command line to 'None'
[0.267s] Level 5:colcon.colcon_core.verb:set package 'interceptor_bringup' build argument 'catkin_cmake_args' from command line to 'None'
[0.267s] Level 5:colcon.colcon_core.verb:set package 'interceptor_bringup' build argument 'catkin_skip_building_tests' from command line to 'False'
[0.267s] DEBUG:colcon.colcon_core.verb:Building package 'interceptor_bringup' with the following arguments: {'ament_cmake_args': None, 'build_base': '/home/gp/Projects/interceptor-sim/build/interceptor_bringup', 'catkin_cmake_args': None, 'catkin_skip_building_tests': False, 'cmake_args': None, 'cmake_clean_cache': False, 'cmake_clean_first': False, 'cmake_force_configure': False, 'cmake_target': None, 'cmake_target_skip_unavailable': False, 'install_base': '/home/gp/Projects/interceptor-sim/install/interceptor_bringup', 'merge_install': False, 'path': '/home/gp/Projects/interceptor-sim/ros2_px4_ws/src/interceptor_bringup', 'symlink_install': False, 'test_result_base': None}
[0.268s] Level 5:colcon.colcon_core.verb:set package 'interceptor_vision' build argument 'cmake_args' from command line to 'None'
[0.268s] Level 5:colcon.colcon_core.verb:set package 'interceptor_vision' build argument 'cmake_target' from command line to 'None'
[0.268s] Level 5:colcon.colcon_core.verb:set package 'interceptor_vision' build argument 'cmake_target_skip_unavailable' from command line to 'False'
[0.268s] Level 5:colcon.colcon_core.verb:set package 'interceptor_vision' build argument 'cmake_clean_cache' from command line to 'False'
[0.268s] Level 5:colcon.colcon_core.verb:set package 'interceptor_vision' build argument 'cmake_clean_first' from command line to 'False'
[0.268s] Level 5:colcon.colcon_core.verb:set package 'interceptor_vision' build argument 'cmake_force_configure' from command line to 'False'
[0.268s] Level 5:colcon.colcon_core.verb:set package 'interceptor_vision' build argument 'ament_cmake_args' from command line to 'None'
[0.268s] Level 5:colcon.colcon_core.verb:set package 'interceptor_vision' build argument 'catkin_cmake_args' from command line to 'None'
[0.268s] Level 5:colcon.colcon_core.verb:set package 'interceptor_vision' build argument 'catkin_skip_building_tests' from command line to 'False'
[0.268s] DEBUG:colcon.colcon_core.verb:Building package 'interceptor_vision' with the following arguments: {'ament_cmake_args': None, 'build_base': '/home/gp/Projects/interceptor-sim/build/interceptor_vision', 'catkin_cmake_args': None, 'catkin_skip_building_tests': False, 'cmake_args': None, 'cmake_clean_cache': False, 'cmake_clean_first': False, 'cmake_force_configure': False, 'cmake_target': None, 'cmake_target_skip_unavailable': False, 'install_base': '/home/gp/Projects/interceptor-sim/install/interceptor_vision', 'merge_install': False, 'path': '/home/gp/Projects/interceptor-sim/ros2_px4_ws/src/interceptor_vision', 'symlink_install': False, 'test_result_base': None}
[0.268s] Level 5:colcon.colcon_core.verb:set package 'px4_msgs' build argument 'cmake_args' from command line to 'None'
[0.268s] Level 5:colcon.colcon_core.verb:set package 'px4_msgs' build argument 'cmake_target' from command line to 'None'
[0.268s] Level 5:colcon.colcon_core.verb:set package 'px4_msgs' build argument 'cmake_target_skip_unavailable' from command line to 'False'
[0.268s] Level 5:colcon.colcon_core.verb:set package 'px4_msgs' build argument 'cmake_clean_cache' from command line to 'False'
[0.268s] Level 5:colcon.colcon_core.verb:set package 'px4_msgs' build argument 'cmake_clean_first' from command line to 'False'
[0.268s] Level 5:colcon.colcon_core.verb:set package 'px4_msgs' build argument 'cmake_force_configure' from command line to 'False'
[0.268s] Level 5:colcon.colcon_core.verb:set package 'px4_msgs' build argument 'ament_cmake_args' from command line to 'None'
[0.268s] Level 5:colcon.colcon_core.verb:set package 'px4_msgs' build argument 'catkin_cmake_args' from command line to 'None'
[0.268s] Level 5:colcon.colcon_core.verb:set package 'px4_msgs' build argument 'catkin_skip_building_tests' from command line to 'False'
[0.268s] DEBUG:colcon.colcon_core.verb:Building package 'px4_msgs' with the following arguments: {'ament_cmake_args': None, 'build_base': '/home/gp/Projects/interceptor-sim/build/px4_msgs', 'catkin_cmake_args': None, 'catkin_skip_building_tests': False, 'cmake_args': None, 'cmake_clean_cache': False, 'cmake_clean_first': False, 'cmake_force_configure': False, 'cmake_target': None, 'cmake_target_skip_unavailable': False, 'install_base': '/home/gp/Projects/interceptor-sim/install/px4_msgs', 'merge_install': False, 'path': '/home/gp/Projects/interceptor-sim/ros2_px4_ws/src/px4_msgs', 'symlink_install': False, 'test_result_base': None}
[0.268s] Level 5:colcon.colcon_core.verb:set package 'px4_offboard' build argument 'cmake_args' from command line to 'None'
[0.268s] Level 5:colcon.colcon_core.verb:set package 'px4_offboard' build argument 'cmake_target' from command line to 'None'
[0.268s] Level 5:colcon.colcon_core.verb:set package 'px4_offboard' build argument 'cmake_target_skip_unavailable' from command line to 'False'
[0.268s] Level 5:colcon.colcon_core.verb:set package 'px4_offboard' build argument 'cmake_clean_cache' from command line to 'False'
[0.268s] Level 5:colcon.colcon_core.verb:set package 'px4_offboard' build argument 'cmake_clean_first' from command line to 'False'
[0.268s] Level 5:colcon.colcon_core.verb:set package 'px4_offboard' build argument 'cmake_force_configure' from command line to 'False'
[0.268s] Level 5:colcon.colcon_core.verb:set package 'px4_offboard' build argument 'ament_cmake_args' from command line to 'None'
[0.268s] Level 5:colcon.colcon_core.verb:set package 'px4_offboard' build argument 'catkin_cmake_args' from command line to 'None'
[0.268s] Level 5:colcon.colcon_core.verb:set package 'px4_offboard' build argument 'catkin_skip_building_tests' from command line to 'False'
[0.268s] DEBUG:colcon.colcon_core.verb:Building package 'px4_offboard' with the following arguments: {'ament_cmake_args': None, 'build_base': '/home/gp/Projects/interceptor-sim/build/px4_offboard', 'catkin_cmake_args': None, 'catkin_skip_building_tests': False, 'cmake_args': None, 'cmake_clean_cache': False, 'cmake_clean_first': False, 'cmake_force_configure': False, 'cmake_target': None, 'cmake_target_skip_unavailable': False, 'install_base': '/home/gp/Projects/interceptor-sim/install/px4_offboard', 'merge_install': False, 'path': '/home/gp/Projects/interceptor-sim/ros2_px4_ws/src/px4_offboard', 'symlink_install': False, 'test_result_base': None}
[0.269s] Level 5:colcon.colcon_core.verb:set package 'px4_gz_markers' build argument 'cmake_args' from command line to 'None'
[0.269s] Level 5:colcon.colcon_core.verb:set package 'px4_gz_markers' build argument 'cmake_target' from command line to 'None'
[0.269s] Level 5:colcon.colcon_core.verb:set package 'px4_gz_markers' build argument 'cmake_target_skip_unavailable' from command line to 'False'
[0.269s] Level 5:colcon.colcon_core.verb:set package 'px4_gz_markers' build argument 'cmake_clean_cache' from command line to 'False'
[0.269s] Level 5:colcon.colcon_core.verb:set package 'px4_gz_markers' build argument 'cmake_clean_first' from command line to 'False'
[0.269s] Level 5:colcon.colcon_core.verb:set package 'px4_gz_markers' build argument 'cmake_force_configure' from command line to 'False'
[0.269s] Level 5:colcon.colcon_core.verb:set package 'px4_gz_markers' build argument 'ament_cmake_args' from command line to 'None'
[0.269s] Level 5:colcon.colcon_core.verb:set package 'px4_gz_markers' build argument 'catkin_cmake_args' from command line to 'None'
[0.269s] Level 5:colcon.colcon_core.verb:set package 'px4_gz_markers' build argument 'catkin_skip_building_tests' from command line to 'False'
[0.269s] DEBUG:colcon.colcon_core.verb:Building package 'px4_gz_markers' with the following arguments: {'ament_cmake_args': None, 'build_base': '/home/gp/Projects/interceptor-sim/build/px4_gz_markers', 'catkin_cmake_args': None, 'catkin_skip_building_tests': False, 'cmake_args': None, 'cmake_clean_cache': False, 'cmake_clean_first': False, 'cmake_force_configure': False, 'cmake_target': None, 'cmake_target_skip_unavailable': False, 'install_base': '/home/gp/Projects/interceptor-sim/install/px4_gz_markers', 'merge_install': False, 'path': '/home/gp/Projects/interceptor-sim/ros2_px4_ws/src/px4_gz_markers', 'symlink_install': False, 'test_result_base': None}
[0.269s] INFO:colcon.colcon_core.executor:Executing jobs using 'parallel' executor
[0.270s] DEBUG:colcon.colcon_parallel_executor.executor.parallel:run_until_complete
[0.270s] INFO:colcon.colcon_ros.task.ament_cmake.build:Building ROS package in '/home/gp/Projects/interceptor-sim/ros2_px4_ws/src/px4_msgs' with build type 'ament_cmake'
[0.270s] INFO:colcon.colcon_cmake.task.cmake.build:Building CMake package in '/home/gp/Projects/interceptor-sim/ros2_px4_ws/src/px4_msgs'
[0.273s] INFO:colcon.colcon_core.plugin_system:Skipping extension 'colcon_core.shell.bat': Not used on non-Windows systems
[0.273s] INFO:colcon.colcon_core.shell:Skip shell extension 'powershell' for command environment: Not usable outside of PowerShell
[0.273s] DEBUG:colcon.colcon_core.shell:Skip shell extension 'dsv' for command environment
[0.275s] INFO:colcon.colcon_ros.task.ament_python.build:Building ROS package in '/home/gp/Projects/interceptor-sim/ros2_px4_ws/src/BodyQuaternion' with build type 'ament_python'
[0.276s] Level 1:colcon.colcon_core.shell:create_environment_hook('BodyQuaternion', 'ament_prefix_path')
[0.276s] INFO:colcon.colcon_core.shell:Creating environment hook '/home/gp/Projects/interceptor-sim/install/BodyQuaternion/share/BodyQuaternion/hook/ament_prefix_path.ps1'
[0.276s] INFO:colcon.colcon_core.shell:Creating environment descriptor '/home/gp/Projects/interceptor-sim/install/BodyQuaternion/share/BodyQuaternion/hook/ament_prefix_path.dsv'
[0.277s] INFO:colcon.colcon_core.shell:Creating environment hook '/home/gp/Projects/interceptor-sim/install/BodyQuaternion/share/BodyQuaternion/hook/ament_prefix_path.sh'
[0.278s] INFO:colcon.colcon_core.shell:Skip shell extension 'powershell' for command environment: Not usable outside of PowerShell
[0.278s] DEBUG:colcon.colcon_core.shell:Skip shell extension 'dsv' for command environment
[0.280s] INFO:colcon.colcon_ros.task.ament_python.build:Building ROS package in '/home/gp/Projects/interceptor-sim/ros2_px4_ws/src/interceptor_bringup' with build type 'ament_python'
[0.280s] Level 1:colcon.colcon_core.shell:create_environment_hook('interceptor_bringup', 'ament_prefix_path')
[0.280s] INFO:colcon.colcon_core.shell:Creating environment hook '/home/gp/Projects/interceptor-sim/install/interceptor_bringup/share/interceptor_bringup/hook/ament_prefix_path.ps1'
[0.280s] INFO:colcon.colcon_core.shell:Creating environment descriptor '/home/gp/Projects/interceptor-sim/install/interceptor_bringup/share/interceptor_bringup/hook/ament_prefix_path.dsv'
[0.281s] INFO:colcon.colcon_core.shell:Creating environment hook '/home/gp/Projects/interceptor-sim/install/interceptor_bringup/share/interceptor_bringup/hook/ament_prefix_path.sh'
[0.281s] INFO:colcon.colcon_core.shell:Skip shell extension 'powershell' for command environment: Not usable outside of PowerShell
[0.281s] DEBUG:colcon.colcon_core.shell:Skip shell extension 'dsv' for command environment
[0.283s] INFO:colcon.colcon_ros.task.ament_python.build:Building ROS package in '/home/gp/Projects/interceptor-sim/ros2_px4_ws/src/interceptor_vision' with build type 'ament_python'
[0.283s] Level 1:colcon.colcon_core.shell:create_environment_hook('interceptor_vision', 'ament_prefix_path')
[0.283s] INFO:colcon.colcon_core.shell:Creating environment hook '/home/gp/Projects/interceptor-sim/install/interceptor_vision/share/interceptor_vision/hook/ament_prefix_path.ps1'
[0.284s] INFO:colcon.colcon_core.shell:Creating environment descriptor '/home/gp/Projects/interceptor-sim/install/interceptor_vision/share/interceptor_vision/hook/ament_prefix_path.dsv'
[0.284s] INFO:colcon.colcon_core.shell:Creating environment hook '/home/gp/Projects/interceptor-sim/install/interceptor_vision/share/interceptor_vision/hook/ament_prefix_path.sh'
[0.284s] INFO:colcon.colcon_core.shell:Skip shell extension 'powershell' for command environment: Not usable outside of PowerShell
[0.284s] DEBUG:colcon.colcon_core.shell:Skip shell extension 'dsv' for command environment
[0.286s] INFO:colcon.colcon_ros.task.ament_python.build:Building ROS package in '/home/gp/Projects/interceptor-sim/ros2_px4_ws/src/px4_offboard' with build type 'ament_python'
[0.286s] Level 1:colcon.colcon_core.shell:create_environment_hook('px4_offboard', 'ament_prefix_path')
[0.286s] INFO:colcon.colcon_core.shell:Creating environment hook '/home/gp/Projects/interceptor-sim/install/px4_offboard/share/px4_offboard/hook/ament_prefix_path.ps1'
[0.287s] INFO:colcon.colcon_core.shell:Creating environment descriptor '/home/gp/Projects/interceptor-sim/install/px4_offboard/share/px4_offboard/hook/ament_prefix_path.dsv'
[0.287s] INFO:colcon.colcon_core.shell:Creating environment hook '/home/gp/Projects/interceptor-sim/install/px4_offboard/share/px4_offboard/hook/ament_prefix_path.sh'
[0.287s] INFO:colcon.colcon_core.shell:Skip shell extension 'powershell' for command environment: Not usable outside of PowerShell
[0.288s] DEBUG:colcon.colcon_core.shell:Skip shell extension 'dsv' for command environment
[0.292s] DEBUG:colcon.colcon_core.event_handler.log_command:Invoking command in '/home/gp/Projects/interceptor-sim/build/px4_msgs': CMAKE_PREFIX_PATH=${CMAKE_PREFIX_PATH}:/home/gp/Projects/interceptor-sim/ros2_px4_ws/install/px4_offboard:/home/gp/Projects/interceptor-sim/ros2_px4_ws/install/interceptor_vision:/home/gp/Projects/interceptor-sim/ros2_px4_ws/install/interceptor_bringup:/home/gp/Projects/interceptor-sim/ros2_px4_ws/install/BodyQuaternion:/opt/ros/jazzy DEBUGINFOD_URLS=https://debuginfod.ubuntu.com /usr/bin/cmake --build /home/gp/Projects/interceptor-sim/build/px4_msgs -- -j16 -l16
[0.464s] INFO:colcon.colcon_core.task.python.build:Building Python package in '/home/gp/Projects/interceptor-sim/ros2_px4_ws/src/BodyQuaternion'
[0.465s] INFO:colcon.colcon_core.shell:Skip shell extension 'powershell' for command environment: Not usable outside of PowerShell
[0.465s] DEBUG:colcon.colcon_core.shell:Skip shell extension 'dsv' for command environment
[0.638s] INFO:colcon.colcon_core.task.python.build:Building Python package in '/home/gp/Projects/interceptor-sim/ros2_px4_ws/src/interceptor_bringup'
[0.638s] INFO:colcon.colcon_core.shell:Skip shell extension 'powershell' for command environment: Not usable outside of PowerShell
[0.638s] DEBUG:colcon.colcon_core.shell:Skip shell extension 'dsv' for command environment
[0.809s] INFO:colcon.colcon_core.task.python.build:Building Python package in '/home/gp/Projects/interceptor-sim/ros2_px4_ws/src/interceptor_vision'
[0.809s] INFO:colcon.colcon_core.shell:Skip shell extension 'powershell' for command environment: Not usable outside of PowerShell
[0.809s] DEBUG:colcon.colcon_core.shell:Skip shell extension 'dsv' for command environment
[0.982s] INFO:colcon.colcon_core.task.python.build:Building Python package in '/home/gp/Projects/interceptor-sim/ros2_px4_ws/src/px4_offboard'
[0.982s] INFO:colcon.colcon_core.shell:Skip shell extension 'powershell' for command environment: Not usable outside of PowerShell
[0.982s] DEBUG:colcon.colcon_core.shell:Skip shell extension 'dsv' for command environment
[1.582s] DEBUG:colcon.colcon_core.task.python.build:Available setuptools commands: upload_docs, bdist_wheel, develop, editable_wheel, setopt, test, build_py, install_scripts, bdist, install_data, bdist_egg, check, install, build_clib, upload, symlink_data, egg_info, bdist_rpm, bdist_dumb, alias, sdist, update_catalog, build, easy_install, compile_catalog, clean, register, build_scripts, dist_info, extract_messages, saveopts, install_headers, init_catalog, rotate, install_egg_info, install_lib, build_ext
[1.584s] DEBUG:colcon.colcon_core.event_handler.log_command:Invoking command in '/home/gp/Projects/interceptor-sim/ros2_px4_ws/src/interceptor_bringup': DEBUGINFOD_URLS=https://debuginfod.ubuntu.com PYTHONPATH=/home/gp/Projects/interceptor-sim/build/interceptor_bringup/prefix_override:/usr/lib/python3/dist-packages/colcon_core/task/python/colcon_distutils_commands:/home/gp/Projects/interceptor-sim/install/interceptor_bringup/lib/python3.12/site-packages:${PYTHONPATH} /usr/bin/python3 -W ignore:setup.py install is deprecated -W ignore:easy_install command is deprecated setup.py egg_info --egg-base ../../../build/interceptor_bringup build --build-base /home/gp/Projects/interceptor-sim/build/interceptor_bringup/build install --record /home/gp/Projects/interceptor-sim/build/interceptor_bringup/install.log --install-scripts $base/lib/interceptor_bringup --single-version-externally-managed install_data
[1.594s] DEBUG:colcon.colcon_core.task.python.build:Available setuptools commands: upload_docs, bdist_wheel, develop, editable_wheel, setopt, test, build_py, install_scripts, bdist, install_data, bdist_egg, check, install, build_clib, upload, symlink_data, egg_info, bdist_rpm, bdist_dumb, alias, sdist, update_catalog, build, easy_install, compile_catalog, clean, register, build_scripts, dist_info, extract_messages, saveopts, install_headers, init_catalog, rotate, install_egg_info, install_lib, build_ext
[1.595s] DEBUG:colcon.colcon_core.event_handler.log_command:Invoking command in '/home/gp/Projects/interceptor-sim/ros2_px4_ws/src/BodyQuaternion': DEBUGINFOD_URLS=https://debuginfod.ubuntu.com PYTHONPATH=/home/gp/Projects/interceptor-sim/build/BodyQuaternion/prefix_override:/usr/lib/python3/dist-packages/colcon_core/task/python/colcon_distutils_commands:/home/gp/Projects/interceptor-sim/install/BodyQuaternion/lib/python3.12/site-packages:${PYTHONPATH} /usr/bin/python3 -W ignore:setup.py install is deprecated -W ignore:easy_install command is deprecated setup.py egg_info --egg-base ../../../build/BodyQuaternion build --build-base /home/gp/Projects/interceptor-sim/build/BodyQuaternion/build install --record /home/gp/Projects/interceptor-sim/build/BodyQuaternion/install.log --install-scripts $base/lib/BodyQuaternion --single-version-externally-managed install_data
[1.602s] DEBUG:colcon.colcon_core.task.python.build:Available setuptools commands: upload_docs, bdist_wheel, develop, editable_wheel, setopt, test, build_py, install_scripts, bdist, install_data, bdist_egg, check, install, build_clib, upload, symlink_data, egg_info, bdist_rpm, bdist_dumb, alias, sdist, update_catalog, build, easy_install, compile_catalog, clean, register, build_scripts, dist_info, extract_messages, saveopts, install_headers, init_catalog, rotate, install_egg_info, install_lib, build_ext
[1.603s] DEBUG:colcon.colcon_core.task.python.build:Available setuptools commands: upload_docs, bdist_wheel, develop, editable_wheel, setopt, test, build_py, install_scripts, bdist, install_data, bdist_egg, check, install, build_clib, upload, symlink_data, egg_info, bdist_rpm, bdist_dumb, alias, sdist, update_catalog, build, easy_install, compile_catalog, clean, register, build_scripts, dist_info, extract_messages, saveopts, install_headers, init_catalog, rotate, install_egg_info, install_lib, build_ext
[1.603s] DEBUG:colcon.colcon_core.event_handler.log_command:Invoking command in '/home/gp/Projects/interceptor-sim/ros2_px4_ws/src/interceptor_vision': DEBUGINFOD_URLS=https://debuginfod.ubuntu.com PYTHONPATH=/home/gp/Projects/interceptor-sim/build/interceptor_vision/prefix_override:/usr/lib/python3/dist-packages/colcon_core/task/python/colcon_distutils_commands:/home/gp/Projects/interceptor-sim/install/interceptor_vision/lib/python3.12/site-packages:${PYTHONPATH} /usr/bin/python3 -W ignore:setup.py install is deprecated -W ignore:easy_install command is deprecated setup.py egg_info --egg-base ../../../build/interceptor_vision build --build-base /home/gp/Projects/interceptor-sim/build/interceptor_vision/build install --record /home/gp/Projects/interceptor-sim/build/interceptor_vision/install.log --install-scripts $base/lib/interceptor_vision --single-version-externally-managed install_data
[1.604s] DEBUG:colcon.colcon_core.event_handler.log_command:Invoking command in '/home/gp/Projects/interceptor-sim/ros2_px4_ws/src/px4_offboard': DEBUGINFOD_URLS=https://debuginfod.ubuntu.com PYTHONPATH=/home/gp/Projects/interceptor-sim/build/px4_offboard/prefix_override:/usr/lib/python3/dist-packages/colcon_core/task/python/colcon_distutils_commands:/home/gp/Projects/interceptor-sim/install/px4_offboard/lib/python3.12/site-packages:${PYTHONPATH} /usr/bin/python3 -W ignore:setup.py install is deprecated -W ignore:easy_install command is deprecated setup.py egg_info --egg-base ../../../build/px4_offboard build --build-base /home/gp/Projects/interceptor-sim/build/px4_offboard/build install --record /home/gp/Projects/interceptor-sim/build/px4_offboard/install.log --install-scripts $base/lib/px4_offboard --single-version-externally-managed install_data
[2.087s] DEBUG:colcon.colcon_core.event_handler.log_command:Invoked command in '/home/gp/Projects/interceptor-sim/ros2_px4_ws/src/px4_offboard' returned '0': DEBUGINFOD_URLS=https://debuginfod.ubuntu.com PYTHONPATH=/home/gp/Projects/interceptor-sim/build/px4_offboard/prefix_override:/usr/lib/python3/dist-packages/colcon_core/task/python/colcon_distutils_commands:/home/gp/Projects/interceptor-sim/install/px4_offboard/lib/python3.12/site-packages:${PYTHONPATH} /usr/bin/python3 -W ignore:setup.py install is deprecated -W ignore:easy_install command is deprecated setup.py egg_info --egg-base ../../../build/px4_offboard build --build-base /home/gp/Projects/interceptor-sim/build/px4_offboard/build install --record /home/gp/Projects/interceptor-sim/build/px4_offboard/install.log --install-scripts $base/lib/px4_offboard --single-version-externally-managed install_data
[2.092s] Level 1:colcon.colcon_core.environment:checking '/home/gp/Projects/interceptor-sim/install/px4_offboard' for CMake module files
[2.093s] Level 1:colcon.colcon_core.environment:checking '/home/gp/Projects/interceptor-sim/install/px4_offboard' for CMake config files
[2.093s] Level 1:colcon.colcon_core.environment:checking '/home/gp/Projects/interceptor-sim/install/px4_offboard/lib'
[2.093s] Level 1:colcon.colcon_core.environment:checking '/home/gp/Projects/interceptor-sim/install/px4_offboard/bin'
[2.093s] Level 1:colcon.colcon_core.environment:checking '/home/gp/Projects/interceptor-sim/install/px4_offboard/lib/pkgconfig/px4_offboard.pc'
[2.094s] Level 1:colcon.colcon_core.environment:checking '/home/gp/Projects/interceptor-sim/install/px4_offboard/lib/python3.12/site-packages'
[2.094s] Level 1:colcon.colcon_core.shell:create_environment_hook('px4_offboard', 'pythonpath')
[2.094s] INFO:colcon.colcon_core.shell:Creating environment hook '/home/gp/Projects/interceptor-sim/install/px4_offboard/share/px4_offboard/hook/pythonpath.ps1'
[2.094s] INFO:colcon.colcon_core.shell:Creating environment descriptor '/home/gp/Projects/interceptor-sim/install/px4_offboard/share/px4_offboard/hook/pythonpath.dsv'
[2.094s] INFO:colcon.colcon_core.shell:Creating environment hook '/home/gp/Projects/interceptor-sim/install/px4_offboard/share/px4_offboard/hook/pythonpath.sh'
[2.095s] Level 1:colcon.colcon_core.environment:checking '/home/gp/Projects/interceptor-sim/install/px4_offboard/bin'
[2.095s] Level 1:colcon.colcon_core.environment:create_environment_scripts_only(px4_offboard)
[2.095s] INFO:colcon.colcon_core.shell:Creating package script '/home/gp/Projects/interceptor-sim/install/px4_offboard/share/px4_offboard/package.ps1'
[2.098s] INFO:colcon.colcon_core.shell:Creating package descriptor '/home/gp/Projects/interceptor-sim/install/px4_offboard/share/px4_offboard/package.dsv'
[2.099s] INFO:colcon.colcon_core.shell:Creating package script '/home/gp/Projects/interceptor-sim/install/px4_offboard/share/px4_offboard/package.sh'
[2.100s] INFO:colcon.colcon_core.shell:Creating package script '/home/gp/Projects/interceptor-sim/install/px4_offboard/share/px4_offboard/package.bash'
[2.101s] INFO:colcon.colcon_core.shell:Creating package script '/home/gp/Projects/interceptor-sim/install/px4_offboard/share/px4_offboard/package.zsh'
[2.102s] Level 1:colcon.colcon_core.environment:create_file_with_runtime_dependencies(/home/gp/Projects/interceptor-sim/install/px4_offboard/share/colcon-core/packages/px4_offboard)
[2.103s] Level 1:colcon.colcon_core.environment:checking '/home/gp/Projects/interceptor-sim/install/interceptor_bringup' for CMake module files
[2.104s] DEBUG:colcon.colcon_core.event_handler.log_command:Invoked command in '/home/gp/Projects/interceptor-sim/ros2_px4_ws/src/interceptor_bringup' returned '0': DEBUGINFOD_URLS=https://debuginfod.ubuntu.com PYTHONPATH=/home/gp/Projects/interceptor-sim/build/interceptor_bringup/prefix_override:/usr/lib/python3/dist-packages/colcon_core/task/python/colcon_distutils_commands:/home/gp/Projects/interceptor-sim/install/interceptor_bringup/lib/python3.12/site-packages:${PYTHONPATH} /usr/bin/python3 -W ignore:setup.py install is deprecated -W ignore:easy_install command is deprecated setup.py egg_info --egg-base ../../../build/interceptor_bringup build --build-base /home/gp/Projects/interceptor-sim/build/interceptor_bringup/build install --record /home/gp/Projects/interceptor-sim/build/interceptor_bringup/install.log --install-scripts $base/lib/interceptor_bringup --single-version-externally-managed install_data
[2.104s] Level 1:colcon.colcon_core.environment:checking '/home/gp/Projects/interceptor-sim/install/interceptor_bringup' for CMake config files
[2.104s] Level 1:colcon.colcon_core.environment:checking '/home/gp/Projects/interceptor-sim/install/interceptor_bringup/lib'
[2.104s] Level 1:colcon.colcon_core.environment:checking '/home/gp/Projects/interceptor-sim/install/interceptor_bringup/bin'
[2.104s] Level 1:colcon.colcon_core.environment:checking '/home/gp/Projects/interceptor-sim/install/interceptor_bringup/lib/pkgconfig/interceptor_bringup.pc'
[2.105s] Level 1:colcon.colcon_core.environment:checking '/home/gp/Projects/interceptor-sim/install/interceptor_bringup/lib/python3.12/site-packages'
[2.105s] Level 1:colcon.colcon_core.shell:create_environment_hook('interceptor_bringup', 'pythonpath')
[2.105s] INFO:colcon.colcon_core.shell:Creating environment hook '/home/gp/Projects/interceptor-sim/install/interceptor_bringup/share/interceptor_bringup/hook/pythonpath.ps1'
[2.105s] INFO:colcon.colcon_core.shell:Creating environment descriptor '/home/gp/Projects/interceptor-sim/install/interceptor_bringup/share/interceptor_bringup/hook/pythonpath.dsv'
[2.105s] INFO:colcon.colcon_core.shell:Creating environment hook '/home/gp/Projects/interceptor-sim/install/interceptor_bringup/share/interceptor_bringup/hook/pythonpath.sh'
[2.106s] Level 1:colcon.colcon_core.environment:checking '/home/gp/Projects/interceptor-sim/install/interceptor_bringup/bin'
[2.106s] Level 1:colcon.colcon_core.environment:create_environment_scripts_only(interceptor_bringup)
[2.106s] INFO:colcon.colcon_core.shell:Creating package script '/home/gp/Projects/interceptor-sim/install/interceptor_bringup/share/interceptor_bringup/package.ps1'
[2.107s] INFO:colcon.colcon_core.shell:Creating package descriptor '/home/gp/Projects/interceptor-sim/install/interceptor_bringup/share/interceptor_bringup/package.dsv'
[2.107s] INFO:colcon.colcon_core.shell:Creating package script '/home/gp/Projects/interceptor-sim/install/interceptor_bringup/share/interceptor_bringup/package.sh'
[2.107s] INFO:colcon.colcon_core.shell:Creating package script '/home/gp/Projects/interceptor-sim/install/interceptor_bringup/share/interceptor_bringup/package.bash'
[2.107s] INFO:colcon.colcon_core.shell:Creating package script '/home/gp/Projects/interceptor-sim/install/interceptor_bringup/share/interceptor_bringup/package.zsh'
[2.108s] Level 1:colcon.colcon_core.environment:create_file_with_runtime_dependencies(/home/gp/Projects/interceptor-sim/install/interceptor_bringup/share/colcon-core/packages/interceptor_bringup)
[2.113s] Level 1:colcon.colcon_core.environment:checking '/home/gp/Projects/interceptor-sim/install/interceptor_vision' for CMake module files
[2.113s] DEBUG:colcon.colcon_core.event_handler.log_command:Invoked command in '/home/gp/Projects/interceptor-sim/ros2_px4_ws/src/interceptor_vision' returned '0': DEBUGINFOD_URLS=https://debuginfod.ubuntu.com PYTHONPATH=/home/gp/Projects/interceptor-sim/build/interceptor_vision/prefix_override:/usr/lib/python3/dist-packages/colcon_core/task/python/colcon_distutils_commands:/home/gp/Projects/interceptor-sim/install/interceptor_vision/lib/python3.12/site-packages:${PYTHONPATH} /usr/bin/python3 -W ignore:setup.py install is deprecated -W ignore:easy_install command is deprecated setup.py egg_info --egg-base ../../../build/interceptor_vision build --build-base /home/gp/Projects/interceptor-sim/build/interceptor_vision/build install --record /home/gp/Projects/interceptor-sim/build/interceptor_vision/install.log --install-scripts $base/lib/interceptor_vision --single-version-externally-managed install_data
[2.113s] Level 1:colcon.colcon_core.environment:checking '/home/gp/Projects/interceptor-sim/install/interceptor_vision' for CMake config files
[2.114s] Level 1:colcon.colcon_core.environment:checking '/home/gp/Projects/interceptor-sim/install/interceptor_vision/lib'
[2.114s] Level 1:colcon.colcon_core.environment:checking '/home/gp/Projects/interceptor-sim/install/interceptor_vision/bin'
[2.114s] Level 1:colcon.colcon_core.environment:checking '/home/gp/Projects/interceptor-sim/install/interceptor_vision/lib/pkgconfig/interceptor_vision.pc'
[2.114s] Level 1:colcon.colcon_core.environment:checking '/home/gp/Projects/interceptor-sim/install/interceptor_vision/lib/python3.12/site-packages'
[2.114s] Level 1:colcon.colcon_core.shell:create_environment_hook('interceptor_vision', 'pythonpath')
[2.114s] INFO:colcon.colcon_core.shell:Creating environment hook '/home/gp/Projects/interceptor-sim/install/interceptor_vision/share/interceptor_vision/hook/pythonpath.ps1'
[2.115s] INFO:colcon.colcon_core.shell:Creating environment descriptor '/home/gp/Projects/interceptor-sim/install/interceptor_vision/share/interceptor_vision/hook/pythonpath.dsv'
[2.115s] INFO:colcon.colcon_core.shell:Creating environment hook '/home/gp/Projects/interceptor-sim/install/interceptor_vision/share/interceptor_vision/hook/pythonpath.sh'
[2.115s] Level 1:colcon.colcon_core.environment:checking '/home/gp/Projects/interceptor-sim/install/interceptor_vision/bin'
[2.115s] Level 1:colcon.colcon_core.environment:create_environment_scripts_only(interceptor_vision)
[2.115s] INFO:colcon.colcon_core.shell:Creating package script '/home/gp/Projects/interceptor-sim/install/interceptor_vision/share/interceptor_vision/package.ps1'
[2.116s] INFO:colcon.colcon_core.shell:Creating package descriptor '/home/gp/Projects/interceptor-sim/install/interceptor_vision/share/interceptor_vision/package.dsv'
[2.116s] INFO:colcon.colcon_core.shell:Creating package script '/home/gp/Projects/interceptor-sim/install/interceptor_vision/share/interceptor_vision/package.sh'
[2.117s] INFO:colcon.colcon_core.shell:Creating package script '/home/gp/Projects/interceptor-sim/install/interceptor_vision/share/interceptor_vision/package.bash'
[2.117s] INFO:colcon.colcon_core.shell:Creating package script '/home/gp/Projects/interceptor-sim/install/interceptor_vision/share/interceptor_vision/package.zsh'
[2.117s] Level 1:colcon.colcon_core.environment:create_file_with_runtime_dependencies(/home/gp/Projects/interceptor-sim/install/interceptor_vision/share/colcon-core/packages/interceptor_vision)
[2.124s] Level 1:colcon.colcon_core.environment:checking '/home/gp/Projects/interceptor-sim/install/BodyQuaternion' for CMake module files
[2.124s] DEBUG:colcon.colcon_core.event_handler.log_command:Invoked command in '/home/gp/Projects/interceptor-sim/ros2_px4_ws/src/BodyQuaternion' returned '0': DEBUGINFOD_URLS=https://debuginfod.ubuntu.com PYTHONPATH=/home/gp/Projects/interceptor-sim/build/BodyQuaternion/prefix_override:/usr/lib/python3/dist-packages/colcon_core/task/python/colcon_distutils_commands:/home/gp/Projects/interceptor-sim/install/BodyQuaternion/lib/python3.12/site-packages:${PYTHONPATH} /usr/bin/python3 -W ignore:setup.py install is deprecated -W ignore:easy_install command is deprecated setup.py egg_info --egg-base ../../../build/BodyQuaternion build --build-base /home/gp/Projects/interceptor-sim/build/BodyQuaternion/build install --record /home/gp/Projects/interceptor-sim/build/BodyQuaternion/install.log --install-scripts $base/lib/BodyQuaternion --single-version-externally-managed install_data
[2.125s] Level 1:colcon.colcon_core.environment:checking '/home/gp/Projects/interceptor-sim/install/BodyQuaternion' for CMake config files
[2.125s] Level 1:colcon.colcon_core.environment:checking '/home/gp/Projects/interceptor-sim/install/BodyQuaternion/lib'
[2.125s] Level 1:colcon.colcon_core.environment:checking '/home/gp/Projects/interceptor-sim/install/BodyQuaternion/bin'
[2.125s] Level 1:colcon.colcon_core.environment:checking '/home/gp/Projects/interceptor-sim/install/BodyQuaternion/lib/pkgconfig/BodyQuaternion.pc'
[2.125s] Level 1:colcon.colcon_core.environment:checking '/home/gp/Projects/interceptor-sim/install/BodyQuaternion/lib/python3.12/site-packages'
[2.125s] Level 1:colcon.colcon_core.shell:create_environment_hook('BodyQuaternion', 'pythonpath')
[2.126s] INFO:colcon.colcon_core.shell:Creating environment hook '/home/gp/Projects/interceptor-sim/install/BodyQuaternion/share/BodyQuaternion/hook/pythonpath.ps1'
[2.126s] INFO:colcon.colcon_core.shell:Creating environment descriptor '/home/gp/Projects/interceptor-sim/install/BodyQuaternion/share/BodyQuaternion/hook/pythonpath.dsv'
[2.126s] INFO:colcon.colcon_core.shell:Creating environment hook '/home/gp/Projects/interceptor-sim/install/BodyQuaternion/share/BodyQuaternion/hook/pythonpath.sh'
[2.127s] Level 1:colcon.colcon_core.environment:checking '/home/gp/Projects/interceptor-sim/install/BodyQuaternion/bin'
[2.127s] Level 1:colcon.colcon_core.environment:create_environment_scripts_only(BodyQuaternion)
[2.127s] INFO:colcon.colcon_core.shell:Creating package script '/home/gp/Projects/interceptor-sim/install/BodyQuaternion/share/BodyQuaternion/package.ps1'
[2.127s] INFO:colcon.colcon_core.shell:Creating package descriptor '/home/gp/Projects/interceptor-sim/install/BodyQuaternion/share/BodyQuaternion/package.dsv'
[2.128s] INFO:colcon.colcon_core.shell:Creating package script '/home/gp/Projects/interceptor-sim/install/BodyQuaternion/share/BodyQuaternion/package.sh'
[2.128s] INFO:colcon.colcon_core.shell:Creating package script '/home/gp/Projects/interceptor-sim/install/BodyQuaternion/share/BodyQuaternion/package.bash'
[2.128s] INFO:colcon.colcon_core.shell:Creating package script '/home/gp/Projects/interceptor-sim/install/BodyQuaternion/share/BodyQuaternion/package.zsh'
[2.129s] Level 1:colcon.colcon_core.environment:create_file_with_runtime_dependencies(/home/gp/Projects/interceptor-sim/install/BodyQuaternion/share/colcon-core/packages/BodyQuaternion)
[2.379s] DEBUG:colcon.colcon_core.event_handler.log_command:Invoked command in '/home/gp/Projects/interceptor-sim/build/px4_msgs' returned '0': CMAKE_PREFIX_PATH=${CMAKE_PREFIX_PATH}:/home/gp/Projects/interceptor-sim/ros2_px4_ws/install/px4_offboard:/home/gp/Projects/interceptor-sim/ros2_px4_ws/install/interceptor_vision:/home/gp/Projects/interceptor-sim/ros2_px4_ws/install/interceptor_bringup:/home/gp/Projects/interceptor-sim/ros2_px4_ws/install/BodyQuaternion:/opt/ros/jazzy DEBUGINFOD_URLS=https://debuginfod.ubuntu.com /usr/bin/cmake --build /home/gp/Projects/interceptor-sim/build/px4_msgs -- -j16 -l16
[2.388s] DEBUG:colcon.colcon_core.event_handler.log_command:Invoking command in '/home/gp/Projects/interceptor-sim/build/px4_msgs': CMAKE_PREFIX_PATH=${CMAKE_PREFIX_PATH}:/home/gp/Projects/interceptor-sim/ros2_px4_ws/install/px4_offboard:/home/gp/Projects/interceptor-sim/ros2_px4_ws/install/interceptor_vision:/home/gp/Projects/interceptor-sim/ros2_px4_ws/install/interceptor_bringup:/home/gp/Projects/interceptor-sim/ros2_px4_ws/install/BodyQuaternion:/opt/ros/jazzy DEBUGINFOD_URLS=https://debuginfod.ubuntu.com /usr/bin/cmake --install /home/gp/Projects/interceptor-sim/build/px4_msgs
[2.982s] Level 1:colcon.colcon_core.environment:create_environment_scripts_only(px4_msgs)
[2.983s] Level 1:colcon.colcon_core.environment:checking '/home/gp/Projects/interceptor-sim/install/px4_msgs' for CMake module files
[2.983s] DEBUG:colcon.colcon_core.event_handler.log_command:Invoked command in '/home/gp/Projects/interceptor-sim/build/px4_msgs' returned '0': CMAKE_PREFIX_PATH=${CMAKE_PREFIX_PATH}:/home/gp/Projects/interceptor-sim/ros2_px4_ws/install/px4_offboard:/home/gp/Projects/interceptor-sim/ros2_px4_ws/install/interceptor_vision:/home/gp/Projects/interceptor-sim/ros2_px4_ws/install/interceptor_bringup:/home/gp/Projects/interceptor-sim/ros2_px4_ws/install/BodyQuaternion:/opt/ros/jazzy DEBUGINFOD_URLS=https://debuginfod.ubuntu.com /usr/bin/cmake --install /home/gp/Projects/interceptor-sim/build/px4_msgs
[2.983s] Level 1:colcon.colcon_core.environment:checking '/home/gp/Projects/interceptor-sim/install/px4_msgs' for CMake config files
[2.984s] Level 1:colcon.colcon_core.shell:create_environment_hook('px4_msgs', 'cmake_prefix_path')
[2.984s] INFO:colcon.colcon_core.shell:Creating environment hook '/home/gp/Projects/interceptor-sim/install/px4_msgs/share/px4_msgs/hook/cmake_prefix_path.ps1'
[2.984s] INFO:colcon.colcon_core.shell:Creating environment descriptor '/home/gp/Projects/interceptor-sim/install/px4_msgs/share/px4_msgs/hook/cmake_prefix_path.dsv'
[2.984s] INFO:colcon.colcon_core.shell:Creating environment hook '/home/gp/Projects/interceptor-sim/install/px4_msgs/share/px4_msgs/hook/cmake_prefix_path.sh'
[2.985s] Level 1:colcon.colcon_core.environment:checking '/home/gp/Projects/interceptor-sim/install/px4_msgs/lib'
[2.985s] Level 1:colcon.colcon_core.shell:create_environment_hook('px4_msgs', 'ld_library_path_lib')
[2.985s] INFO:colcon.colcon_core.shell:Creating environment hook '/home/gp/Projects/interceptor-sim/install/px4_msgs/share/px4_msgs/hook/ld_library_path_lib.ps1'
[2.985s] INFO:colcon.colcon_core.shell:Creating environment descriptor '/home/gp/Projects/interceptor-sim/install/px4_msgs/share/px4_msgs/hook/ld_library_path_lib.dsv'
[2.985s] INFO:colcon.colcon_core.shell:Creating environment hook '/home/gp/Projects/interceptor-sim/install/px4_msgs/share/px4_msgs/hook/ld_library_path_lib.sh'
[2.986s] Level 1:colcon.colcon_core.environment:checking '/home/gp/Projects/interceptor-sim/install/px4_msgs/bin'
[2.986s] Level 1:colcon.colcon_core.environment:checking '/home/gp/Projects/interceptor-sim/install/px4_msgs/lib/pkgconfig/px4_msgs.pc'
[2.986s] Level 1:colcon.colcon_core.environment:checking '/home/gp/Projects/interceptor-sim/install/px4_msgs/lib/python3.12/site-packages'
[2.986s] Level 1:colcon.colcon_core.shell:create_environment_hook('px4_msgs', 'pythonpath')
[2.986s] INFO:colcon.colcon_core.shell:Creating environment hook '/home/gp/Projects/interceptor-sim/install/px4_msgs/share/px4_msgs/hook/pythonpath.ps1'
[2.986s] INFO:colcon.colcon_core.shell:Creating environment descriptor '/home/gp/Projects/interceptor-sim/install/px4_msgs/share/px4_msgs/hook/pythonpath.dsv'
[2.986s] INFO:colcon.colcon_core.shell:Creating environment hook '/home/gp/Projects/interceptor-sim/install/px4_msgs/share/px4_msgs/hook/pythonpath.sh'
[2.987s] Level 1:colcon.colcon_core.environment:checking '/home/gp/Projects/interceptor-sim/install/px4_msgs/bin'
[2.987s] INFO:colcon.colcon_core.shell:Creating package script '/home/gp/Projects/interceptor-sim/install/px4_msgs/share/px4_msgs/package.ps1'
[2.988s] INFO:colcon.colcon_core.shell:Creating package descriptor '/home/gp/Projects/interceptor-sim/install/px4_msgs/share/px4_msgs/package.dsv'
[2.988s] INFO:colcon.colcon_core.shell:Creating package script '/home/gp/Projects/interceptor-sim/install/px4_msgs/share/px4_msgs/package.sh'
[2.988s] INFO:colcon.colcon_core.shell:Creating package script '/home/gp/Projects/interceptor-sim/install/px4_msgs/share/px4_msgs/package.bash'
[2.988s] INFO:colcon.colcon_core.shell:Creating package script '/home/gp/Projects/interceptor-sim/install/px4_msgs/share/px4_msgs/package.zsh'
[2.989s] Level 1:colcon.colcon_core.environment:create_file_with_runtime_dependencies(/home/gp/Projects/interceptor-sim/install/px4_msgs/share/colcon-core/packages/px4_msgs)
[2.989s] Level 1:colcon.colcon_core.environment:create_environment_scripts_only(px4_msgs)
[2.989s] Level 1:colcon.colcon_core.environment:checking '/home/gp/Projects/interceptor-sim/install/px4_msgs' for CMake module files
[2.990s] Level 1:colcon.colcon_core.environment:checking '/home/gp/Projects/interceptor-sim/install/px4_msgs' for CMake config files
[2.990s] Level 1:colcon.colcon_core.shell:create_environment_hook('px4_msgs', 'cmake_prefix_path')
[2.990s] INFO:colcon.colcon_core.shell:Creating environment hook '/home/gp/Projects/interceptor-sim/install/px4_msgs/share/px4_msgs/hook/cmake_prefix_path.ps1'
[2.990s] INFO:colcon.colcon_core.shell:Creating environment descriptor '/home/gp/Projects/interceptor-sim/install/px4_msgs/share/px4_msgs/hook/cmake_prefix_path.dsv'
[2.990s] INFO:colcon.colcon_core.shell:Creating environment hook '/home/gp/Projects/interceptor-sim/install/px4_msgs/share/px4_msgs/hook/cmake_prefix_path.sh'
[2.991s] Level 1:colcon.colcon_core.environment:checking '/home/gp/Projects/interceptor-sim/install/px4_msgs/lib'
[2.991s] Level 1:colcon.colcon_core.shell:create_environment_hook('px4_msgs', 'ld_library_path_lib')
[2.991s] INFO:colcon.colcon_core.shell:Creating environment hook '/home/gp/Projects/interceptor-sim/install/px4_msgs/share/px4_msgs/hook/ld_library_path_lib.ps1'
[2.991s] INFO:colcon.colcon_core.shell:Creating environment descriptor '/home/gp/Projects/interceptor-sim/install/px4_msgs/share/px4_msgs/hook/ld_library_path_lib.dsv'
[2.991s] INFO:colcon.colcon_core.shell:Creating environment hook '/home/gp/Projects/interceptor-sim/install/px4_msgs/share/px4_msgs/hook/ld_library_path_lib.sh'
[2.992s] Level 1:colcon.colcon_core.environment:checking '/home/gp/Projects/interceptor-sim/install/px4_msgs/bin'
[2.992s] Level 1:colcon.colcon_core.environment:checking '/home/gp/Projects/interceptor-sim/install/px4_msgs/lib/pkgconfig/px4_msgs.pc'
[2.992s] Level 1:colcon.colcon_core.environment:checking '/home/gp/Projects/interceptor-sim/install/px4_msgs/lib/python3.12/site-packages'
[2.992s] Level 1:colcon.colcon_core.shell:create_environment_hook('px4_msgs', 'pythonpath')
[2.992s] INFO:colcon.colcon_core.shell:Creating environment hook '/home/gp/Projects/interceptor-sim/install/px4_msgs/share/px4_msgs/hook/pythonpath.ps1'
[2.992s] INFO:colcon.colcon_core.shell:Creating environment descriptor '/home/gp/Projects/interceptor-sim/install/px4_msgs/share/px4_msgs/hook/pythonpath.dsv'
[2.992s] INFO:colcon.colcon_core.shell:Creating environment hook '/home/gp/Projects/interceptor-sim/install/px4_msgs/share/px4_msgs/hook/pythonpath.sh'
[2.993s] Level 1:colcon.colcon_core.environment:checking '/home/gp/Projects/interceptor-sim/install/px4_msgs/bin'
[2.993s] INFO:colcon.colcon_core.shell:Creating package script '/home/gp/Projects/interceptor-sim/install/px4_msgs/share/px4_msgs/package.ps1'
[2.994s] INFO:colcon.colcon_core.shell:Creating package descriptor '/home/gp/Projects/interceptor-sim/install/px4_msgs/share/px4_msgs/package.dsv'
[2.994s] INFO:colcon.colcon_core.shell:Creating package script '/home/gp/Projects/interceptor-sim/install/px4_msgs/share/px4_msgs/package.sh'
[2.994s] INFO:colcon.colcon_core.shell:Creating package script '/home/gp/Projects/interceptor-sim/install/px4_msgs/share/px4_msgs/package.bash'
[2.994s] INFO:colcon.colcon_core.shell:Creating package script '/home/gp/Projects/interceptor-sim/install/px4_msgs/share/px4_msgs/package.zsh'
[2.995s] Level 1:colcon.colcon_core.environment:create_file_with_runtime_dependencies(/home/gp/Projects/interceptor-sim/install/px4_msgs/share/colcon-core/packages/px4_msgs)
[2.995s] INFO:colcon.colcon_ros.task.ament_cmake.build:Building ROS package in '/home/gp/Projects/interceptor-sim/ros2_px4_ws/src/px4_gz_markers' with build type 'ament_cmake'
[2.995s] INFO:colcon.colcon_cmake.task.cmake.build:Building CMake package in '/home/gp/Projects/interceptor-sim/ros2_px4_ws/src/px4_gz_markers'
[2.995s] INFO:colcon.colcon_core.shell:Skip shell extension 'powershell' for command environment: Not usable outside of PowerShell
[2.995s] DEBUG:colcon.colcon_core.shell:Skip shell extension 'dsv' for command environment
[3.003s] DEBUG:colcon.colcon_core.event_handler.log_command:Invoking command in '/home/gp/Projects/interceptor-sim/build/px4_gz_markers': AMENT_PREFIX_PATH=/home/gp/Projects/interceptor-sim/install/px4_msgs:${AMENT_PREFIX_PATH} CMAKE_PREFIX_PATH=/home/gp/Projects/interceptor-sim/install/px4_msgs:/home/gp/Projects/interceptor-sim/ros2_px4_ws/install/px4_gz_markers:/home/gp/Projects/interceptor-sim/ros2_px4_ws/install/px4_msgs:/opt/ros/jazzy/opt/gz_transport_vendor:/opt/ros/jazzy/opt/gz_msgs_vendor:/opt/ros/jazzy/opt/gz_math_vendor:/opt/ros/jazzy/opt/gz_utils_vendor:/opt/ros/jazzy/opt/gz_tools_vendor:/opt/ros/jazzy/opt/gz_cmake_vendor:/home/gp/Projects/interceptor-sim/ros2_px4_ws/install/px4_offboard:/home/gp/Projects/interceptor-sim/ros2_px4_ws/install/interceptor_vision:/home/gp/Projects/interceptor-sim/ros2_px4_ws/install/interceptor_bringup:/home/gp/Projects/interceptor-sim/ros2_px4_ws/install/BodyQuaternion:/opt/ros/jazzy DEBUGINFOD_URLS=https://debuginfod.ubuntu.com LD_LIBRARY_PATH=/home/gp/Projects/interceptor-sim/install/px4_msgs/lib:${LD_LIBRARY_PATH} PYTHONPATH=/home/gp/Projects/interceptor-sim/install/px4_msgs/lib/python3.12/site-packages:${PYTHONPATH} /usr/bin/cmake --build /home/gp/Projects/interceptor-sim/build/px4_gz_markers -- -j16 -l16
[3.099s] DEBUG:colcon.colcon_core.event_handler.log_command:Invoked command in '/home/gp/Projects/interceptor-sim/build/px4_gz_markers' returned '0': AMENT_PREFIX_PATH=/home/gp/Projects/interceptor-sim/install/px4_msgs:${AMENT_PREFIX_PATH} CMAKE_PREFIX_PATH=/home/gp/Projects/interceptor-sim/install/px4_msgs:/home/gp/Projects/interceptor-sim/ros2_px4_ws/install/px4_gz_markers:/home/gp/Projects/interceptor-sim/ros2_px4_ws/install/px4_msgs:/opt/ros/jazzy/opt/gz_transport_vendor:/opt/ros/jazzy/opt/gz_msgs_vendor:/opt/ros/jazzy/opt/gz_math_vendor:/opt/ros/jazzy/opt/gz_utils_vendor:/opt/ros/jazzy/opt/gz_tools_vendor:/opt/ros/jazzy/opt/gz_cmake_vendor:/home/gp/Projects/interceptor-sim/ros2_px4_ws/install/px4_offboard:/home/gp/Projects/interceptor-sim/ros2_px4_ws/install/interceptor_vision:/home/gp/Projects/interceptor-sim/ros2_px4_ws/install/interceptor_bringup:/home/gp/Projects/interceptor-sim/ros2_px4_ws/install/BodyQuaternion:/opt/ros/jazzy DEBUGINFOD_URLS=https://debuginfod.ubuntu.com LD_LIBRARY_PATH=/home/gp/Projects/interceptor-sim/install/px4_msgs/lib:${LD_LIBRARY_PATH} PYTHONPATH=/home/gp/Projects/interceptor-sim/install/px4_msgs/lib/python3.12/site-packages:${PYTHONPATH} /usr/bin/cmake --build /home/gp/Projects/interceptor-sim/build/px4_gz_markers -- -j16 -l16
[3.100s] DEBUG:colcon.colcon_core.event_handler.log_command:Invoking command in '/home/gp/Projects/interceptor-sim/build/px4_gz_markers': AMENT_PREFIX_PATH=/home/gp/Projects/interceptor-sim/install/px4_msgs:${AMENT_PREFIX_PATH} CMAKE_PREFIX_PATH=/home/gp/Projects/interceptor-sim/install/px4_msgs:/home/gp/Projects/interceptor-sim/ros2_px4_ws/install/px4_gz_markers:/home/gp/Projects/interceptor-sim/ros2_px4_ws/install/px4_msgs:/opt/ros/jazzy/opt/gz_transport_vendor:/opt/ros/jazzy/opt/gz_msgs_vendor:/opt/ros/jazzy/opt/gz_math_vendor:/opt/ros/jazzy/opt/gz_utils_vendor:/opt/ros/jazzy/opt/gz_tools_vendor:/opt/ros/jazzy/opt/gz_cmake_vendor:/home/gp/Projects/interceptor-sim/ros2_px4_ws/install/px4_offboard:/home/gp/Projects/interceptor-sim/ros2_px4_ws/install/interceptor_vision:/home/gp/Projects/interceptor-sim/ros2_px4_ws/install/interceptor_bringup:/home/gp/Projects/interceptor-sim/ros2_px4_ws/install/BodyQuaternion:/opt/ros/jazzy DEBUGINFOD_URLS=https://debuginfod.ubuntu.com LD_LIBRARY_PATH=/home/gp/Projects/interceptor-sim/install/px4_msgs/lib:${LD_LIBRARY_PATH} PYTHONPATH=/home/gp/Projects/interceptor-sim/install/px4_msgs/lib/python3.12/site-packages:${PYTHONPATH} /usr/bin/cmake --install /home/gp/Projects/interceptor-sim/build/px4_gz_markers
[3.110s] Level 1:colcon.colcon_core.environment:create_environment_scripts_only(px4_gz_markers)
[3.110s] DEBUG:colcon.colcon_core.event_handler.log_command:Invoked command in '/home/gp/Projects/interceptor-sim/build/px4_gz_markers' returned '0': AMENT_PREFIX_PATH=/home/gp/Projects/interceptor-sim/install/px4_msgs:${AMENT_PREFIX_PATH} CMAKE_PREFIX_PATH=/home/gp/Projects/interceptor-sim/install/px4_msgs:/home/gp/Projects/interceptor-sim/ros2_px4_ws/install/px4_gz_markers:/home/gp/Projects/interceptor-sim/ros2_px4_ws/install/px4_msgs:/opt/ros/jazzy/opt/gz_transport_vendor:/opt/ros/jazzy/opt/gz_msgs_vendor:/opt/ros/jazzy/opt/gz_math_vendor:/opt/ros/jazzy/opt/gz_utils_vendor:/opt/ros/jazzy/opt/gz_tools_vendor:/opt/ros/jazzy/opt/gz_cmake_vendor:/home/gp/Projects/interceptor-sim/ros2_px4_ws/install/px4_offboard:/home/gp/Projects/interceptor-sim/ros2_px4_ws/install/interceptor_vision:/home/gp/Projects/interceptor-sim/ros2_px4_ws/install/interceptor_bringup:/home/gp/Projects/interceptor-sim/ros2_px4_ws/install/BodyQuaternion:/opt/ros/jazzy DEBUGINFOD_URLS=https://debuginfod.ubuntu.com LD_LIBRARY_PATH=/home/gp/Projects/interceptor-sim/install/px4_msgs/lib:${LD_LIBRARY_PATH} PYTHONPATH=/home/gp/Projects/interceptor-sim/install/px4_msgs/lib/python3.12/site-packages:${PYTHONPATH} /usr/bin/cmake --install /home/gp/Projects/interceptor-sim/build/px4_gz_markers
[3.110s] Level 1:colcon.colcon_core.environment:checking '/home/gp/Projects/interceptor-sim/install/px4_gz_markers' for CMake module files
[3.111s] Level 1:colcon.colcon_core.environment:checking '/home/gp/Projects/interceptor-sim/install/px4_gz_markers' for CMake config files
[3.111s] Level 1:colcon.colcon_core.shell:create_environment_hook('px4_gz_markers', 'cmake_prefix_path')
[3.111s] INFO:colcon.colcon_core.shell:Creating environment hook '/home/gp/Projects/interceptor-sim/install/px4_gz_markers/share/px4_gz_markers/hook/cmake_prefix_path.ps1'
[3.112s] INFO:colcon.colcon_core.shell:Creating environment descriptor '/home/gp/Projects/interceptor-sim/install/px4_gz_markers/share/px4_gz_markers/hook/cmake_prefix_path.dsv'
[3.112s] INFO:colcon.colcon_core.shell:Creating environment hook '/home/gp/Projects/interceptor-sim/install/px4_gz_markers/share/px4_gz_markers/hook/cmake_prefix_path.sh'
[3.113s] Level 1:colcon.colcon_core.environment:checking '/home/gp/Projects/interceptor-sim/install/px4_gz_markers/lib'
[3.113s] Level 1:colcon.colcon_core.environment:checking '/home/gp/Projects/interceptor-sim/install/px4_gz_markers/bin'
[3.113s] Level 1:colcon.colcon_core.environment:checking '/home/gp/Projects/interceptor-sim/install/px4_gz_markers/lib/pkgconfig/px4_gz_markers.pc'
[3.113s] Level 1:colcon.colcon_core.environment:checking '/home/gp/Projects/interceptor-sim/install/px4_gz_markers/lib/python3.12/site-packages'
[3.113s] Level 1:colcon.colcon_core.environment:checking '/home/gp/Projects/interceptor-sim/install/px4_gz_markers/bin'
[3.113s] INFO:colcon.colcon_core.shell:Creating package script '/home/gp/Projects/interceptor-sim/install/px4_gz_markers/share/px4_gz_markers/package.ps1'
[3.114s] INFO:colcon.colcon_core.shell:Creating package descriptor '/home/gp/Projects/interceptor-sim/install/px4_gz_markers/share/px4_gz_markers/package.dsv'
[3.114s] INFO:colcon.colcon_core.shell:Creating package script '/home/gp/Projects/interceptor-sim/install/px4_gz_markers/share/px4_gz_markers/package.sh'
[3.114s] INFO:colcon.colcon_core.shell:Creating package script '/home/gp/Projects/interceptor-sim/install/px4_gz_markers/share/px4_gz_markers/package.bash'
[3.114s] INFO:colcon.colcon_core.shell:Creating package script '/home/gp/Projects/interceptor-sim/install/px4_gz_markers/share/px4_gz_markers/package.zsh'
[3.115s] Level 1:colcon.colcon_core.environment:create_file_with_runtime_dependencies(/home/gp/Projects/interceptor-sim/install/px4_gz_markers/share/colcon-core/packages/px4_gz_markers)
[3.115s] Level 1:colcon.colcon_core.environment:create_environment_scripts_only(px4_gz_markers)
[3.115s] Level 1:colcon.colcon_core.environment:checking '/home/gp/Projects/interceptor-sim/install/px4_gz_markers' for CMake module files
[3.115s] Level 1:colcon.colcon_core.environment:checking '/home/gp/Projects/interceptor-sim/install/px4_gz_markers' for CMake config files
[3.115s] Level 1:colcon.colcon_core.shell:create_environment_hook('px4_gz_markers', 'cmake_prefix_path')
[3.116s] INFO:colcon.colcon_core.shell:Creating environment hook '/home/gp/Projects/interceptor-sim/install/px4_gz_markers/share/px4_gz_markers/hook/cmake_prefix_path.ps1'
[3.116s] INFO:colcon.colcon_core.shell:Creating environment descriptor '/home/gp/Projects/interceptor-sim/install/px4_gz_markers/share/px4_gz_markers/hook/cmake_prefix_path.dsv'
[3.116s] INFO:colcon.colcon_core.shell:Creating environment hook '/home/gp/Projects/interceptor-sim/install/px4_gz_markers/share/px4_gz_markers/hook/cmake_prefix_path.sh'
[3.116s] Level 1:colcon.colcon_core.environment:checking '/home/gp/Projects/interceptor-sim/install/px4_gz_markers/lib'
[3.117s] Level 1:colcon.colcon_core.environment:checking '/home/gp/Projects/interceptor-sim/install/px4_gz_markers/bin'
[3.117s] Level 1:colcon.colcon_core.environment:checking '/home/gp/Projects/interceptor-sim/install/px4_gz_markers/lib/pkgconfig/px4_gz_markers.pc'
[3.117s] Level 1:colcon.colcon_core.environment:checking '/home/gp/Projects/interceptor-sim/install/px4_gz_markers/lib/python3.12/site-packages'
[3.117s] Level 1:colcon.colcon_core.environment:checking '/home/gp/Projects/interceptor-sim/install/px4_gz_markers/bin'
[3.117s] INFO:colcon.colcon_core.shell:Creating package script '/home/gp/Projects/interceptor-sim/install/px4_gz_markers/share/px4_gz_markers/package.ps1'
[3.117s] INFO:colcon.colcon_core.shell:Creating package descriptor '/home/gp/Projects/interceptor-sim/install/px4_gz_markers/share/px4_gz_markers/package.dsv'
[3.118s] INFO:colcon.colcon_core.shell:Creating package script '/home/gp/Projects/interceptor-sim/install/px4_gz_markers/share/px4_gz_markers/package.sh'
[3.118s] INFO:colcon.colcon_core.shell:Creating package script '/home/gp/Projects/interceptor-sim/install/px4_gz_markers/share/px4_gz_markers/package.bash'
[3.118s] INFO:colcon.colcon_core.shell:Creating package script '/home/gp/Projects/interceptor-sim/install/px4_gz_markers/share/px4_gz_markers/package.zsh'
[3.119s] Level 1:colcon.colcon_core.environment:create_file_with_runtime_dependencies(/home/gp/Projects/interceptor-sim/install/px4_gz_markers/share/colcon-core/packages/px4_gz_markers)
[3.119s] DEBUG:colcon.colcon_parallel_executor.executor.parallel:closing loop
[3.119s] DEBUG:colcon.colcon_parallel_executor.executor.parallel:loop closed
[3.119s] DEBUG:colcon.colcon_parallel_executor.executor.parallel:run_until_complete finished with '0'
[3.119s] DEBUG:colcon.colcon_core.event_reactor:joining thread
[3.124s] INFO:colcon.colcon_core.plugin_system:Skipping extension 'colcon_notification.desktop_notification.terminal_notifier': Not used on non-Darwin systems
[3.124s] INFO:colcon.colcon_core.plugin_system:Skipping extension 'colcon_notification.desktop_notification.win32': Not used on non-Windows systems
[3.124s] INFO:colcon.colcon_notification.desktop_notification:Sending desktop notification using 'notify2'
[3.137s] DEBUG:colcon.colcon_core.event_reactor:joined thread
[3.137s] INFO:colcon.colcon_core.shell:Creating prefix script '/home/gp/Projects/interceptor-sim/install/local_setup.ps1'
[3.138s] INFO:colcon.colcon_core.shell:Creating prefix util module '/home/gp/Projects/interceptor-sim/install/_local_setup_util_ps1.py'
[3.139s] INFO:colcon.colcon_core.shell:Creating prefix chain script '/home/gp/Projects/interceptor-sim/install/setup.ps1'
[3.141s] INFO:colcon.colcon_core.shell:Creating prefix script '/home/gp/Projects/interceptor-sim/install/local_setup.sh'
[3.141s] INFO:colcon.colcon_core.shell:Creating prefix util module '/home/gp/Projects/interceptor-sim/install/_local_setup_util_sh.py'
[3.142s] INFO:colcon.colcon_core.shell:Creating prefix chain script '/home/gp/Projects/interceptor-sim/install/setup.sh'
[3.143s] INFO:colcon.colcon_core.shell:Creating prefix script '/home/gp/Projects/interceptor-sim/install/local_setup.bash'
[3.144s] INFO:colcon.colcon_core.shell:Creating prefix chain script '/home/gp/Projects/interceptor-sim/install/setup.bash'
[3.145s] INFO:colcon.colcon_core.shell:Creating prefix script '/home/gp/Projects/interceptor-sim/install/local_setup.zsh'
[3.145s] INFO:colcon.colcon_core.shell:Creating prefix chain script '/home/gp/Projects/interceptor-sim/install/setup.zsh'
