[1.412s] Invoking command in '/home/gp/Projects/interceptor-sim/ros2_px4_ws/src/interceptor_vision': DEBUGINFOD_URLS=https://debuginfod.ubuntu.com PS1=(.venv) \[\e]0;\u@\h: \w\a\]${debian_chroot:+($debian_chroot)}\[\033[01;32m\]\u@\h\[\033[00m\]:\[\033[01;34m\]\w\[\033[00m\]\$ PYTHONPATH=/home/gp/Projects/interceptor-sim/build/interceptor_vision/prefix_override:/usr/lib/python3/dist-packages/colcon_core/task/python/colcon_distutils_commands:/home/gp/Projects/interceptor-sim/install/interceptor_vision/lib/python3.12/site-packages:${PYTHONPATH} VIRTUAL_ENV_PROMPT=(.venv) /usr/bin/python3 -W ignore:setup.py install is deprecated -W ignore:easy_install command is deprecated setup.py egg_info --egg-base ../../../build/interceptor_vision build --build-base /home/gp/Projects/interceptor-sim/build/interceptor_vision/build install --record /home/gp/Projects/interceptor-sim/build/interceptor_vision/install.log --install-scripts $base/lib/interceptor_vision --single-version-externally-managed install_data
[1.635s] running egg_info
[1.635s] creating ../../../build/interceptor_vision/interceptor_vision.egg-info
[1.651s] writing ../../../build/interceptor_vision/interceptor_vision.egg-info/PKG-INFO
[1.652s] writing dependency_links to ../../../build/interceptor_vision/interceptor_vision.egg-info/dependency_links.txt
[1.652s] writing entry points to ../../../build/interceptor_vision/interceptor_vision.egg-info/entry_points.txt
[1.652s] writing requirements to ../../../build/interceptor_vision/interceptor_vision.egg-info/requires.txt
[1.653s] writing top-level names to ../../../build/interceptor_vision/interceptor_vision.egg-info/top_level.txt
[1.653s] writing manifest file '../../../build/interceptor_vision/interceptor_vision.egg-info/SOURCES.txt'
[1.687s] reading manifest file '../../../build/interceptor_vision/interceptor_vision.egg-info/SOURCES.txt'
[1.687s] writing manifest file '../../../build/interceptor_vision/interceptor_vision.egg-info/SOURCES.txt'
[1.688s] running build
[1.688s] running build_py
[1.688s] creating /home/gp/Projects/interceptor-sim/build/interceptor_vision/build
[1.688s] creating /home/gp/Projects/interceptor-sim/build/interceptor_vision/build/lib
[1.688s] creating /home/gp/Projects/interceptor-sim/build/interceptor_vision/build/lib/interceptor_vision
[1.688s] copying interceptor_vision/__init__.py -> /home/gp/Projects/interceptor-sim/build/interceptor_vision/build/lib/interceptor_vision
[1.689s] copying interceptor_vision/basic_cv.py -> /home/gp/Projects/interceptor-sim/build/interceptor_vision/build/lib/interceptor_vision
[1.689s] copying interceptor_vision/cv_first.py -> /home/gp/Projects/interceptor-sim/build/interceptor_vision/build/lib/interceptor_vision
[1.689s] copying interceptor_vision/tracking.py -> /home/gp/Projects/interceptor-sim/build/interceptor_vision/build/lib/interceptor_vision
[1.689s] running install
[1.695s] running install_lib
[1.711s] creating /home/gp/Projects/interceptor-sim/install/interceptor_vision/lib/python3.12/site-packages/interceptor_vision
[1.712s] copying /home/gp/Projects/interceptor-sim/build/interceptor_vision/build/lib/interceptor_vision/__init__.py -> /home/gp/Projects/interceptor-sim/install/interceptor_vision/lib/python3.12/site-packages/interceptor_vision
[1.712s] copying /home/gp/Projects/interceptor-sim/build/interceptor_vision/build/lib/interceptor_vision/basic_cv.py -> /home/gp/Projects/interceptor-sim/install/interceptor_vision/lib/python3.12/site-packages/interceptor_vision
[1.712s] copying /home/gp/Projects/interceptor-sim/build/interceptor_vision/build/lib/interceptor_vision/cv_first.py -> /home/gp/Projects/interceptor-sim/install/interceptor_vision/lib/python3.12/site-packages/interceptor_vision
[1.713s] copying /home/gp/Projects/interceptor-sim/build/interceptor_vision/build/lib/interceptor_vision/tracking.py -> /home/gp/Projects/interceptor-sim/install/interceptor_vision/lib/python3.12/site-packages/interceptor_vision
[1.713s] byte-compiling /home/gp/Projects/interceptor-sim/install/interceptor_vision/lib/python3.12/site-packages/interceptor_vision/__init__.py to __init__.cpython-312.pyc
[1.713s] byte-compiling /home/gp/Projects/interceptor-sim/install/interceptor_vision/lib/python3.12/site-packages/interceptor_vision/basic_cv.py to basic_cv.cpython-312.pyc
[1.713s] byte-compiling /home/gp/Projects/interceptor-sim/install/interceptor_vision/lib/python3.12/site-packages/interceptor_vision/cv_first.py to cv_first.cpython-312.pyc
[1.715s] byte-compiling /home/gp/Projects/interceptor-sim/install/interceptor_vision/lib/python3.12/site-packages/interceptor_vision/tracking.py to tracking.cpython-312.pyc
[1.715s] running install_data
[1.715s] creating /home/gp/Projects/interceptor-sim/install/interceptor_vision/share/ament_index
[1.715s] creating /home/gp/Projects/interceptor-sim/install/interceptor_vision/share/ament_index/resource_index
[1.715s] creating /home/gp/Projects/interceptor-sim/install/interceptor_vision/share/ament_index/resource_index/packages
[1.715s] copying resource/interceptor_vision -> /home/gp/Projects/interceptor-sim/install/interceptor_vision/share/ament_index/resource_index/packages
[1.716s] copying package.xml -> /home/gp/Projects/interceptor-sim/install/interceptor_vision/share/interceptor_vision
[1.716s] running install_egg_info
[1.734s] Copying ../../../build/interceptor_vision/interceptor_vision.egg-info to /home/gp/Projects/interceptor-sim/install/interceptor_vision/lib/python3.12/site-packages/interceptor_vision-0.0.0-py3.12.egg-info
[1.735s] running install_scripts
[1.846s] Installing YOLO_node script to /home/gp/Projects/interceptor-sim/install/interceptor_vision/lib/interceptor_vision
[1.846s] Installing vision_node script to /home/gp/Projects/interceptor-sim/install/interceptor_vision/lib/interceptor_vision
[1.847s] writing list of installed files to '/home/gp/Projects/interceptor-sim/build/interceptor_vision/install.log'
[1.890s] Invoked command in '/home/gp/Projects/interceptor-sim/ros2_px4_ws/src/interceptor_vision' returned '0': DEBUGINFOD_URLS=https://debuginfod.ubuntu.com PS1=(.venv) \[\e]0;\u@\h: \w\a\]${debian_chroot:+($debian_chroot)}\[\033[01;32m\]\u@\h\[\033[00m\]:\[\033[01;34m\]\w\[\033[00m\]\$ PYTHONPATH=/home/gp/Projects/interceptor-sim/build/interceptor_vision/prefix_override:/usr/lib/python3/dist-packages/colcon_core/task/python/colcon_distutils_commands:/home/gp/Projects/interceptor-sim/install/interceptor_vision/lib/python3.12/site-packages:${PYTHONPATH} VIRTUAL_ENV_PROMPT=(.venv) /usr/bin/python3 -W ignore:setup.py install is deprecated -W ignore:easy_install command is deprecated setup.py egg_info --egg-base ../../../build/interceptor_vision build --build-base /home/gp/Projects/interceptor-sim/build/interceptor_vision/build install --record /home/gp/Projects/interceptor-sim/build/interceptor_vision/install.log --install-scripts $base/lib/interceptor_vision --single-version-externally-managed install_data
