[0.159s] DEBUG:colcon:Command line arguments: ['/usr/bin/colcon', 'build']
[0.159s] DEBUG:colcon:Parsed command line arguments: Namespace(log_base=None, log_level=None, verb_name='build', build_base='build', install_base='install', merge_install=False, symlink_install=False, test_result_base=None, continue_on_error=False, executor='parallel', parallel_workers=16, event_handlers=None, ignore_user_meta=False, metas=['./colcon.meta'], base_paths=['.'], packages_ignore=None, packages_ignore_regex=None, paths=None, packages_up_to=None, packages_up_to_regex=None, packages_above=None, packages_above_and_dependencies=None, packages_above_depth=None, packages_select_by_dep=None, packages_skip_by_dep=None, packages_skip_up_to=None, packages_select_build_failed=False, packages_skip_build_finished=False, packages_select_test_failures=False, packages_skip_test_passed=False, packages_select=None, packages_skip=None, packages_select_regex=None, packages_skip_regex=None, packages_start=None, packages_end=None, allow_overriding=[], cmake_args=None, cmake_target=None, cmake_target_skip_unavailable=False, cmake_clean_cache=False, cmake_clean_first=False, cmake_force_configure=False, ament_cmake_args=None, catkin_cmake_args=None, catkin_skip_building_tests=False, mixin_files=None, mixin=None, verb_parser=<colcon_mixin.mixin.mixin_argument.MixinArgumentDecorator object at 0x7abe01a8b590>, verb_extension=<colcon_core.verb.build.BuildVerb object at 0x7abe01a8b0b0>, main=<bound method BuildVerb.main of <colcon_core.verb.build.BuildVerb object at 0x7abe01a8b0b0>>, mixin_verb=('build',))
[0.209s] Level 1:colcon.colcon_core.package_discovery:discover_packages(colcon_meta) check parameters
[0.209s] Level 1:colcon.colcon_core.package_discovery:discover_packages(recursive) check parameters
[0.209s] Level 1:colcon.colcon_core.package_discovery:discover_packages(ignore) check parameters
[0.209s] Level 1:colcon.colcon_core.package_discovery:discover_packages(path) check parameters
[0.209s] Level 1:colcon.colcon_core.package_discovery:discover_packages(colcon_meta) discover
[0.209s] Level 1:colcon.colcon_core.package_discovery:discover_packages(recursive) discover
[0.209s] INFO:colcon.colcon_core.package_discovery:Crawling recursively for packages in '/home/gp/Projects/interceptor-sim'
[0.209s] Level 1:colcon.colcon_core.package_identification:_identify(.) by extensions ['ignore', 'ignore_ament_install']
[0.209s] Level 1:colcon.colcon_core.package_identification:_identify(.) by extension 'ignore'
[0.209s] Level 1:colcon.colcon_core.package_identification:_identify(.) by extension 'ignore_ament_install'
[0.209s] Level 1:colcon.colcon_core.package_identification:_identify(.) by extensions ['colcon_pkg']
[0.209s] Level 1:colcon.colcon_core.package_identification:_identify(.) by extension 'colcon_pkg'
[0.209s] Level 1:colcon.colcon_core.package_identification:_identify(.) by extensions ['colcon_meta']
[0.209s] Level 1:colcon.colcon_core.package_identification:_identify(.) by extension 'colcon_meta'
[0.209s] Level 1:colcon.colcon_core.package_identification:_identify(.) by extensions ['ros']
[0.209s] Level 1:colcon.colcon_core.package_identification:_identify(.) by extension 'ros'
[0.236s] Level 1:colcon.colcon_core.package_identification:_identify(.) by extensions ['cmake', 'python']
[0.237s] Level 1:colcon.colcon_core.package_identification:_identify(.) by extension 'cmake'
[0.237s] Level 1:colcon.colcon_core.package_identification:_identify(.) by extension 'python'
[0.237s] Level 1:colcon.colcon_core.package_identification:_identify(.) by extensions ['python_setup_py']
[0.237s] Level 1:colcon.colcon_core.package_identification:_identify(.) by extension 'python_setup_py'
[0.237s] Level 1:colcon.colcon_core.package_identification:_identify(assets) by extensions ['ignore', 'ignore_ament_install']
[0.237s] Level 1:colcon.colcon_core.package_identification:_identify(assets) by extension 'ignore'
[0.237s] Level 1:colcon.colcon_core.package_identification:_identify(assets) by extension 'ignore_ament_install'
[0.237s] Level 1:colcon.colcon_core.package_identification:_identify(assets) by extensions ['colcon_pkg']
[0.237s] Level 1:colcon.colcon_core.package_identification:_identify(assets) by extension 'colcon_pkg'
[0.237s] Level 1:colcon.colcon_core.package_identification:_identify(assets) by extensions ['colcon_meta']
[0.237s] Level 1:colcon.colcon_core.package_identification:_identify(assets) by extension 'colcon_meta'
[0.237s] Level 1:colcon.colcon_core.package_identification:_identify(assets) by extensions ['ros']
[0.237s] Level 1:colcon.colcon_core.package_identification:_identify(assets) by extension 'ros'
[0.237s] Level 1:colcon.colcon_core.package_identification:_identify(assets) by extensions ['cmake', 'python']
[0.237s] Level 1:colcon.colcon_core.package_identification:_identify(assets) by extension 'cmake'
[0.237s] Level 1:colcon.colcon_core.package_identification:_identify(assets) by extension 'python'
[0.237s] Level 1:colcon.colcon_core.package_identification:_identify(assets) by extensions ['python_setup_py']
[0.237s] Level 1:colcon.colcon_core.package_identification:_identify(assets) by extension 'python_setup_py'
[0.237s] Level 1:colcon.colcon_core.package_identification:_identify(build) by extensions ['ignore', 'ignore_ament_install']
[0.237s] Level 1:colcon.colcon_core.package_identification:_identify(build) by extension 'ignore'
[0.237s] Level 1:colcon.colcon_core.package_identification:_identify(build) ignored
[0.238s] Level 1:colcon.colcon_core.package_identification:_identify(docs) by extensions ['ignore', 'ignore_ament_install']
[0.238s] Level 1:colcon.colcon_core.package_identification:_identify(docs) by extension 'ignore'
[0.238s] Level 1:colcon.colcon_core.package_identification:_identify(docs) by extension 'ignore_ament_install'
[0.238s] Level 1:colcon.colcon_core.package_identification:_identify(docs) by extensions ['colcon_pkg']
[0.238s] Level 1:colcon.colcon_core.package_identification:_identify(docs) by extension 'colcon_pkg'
[0.238s] Level 1:colcon.colcon_core.package_identification:_identify(docs) by extensions ['colcon_meta']
[0.238s] Level 1:colcon.colcon_core.package_identification:_identify(docs) by extension 'colcon_meta'
[0.238s] Level 1:colcon.colcon_core.package_identification:_identify(docs) by extensions ['ros']
[0.238s] Level 1:colcon.colcon_core.package_identification:_identify(docs) by extension 'ros'
[0.238s] Level 1:colcon.colcon_core.package_identification:_identify(docs) by extensions ['cmake', 'python']
[0.238s] Level 1:colcon.colcon_core.package_identification:_identify(docs) by extension 'cmake'
[0.238s] Level 1:colcon.colcon_core.package_identification:_identify(docs) by extension 'python'
[0.238s] Level 1:colcon.colcon_core.package_identification:_identify(docs) by extensions ['python_setup_py']
[0.238s] Level 1:colcon.colcon_core.package_identification:_identify(docs) by extension 'python_setup_py'
[0.238s] Level 1:colcon.colcon_core.package_identification:_identify(install) by extensions ['ignore', 'ignore_ament_install']
[0.238s] Level 1:colcon.colcon_core.package_identification:_identify(install) by extension 'ignore'
[0.238s] Level 1:colcon.colcon_core.package_identification:_identify(install) ignored
[0.238s] Level 1:colcon.colcon_core.package_identification:_identify(log) by extensions ['ignore', 'ignore_ament_install']
[0.238s] Level 1:colcon.colcon_core.package_identification:_identify(log) by extension 'ignore'
[0.238s] Level 1:colcon.colcon_core.package_identification:_identify(log) ignored
[0.238s] Level 1:colcon.colcon_core.package_identification:_identify(ros2_px4_ws) by extensions ['ignore', 'ignore_ament_install']
[0.238s] Level 1:colcon.colcon_core.package_identification:_identify(ros2_px4_ws) by extension 'ignore'
[0.238s] Level 1:colcon.colcon_core.package_identification:_identify(ros2_px4_ws) by extension 'ignore_ament_install'
[0.238s] Level 1:colcon.colcon_core.package_identification:_identify(ros2_px4_ws) by extensions ['colcon_pkg']
[0.238s] Level 1:colcon.colcon_core.package_identification:_identify(ros2_px4_ws) by extension 'colcon_pkg'
[0.239s] Level 1:colcon.colcon_core.package_identification:_identify(ros2_px4_ws) by extensions ['colcon_meta']
[0.239s] Level 1:colcon.colcon_core.package_identification:_identify(ros2_px4_ws) by extension 'colcon_meta'
[0.239s] Level 1:colcon.colcon_core.package_identification:_identify(ros2_px4_ws) by extensions ['ros']
[0.239s] Level 1:colcon.colcon_core.package_identification:_identify(ros2_px4_ws) by extension 'ros'
[0.239s] Level 1:colcon.colcon_core.package_identification:_identify(ros2_px4_ws) by extensions ['cmake', 'python']
[0.239s] Level 1:colcon.colcon_core.package_identification:_identify(ros2_px4_ws) by extension 'cmake'
[0.239s] Level 1:colcon.colcon_core.package_identification:_identify(ros2_px4_ws) by extension 'python'
[0.239s] Level 1:colcon.colcon_core.package_identification:_identify(ros2_px4_ws) by extensions ['python_setup_py']
[0.239s] Level 1:colcon.colcon_core.package_identification:_identify(ros2_px4_ws) by extension 'python_setup_py'
[0.239s] Level 1:colcon.colcon_core.package_identification:_identify(ros2_px4_ws/build) by extensions ['ignore', 'ignore_ament_install']
[0.239s] Level 1:colcon.colcon_core.package_identification:_identify(ros2_px4_ws/build) by extension 'ignore'
[0.239s] Level 1:colcon.colcon_core.package_identification:_identify(ros2_px4_ws/build) ignored
[0.239s] Level 1:colcon.colcon_core.package_identification:_identify(ros2_px4_ws/install) by extensions ['ignore', 'ignore_ament_install']
[0.239s] Level 1:colcon.colcon_core.package_identification:_identify(ros2_px4_ws/install) by extension 'ignore'
[0.239s] Level 1:colcon.colcon_core.package_identification:_identify(ros2_px4_ws/install) ignored
[0.239s] Level 1:colcon.colcon_core.package_identification:_identify(ros2_px4_ws/log) by extensions ['ignore', 'ignore_ament_install']
[0.239s] Level 1:colcon.colcon_core.package_identification:_identify(ros2_px4_ws/log) by extension 'ignore'
[0.239s] Level 1:colcon.colcon_core.package_identification:_identify(ros2_px4_ws/log) ignored
[0.239s] Level 1:colcon.colcon_core.package_identification:_identify(ros2_px4_ws/src) by extensions ['ignore', 'ignore_ament_install']
[0.239s] Level 1:colcon.colcon_core.package_identification:_identify(ros2_px4_ws/src) by extension 'ignore'
[0.239s] Level 1:colcon.colcon_core.package_identification:_identify(ros2_px4_ws/src) by extension 'ignore_ament_install'
[0.240s] Level 1:colcon.colcon_core.package_identification:_identify(ros2_px4_ws/src) by extensions ['colcon_pkg']
[0.240s] Level 1:colcon.colcon_core.package_identification:_identify(ros2_px4_ws/src) by extension 'colcon_pkg'
[0.240s] Level 1:colcon.colcon_core.package_identification:_identify(ros2_px4_ws/src) by extensions ['colcon_meta']
[0.240s] Level 1:colcon.colcon_core.package_identification:_identify(ros2_px4_ws/src) by extension 'colcon_meta'
[0.240s] Level 1:colcon.colcon_core.package_identification:_identify(ros2_px4_ws/src) by extensions ['ros']
[0.240s] Level 1:colcon.colcon_core.package_identification:_identify(ros2_px4_ws/src) by extension 'ros'
[0.240s] Level 1:colcon.colcon_core.package_identification:_identify(ros2_px4_ws/src) by extensions ['cmake', 'python']
[0.240s] Level 1:colcon.colcon_core.package_identification:_identify(ros2_px4_ws/src) by extension 'cmake'
[0.240s] Level 1:colcon.colcon_core.package_identification:_identify(ros2_px4_ws/src) by extension 'python'
[0.240s] Level 1:colcon.colcon_core.package_identification:_identify(ros2_px4_ws/src) by extensions ['python_setup_py']
[0.240s] Level 1:colcon.colcon_core.package_identification:_identify(ros2_px4_ws/src) by extension 'python_setup_py'
[0.240s] Level 1:colcon.colcon_core.package_identification:_identify(ros2_px4_ws/src/BodyQuaternion) by extensions ['ignore', 'ignore_ament_install']
[0.240s] Level 1:colcon.colcon_core.package_identification:_identify(ros2_px4_ws/src/BodyQuaternion) by extension 'ignore'
[0.240s] Level 1:colcon.colcon_core.package_identification:_identify(ros2_px4_ws/src/BodyQuaternion) by extension 'ignore_ament_install'
[0.240s] Level 1:colcon.colcon_core.package_identification:_identify(ros2_px4_ws/src/BodyQuaternion) by extensions ['colcon_pkg']
[0.240s] Level 1:colcon.colcon_core.package_identification:_identify(ros2_px4_ws/src/BodyQuaternion) by extension 'colcon_pkg'
[0.240s] Level 1:colcon.colcon_core.package_identification:_identify(ros2_px4_ws/src/BodyQuaternion) by extensions ['colcon_meta']
[0.240s] Level 1:colcon.colcon_core.package_identification:_identify(ros2_px4_ws/src/BodyQuaternion) by extension 'colcon_meta'
[0.240s] Level 1:colcon.colcon_core.package_identification:_identify(ros2_px4_ws/src/BodyQuaternion) by extensions ['ros']
[0.240s] Level 1:colcon.colcon_core.package_identification:_identify(ros2_px4_ws/src/BodyQuaternion) by extension 'ros'
[0.243s] DEBUG:colcon.colcon_core.package_identification:Package 'ros2_px4_ws/src/BodyQuaternion' with type 'ros.ament_python' and name 'BodyQuaternion'
[0.243s] Level 1:colcon.colcon_core.package_identification:_identify(ros2_px4_ws/src/interceptor_bringup) by extensions ['ignore', 'ignore_ament_install']
[0.243s] Level 1:colcon.colcon_core.package_identification:_identify(ros2_px4_ws/src/interceptor_bringup) by extension 'ignore'
[0.243s] Level 1:colcon.colcon_core.package_identification:_identify(ros2_px4_ws/src/interceptor_bringup) by extension 'ignore_ament_install'
[0.243s] Level 1:colcon.colcon_core.package_identification:_identify(ros2_px4_ws/src/interceptor_bringup) by extensions ['colcon_pkg']
[0.243s] Level 1:colcon.colcon_core.package_identification:_identify(ros2_px4_ws/src/interceptor_bringup) by extension 'colcon_pkg'
[0.243s] Level 1:colcon.colcon_core.package_identification:_identify(ros2_px4_ws/src/interceptor_bringup) by extensions ['colcon_meta']
[0.243s] Level 1:colcon.colcon_core.package_identification:_identify(ros2_px4_ws/src/interceptor_bringup) by extension 'colcon_meta'
[0.243s] Level 1:colcon.colcon_core.package_identification:_identify(ros2_px4_ws/src/interceptor_bringup) by extensions ['ros']
[0.243s] Level 1:colcon.colcon_core.package_identification:_identify(ros2_px4_ws/src/interceptor_bringup) by extension 'ros'
[0.245s] DEBUG:colcon.colcon_core.package_identification:Package 'ros2_px4_ws/src/interceptor_bringup' with type 'ros.ament_python' and name 'interceptor_bringup'
[0.245s] Level 1:colcon.colcon_core.package_identification:_identify(ros2_px4_ws/src/interceptor_vision) by extensions ['ignore', 'ignore_ament_install']
[0.245s] Level 1:colcon.colcon_core.package_identification:_identify(ros2_px4_ws/src/interceptor_vision) by extension 'ignore'
[0.245s] Level 1:colcon.colcon_core.package_identification:_identify(ros2_px4_ws/src/interceptor_vision) by extension 'ignore_ament_install'
[0.245s] Level 1:colcon.colcon_core.package_identification:_identify(ros2_px4_ws/src/interceptor_vision) by extensions ['colcon_pkg']
[0.245s] Level 1:colcon.colcon_core.package_identification:_identify(ros2_px4_ws/src/interceptor_vision) by extension 'colcon_pkg'
[0.245s] Level 1:colcon.colcon_core.package_identification:_identify(ros2_px4_ws/src/interceptor_vision) by extensions ['colcon_meta']
[0.245s] Level 1:colcon.colcon_core.package_identification:_identify(ros2_px4_ws/src/interceptor_vision) by extension 'colcon_meta'
[0.245s] Level 1:colcon.colcon_core.package_identification:_identify(ros2_px4_ws/src/interceptor_vision) by extensions ['ros']
[0.245s] Level 1:colcon.colcon_core.package_identification:_identify(ros2_px4_ws/src/interceptor_vision) by extension 'ros'
[0.246s] DEBUG:colcon.colcon_core.package_identification:Package 'ros2_px4_ws/src/interceptor_vision' with type 'ros.ament_python' and name 'interceptor_vision'
[0.246s] Level 1:colcon.colcon_core.package_identification:_identify(ros2_px4_ws/src/launch) by extensions ['ignore', 'ignore_ament_install']
[0.246s] Level 1:colcon.colcon_core.package_identification:_identify(ros2_px4_ws/src/launch) by extension 'ignore'
[0.246s] Level 1:colcon.colcon_core.package_identification:_identify(ros2_px4_ws/src/launch) by extension 'ignore_ament_install'
[0.246s] Level 1:colcon.colcon_core.package_identification:_identify(ros2_px4_ws/src/launch) by extensions ['colcon_pkg']
[0.246s] Level 1:colcon.colcon_core.package_identification:_identify(ros2_px4_ws/src/launch) by extension 'colcon_pkg'
[0.246s] Level 1:colcon.colcon_core.package_identification:_identify(ros2_px4_ws/src/launch) by extensions ['colcon_meta']
[0.246s] Level 1:colcon.colcon_core.package_identification:_identify(ros2_px4_ws/src/launch) by extension 'colcon_meta'
[0.246s] Level 1:colcon.colcon_core.package_identification:_identify(ros2_px4_ws/src/launch) by extensions ['ros']
[0.246s] Level 1:colcon.colcon_core.package_identification:_identify(ros2_px4_ws/src/launch) by extension 'ros'
[0.246s] Level 1:colcon.colcon_core.package_identification:_identify(ros2_px4_ws/src/launch) by extensions ['cmake', 'python']
[0.246s] Level 1:colcon.colcon_core.package_identification:_identify(ros2_px4_ws/src/launch) by extension 'cmake'
[0.246s] Level 1:colcon.colcon_core.package_identification:_identify(ros2_px4_ws/src/launch) by extension 'python'
[0.246s] Level 1:colcon.colcon_core.package_identification:_identify(ros2_px4_ws/src/launch) by extensions ['python_setup_py']
[0.246s] Level 1:colcon.colcon_core.package_identification:_identify(ros2_px4_ws/src/launch) by extension 'python_setup_py'
[0.246s] Level 1:colcon.colcon_core.package_identification:_identify(ros2_px4_ws/src/px4_gz_markers) by extensions ['ignore', 'ignore_ament_install']
[0.246s] Level 1:colcon.colcon_core.package_identification:_identify(ros2_px4_ws/src/px4_gz_markers) by extension 'ignore'
[0.246s] Level 1:colcon.colcon_core.package_identification:_identify(ros2_px4_ws/src/px4_gz_markers) by extension 'ignore_ament_install'
[0.246s] Level 1:colcon.colcon_core.package_identification:_identify(ros2_px4_ws/src/px4_gz_markers) by extensions ['colcon_pkg']
[0.247s] Level 1:colcon.colcon_core.package_identification:_identify(ros2_px4_ws/src/px4_gz_markers) by extension 'colcon_pkg'
[0.247s] Level 1:colcon.colcon_core.package_identification:_identify(ros2_px4_ws/src/px4_gz_markers) by extensions ['colcon_meta']
[0.247s] Level 1:colcon.colcon_core.package_identification:_identify(ros2_px4_ws/src/px4_gz_markers) by extension 'colcon_meta'
[0.247s] Level 1:colcon.colcon_core.package_identification:_identify(ros2_px4_ws/src/px4_gz_markers) by extensions ['ros']
[0.247s] Level 1:colcon.colcon_core.package_identification:_identify(ros2_px4_ws/src/px4_gz_markers) by extension 'ros'
[0.247s] DEBUG:colcon.colcon_core.package_identification:Package 'ros2_px4_ws/src/px4_gz_markers' with type 'ros.ament_cmake' and name 'px4_gz_markers'
[0.247s] Level 1:colcon.colcon_core.package_identification:_identify(ros2_px4_ws/src/px4_msgs) by extensions ['ignore', 'ignore_ament_install']
[0.247s] Level 1:colcon.colcon_core.package_identification:_identify(ros2_px4_ws/src/px4_msgs) by extension 'ignore'
[0.247s] Level 1:colcon.colcon_core.package_identification:_identify(ros2_px4_ws/src/px4_msgs) by extension 'ignore_ament_install'
[0.247s] Level 1:colcon.colcon_core.package_identification:_identify(ros2_px4_ws/src/px4_msgs) by extensions ['colcon_pkg']
[0.247s] Level 1:colcon.colcon_core.package_identification:_identify(ros2_px4_ws/src/px4_msgs) by extension 'colcon_pkg'
[0.247s] Level 1:colcon.colcon_core.package_identification:_identify(ros2_px4_ws/src/px4_msgs) by extensions ['colcon_meta']
[0.248s] Level 1:colcon.colcon_core.package_identification:_identify(ros2_px4_ws/src/px4_msgs) by extension 'colcon_meta'
[0.248s] Level 1:colcon.colcon_core.package_identification:_identify(ros2_px4_ws/src/px4_msgs) by extensions ['ros']
[0.248s] Level 1:colcon.colcon_core.package_identification:_identify(ros2_px4_ws/src/px4_msgs) by extension 'ros'
[0.248s] DEBUG:colcon.colcon_core.package_identification:Package 'ros2_px4_ws/src/px4_msgs' with type 'ros.ament_cmake' and name 'px4_msgs'
[0.248s] Level 1:colcon.colcon_core.package_identification:_identify(ros2_px4_ws/src/px4_offboard) by extensions ['ignore', 'ignore_ament_install']
[0.248s] Level 1:colcon.colcon_core.package_identification:_identify(ros2_px4_ws/src/px4_offboard) by extension 'ignore'
[0.248s] Level 1:colcon.colcon_core.package_identification:_identify(ros2_px4_ws/src/px4_offboard) by extension 'ignore_ament_install'
[0.248s] Level 1:colcon.colcon_core.package_identification:_identify(ros2_px4_ws/src/px4_offboard) by extensions ['colcon_pkg']
[0.248s] Level 1:colcon.colcon_core.package_identification:_identify(ros2_px4_ws/src/px4_offboard) by extension 'colcon_pkg'
[0.248s] Level 1:colcon.colcon_core.package_identification:_identify(ros2_px4_ws/src/px4_offboard) by extensions ['colcon_meta']
[0.248s] Level 1:colcon.colcon_core.package_identification:_identify(ros2_px4_ws/src/px4_offboard) by extension 'colcon_meta'
[0.248s] Level 1:colcon.colcon_core.package_identification:_identify(ros2_px4_ws/src/px4_offboard) by extensions ['ros']
[0.248s] Level 1:colcon.colcon_core.package_identification:_identify(ros2_px4_ws/src/px4_offboard) by extension 'ros'
[0.249s] DEBUG:colcon.colcon_core.package_identification:Package 'ros2_px4_ws/src/px4_offboard' with type 'ros.ament_python' and name 'px4_offboard'
[0.249s] Level 1:colcon.colcon_core.package_identification:_identify(shell-scripts) by extensions ['ignore', 'ignore_ament_install']
[0.249s] Level 1:colcon.colcon_core.package_identification:_identify(shell-scripts) by extension 'ignore'
[0.249s] Level 1:colcon.colcon_core.package_identification:_identify(shell-scripts) by extension 'ignore_ament_install'
[0.250s] Level 1:colcon.colcon_core.package_identification:_identify(shell-scripts) by extensions ['colcon_pkg']
[0.250s] Level 1:colcon.colcon_core.package_identification:_identify(shell-scripts) by extension 'colcon_pkg'
[0.250s] Level 1:colcon.colcon_core.package_identification:_identify(shell-scripts) by extensions ['colcon_meta']
[0.250s] Level 1:colcon.colcon_core.package_identification:_identify(shell-scripts) by extension 'colcon_meta'
[0.250s] Level 1:colcon.colcon_core.package_identification:_identify(shell-scripts) by extensions ['ros']
[0.250s] Level 1:colcon.colcon_core.package_identification:_identify(shell-scripts) by extension 'ros'
[0.250s] Level 1:colcon.colcon_core.package_identification:_identify(shell-scripts) by extensions ['cmake', 'python']
[0.250s] Level 1:colcon.colcon_core.package_identification:_identify(shell-scripts) by extension 'cmake'
[0.250s] Level 1:colcon.colcon_core.package_identification:_identify(shell-scripts) by extension 'python'
[0.250s] Level 1:colcon.colcon_core.package_identification:_identify(shell-scripts) by extensions ['python_setup_py']
[0.250s] Level 1:colcon.colcon_core.package_identification:_identify(shell-scripts) by extension 'python_setup_py'
[0.250s] Level 1:colcon.colcon_core.package_identification:_identify(videos) by extensions ['ignore', 'ignore_ament_install']
[0.250s] Level 1:colcon.colcon_core.package_identification:_identify(videos) by extension 'ignore'
[0.250s] Level 1:colcon.colcon_core.package_identification:_identify(videos) by extension 'ignore_ament_install'
[0.250s] Level 1:colcon.colcon_core.package_identification:_identify(videos) by extensions ['colcon_pkg']
[0.250s] Level 1:colcon.colcon_core.package_identification:_identify(videos) by extension 'colcon_pkg'
[0.250s] Level 1:colcon.colcon_core.package_identification:_identify(videos) by extensions ['colcon_meta']
[0.250s] Level 1:colcon.colcon_core.package_identification:_identify(videos) by extension 'colcon_meta'
[0.250s] Level 1:colcon.colcon_core.package_identification:_identify(videos) by extensions ['ros']
[0.250s] Level 1:colcon.colcon_core.package_identification:_identify(videos) by extension 'ros'
[0.250s] Level 1:colcon.colcon_core.package_identification:_identify(videos) by extensions ['cmake', 'python']
[0.250s] Level 1:colcon.colcon_core.package_identification:_identify(videos) by extension 'cmake'
[0.250s] Level 1:colcon.colcon_core.package_identification:_identify(videos) by extension 'python'
[0.250s] Level 1:colcon.colcon_core.package_identification:_identify(videos) by extensions ['python_setup_py']
[0.250s] Level 1:colcon.colcon_core.package_identification:_identify(videos) by extension 'python_setup_py'
[0.250s] Level 1:colcon.colcon_core.package_discovery:discover_packages(recursive) using defaults
[0.250s] Level 1:colcon.colcon_core.package_discovery:discover_packages(ignore) discover
[0.250s] Level 1:colcon.colcon_core.package_discovery:discover_packages(ignore) using defaults
[0.250s] Level 1:colcon.colcon_core.package_discovery:discover_packages(path) discover
[0.250s] Level 1:colcon.colcon_core.package_discovery:discover_packages(path) using defaults
[0.269s] Level 1:colcon.colcon_core.package_discovery:discover_packages(prefix_path) check parameters
[0.269s] Level 1:colcon.colcon_core.package_discovery:discover_packages(prefix_path) discover
[0.271s] DEBUG:colcon.colcon_installed_package_information.package_discovery:Found 167 installed packages in /opt/ros/jazzy
[0.271s] Level 1:colcon.colcon_core.package_discovery:discover_packages(prefix_path) using defaults
[0.291s] Level 5:colcon.colcon_core.verb:set package 'BodyQuaternion' build argument 'cmake_args' from command line to 'None'
[0.291s] Level 5:colcon.colcon_core.verb:set package 'BodyQuaternion' build argument 'cmake_target' from command line to 'None'
[0.291s] Level 5:colcon.colcon_core.verb:set package 'BodyQuaternion' build argument 'cmake_target_skip_unavailable' from command line to 'False'
[0.291s] Level 5:colcon.colcon_core.verb:set package 'BodyQuaternion' build argument 'cmake_clean_cache' from command line to 'False'
[0.291s] Level 5:colcon.colcon_core.verb:set package 'BodyQuaternion' build argument 'cmake_clean_first' from command line to 'False'
[0.291s] Level 5:colcon.colcon_core.verb:set package 'BodyQuaternion' build argument 'cmake_force_configure' from command line to 'False'
[0.291s] Level 5:colcon.colcon_core.verb:set package 'BodyQuaternion' build argument 'ament_cmake_args' from command line to 'None'
[0.291s] Level 5:colcon.colcon_core.verb:set package 'BodyQuaternion' build argument 'catkin_cmake_args' from command line to 'None'
[0.291s] Level 5:colcon.colcon_core.verb:set package 'BodyQuaternion' build argument 'catkin_skip_building_tests' from command line to 'False'
[0.291s] DEBUG:colcon.colcon_core.verb:Building package 'BodyQuaternion' with the following arguments: {'ament_cmake_args': None, 'build_base': '/home/gp/Projects/interceptor-sim/build/BodyQuaternion', 'catkin_cmake_args': None, 'catkin_skip_building_tests': False, 'cmake_args': None, 'cmake_clean_cache': False, 'cmake_clean_first': False, 'cmake_force_configure': False, 'cmake_target': None, 'cmake_target_skip_unavailable': False, 'install_base': '/home/gp/Projects/interceptor-sim/install/BodyQuaternion', 'merge_install': False, 'path': '/home/gp/Projects/interceptor-sim/ros2_px4_ws/src/BodyQuaternion', 'symlink_install': False, 'test_result_base': None}
[0.292s] Level 5:colcon.colcon_core.verb:set package 'interceptor_bringup' build argument 'cmake_args' from command line to 'None'
[0.292s] Level 5:colcon.colcon_core.verb:set package 'interceptor_bringup' build argument 'cmake_target' from command line to 'None'
[0.292s] Level 5:colcon.colcon_core.verb:set package 'interceptor_bringup' build argument 'cmake_target_skip_unavailable' from command line to 'False'
[0.292s] Level 5:colcon.colcon_core.verb:set package 'interceptor_bringup' build argument 'cmake_clean_cache' from command line to 'False'
[0.292s] Level 5:colcon.colcon_core.verb:set package 'interceptor_bringup' build argument 'cmake_clean_first' from command line to 'False'
[0.292s] Level 5:colcon.colcon_core.verb:set package 'interceptor_bringup' build argument 'cmake_force_configure' from command line to 'False'
[0.292s] Level 5:colcon.colcon_core.verb:set package 'interceptor_bringup' build argument 'ament_cmake_args' from command line to 'None'
[0.292s] Level 5:colcon.colcon_core.verb:set package 'interceptor_bringup' build argument 'catkin_cmake_args' from command line to 'None'
[0.292s] Level 5:colcon.colcon_core.verb:set package 'interceptor_bringup' build argument 'catkin_skip_building_tests' from command line to 'False'
[0.292s] DEBUG:colcon.colcon_core.verb:Building package 'interceptor_bringup' with the following arguments: {'ament_cmake_args': None, 'build_base': '/home/gp/Projects/interceptor-sim/build/interceptor_bringup', 'catkin_cmake_args': None, 'catkin_skip_building_tests': False, 'cmake_args': None, 'cmake_clean_cache': False, 'cmake_clean_first': False, 'cmake_force_configure': False, 'cmake_target': None, 'cmake_target_skip_unavailable': False, 'install_base': '/home/gp/Projects/interceptor-sim/install/interceptor_bringup', 'merge_install': False, 'path': '/home/gp/Projects/interceptor-sim/ros2_px4_ws/src/interceptor_bringup', 'symlink_install': False, 'test_result_base': None}
[0.292s] Level 5:colcon.colcon_core.verb:set package 'interceptor_vision' build argument 'cmake_args' from command line to 'None'
[0.292s] Level 5:colcon.colcon_core.verb:set package 'interceptor_vision' build argument 'cmake_target' from command line to 'None'
[0.292s] Level 5:colcon.colcon_core.verb:set package 'interceptor_vision' build argument 'cmake_target_skip_unavailable' from command line to 'False'
[0.292s] Level 5:colcon.colcon_core.verb:set package 'interceptor_vision' build argument 'cmake_clean_cache' from command line to 'False'
[0.292s] Level 5:colcon.colcon_core.verb:set package 'interceptor_vision' build argument 'cmake_clean_first' from command line to 'False'
[0.292s] Level 5:colcon.colcon_core.verb:set package 'interceptor_vision' build argument 'cmake_force_configure' from command line to 'False'
[0.292s] Level 5:colcon.colcon_core.verb:set package 'interceptor_vision' build argument 'ament_cmake_args' from command line to 'None'
[0.292s] Level 5:colcon.colcon_core.verb:set package 'interceptor_vision' build argument 'catkin_cmake_args' from command line to 'None'
[0.292s] Level 5:colcon.colcon_core.verb:set package 'interceptor_vision' build argument 'catkin_skip_building_tests' from command line to 'False'
[0.292s] DEBUG:colcon.colcon_core.verb:Building package 'interceptor_vision' with the following arguments: {'ament_cmake_args': None, 'build_base': '/home/gp/Projects/interceptor-sim/build/interceptor_vision', 'catkin_cmake_args': None, 'catkin_skip_building_tests': False, 'cmake_args': None, 'cmake_clean_cache': False, 'cmake_clean_first': False, 'cmake_force_configure': False, 'cmake_target': None, 'cmake_target_skip_unavailable': False, 'install_base': '/home/gp/Projects/interceptor-sim/install/interceptor_vision', 'merge_install': False, 'path': '/home/gp/Projects/interceptor-sim/ros2_px4_ws/src/interceptor_vision', 'symlink_install': False, 'test_result_base': None}
[0.292s] Level 5:colcon.colcon_core.verb:set package 'px4_msgs' build argument 'cmake_args' from command line to 'None'
[0.292s] Level 5:colcon.colcon_core.verb:set package 'px4_msgs' build argument 'cmake_target' from command line to 'None'
[0.292s] Level 5:colcon.colcon_core.verb:set package 'px4_msgs' build argument 'cmake_target_skip_unavailable' from command line to 'False'
[0.292s] Level 5:colcon.colcon_core.verb:set package 'px4_msgs' build argument 'cmake_clean_cache' from command line to 'False'
[0.292s] Level 5:colcon.colcon_core.verb:set package 'px4_msgs' build argument 'cmake_clean_first' from command line to 'False'
[0.292s] Level 5:colcon.colcon_core.verb:set package 'px4_msgs' build argument 'cmake_force_configure' from command line to 'False'
[0.292s] Level 5:colcon.colcon_core.verb:set package 'px4_msgs' build argument 'ament_cmake_args' from command line to 'None'
[0.292s] Level 5:colcon.colcon_core.verb:set package 'px4_msgs' build argument 'catkin_cmake_args' from command line to 'None'
[0.292s] Level 5:colcon.colcon_core.verb:set package 'px4_msgs' build argument 'catkin_skip_building_tests' from command line to 'False'
[0.292s] DEBUG:colcon.colcon_core.verb:Building package 'px4_msgs' with the following arguments: {'ament_cmake_args': None, 'build_base': '/home/gp/Projects/interceptor-sim/build/px4_msgs', 'catkin_cmake_args': None, 'catkin_skip_building_tests': False, 'cmake_args': None, 'cmake_clean_cache': False, 'cmake_clean_first': False, 'cmake_force_configure': False, 'cmake_target': None, 'cmake_target_skip_unavailable': False, 'install_base': '/home/gp/Projects/interceptor-sim/install/px4_msgs', 'merge_install': False, 'path': '/home/gp/Projects/interceptor-sim/ros2_px4_ws/src/px4_msgs', 'symlink_install': False, 'test_result_base': None}
[0.293s] Level 5:colcon.colcon_core.verb:set package 'px4_offboard' build argument 'cmake_args' from command line to 'None'
[0.293s] Level 5:colcon.colcon_core.verb:set package 'px4_offboard' build argument 'cmake_target' from command line to 'None'
[0.293s] Level 5:colcon.colcon_core.verb:set package 'px4_offboard' build argument 'cmake_target_skip_unavailable' from command line to 'False'
[0.293s] Level 5:colcon.colcon_core.verb:set package 'px4_offboard' build argument 'cmake_clean_cache' from command line to 'False'
[0.293s] Level 5:colcon.colcon_core.verb:set package 'px4_offboard' build argument 'cmake_clean_first' from command line to 'False'
[0.293s] Level 5:colcon.colcon_core.verb:set package 'px4_offboard' build argument 'cmake_force_configure' from command line to 'False'
[0.293s] Level 5:colcon.colcon_core.verb:set package 'px4_offboard' build argument 'ament_cmake_args' from command line to 'None'
[0.293s] Level 5:colcon.colcon_core.verb:set package 'px4_offboard' build argument 'catkin_cmake_args' from command line to 'None'
[0.293s] Level 5:colcon.colcon_core.verb:set package 'px4_offboard' build argument 'catkin_skip_building_tests' from command line to 'False'
[0.293s] DEBUG:colcon.colcon_core.verb:Building package 'px4_offboard' with the following arguments: {'ament_cmake_args': None, 'build_base': '/home/gp/Projects/interceptor-sim/build/px4_offboard', 'catkin_cmake_args': None, 'catkin_skip_building_tests': False, 'cmake_args': None, 'cmake_clean_cache': False, 'cmake_clean_first': False, 'cmake_force_configure': False, 'cmake_target': None, 'cmake_target_skip_unavailable': False, 'install_base': '/home/gp/Projects/interceptor-sim/install/px4_offboard', 'merge_install': False, 'path': '/home/gp/Projects/interceptor-sim/ros2_px4_ws/src/px4_offboard', 'symlink_install': False, 'test_result_base': None}
[0.293s] Level 5:colcon.colcon_core.verb:set package 'px4_gz_markers' build argument 'cmake_args' from command line to 'None'
[0.293s] Level 5:colcon.colcon_core.verb:set package 'px4_gz_markers' build argument 'cmake_target' from command line to 'None'
[0.293s] Level 5:colcon.colcon_core.verb:set package 'px4_gz_markers' build argument 'cmake_target_skip_unavailable' from command line to 'False'
[0.293s] Level 5:colcon.colcon_core.verb:set package 'px4_gz_markers' build argument 'cmake_clean_cache' from command line to 'False'
[0.293s] Level 5:colcon.colcon_core.verb:set package 'px4_gz_markers' build argument 'cmake_clean_first' from command line to 'False'
[0.293s] Level 5:colcon.colcon_core.verb:set package 'px4_gz_markers' build argument 'cmake_force_configure' from command line to 'False'
[0.293s] Level 5:colcon.colcon_core.verb:set package 'px4_gz_markers' build argument 'ament_cmake_args' from command line to 'None'
[0.293s] Level 5:colcon.colcon_core.verb:set package 'px4_gz_markers' build argument 'catkin_cmake_args' from command line to 'None'
[0.293s] Level 5:colcon.colcon_core.verb:set package 'px4_gz_markers' build argument 'catkin_skip_building_tests' from command line to 'False'
[0.293s] DEBUG:colcon.colcon_core.verb:Building package 'px4_gz_markers' with the following arguments: {'ament_cmake_args': None, 'build_base': '/home/gp/Projects/interceptor-sim/build/px4_gz_markers', 'catkin_cmake_args': None, 'catkin_skip_building_tests': False, 'cmake_args': None, 'cmake_clean_cache': False, 'cmake_clean_first': False, 'cmake_force_configure': False, 'cmake_target': None, 'cmake_target_skip_unavailable': False, 'install_base': '/home/gp/Projects/interceptor-sim/install/px4_gz_markers', 'merge_install': False, 'path': '/home/gp/Projects/interceptor-sim/ros2_px4_ws/src/px4_gz_markers', 'symlink_install': False, 'test_result_base': None}
[0.293s] INFO:colcon.colcon_core.executor:Executing jobs using 'parallel' executor
[0.294s] DEBUG:colcon.colcon_parallel_executor.executor.parallel:run_until_complete
[0.294s] INFO:colcon.colcon_ros.task.ament_cmake.build:Building ROS package in '/home/gp/Projects/interceptor-sim/ros2_px4_ws/src/px4_msgs' with build type 'ament_cmake'
[0.294s] INFO:colcon.colcon_cmake.task.cmake.build:Building CMake package in '/home/gp/Projects/interceptor-sim/ros2_px4_ws/src/px4_msgs'
[0.296s] INFO:colcon.colcon_core.plugin_system:Skipping extension 'colcon_core.shell.bat': Not used on non-Windows systems
[0.296s] INFO:colcon.colcon_core.shell:Skip shell extension 'powershell' for command environment: Not usable outside of PowerShell
[0.296s] DEBUG:colcon.colcon_core.shell:Skip shell extension 'dsv' for command environment
[0.299s] INFO:colcon.colcon_ros.task.ament_python.build:Building ROS package in '/home/gp/Projects/interceptor-sim/ros2_px4_ws/src/BodyQuaternion' with build type 'ament_python'
[0.299s] Level 1:colcon.colcon_core.shell:create_environment_hook('BodyQuaternion', 'ament_prefix_path')
[0.299s] INFO:colcon.colcon_core.shell:Creating environment hook '/home/gp/Projects/interceptor-sim/install/BodyQuaternion/share/BodyQuaternion/hook/ament_prefix_path.ps1'
[0.301s] INFO:colcon.colcon_core.shell:Creating environment descriptor '/home/gp/Projects/interceptor-sim/install/BodyQuaternion/share/BodyQuaternion/hook/ament_prefix_path.dsv'
[0.301s] INFO:colcon.colcon_core.shell:Creating environment hook '/home/gp/Projects/interceptor-sim/install/BodyQuaternion/share/BodyQuaternion/hook/ament_prefix_path.sh'
[0.301s] INFO:colcon.colcon_core.shell:Skip shell extension 'powershell' for command environment: Not usable outside of PowerShell
[0.301s] DEBUG:colcon.colcon_core.shell:Skip shell extension 'dsv' for command environment
[0.303s] INFO:colcon.colcon_ros.task.ament_python.build:Building ROS package in '/home/gp/Projects/interceptor-sim/ros2_px4_ws/src/interceptor_bringup' with build type 'ament_python'
[0.303s] Level 1:colcon.colcon_core.shell:create_environment_hook('interceptor_bringup', 'ament_prefix_path')
[0.303s] INFO:colcon.colcon_core.shell:Creating environment hook '/home/gp/Projects/interceptor-sim/install/interceptor_bringup/share/interceptor_bringup/hook/ament_prefix_path.ps1'
[0.303s] INFO:colcon.colcon_core.shell:Creating environment descriptor '/home/gp/Projects/interceptor-sim/install/interceptor_bringup/share/interceptor_bringup/hook/ament_prefix_path.dsv'
[0.304s] INFO:colcon.colcon_core.shell:Creating environment hook '/home/gp/Projects/interceptor-sim/install/interceptor_bringup/share/interceptor_bringup/hook/ament_prefix_path.sh'
[0.304s] INFO:colcon.colcon_core.shell:Skip shell extension 'powershell' for command environment: Not usable outside of PowerShell
[0.304s] DEBUG:colcon.colcon_core.shell:Skip shell extension 'dsv' for command environment
[0.305s] INFO:colcon.colcon_ros.task.ament_python.build:Building ROS package in '/home/gp/Projects/interceptor-sim/ros2_px4_ws/src/interceptor_vision' with build type 'ament_python'
[0.306s] Level 1:colcon.colcon_core.shell:create_environment_hook('interceptor_vision', 'ament_prefix_path')
[0.306s] INFO:colcon.colcon_core.shell:Creating environment hook '/home/gp/Projects/interceptor-sim/install/interceptor_vision/share/interceptor_vision/hook/ament_prefix_path.ps1'
[0.306s] INFO:colcon.colcon_core.shell:Creating environment descriptor '/home/gp/Projects/interceptor-sim/install/interceptor_vision/share/interceptor_vision/hook/ament_prefix_path.dsv'
[0.306s] INFO:colcon.colcon_core.shell:Creating environment hook '/home/gp/Projects/interceptor-sim/install/interceptor_vision/share/interceptor_vision/hook/ament_prefix_path.sh'
[0.306s] INFO:colcon.colcon_core.shell:Skip shell extension 'powershell' for command environment: Not usable outside of PowerShell
[0.307s] DEBUG:colcon.colcon_core.shell:Skip shell extension 'dsv' for command environment
[0.308s] INFO:colcon.colcon_ros.task.ament_python.build:Building ROS package in '/home/gp/Projects/interceptor-sim/ros2_px4_ws/src/px4_offboard' with build type 'ament_python'
[0.308s] Level 1:colcon.colcon_core.shell:create_environment_hook('px4_offboard', 'ament_prefix_path')
[0.308s] INFO:colcon.colcon_core.shell:Creating environment hook '/home/gp/Projects/interceptor-sim/install/px4_offboard/share/px4_offboard/hook/ament_prefix_path.ps1'
[0.308s] INFO:colcon.colcon_core.shell:Creating environment descriptor '/home/gp/Projects/interceptor-sim/install/px4_offboard/share/px4_offboard/hook/ament_prefix_path.dsv'
[0.309s] INFO:colcon.colcon_core.shell:Creating environment hook '/home/gp/Projects/interceptor-sim/install/px4_offboard/share/px4_offboard/hook/ament_prefix_path.sh'
[0.309s] INFO:colcon.colcon_core.shell:Skip shell extension 'powershell' for command environment: Not usable outside of PowerShell
[0.309s] DEBUG:colcon.colcon_core.shell:Skip shell extension 'dsv' for command environment
[0.313s] DEBUG:colcon.colcon_core.event_handler.log_command:Invoking command in '/home/gp/Projects/interceptor-sim/build/px4_msgs': CMAKE_PREFIX_PATH=${CMAKE_PREFIX_PATH}:/opt/ros/jazzy DEBUGINFOD_URLS=https://debuginfod.ubuntu.com PS1=(.venv) \[\e]0;\u@\h: \w\a\]${debian_chroot:+($debian_chroot)}\[\033[01;32m\]\u@\h\[\033[00m\]:\[\033[01;34m\]\w\[\033[00m\]\$ VIRTUAL_ENV_PROMPT=(.venv) /usr/bin/cmake /home/gp/Projects/interceptor-sim/ros2_px4_ws/src/px4_msgs -DCMAKE_INSTALL_PREFIX=/home/gp/Projects/interceptor-sim/install/px4_msgs
[0.485s] INFO:colcon.colcon_core.task.python.build:Building Python package in '/home/gp/Projects/interceptor-sim/ros2_px4_ws/src/BodyQuaternion'
[0.485s] INFO:colcon.colcon_core.shell:Skip shell extension 'powershell' for command environment: Not usable outside of PowerShell
[0.485s] DEBUG:colcon.colcon_core.shell:Skip shell extension 'dsv' for command environment
[0.657s] INFO:colcon.colcon_core.task.python.build:Building Python package in '/home/gp/Projects/interceptor-sim/ros2_px4_ws/src/interceptor_bringup'
[0.659s] INFO:colcon.colcon_core.shell:Skip shell extension 'powershell' for command environment: Not usable outside of PowerShell
[0.659s] DEBUG:colcon.colcon_core.shell:Skip shell extension 'dsv' for command environment
[0.828s] INFO:colcon.colcon_core.task.python.build:Building Python package in '/home/gp/Projects/interceptor-sim/ros2_px4_ws/src/interceptor_vision'
[0.828s] INFO:colcon.colcon_core.shell:Skip shell extension 'powershell' for command environment: Not usable outside of PowerShell
[0.828s] DEBUG:colcon.colcon_core.shell:Skip shell extension 'dsv' for command environment
[1.006s] INFO:colcon.colcon_core.task.python.build:Building Python package in '/home/gp/Projects/interceptor-sim/ros2_px4_ws/src/px4_offboard'
[1.006s] INFO:colcon.colcon_core.shell:Skip shell extension 'powershell' for command environment: Not usable outside of PowerShell
[1.006s] DEBUG:colcon.colcon_core.shell:Skip shell extension 'dsv' for command environment
[1.687s] DEBUG:colcon.colcon_core.task.python.build:Available setuptools commands: dist_info, install_data, symlink_data, bdist_egg, develop, upload_docs, bdist_dumb, bdist_wheel, install_lib, check, extract_messages, build, easy_install, alias, build_py, install_headers, rotate, test, build_scripts, init_catalog, egg_info, build_ext, clean, bdist, saveopts, build_clib, bdist_rpm, install_egg_info, setopt, upload, update_catalog, register, install, compile_catalog, sdist, editable_wheel, install_scripts
[1.692s] DEBUG:colcon.colcon_core.event_handler.log_command:Invoking command in '/home/gp/Projects/interceptor-sim/ros2_px4_ws/src/px4_offboard': DEBUGINFOD_URLS=https://debuginfod.ubuntu.com PS1=(.venv) \[\e]0;\u@\h: \w\a\]${debian_chroot:+($debian_chroot)}\[\033[01;32m\]\u@\h\[\033[00m\]:\[\033[01;34m\]\w\[\033[00m\]\$ PYTHONPATH=/home/gp/Projects/interceptor-sim/build/px4_offboard/prefix_override:/usr/lib/python3/dist-packages/colcon_core/task/python/colcon_distutils_commands:/home/gp/Projects/interceptor-sim/install/px4_offboard/lib/python3.12/site-packages:${PYTHONPATH} VIRTUAL_ENV_PROMPT=(.venv) /usr/bin/python3 -W ignore:setup.py install is deprecated -W ignore:easy_install command is deprecated setup.py egg_info --egg-base ../../../build/px4_offboard build --build-base /home/gp/Projects/interceptor-sim/build/px4_offboard/build install --record /home/gp/Projects/interceptor-sim/build/px4_offboard/install.log --install-scripts $base/lib/px4_offboard --single-version-externally-managed install_data
[1.715s] DEBUG:colcon.colcon_core.task.python.build:Available setuptools commands: dist_info, install_data, symlink_data, bdist_egg, develop, upload_docs, bdist_dumb, bdist_wheel, install_lib, check, extract_messages, build, easy_install, alias, build_py, install_headers, rotate, test, build_scripts, init_catalog, egg_info, build_ext, clean, bdist, saveopts, build_clib, bdist_rpm, install_egg_info, setopt, upload, update_catalog, register, install, compile_catalog, sdist, editable_wheel, install_scripts
[1.716s] DEBUG:colcon.colcon_core.event_handler.log_command:Invoking command in '/home/gp/Projects/interceptor-sim/ros2_px4_ws/src/BodyQuaternion': DEBUGINFOD_URLS=https://debuginfod.ubuntu.com PS1=(.venv) \[\e]0;\u@\h: \w\a\]${debian_chroot:+($debian_chroot)}\[\033[01;32m\]\u@\h\[\033[00m\]:\[\033[01;34m\]\w\[\033[00m\]\$ PYTHONPATH=/home/gp/Projects/interceptor-sim/build/BodyQuaternion/prefix_override:/usr/lib/python3/dist-packages/colcon_core/task/python/colcon_distutils_commands:/home/gp/Projects/interceptor-sim/install/BodyQuaternion/lib/python3.12/site-packages:${PYTHONPATH} VIRTUAL_ENV_PROMPT=(.venv) /usr/bin/python3 -W ignore:setup.py install is deprecated -W ignore:easy_install command is deprecated setup.py egg_info --egg-base ../../../build/BodyQuaternion build --build-base /home/gp/Projects/interceptor-sim/build/BodyQuaternion/build install --record /home/gp/Projects/interceptor-sim/build/BodyQuaternion/install.log --install-scripts $base/lib/BodyQuaternion --single-version-externally-managed install_data
[1.717s] DEBUG:colcon.colcon_core.task.python.build:Available setuptools commands: dist_info, install_data, symlink_data, bdist_egg, develop, upload_docs, bdist_dumb, bdist_wheel, install_lib, check, extract_messages, build, easy_install, alias, build_py, install_headers, rotate, test, build_scripts, init_catalog, egg_info, build_ext, clean, bdist, saveopts, build_clib, bdist_rpm, install_egg_info, setopt, upload, update_catalog, register, install, compile_catalog, sdist, editable_wheel, install_scripts
[1.718s] DEBUG:colcon.colcon_core.event_handler.log_command:Invoking command in '/home/gp/Projects/interceptor-sim/ros2_px4_ws/src/interceptor_vision': DEBUGINFOD_URLS=https://debuginfod.ubuntu.com PS1=(.venv) \[\e]0;\u@\h: \w\a\]${debian_chroot:+($debian_chroot)}\[\033[01;32m\]\u@\h\[\033[00m\]:\[\033[01;34m\]\w\[\033[00m\]\$ PYTHONPATH=/home/gp/Projects/interceptor-sim/build/interceptor_vision/prefix_override:/usr/lib/python3/dist-packages/colcon_core/task/python/colcon_distutils_commands:/home/gp/Projects/interceptor-sim/install/interceptor_vision/lib/python3.12/site-packages:${PYTHONPATH} VIRTUAL_ENV_PROMPT=(.venv) /usr/bin/python3 -W ignore:setup.py install is deprecated -W ignore:easy_install command is deprecated setup.py egg_info --egg-base ../../../build/interceptor_vision build --build-base /home/gp/Projects/interceptor-sim/build/interceptor_vision/build install --record /home/gp/Projects/interceptor-sim/build/interceptor_vision/install.log --install-scripts $base/lib/interceptor_vision --single-version-externally-managed install_data
[1.719s] DEBUG:colcon.colcon_core.task.python.build:Available setuptools commands: dist_info, install_data, symlink_data, bdist_egg, develop, upload_docs, bdist_dumb, bdist_wheel, install_lib, check, extract_messages, build, easy_install, alias, build_py, install_headers, rotate, test, build_scripts, init_catalog, egg_info, build_ext, clean, bdist, saveopts, build_clib, bdist_rpm, install_egg_info, setopt, upload, update_catalog, register, install, compile_catalog, sdist, editable_wheel, install_scripts
[1.720s] DEBUG:colcon.colcon_core.event_handler.log_command:Invoking command in '/home/gp/Projects/interceptor-sim/ros2_px4_ws/src/interceptor_bringup': DEBUGINFOD_URLS=https://debuginfod.ubuntu.com PS1=(.venv) \[\e]0;\u@\h: \w\a\]${debian_chroot:+($debian_chroot)}\[\033[01;32m\]\u@\h\[\033[00m\]:\[\033[01;34m\]\w\[\033[00m\]\$ PYTHONPATH=/home/gp/Projects/interceptor-sim/build/interceptor_bringup/prefix_override:/usr/lib/python3/dist-packages/colcon_core/task/python/colcon_distutils_commands:/home/gp/Projects/interceptor-sim/install/interceptor_bringup/lib/python3.12/site-packages:${PYTHONPATH} VIRTUAL_ENV_PROMPT=(.venv) /usr/bin/python3 -W ignore:setup.py install is deprecated -W ignore:easy_install command is deprecated setup.py egg_info --egg-base ../../../build/interceptor_bringup build --build-base /home/gp/Projects/interceptor-sim/build/interceptor_bringup/build install --record /home/gp/Projects/interceptor-sim/build/interceptor_bringup/install.log --install-scripts $base/lib/interceptor_bringup --single-version-externally-managed install_data
[2.140s] DEBUG:colcon.colcon_core.event_handler.log_command:Invoked command in '/home/gp/Projects/interceptor-sim/ros2_px4_ws/src/px4_offboard' returned '0': DEBUGINFOD_URLS=https://debuginfod.ubuntu.com PS1=(.venv) \[\e]0;\u@\h: \w\a\]${debian_chroot:+($debian_chroot)}\[\033[01;32m\]\u@\h\[\033[00m\]:\[\033[01;34m\]\w\[\033[00m\]\$ PYTHONPATH=/home/gp/Projects/interceptor-sim/build/px4_offboard/prefix_override:/usr/lib/python3/dist-packages/colcon_core/task/python/colcon_distutils_commands:/home/gp/Projects/interceptor-sim/install/px4_offboard/lib/python3.12/site-packages:${PYTHONPATH} VIRTUAL_ENV_PROMPT=(.venv) /usr/bin/python3 -W ignore:setup.py install is deprecated -W ignore:easy_install command is deprecated setup.py egg_info --egg-base ../../../build/px4_offboard build --build-base /home/gp/Projects/interceptor-sim/build/px4_offboard/build install --record /home/gp/Projects/interceptor-sim/build/px4_offboard/install.log --install-scripts $base/lib/px4_offboard --single-version-externally-managed install_data
[2.145s] Level 1:colcon.colcon_core.environment:checking '/home/gp/Projects/interceptor-sim/install/px4_offboard' for CMake module files
[2.145s] Level 1:colcon.colcon_core.environment:checking '/home/gp/Projects/interceptor-sim/install/px4_offboard' for CMake config files
[2.146s] Level 1:colcon.colcon_core.environment:checking '/home/gp/Projects/interceptor-sim/install/px4_offboard/lib'
[2.146s] Level 1:colcon.colcon_core.environment:checking '/home/gp/Projects/interceptor-sim/install/px4_offboard/bin'
[2.146s] Level 1:colcon.colcon_core.environment:checking '/home/gp/Projects/interceptor-sim/install/px4_offboard/lib/pkgconfig/px4_offboard.pc'
[2.147s] Level 1:colcon.colcon_core.environment:checking '/home/gp/Projects/interceptor-sim/install/px4_offboard/lib/python3.12/site-packages'
[2.147s] Level 1:colcon.colcon_core.shell:create_environment_hook('px4_offboard', 'pythonpath')
[2.147s] INFO:colcon.colcon_core.shell:Creating environment hook '/home/gp/Projects/interceptor-sim/install/px4_offboard/share/px4_offboard/hook/pythonpath.ps1'
[2.147s] INFO:colcon.colcon_core.shell:Creating environment descriptor '/home/gp/Projects/interceptor-sim/install/px4_offboard/share/px4_offboard/hook/pythonpath.dsv'
[2.148s] INFO:colcon.colcon_core.shell:Creating environment hook '/home/gp/Projects/interceptor-sim/install/px4_offboard/share/px4_offboard/hook/pythonpath.sh'
[2.148s] Level 1:colcon.colcon_core.environment:checking '/home/gp/Projects/interceptor-sim/install/px4_offboard/bin'
[2.148s] Level 1:colcon.colcon_core.environment:create_environment_scripts_only(px4_offboard)
[2.149s] INFO:colcon.colcon_core.shell:Creating package script '/home/gp/Projects/interceptor-sim/install/px4_offboard/share/px4_offboard/package.ps1'
[2.150s] INFO:colcon.colcon_core.shell:Creating package descriptor '/home/gp/Projects/interceptor-sim/install/px4_offboard/share/px4_offboard/package.dsv'
[2.151s] INFO:colcon.colcon_core.shell:Creating package script '/home/gp/Projects/interceptor-sim/install/px4_offboard/share/px4_offboard/package.sh'
[2.152s] INFO:colcon.colcon_core.shell:Creating package script '/home/gp/Projects/interceptor-sim/install/px4_offboard/share/px4_offboard/package.bash'
[2.153s] INFO:colcon.colcon_core.shell:Creating package script '/home/gp/Projects/interceptor-sim/install/px4_offboard/share/px4_offboard/package.zsh'
[2.154s] Level 1:colcon.colcon_core.environment:create_file_with_runtime_dependencies(/home/gp/Projects/interceptor-sim/install/px4_offboard/share/colcon-core/packages/px4_offboard)
[2.190s] Level 1:colcon.colcon_core.environment:checking '/home/gp/Projects/interceptor-sim/install/interceptor_bringup' for CMake module files
[2.190s] DEBUG:colcon.colcon_core.event_handler.log_command:Invoked command in '/home/gp/Projects/interceptor-sim/ros2_px4_ws/src/interceptor_bringup' returned '0': DEBUGINFOD_URLS=https://debuginfod.ubuntu.com PS1=(.venv) \[\e]0;\u@\h: \w\a\]${debian_chroot:+($debian_chroot)}\[\033[01;32m\]\u@\h\[\033[00m\]:\[\033[01;34m\]\w\[\033[00m\]\$ PYTHONPATH=/home/gp/Projects/interceptor-sim/build/interceptor_bringup/prefix_override:/usr/lib/python3/dist-packages/colcon_core/task/python/colcon_distutils_commands:/home/gp/Projects/interceptor-sim/install/interceptor_bringup/lib/python3.12/site-packages:${PYTHONPATH} VIRTUAL_ENV_PROMPT=(.venv) /usr/bin/python3 -W ignore:setup.py install is deprecated -W ignore:easy_install command is deprecated setup.py egg_info --egg-base ../../../build/interceptor_bringup build --build-base /home/gp/Projects/interceptor-sim/build/interceptor_bringup/build install --record /home/gp/Projects/interceptor-sim/build/interceptor_bringup/install.log --install-scripts $base/lib/interceptor_bringup --single-version-externally-managed install_data
[2.191s] Level 1:colcon.colcon_core.environment:checking '/home/gp/Projects/interceptor-sim/install/interceptor_bringup' for CMake config files
[2.191s] Level 1:colcon.colcon_core.environment:checking '/home/gp/Projects/interceptor-sim/install/interceptor_bringup/lib'
[2.191s] Level 1:colcon.colcon_core.environment:checking '/home/gp/Projects/interceptor-sim/install/interceptor_bringup/bin'
[2.191s] Level 1:colcon.colcon_core.environment:checking '/home/gp/Projects/interceptor-sim/install/interceptor_bringup/lib/pkgconfig/interceptor_bringup.pc'
[2.191s] Level 1:colcon.colcon_core.environment:checking '/home/gp/Projects/interceptor-sim/install/interceptor_bringup/lib/python3.12/site-packages'
[2.192s] Level 1:colcon.colcon_core.shell:create_environment_hook('interceptor_bringup', 'pythonpath')
[2.192s] INFO:colcon.colcon_core.shell:Creating environment hook '/home/gp/Projects/interceptor-sim/install/interceptor_bringup/share/interceptor_bringup/hook/pythonpath.ps1'
[2.192s] INFO:colcon.colcon_core.shell:Creating environment descriptor '/home/gp/Projects/interceptor-sim/install/interceptor_bringup/share/interceptor_bringup/hook/pythonpath.dsv'
[2.192s] INFO:colcon.colcon_core.shell:Creating environment hook '/home/gp/Projects/interceptor-sim/install/interceptor_bringup/share/interceptor_bringup/hook/pythonpath.sh'
[2.193s] Level 1:colcon.colcon_core.environment:checking '/home/gp/Projects/interceptor-sim/install/interceptor_bringup/bin'
[2.193s] Level 1:colcon.colcon_core.environment:create_environment_scripts_only(interceptor_bringup)
[2.193s] INFO:colcon.colcon_core.shell:Creating package script '/home/gp/Projects/interceptor-sim/install/interceptor_bringup/share/interceptor_bringup/package.ps1'
[2.194s] INFO:colcon.colcon_core.shell:Creating package descriptor '/home/gp/Projects/interceptor-sim/install/interceptor_bringup/share/interceptor_bringup/package.dsv'
[2.194s] INFO:colcon.colcon_core.shell:Creating package script '/home/gp/Projects/interceptor-sim/install/interceptor_bringup/share/interceptor_bringup/package.sh'
[2.194s] INFO:colcon.colcon_core.shell:Creating package script '/home/gp/Projects/interceptor-sim/install/interceptor_bringup/share/interceptor_bringup/package.bash'
[2.194s] INFO:colcon.colcon_core.shell:Creating package script '/home/gp/Projects/interceptor-sim/install/interceptor_bringup/share/interceptor_bringup/package.zsh'
[2.195s] Level 1:colcon.colcon_core.environment:create_file_with_runtime_dependencies(/home/gp/Projects/interceptor-sim/install/interceptor_bringup/share/colcon-core/packages/interceptor_bringup)
[2.196s] Level 1:colcon.colcon_core.environment:checking '/home/gp/Projects/interceptor-sim/install/interceptor_vision' for CMake module files
[2.196s] DEBUG:colcon.colcon_core.event_handler.log_command:Invoked command in '/home/gp/Projects/interceptor-sim/ros2_px4_ws/src/interceptor_vision' returned '0': DEBUGINFOD_URLS=https://debuginfod.ubuntu.com PS1=(.venv) \[\e]0;\u@\h: \w\a\]${debian_chroot:+($debian_chroot)}\[\033[01;32m\]\u@\h\[\033[00m\]:\[\033[01;34m\]\w\[\033[00m\]\$ PYTHONPATH=/home/gp/Projects/interceptor-sim/build/interceptor_vision/prefix_override:/usr/lib/python3/dist-packages/colcon_core/task/python/colcon_distutils_commands:/home/gp/Projects/interceptor-sim/install/interceptor_vision/lib/python3.12/site-packages:${PYTHONPATH} VIRTUAL_ENV_PROMPT=(.venv) /usr/bin/python3 -W ignore:setup.py install is deprecated -W ignore:easy_install command is deprecated setup.py egg_info --egg-base ../../../build/interceptor_vision build --build-base /home/gp/Projects/interceptor-sim/build/interceptor_vision/build install --record /home/gp/Projects/interceptor-sim/build/interceptor_vision/install.log --install-scripts $base/lib/interceptor_vision --single-version-externally-managed install_data
[2.196s] Level 1:colcon.colcon_core.environment:checking '/home/gp/Projects/interceptor-sim/install/interceptor_vision' for CMake config files
[2.197s] Level 1:colcon.colcon_core.environment:checking '/home/gp/Projects/interceptor-sim/install/interceptor_vision/lib'
[2.197s] Level 1:colcon.colcon_core.environment:checking '/home/gp/Projects/interceptor-sim/install/interceptor_vision/bin'
[2.197s] Level 1:colcon.colcon_core.environment:checking '/home/gp/Projects/interceptor-sim/install/interceptor_vision/lib/pkgconfig/interceptor_vision.pc'
[2.197s] Level 1:colcon.colcon_core.environment:checking '/home/gp/Projects/interceptor-sim/install/interceptor_vision/lib/python3.12/site-packages'
[2.197s] Level 1:colcon.colcon_core.shell:create_environment_hook('interceptor_vision', 'pythonpath')
[2.197s] INFO:colcon.colcon_core.shell:Creating environment hook '/home/gp/Projects/interceptor-sim/install/interceptor_vision/share/interceptor_vision/hook/pythonpath.ps1'
[2.198s] INFO:colcon.colcon_core.shell:Creating environment descriptor '/home/gp/Projects/interceptor-sim/install/interceptor_vision/share/interceptor_vision/hook/pythonpath.dsv'
[2.198s] INFO:colcon.colcon_core.shell:Creating environment hook '/home/gp/Projects/interceptor-sim/install/interceptor_vision/share/interceptor_vision/hook/pythonpath.sh'
[2.198s] Level 1:colcon.colcon_core.environment:checking '/home/gp/Projects/interceptor-sim/install/interceptor_vision/bin'
[2.198s] Level 1:colcon.colcon_core.environment:create_environment_scripts_only(interceptor_vision)
[2.199s] INFO:colcon.colcon_core.shell:Creating package script '/home/gp/Projects/interceptor-sim/install/interceptor_vision/share/interceptor_vision/package.ps1'
[2.199s] INFO:colcon.colcon_core.shell:Creating package descriptor '/home/gp/Projects/interceptor-sim/install/interceptor_vision/share/interceptor_vision/package.dsv'
[2.199s] INFO:colcon.colcon_core.shell:Creating package script '/home/gp/Projects/interceptor-sim/install/interceptor_vision/share/interceptor_vision/package.sh'
[2.200s] INFO:colcon.colcon_core.shell:Creating package script '/home/gp/Projects/interceptor-sim/install/interceptor_vision/share/interceptor_vision/package.bash'
[2.200s] INFO:colcon.colcon_core.shell:Creating package script '/home/gp/Projects/interceptor-sim/install/interceptor_vision/share/interceptor_vision/package.zsh'
[2.200s] Level 1:colcon.colcon_core.environment:create_file_with_runtime_dependencies(/home/gp/Projects/interceptor-sim/install/interceptor_vision/share/colcon-core/packages/interceptor_vision)
[2.201s] Level 1:colcon.colcon_core.environment:checking '/home/gp/Projects/interceptor-sim/install/BodyQuaternion' for CMake module files
[2.201s] DEBUG:colcon.colcon_core.event_handler.log_command:Invoked command in '/home/gp/Projects/interceptor-sim/ros2_px4_ws/src/BodyQuaternion' returned '0': DEBUGINFOD_URLS=https://debuginfod.ubuntu.com PS1=(.venv) \[\e]0;\u@\h: \w\a\]${debian_chroot:+($debian_chroot)}\[\033[01;32m\]\u@\h\[\033[00m\]:\[\033[01;34m\]\w\[\033[00m\]\$ PYTHONPATH=/home/gp/Projects/interceptor-sim/build/BodyQuaternion/prefix_override:/usr/lib/python3/dist-packages/colcon_core/task/python/colcon_distutils_commands:/home/gp/Projects/interceptor-sim/install/BodyQuaternion/lib/python3.12/site-packages:${PYTHONPATH} VIRTUAL_ENV_PROMPT=(.venv) /usr/bin/python3 -W ignore:setup.py install is deprecated -W ignore:easy_install command is deprecated setup.py egg_info --egg-base ../../../build/BodyQuaternion build --build-base /home/gp/Projects/interceptor-sim/build/BodyQuaternion/build install --record /home/gp/Projects/interceptor-sim/build/BodyQuaternion/install.log --install-scripts $base/lib/BodyQuaternion --single-version-externally-managed install_data
[2.202s] Level 1:colcon.colcon_core.environment:checking '/home/gp/Projects/interceptor-sim/install/BodyQuaternion' for CMake config files
[2.202s] Level 1:colcon.colcon_core.environment:checking '/home/gp/Projects/interceptor-sim/install/BodyQuaternion/lib'
[2.202s] Level 1:colcon.colcon_core.environment:checking '/home/gp/Projects/interceptor-sim/install/BodyQuaternion/bin'
[2.202s] Level 1:colcon.colcon_core.environment:checking '/home/gp/Projects/interceptor-sim/install/BodyQuaternion/lib/pkgconfig/BodyQuaternion.pc'
[2.202s] Level 1:colcon.colcon_core.environment:checking '/home/gp/Projects/interceptor-sim/install/BodyQuaternion/lib/python3.12/site-packages'
[2.202s] Level 1:colcon.colcon_core.shell:create_environment_hook('BodyQuaternion', 'pythonpath')
[2.202s] INFO:colcon.colcon_core.shell:Creating environment hook '/home/gp/Projects/interceptor-sim/install/BodyQuaternion/share/BodyQuaternion/hook/pythonpath.ps1'
[2.203s] INFO:colcon.colcon_core.shell:Creating environment descriptor '/home/gp/Projects/interceptor-sim/install/BodyQuaternion/share/BodyQuaternion/hook/pythonpath.dsv'
[2.203s] INFO:colcon.colcon_core.shell:Creating environment hook '/home/gp/Projects/interceptor-sim/install/BodyQuaternion/share/BodyQuaternion/hook/pythonpath.sh'
[2.203s] Level 1:colcon.colcon_core.environment:checking '/home/gp/Projects/interceptor-sim/install/BodyQuaternion/bin'
[2.203s] Level 1:colcon.colcon_core.environment:create_environment_scripts_only(BodyQuaternion)
[2.204s] INFO:colcon.colcon_core.shell:Creating package script '/home/gp/Projects/interceptor-sim/install/BodyQuaternion/share/BodyQuaternion/package.ps1'
[2.204s] INFO:colcon.colcon_core.shell:Creating package descriptor '/home/gp/Projects/interceptor-sim/install/BodyQuaternion/share/BodyQuaternion/package.dsv'
[2.204s] INFO:colcon.colcon_core.shell:Creating package script '/home/gp/Projects/interceptor-sim/install/BodyQuaternion/share/BodyQuaternion/package.sh'
[2.205s] INFO:colcon.colcon_core.shell:Creating package script '/home/gp/Projects/interceptor-sim/install/BodyQuaternion/share/BodyQuaternion/package.bash'
[2.205s] INFO:colcon.colcon_core.shell:Creating package script '/home/gp/Projects/interceptor-sim/install/BodyQuaternion/share/BodyQuaternion/package.zsh'
[2.205s] Level 1:colcon.colcon_core.environment:create_file_with_runtime_dependencies(/home/gp/Projects/interceptor-sim/install/BodyQuaternion/share/colcon-core/packages/BodyQuaternion)
[5.498s] DEBUG:colcon.colcon_core.event_handler.log_command:Invoked command in '/home/gp/Projects/interceptor-sim/build/px4_msgs' returned '0': CMAKE_PREFIX_PATH=${CMAKE_PREFIX_PATH}:/opt/ros/jazzy DEBUGINFOD_URLS=https://debuginfod.ubuntu.com PS1=(.venv) \[\e]0;\u@\h: \w\a\]${debian_chroot:+($debian_chroot)}\[\033[01;32m\]\u@\h\[\033[00m\]:\[\033[01;34m\]\w\[\033[00m\]\$ VIRTUAL_ENV_PROMPT=(.venv) /usr/bin/cmake /home/gp/Projects/interceptor-sim/ros2_px4_ws/src/px4_msgs -DCMAKE_INSTALL_PREFIX=/home/gp/Projects/interceptor-sim/install/px4_msgs
[5.499s] DEBUG:colcon.colcon_core.event_handler.log_command:Invoking command in '/home/gp/Projects/interceptor-sim/build/px4_msgs': CMAKE_PREFIX_PATH=${CMAKE_PREFIX_PATH}:/opt/ros/jazzy DEBUGINFOD_URLS=https://debuginfod.ubuntu.com PS1=(.venv) \[\e]0;\u@\h: \w\a\]${debian_chroot:+($debian_chroot)}\[\033[01;32m\]\u@\h\[\033[00m\]:\[\033[01;34m\]\w\[\033[00m\]\$ VIRTUAL_ENV_PROMPT=(.venv) /usr/bin/cmake --build /home/gp/Projects/interceptor-sim/build/px4_msgs -- -j16 -l16
[231.187s] DEBUG:colcon.colcon_core.event_handler.log_command:Invoked command in '/home/gp/Projects/interceptor-sim/build/px4_msgs' returned '0': CMAKE_PREFIX_PATH=${CMAKE_PREFIX_PATH}:/opt/ros/jazzy DEBUGINFOD_URLS=https://debuginfod.ubuntu.com PS1=(.venv) \[\e]0;\u@\h: \w\a\]${debian_chroot:+($debian_chroot)}\[\033[01;32m\]\u@\h\[\033[00m\]:\[\033[01;34m\]\w\[\033[00m\]\$ VIRTUAL_ENV_PROMPT=(.venv) /usr/bin/cmake --build /home/gp/Projects/interceptor-sim/build/px4_msgs -- -j16 -l16
[231.197s] DEBUG:colcon.colcon_core.event_handler.log_command:Invoking command in '/home/gp/Projects/interceptor-sim/build/px4_msgs': CMAKE_PREFIX_PATH=${CMAKE_PREFIX_PATH}:/opt/ros/jazzy DEBUGINFOD_URLS=https://debuginfod.ubuntu.com PS1=(.venv) \[\e]0;\u@\h: \w\a\]${debian_chroot:+($debian_chroot)}\[\033[01;32m\]\u@\h\[\033[00m\]:\[\033[01;34m\]\w\[\033[00m\]\$ VIRTUAL_ENV_PROMPT=(.venv) /usr/bin/cmake --install /home/gp/Projects/interceptor-sim/build/px4_msgs
[232.946s] Level 1:colcon.colcon_core.environment:create_environment_scripts_only(px4_msgs)
[232.946s] Level 1:colcon.colcon_core.environment:checking '/home/gp/Projects/interceptor-sim/install/px4_msgs' for CMake module files
[232.947s] DEBUG:colcon.colcon_core.event_handler.log_command:Invoked command in '/home/gp/Projects/interceptor-sim/build/px4_msgs' returned '0': CMAKE_PREFIX_PATH=${CMAKE_PREFIX_PATH}:/opt/ros/jazzy DEBUGINFOD_URLS=https://debuginfod.ubuntu.com PS1=(.venv) \[\e]0;\u@\h: \w\a\]${debian_chroot:+($debian_chroot)}\[\033[01;32m\]\u@\h\[\033[00m\]:\[\033[01;34m\]\w\[\033[00m\]\$ VIRTUAL_ENV_PROMPT=(.venv) /usr/bin/cmake --install /home/gp/Projects/interceptor-sim/build/px4_msgs
[232.947s] Level 1:colcon.colcon_core.environment:checking '/home/gp/Projects/interceptor-sim/install/px4_msgs' for CMake config files
[232.947s] Level 1:colcon.colcon_core.shell:create_environment_hook('px4_msgs', 'cmake_prefix_path')
[232.948s] INFO:colcon.colcon_core.shell:Creating environment hook '/home/gp/Projects/interceptor-sim/install/px4_msgs/share/px4_msgs/hook/cmake_prefix_path.ps1'
[232.948s] INFO:colcon.colcon_core.shell:Creating environment descriptor '/home/gp/Projects/interceptor-sim/install/px4_msgs/share/px4_msgs/hook/cmake_prefix_path.dsv'
[232.948s] INFO:colcon.colcon_core.shell:Creating environment hook '/home/gp/Projects/interceptor-sim/install/px4_msgs/share/px4_msgs/hook/cmake_prefix_path.sh'
[232.949s] Level 1:colcon.colcon_core.environment:checking '/home/gp/Projects/interceptor-sim/install/px4_msgs/lib'
[232.949s] Level 1:colcon.colcon_core.shell:create_environment_hook('px4_msgs', 'ld_library_path_lib')
[232.949s] INFO:colcon.colcon_core.shell:Creating environment hook '/home/gp/Projects/interceptor-sim/install/px4_msgs/share/px4_msgs/hook/ld_library_path_lib.ps1'
[232.949s] INFO:colcon.colcon_core.shell:Creating environment descriptor '/home/gp/Projects/interceptor-sim/install/px4_msgs/share/px4_msgs/hook/ld_library_path_lib.dsv'
[232.950s] INFO:colcon.colcon_core.shell:Creating environment hook '/home/gp/Projects/interceptor-sim/install/px4_msgs/share/px4_msgs/hook/ld_library_path_lib.sh'
[232.950s] Level 1:colcon.colcon_core.environment:checking '/home/gp/Projects/interceptor-sim/install/px4_msgs/bin'
[232.950s] Level 1:colcon.colcon_core.environment:checking '/home/gp/Projects/interceptor-sim/install/px4_msgs/lib/pkgconfig/px4_msgs.pc'
[232.950s] Level 1:colcon.colcon_core.environment:checking '/home/gp/Projects/interceptor-sim/install/px4_msgs/lib/python3.12/site-packages'
[232.950s] Level 1:colcon.colcon_core.shell:create_environment_hook('px4_msgs', 'pythonpath')
[232.950s] INFO:colcon.colcon_core.shell:Creating environment hook '/home/gp/Projects/interceptor-sim/install/px4_msgs/share/px4_msgs/hook/pythonpath.ps1'
[232.951s] INFO:colcon.colcon_core.shell:Creating environment descriptor '/home/gp/Projects/interceptor-sim/install/px4_msgs/share/px4_msgs/hook/pythonpath.dsv'
[232.951s] INFO:colcon.colcon_core.shell:Creating environment hook '/home/gp/Projects/interceptor-sim/install/px4_msgs/share/px4_msgs/hook/pythonpath.sh'
[232.951s] Level 1:colcon.colcon_core.environment:checking '/home/gp/Projects/interceptor-sim/install/px4_msgs/bin'
[232.951s] INFO:colcon.colcon_core.shell:Creating package script '/home/gp/Projects/interceptor-sim/install/px4_msgs/share/px4_msgs/package.ps1'
[232.952s] INFO:colcon.colcon_core.shell:Creating package descriptor '/home/gp/Projects/interceptor-sim/install/px4_msgs/share/px4_msgs/package.dsv'
[232.952s] INFO:colcon.colcon_core.shell:Creating package script '/home/gp/Projects/interceptor-sim/install/px4_msgs/share/px4_msgs/package.sh'
[232.952s] INFO:colcon.colcon_core.shell:Creating package script '/home/gp/Projects/interceptor-sim/install/px4_msgs/share/px4_msgs/package.bash'
[232.953s] INFO:colcon.colcon_core.shell:Creating package script '/home/gp/Projects/interceptor-sim/install/px4_msgs/share/px4_msgs/package.zsh'
[232.953s] Level 1:colcon.colcon_core.environment:create_file_with_runtime_dependencies(/home/gp/Projects/interceptor-sim/install/px4_msgs/share/colcon-core/packages/px4_msgs)
[232.953s] Level 1:colcon.colcon_core.environment:create_environment_scripts_only(px4_msgs)
[232.953s] Level 1:colcon.colcon_core.environment:checking '/home/gp/Projects/interceptor-sim/install/px4_msgs' for CMake module files
[232.954s] Level 1:colcon.colcon_core.environment:checking '/home/gp/Projects/interceptor-sim/install/px4_msgs' for CMake config files
[232.954s] Level 1:colcon.colcon_core.shell:create_environment_hook('px4_msgs', 'cmake_prefix_path')
[232.954s] INFO:colcon.colcon_core.shell:Creating environment hook '/home/gp/Projects/interceptor-sim/install/px4_msgs/share/px4_msgs/hook/cmake_prefix_path.ps1'
[232.955s] INFO:colcon.colcon_core.shell:Creating environment descriptor '/home/gp/Projects/interceptor-sim/install/px4_msgs/share/px4_msgs/hook/cmake_prefix_path.dsv'
[232.955s] INFO:colcon.colcon_core.shell:Creating environment hook '/home/gp/Projects/interceptor-sim/install/px4_msgs/share/px4_msgs/hook/cmake_prefix_path.sh'
[232.955s] Level 1:colcon.colcon_core.environment:checking '/home/gp/Projects/interceptor-sim/install/px4_msgs/lib'
[232.955s] Level 1:colcon.colcon_core.shell:create_environment_hook('px4_msgs', 'ld_library_path_lib')
[232.955s] INFO:colcon.colcon_core.shell:Creating environment hook '/home/gp/Projects/interceptor-sim/install/px4_msgs/share/px4_msgs/hook/ld_library_path_lib.ps1'
[232.956s] INFO:colcon.colcon_core.shell:Creating environment descriptor '/home/gp/Projects/interceptor-sim/install/px4_msgs/share/px4_msgs/hook/ld_library_path_lib.dsv'
[232.956s] INFO:colcon.colcon_core.shell:Creating environment hook '/home/gp/Projects/interceptor-sim/install/px4_msgs/share/px4_msgs/hook/ld_library_path_lib.sh'
[232.956s] Level 1:colcon.colcon_core.environment:checking '/home/gp/Projects/interceptor-sim/install/px4_msgs/bin'
[232.956s] Level 1:colcon.colcon_core.environment:checking '/home/gp/Projects/interceptor-sim/install/px4_msgs/lib/pkgconfig/px4_msgs.pc'
[232.956s] Level 1:colcon.colcon_core.environment:checking '/home/gp/Projects/interceptor-sim/install/px4_msgs/lib/python3.12/site-packages'
[232.956s] Level 1:colcon.colcon_core.shell:create_environment_hook('px4_msgs', 'pythonpath')
[232.956s] INFO:colcon.colcon_core.shell:Creating environment hook '/home/gp/Projects/interceptor-sim/install/px4_msgs/share/px4_msgs/hook/pythonpath.ps1'
[232.957s] INFO:colcon.colcon_core.shell:Creating environment descriptor '/home/gp/Projects/interceptor-sim/install/px4_msgs/share/px4_msgs/hook/pythonpath.dsv'
[232.957s] INFO:colcon.colcon_core.shell:Creating environment hook '/home/gp/Projects/interceptor-sim/install/px4_msgs/share/px4_msgs/hook/pythonpath.sh'
[232.957s] Level 1:colcon.colcon_core.environment:checking '/home/gp/Projects/interceptor-sim/install/px4_msgs/bin'
[232.958s] INFO:colcon.colcon_core.shell:Creating package script '/home/gp/Projects/interceptor-sim/install/px4_msgs/share/px4_msgs/package.ps1'
[232.958s] INFO:colcon.colcon_core.shell:Creating package descriptor '/home/gp/Projects/interceptor-sim/install/px4_msgs/share/px4_msgs/package.dsv'
[232.958s] INFO:colcon.colcon_core.shell:Creating package script '/home/gp/Projects/interceptor-sim/install/px4_msgs/share/px4_msgs/package.sh'
[232.959s] INFO:colcon.colcon_core.shell:Creating package script '/home/gp/Projects/interceptor-sim/install/px4_msgs/share/px4_msgs/package.bash'
[232.959s] INFO:colcon.colcon_core.shell:Creating package script '/home/gp/Projects/interceptor-sim/install/px4_msgs/share/px4_msgs/package.zsh'
[232.959s] Level 1:colcon.colcon_core.environment:create_file_with_runtime_dependencies(/home/gp/Projects/interceptor-sim/install/px4_msgs/share/colcon-core/packages/px4_msgs)
[232.960s] INFO:colcon.colcon_ros.task.ament_cmake.build:Building ROS package in '/home/gp/Projects/interceptor-sim/ros2_px4_ws/src/px4_gz_markers' with build type 'ament_cmake'
[232.960s] INFO:colcon.colcon_cmake.task.cmake.build:Building CMake package in '/home/gp/Projects/interceptor-sim/ros2_px4_ws/src/px4_gz_markers'
[232.960s] INFO:colcon.colcon_core.shell:Skip shell extension 'powershell' for command environment: Not usable outside of PowerShell
[232.960s] DEBUG:colcon.colcon_core.shell:Skip shell extension 'dsv' for command environment
[232.969s] DEBUG:colcon.colcon_core.event_handler.log_command:Invoking command in '/home/gp/Projects/interceptor-sim/build/px4_gz_markers': AMENT_PREFIX_PATH=/home/gp/Projects/interceptor-sim/install/px4_msgs:${AMENT_PREFIX_PATH} CMAKE_PREFIX_PATH=/home/gp/Projects/interceptor-sim/install/px4_msgs:/opt/ros/jazzy/opt/gz_transport_vendor:/opt/ros/jazzy/opt/gz_msgs_vendor:/opt/ros/jazzy/opt/gz_math_vendor:/opt/ros/jazzy/opt/gz_utils_vendor:/opt/ros/jazzy/opt/gz_tools_vendor:/opt/ros/jazzy/opt/gz_cmake_vendor:/opt/ros/jazzy DEBUGINFOD_URLS=https://debuginfod.ubuntu.com LD_LIBRARY_PATH=/home/gp/Projects/interceptor-sim/install/px4_msgs/lib:${LD_LIBRARY_PATH} PS1=(.venv) \[\e]0;\u@\h: \w\a\]${debian_chroot:+($debian_chroot)}\[\033[01;32m\]\u@\h\[\033[00m\]:\[\033[01;34m\]\w\[\033[00m\]\$ PYTHONPATH=/home/gp/Projects/interceptor-sim/install/px4_msgs/lib/python3.12/site-packages:${PYTHONPATH} VIRTUAL_ENV_PROMPT=(.venv) /usr/bin/cmake /home/gp/Projects/interceptor-sim/ros2_px4_ws/src/px4_gz_markers -DCMAKE_INSTALL_PREFIX=/home/gp/Projects/interceptor-sim/install/px4_gz_markers
[234.633s] DEBUG:colcon.colcon_core.event_handler.log_command:Invoked command in '/home/gp/Projects/interceptor-sim/build/px4_gz_markers' returned '0': AMENT_PREFIX_PATH=/home/gp/Projects/interceptor-sim/install/px4_msgs:${AMENT_PREFIX_PATH} CMAKE_PREFIX_PATH=/home/gp/Projects/interceptor-sim/install/px4_msgs:/opt/ros/jazzy/opt/gz_transport_vendor:/opt/ros/jazzy/opt/gz_msgs_vendor:/opt/ros/jazzy/opt/gz_math_vendor:/opt/ros/jazzy/opt/gz_utils_vendor:/opt/ros/jazzy/opt/gz_tools_vendor:/opt/ros/jazzy/opt/gz_cmake_vendor:/opt/ros/jazzy DEBUGINFOD_URLS=https://debuginfod.ubuntu.com LD_LIBRARY_PATH=/home/gp/Projects/interceptor-sim/install/px4_msgs/lib:${LD_LIBRARY_PATH} PS1=(.venv) \[\e]0;\u@\h: \w\a\]${debian_chroot:+($debian_chroot)}\[\033[01;32m\]\u@\h\[\033[00m\]:\[\033[01;34m\]\w\[\033[00m\]\$ PYTHONPATH=/home/gp/Projects/interceptor-sim/install/px4_msgs/lib/python3.12/site-packages:${PYTHONPATH} VIRTUAL_ENV_PROMPT=(.venv) /usr/bin/cmake /home/gp/Projects/interceptor-sim/ros2_px4_ws/src/px4_gz_markers -DCMAKE_INSTALL_PREFIX=/home/gp/Projects/interceptor-sim/install/px4_gz_markers
[234.634s] DEBUG:colcon.colcon_core.event_handler.log_command:Invoking command in '/home/gp/Projects/interceptor-sim/build/px4_gz_markers': AMENT_PREFIX_PATH=/home/gp/Projects/interceptor-sim/install/px4_msgs:${AMENT_PREFIX_PATH} CMAKE_PREFIX_PATH=/home/gp/Projects/interceptor-sim/install/px4_msgs:/opt/ros/jazzy/opt/gz_transport_vendor:/opt/ros/jazzy/opt/gz_msgs_vendor:/opt/ros/jazzy/opt/gz_math_vendor:/opt/ros/jazzy/opt/gz_utils_vendor:/opt/ros/jazzy/opt/gz_tools_vendor:/opt/ros/jazzy/opt/gz_cmake_vendor:/opt/ros/jazzy DEBUGINFOD_URLS=https://debuginfod.ubuntu.com LD_LIBRARY_PATH=/home/gp/Projects/interceptor-sim/install/px4_msgs/lib:${LD_LIBRARY_PATH} PS1=(.venv) \[\e]0;\u@\h: \w\a\]${debian_chroot:+($debian_chroot)}\[\033[01;32m\]\u@\h\[\033[00m\]:\[\033[01;34m\]\w\[\033[00m\]\$ PYTHONPATH=/home/gp/Projects/interceptor-sim/install/px4_msgs/lib/python3.12/site-packages:${PYTHONPATH} VIRTUAL_ENV_PROMPT=(.venv) /usr/bin/cmake --build /home/gp/Projects/interceptor-sim/build/px4_gz_markers -- -j16 -l16
[243.159s] DEBUG:colcon.colcon_core.event_handler.log_command:Invoked command in '/home/gp/Projects/interceptor-sim/build/px4_gz_markers' returned '0': AMENT_PREFIX_PATH=/home/gp/Projects/interceptor-sim/install/px4_msgs:${AMENT_PREFIX_PATH} CMAKE_PREFIX_PATH=/home/gp/Projects/interceptor-sim/install/px4_msgs:/opt/ros/jazzy/opt/gz_transport_vendor:/opt/ros/jazzy/opt/gz_msgs_vendor:/opt/ros/jazzy/opt/gz_math_vendor:/opt/ros/jazzy/opt/gz_utils_vendor:/opt/ros/jazzy/opt/gz_tools_vendor:/opt/ros/jazzy/opt/gz_cmake_vendor:/opt/ros/jazzy DEBUGINFOD_URLS=https://debuginfod.ubuntu.com LD_LIBRARY_PATH=/home/gp/Projects/interceptor-sim/install/px4_msgs/lib:${LD_LIBRARY_PATH} PS1=(.venv) \[\e]0;\u@\h: \w\a\]${debian_chroot:+($debian_chroot)}\[\033[01;32m\]\u@\h\[\033[00m\]:\[\033[01;34m\]\w\[\033[00m\]\$ PYTHONPATH=/home/gp/Projects/interceptor-sim/install/px4_msgs/lib/python3.12/site-packages:${PYTHONPATH} VIRTUAL_ENV_PROMPT=(.venv) /usr/bin/cmake --build /home/gp/Projects/interceptor-sim/build/px4_gz_markers -- -j16 -l16
[243.160s] DEBUG:colcon.colcon_core.event_handler.log_command:Invoking command in '/home/gp/Projects/interceptor-sim/build/px4_gz_markers': AMENT_PREFIX_PATH=/home/gp/Projects/interceptor-sim/install/px4_msgs:${AMENT_PREFIX_PATH} CMAKE_PREFIX_PATH=/home/gp/Projects/interceptor-sim/install/px4_msgs:/opt/ros/jazzy/opt/gz_transport_vendor:/opt/ros/jazzy/opt/gz_msgs_vendor:/opt/ros/jazzy/opt/gz_math_vendor:/opt/ros/jazzy/opt/gz_utils_vendor:/opt/ros/jazzy/opt/gz_tools_vendor:/opt/ros/jazzy/opt/gz_cmake_vendor:/opt/ros/jazzy DEBUGINFOD_URLS=https://debuginfod.ubuntu.com LD_LIBRARY_PATH=/home/gp/Projects/interceptor-sim/install/px4_msgs/lib:${LD_LIBRARY_PATH} PS1=(.venv) \[\e]0;\u@\h: \w\a\]${debian_chroot:+($debian_chroot)}\[\033[01;32m\]\u@\h\[\033[00m\]:\[\033[01;34m\]\w\[\033[00m\]\$ PYTHONPATH=/home/gp/Projects/interceptor-sim/install/px4_msgs/lib/python3.12/site-packages:${PYTHONPATH} VIRTUAL_ENV_PROMPT=(.venv) /usr/bin/cmake --install /home/gp/Projects/interceptor-sim/build/px4_gz_markers
[243.175s] Level 1:colcon.colcon_core.environment:create_environment_scripts_only(px4_gz_markers)
[243.175s] Level 1:colcon.colcon_core.environment:checking '/home/gp/Projects/interceptor-sim/install/px4_gz_markers' for CMake module files
[243.175s] DEBUG:colcon.colcon_core.event_handler.log_command:Invoked command in '/home/gp/Projects/interceptor-sim/build/px4_gz_markers' returned '0': AMENT_PREFIX_PATH=/home/gp/Projects/interceptor-sim/install/px4_msgs:${AMENT_PREFIX_PATH} CMAKE_PREFIX_PATH=/home/gp/Projects/interceptor-sim/install/px4_msgs:/opt/ros/jazzy/opt/gz_transport_vendor:/opt/ros/jazzy/opt/gz_msgs_vendor:/opt/ros/jazzy/opt/gz_math_vendor:/opt/ros/jazzy/opt/gz_utils_vendor:/opt/ros/jazzy/opt/gz_tools_vendor:/opt/ros/jazzy/opt/gz_cmake_vendor:/opt/ros/jazzy DEBUGINFOD_URLS=https://debuginfod.ubuntu.com LD_LIBRARY_PATH=/home/gp/Projects/interceptor-sim/install/px4_msgs/lib:${LD_LIBRARY_PATH} PS1=(.venv) \[\e]0;\u@\h: \w\a\]${debian_chroot:+($debian_chroot)}\[\033[01;32m\]\u@\h\[\033[00m\]:\[\033[01;34m\]\w\[\033[00m\]\$ PYTHONPATH=/home/gp/Projects/interceptor-sim/install/px4_msgs/lib/python3.12/site-packages:${PYTHONPATH} VIRTUAL_ENV_PROMPT=(.venv) /usr/bin/cmake --install /home/gp/Projects/interceptor-sim/build/px4_gz_markers
[243.176s] Level 1:colcon.colcon_core.environment:checking '/home/gp/Projects/interceptor-sim/install/px4_gz_markers' for CMake config files
[243.176s] Level 1:colcon.colcon_core.shell:create_environment_hook('px4_gz_markers', 'cmake_prefix_path')
[243.176s] INFO:colcon.colcon_core.shell:Creating environment hook '/home/gp/Projects/interceptor-sim/install/px4_gz_markers/share/px4_gz_markers/hook/cmake_prefix_path.ps1'
[243.176s] INFO:colcon.colcon_core.shell:Creating environment descriptor '/home/gp/Projects/interceptor-sim/install/px4_gz_markers/share/px4_gz_markers/hook/cmake_prefix_path.dsv'
[243.176s] INFO:colcon.colcon_core.shell:Creating environment hook '/home/gp/Projects/interceptor-sim/install/px4_gz_markers/share/px4_gz_markers/hook/cmake_prefix_path.sh'
[243.177s] Level 1:colcon.colcon_core.environment:checking '/home/gp/Projects/interceptor-sim/install/px4_gz_markers/lib'
[243.177s] Level 1:colcon.colcon_core.environment:checking '/home/gp/Projects/interceptor-sim/install/px4_gz_markers/bin'
[243.177s] Level 1:colcon.colcon_core.environment:checking '/home/gp/Projects/interceptor-sim/install/px4_gz_markers/lib/pkgconfig/px4_gz_markers.pc'
[243.177s] Level 1:colcon.colcon_core.environment:checking '/home/gp/Projects/interceptor-sim/install/px4_gz_markers/lib/python3.12/site-packages'
[243.177s] Level 1:colcon.colcon_core.environment:checking '/home/gp/Projects/interceptor-sim/install/px4_gz_markers/bin'
[243.178s] INFO:colcon.colcon_core.shell:Creating package script '/home/gp/Projects/interceptor-sim/install/px4_gz_markers/share/px4_gz_markers/package.ps1'
[243.178s] INFO:colcon.colcon_core.shell:Creating package descriptor '/home/gp/Projects/interceptor-sim/install/px4_gz_markers/share/px4_gz_markers/package.dsv'
[243.178s] INFO:colcon.colcon_core.shell:Creating package script '/home/gp/Projects/interceptor-sim/install/px4_gz_markers/share/px4_gz_markers/package.sh'
[243.178s] INFO:colcon.colcon_core.shell:Creating package script '/home/gp/Projects/interceptor-sim/install/px4_gz_markers/share/px4_gz_markers/package.bash'
[243.179s] INFO:colcon.colcon_core.shell:Creating package script '/home/gp/Projects/interceptor-sim/install/px4_gz_markers/share/px4_gz_markers/package.zsh'
[243.179s] Level 1:colcon.colcon_core.environment:create_file_with_runtime_dependencies(/home/gp/Projects/interceptor-sim/install/px4_gz_markers/share/colcon-core/packages/px4_gz_markers)
[243.179s] Level 1:colcon.colcon_core.environment:create_environment_scripts_only(px4_gz_markers)
[243.179s] Level 1:colcon.colcon_core.environment:checking '/home/gp/Projects/interceptor-sim/install/px4_gz_markers' for CMake module files
[243.180s] Level 1:colcon.colcon_core.environment:checking '/home/gp/Projects/interceptor-sim/install/px4_gz_markers' for CMake config files
[243.180s] Level 1:colcon.colcon_core.shell:create_environment_hook('px4_gz_markers', 'cmake_prefix_path')
[243.180s] INFO:colcon.colcon_core.shell:Creating environment hook '/home/gp/Projects/interceptor-sim/install/px4_gz_markers/share/px4_gz_markers/hook/cmake_prefix_path.ps1'
[243.181s] INFO:colcon.colcon_core.shell:Creating environment descriptor '/home/gp/Projects/interceptor-sim/install/px4_gz_markers/share/px4_gz_markers/hook/cmake_prefix_path.dsv'
[243.181s] INFO:colcon.colcon_core.shell:Creating environment hook '/home/gp/Projects/interceptor-sim/install/px4_gz_markers/share/px4_gz_markers/hook/cmake_prefix_path.sh'
[243.182s] Level 1:colcon.colcon_core.environment:checking '/home/gp/Projects/interceptor-sim/install/px4_gz_markers/lib'
[243.182s] Level 1:colcon.colcon_core.environment:checking '/home/gp/Projects/interceptor-sim/install/px4_gz_markers/bin'
[243.182s] Level 1:colcon.colcon_core.environment:checking '/home/gp/Projects/interceptor-sim/install/px4_gz_markers/lib/pkgconfig/px4_gz_markers.pc'
[243.182s] Level 1:colcon.colcon_core.environment:checking '/home/gp/Projects/interceptor-sim/install/px4_gz_markers/lib/python3.12/site-packages'
[243.182s] Level 1:colcon.colcon_core.environment:checking '/home/gp/Projects/interceptor-sim/install/px4_gz_markers/bin'
[243.182s] INFO:colcon.colcon_core.shell:Creating package script '/home/gp/Projects/interceptor-sim/install/px4_gz_markers/share/px4_gz_markers/package.ps1'
[243.183s] INFO:colcon.colcon_core.shell:Creating package descriptor '/home/gp/Projects/interceptor-sim/install/px4_gz_markers/share/px4_gz_markers/package.dsv'
[243.183s] INFO:colcon.colcon_core.shell:Creating package script '/home/gp/Projects/interceptor-sim/install/px4_gz_markers/share/px4_gz_markers/package.sh'
[243.184s] INFO:colcon.colcon_core.shell:Creating package script '/home/gp/Projects/interceptor-sim/install/px4_gz_markers/share/px4_gz_markers/package.bash'
[243.184s] INFO:colcon.colcon_core.shell:Creating package script '/home/gp/Projects/interceptor-sim/install/px4_gz_markers/share/px4_gz_markers/package.zsh'
[243.184s] Level 1:colcon.colcon_core.environment:create_file_with_runtime_dependencies(/home/gp/Projects/interceptor-sim/install/px4_gz_markers/share/colcon-core/packages/px4_gz_markers)
[243.184s] DEBUG:colcon.colcon_parallel_executor.executor.parallel:closing loop
[243.185s] DEBUG:colcon.colcon_parallel_executor.executor.parallel:loop closed
[243.185s] DEBUG:colcon.colcon_parallel_executor.executor.parallel:run_until_complete finished with '0'
[243.185s] DEBUG:colcon.colcon_core.event_reactor:joining thread
[243.192s] INFO:colcon.colcon_core.plugin_system:Skipping extension 'colcon_notification.desktop_notification.terminal_notifier': Not used on non-Darwin systems
[243.192s] INFO:colcon.colcon_core.plugin_system:Skipping extension 'colcon_notification.desktop_notification.win32': Not used on non-Windows systems
[243.192s] INFO:colcon.colcon_notification.desktop_notification:Sending desktop notification using 'notify2'
[243.197s] DEBUG:colcon.colcon_core.event_reactor:joined thread
[243.197s] INFO:colcon.colcon_core.shell:Creating prefix script '/home/gp/Projects/interceptor-sim/install/local_setup.ps1'
[243.198s] INFO:colcon.colcon_core.shell:Creating prefix util module '/home/gp/Projects/interceptor-sim/install/_local_setup_util_ps1.py'
[243.199s] INFO:colcon.colcon_core.shell:Creating prefix chain script '/home/gp/Projects/interceptor-sim/install/setup.ps1'
[243.200s] INFO:colcon.colcon_core.shell:Creating prefix script '/home/gp/Projects/interceptor-sim/install/local_setup.sh'
[243.200s] INFO:colcon.colcon_core.shell:Creating prefix util module '/home/gp/Projects/interceptor-sim/install/_local_setup_util_sh.py'
[243.201s] INFO:colcon.colcon_core.shell:Creating prefix chain script '/home/gp/Projects/interceptor-sim/install/setup.sh'
[243.201s] INFO:colcon.colcon_core.shell:Creating prefix script '/home/gp/Projects/interceptor-sim/install/local_setup.bash'
[243.202s] INFO:colcon.colcon_core.shell:Creating prefix chain script '/home/gp/Projects/interceptor-sim/install/setup.bash'
[243.202s] INFO:colcon.colcon_core.shell:Creating prefix script '/home/gp/Projects/interceptor-sim/install/local_setup.zsh'
[243.203s] INFO:colcon.colcon_core.shell:Creating prefix chain script '/home/gp/Projects/interceptor-sim/install/setup.zsh'
