running egg_info
creating ../../build/interceptor_bringup/interceptor_bringup.egg-info
writing ../../build/interceptor_bringup/interceptor_bringup.egg-info/PKG-INFO
writing dependency_links to ../../build/interceptor_bringup/interceptor_bringup.egg-info/dependency_links.txt
writing requirements to ../../build/interceptor_bringup/interceptor_bringup.egg-info/requires.txt
writing top-level names to ../../build/interceptor_bringup/interceptor_bringup.egg-info/top_level.txt
writing manifest file '../../build/interceptor_bringup/interceptor_bringup.egg-info/SOURCES.txt'
reading manifest file '../../build/interceptor_bringup/interceptor_bringup.egg-info/SOURCES.txt'
adding license file 'LICENSE'
writing manifest file '../../build/interceptor_bringup/interceptor_bringup.egg-info/SOURCES.txt'
running build
running build_py
creating /home/gp/Projects/interceptor-sim/ros2_px4_ws/build/interceptor_bringup/build
creating /home/gp/Projects/interceptor-sim/ros2_px4_ws/build/interceptor_bringup/build/lib
creating /home/gp/Projects/interceptor-sim/ros2_px4_ws/build/interceptor_bringup/build/lib/interceptor_bringup
copying interceptor_bringup/__init__.py -> /home/gp/Projects/interceptor-sim/ros2_px4_ws/build/interceptor_bringup/build/lib/interceptor_bringup
running install
running install_lib
creating /home/gp/Projects/interceptor-sim/ros2_px4_ws/install/interceptor_bringup/lib/python3.12/site-packages/interceptor_bringup
copying /home/gp/Projects/interceptor-sim/ros2_px4_ws/build/interceptor_bringup/build/lib/interceptor_bringup/__init__.py -> /home/gp/Projects/interceptor-sim/ros2_px4_ws/install/interceptor_bringup/lib/python3.12/site-packages/interceptor_bringup
byte-compiling /home/gp/Projects/interceptor-sim/ros2_px4_ws/install/interceptor_bringup/lib/python3.12/site-packages/interceptor_bringup/__init__.py to __init__.cpython-312.pyc
running install_data
creating /home/gp/Projects/interceptor-sim/ros2_px4_ws/install/interceptor_bringup/share/ament_index
creating /home/gp/Projects/interceptor-sim/ros2_px4_ws/install/interceptor_bringup/share/ament_index/resource_index
creating /home/gp/Projects/interceptor-sim/ros2_px4_ws/install/interceptor_bringup/share/ament_index/resource_index/packages
copying resource/interceptor_bringup -> /home/gp/Projects/interceptor-sim/ros2_px4_ws/install/interceptor_bringup/share/ament_index/resource_index/packages
copying package.xml -> /home/gp/Projects/interceptor-sim/ros2_px4_ws/install/interceptor_bringup/share/interceptor_bringup
creating /home/gp/Projects/interceptor-sim/ros2_px4_ws/install/interceptor_bringup/share/interceptor_bringup/launch
copying launch/simulation.launch.py -> /home/gp/Projects/interceptor-sim/ros2_px4_ws/install/interceptor_bringup/share/interceptor_bringup/launch
running install_egg_info
Copying ../../build/interceptor_bringup/interceptor_bringup.egg-info to /home/gp/Projects/interceptor-sim/ros2_px4_ws/install/interceptor_bringup/lib/python3.12/site-packages/interceptor_bringup-0.0.0-py3.12.egg-info
running install_scripts
writing list of installed files to '/home/gp/Projects/interceptor-sim/ros2_px4_ws/build/interceptor_bringup/install.log'
