[1.204s] Invoking command in '/home/gp/Projects/interceptor-sim/ros2_px4_ws/src/interceptor_bringup': DEBUGINFOD_URLS=https://debuginfod.ubuntu.com PYTHONPATH=/home/gp/Projects/interceptor-sim/ros2_px4_ws/build/interceptor_bringup/prefix_override:/usr/lib/python3/dist-packages/colcon_core/task/python/colcon_distutils_commands:/home/gp/Projects/interceptor-sim/ros2_px4_ws/install/interceptor_bringup/lib/python3.12/site-packages:${PYTHONPATH} /usr/bin/python3 -W ignore:setup.py install is deprecated -W ignore:easy_install command is deprecated setup.py egg_info --egg-base ../../build/interceptor_bringup build --build-base /home/gp/Projects/interceptor-sim/ros2_px4_ws/build/interceptor_bringup/build install --record /home/gp/Projects/interceptor-sim/ros2_px4_ws/build/interceptor_bringup/install.log --install-scripts $base/lib/interceptor_bringup --single-version-externally-managed install_data
[1.438s] running egg_info
[1.438s] creating ../../build/interceptor_bringup/interceptor_bringup.egg-info
[1.456s] writing ../../build/interceptor_bringup/interceptor_bringup.egg-info/PKG-INFO
[1.456s] writing dependency_links to ../../build/interceptor_bringup/interceptor_bringup.egg-info/dependency_links.txt
[1.457s] writing requirements to ../../build/interceptor_bringup/interceptor_bringup.egg-info/requires.txt
[1.457s] writing top-level names to ../../build/interceptor_bringup/interceptor_bringup.egg-info/top_level.txt
[1.457s] writing manifest file '../../build/interceptor_bringup/interceptor_bringup.egg-info/SOURCES.txt'
[1.494s] reading manifest file '../../build/interceptor_bringup/interceptor_bringup.egg-info/SOURCES.txt'
[1.494s] adding license file 'LICENSE'
[1.494s] writing manifest file '../../build/interceptor_bringup/interceptor_bringup.egg-info/SOURCES.txt'
[1.494s] running build
[1.495s] running build_py
[1.495s] creating /home/gp/Projects/interceptor-sim/ros2_px4_ws/build/interceptor_bringup/build
[1.495s] creating /home/gp/Projects/interceptor-sim/ros2_px4_ws/build/interceptor_bringup/build/lib
[1.495s] creating /home/gp/Projects/interceptor-sim/ros2_px4_ws/build/interceptor_bringup/build/lib/interceptor_bringup
[1.495s] copying interceptor_bringup/__init__.py -> /home/gp/Projects/interceptor-sim/ros2_px4_ws/build/interceptor_bringup/build/lib/interceptor_bringup
[1.495s] running install
[1.500s] running install_lib
[1.519s] creating /home/gp/Projects/interceptor-sim/ros2_px4_ws/install/interceptor_bringup/lib/python3.12/site-packages/interceptor_bringup
[1.519s] copying /home/gp/Projects/interceptor-sim/ros2_px4_ws/build/interceptor_bringup/build/lib/interceptor_bringup/__init__.py -> /home/gp/Projects/interceptor-sim/ros2_px4_ws/install/interceptor_bringup/lib/python3.12/site-packages/interceptor_bringup
[1.520s] byte-compiling /home/gp/Projects/interceptor-sim/ros2_px4_ws/install/interceptor_bringup/lib/python3.12/site-packages/interceptor_bringup/__init__.py to __init__.cpython-312.pyc
[1.520s] running install_data
[1.520s] creating /home/gp/Projects/interceptor-sim/ros2_px4_ws/install/interceptor_bringup/share/ament_index
[1.520s] creating /home/gp/Projects/interceptor-sim/ros2_px4_ws/install/interceptor_bringup/share/ament_index/resource_index
[1.520s] creating /home/gp/Projects/interceptor-sim/ros2_px4_ws/install/interceptor_bringup/share/ament_index/resource_index/packages
[1.520s] copying resource/interceptor_bringup -> /home/gp/Projects/interceptor-sim/ros2_px4_ws/install/interceptor_bringup/share/ament_index/resource_index/packages
[1.520s] copying package.xml -> /home/gp/Projects/interceptor-sim/ros2_px4_ws/install/interceptor_bringup/share/interceptor_bringup
[1.520s] creating /home/gp/Projects/interceptor-sim/ros2_px4_ws/install/interceptor_bringup/share/interceptor_bringup/launch
[1.521s] copying launch/simulation.launch.py -> /home/gp/Projects/interceptor-sim/ros2_px4_ws/install/interceptor_bringup/share/interceptor_bringup/launch
[1.521s] running install_egg_info
[1.541s] Copying ../../build/interceptor_bringup/interceptor_bringup.egg-info to /home/gp/Projects/interceptor-sim/ros2_px4_ws/install/interceptor_bringup/lib/python3.12/site-packages/interceptor_bringup-0.0.0-py3.12.egg-info
[1.542s] running install_scripts
[1.663s] writing list of installed files to '/home/gp/Projects/interceptor-sim/ros2_px4_ws/build/interceptor_bringup/install.log'
[1.698s] Invoked command in '/home/gp/Projects/interceptor-sim/ros2_px4_ws/src/interceptor_bringup' returned '0': DEBUGINFOD_URLS=https://debuginfod.ubuntu.com PYTHONPATH=/home/gp/Projects/interceptor-sim/ros2_px4_ws/build/interceptor_bringup/prefix_override:/usr/lib/python3/dist-packages/colcon_core/task/python/colcon_distutils_commands:/home/gp/Projects/interceptor-sim/ros2_px4_ws/install/interceptor_bringup/lib/python3.12/site-packages:${PYTHONPATH} /usr/bin/python3 -W ignore:setup.py install is deprecated -W ignore:easy_install command is deprecated setup.py egg_info --egg-base ../../build/interceptor_bringup build --build-base /home/gp/Projects/interceptor-sim/ros2_px4_ws/build/interceptor_bringup/build install --record /home/gp/Projects/interceptor-sim/ros2_px4_ws/build/interceptor_bringup/install.log --install-scripts $base/lib/interceptor_bringup --single-version-externally-managed install_data
